
; 64tass Turbo Assembler Macro V1.60.3243 listing file
; 64tass -a -B -D "BOOT_PACKED_FILE=\"../../target/native-desktop/d81/uos128-packed.bin\"" -D BOOT_LENGTH=12158 -D BOOT_END=22784 -D BOOT_EXPECTED_CRC=13111 -o /var/tmp/arc-scratch/uos-native-reu-vfzhotyh/target/native-desktop/d81/uos128-boot.prg -l /var/tmp/arc-scratch/uos-native-reu-vfzhotyh/target/native-desktop/d81/uos128-boot.sym -L /var/tmp/arc-scratch/uos-native-reu-vfzhotyh/target/native-desktop/d81/uos128-boot.lst /var/tmp/arc-scratch/uos-native-reu-vfzhotyh/src/native/boot-unpack.asm
; Sun Sep 13 14:37:20 2026

;Offset	;PC	;Hex		;Monitor	;Source

;******  Command line definitions

=						BOOT_PACKED_FILE="../../target/native-desktop/d81/uos128-packed.bin"
=12158						BOOT_LENGTH=12158
=22784						BOOT_END=22784
=13111						BOOT_EXPECTED_CRC=13111

;******  Processing input file: /var/tmp/arc-scratch/uos-native-reu-vfzhotyh/src/native/boot-unpack.asm

>1c01		0c 1c				        .word basic_end
>1c03		0a 00				        .word 10
>1c05		9e				        .byte $9e
>1c06		20 37 31 38 34			        .text " 7184"
>1c0b		00				        .byte 0
.1c0c						basic_end:
>1c0c		00 00				        .word 0
.1c10						boot_entry:
.1c10		2c 05 d5	bit $d505	        bit $d505
.1c13		50 01		bvc $1c16	        bvc +
.1c15		60		rts		        rts
.1c16		08		php		+       php
.1c17		78		sei		        sei
.1c18		d8		cld		        cld
.1c19		ad 00 ff	lda $ff00	        lda $ff00
.1c1c		48		pha		        pha
.1c1d		a9 0e		lda #$0e	        lda #$0e
.1c1f		8d 00 ff	sta $ff00	        sta $ff00
.1c22		a9 6c		lda #$6c	        lda #<decoder_image
.1c24		8d 56 1c	sta $1c56	        sta boot_copy_read+1
.1c27		a9 1c		lda #$1c	        lda #>decoder_image
.1c29		8d 57 1c	sta $1c57	        sta boot_copy_read+2
.1c2c		a9 13		lda #$13	        lda #$13
.1c2e		8d 5a 1c	sta $1c5a	        sta boot_copy_write+2
.1c31		a9 15		lda #$15	        lda #>(decoder_end+255)
.1c33		8d 68 1c	sta $1c68	        sta boot_copy_end+1
.1c36		20 53 1c	jsr $1c53	        jsr boot_copy
.1c39		a9 6c		lda #$6c	        lda #<boot_payload
.1c3b		8d 56 1c	sta $1c56	        sta boot_copy_read+1
.1c3e		a9 1e		lda #$1e	        lda #>boot_payload
.1c40		8d 57 1c	sta $1c57	        sta boot_copy_read+2
.1c43		a9 60		lda #$60	        lda #$60
.1c45		8d 5a 1c	sta $1c5a	        sta boot_copy_write+2
.1c48		a9 90		lda #$90	        lda #>($6000+BOOT_LENGTH+255)
.1c4a		8d 68 1c	sta $1c68	        sta boot_copy_end+1
.1c4d		20 53 1c	jsr $1c53	        jsr boot_copy
.1c50		4c 00 13	jmp $1300	        jmp decoder
.1c53						boot_copy:
.1c53		a0 00		ldy #$00	        ldy #0
.1c55						boot_copy_read:
.1c55		b9 ff ff	lda $ffff,y	        lda $ffff,y
.1c58						boot_copy_write:
.1c58		99 00 13	sta $1300,y	        sta $1300,y
.1c5b		c8		iny		        iny
.1c5c		d0 f7		bne $1c55	        bne boot_copy_read
.1c5e		ee 57 1c	inc $1c57	        inc boot_copy_read+2
.1c61		ee 5a 1c	inc $1c5a	        inc boot_copy_write+2
.1c64		ad 5a 1c	lda $1c5a	        lda boot_copy_write+2
.1c67						boot_copy_end:
.1c67		c9 ff		cmp #$ff	        cmp #$ff
.1c69		d0 ea		bne $1c55	        bne boot_copy_read
.1c6b		60		rts		        rts
.1c6c						decoder_image:
.1c6c	1300					decoder:
.1c6c	1300	ba		tsx		        tsx
.1c6d	1301	8e eb 13	stx $13eb	        stx boot_stack
.1c70	1304					boot_token:
.1c70	1304	20 31 13	jsr $1331	        jsr boot_get
.1c73	1307	aa		tax		        tax
.1c74	1308	d0 03		bne $130d	        beq boot_finished
.1c76	130a	4c 91 13	jmp $1391
.1c79	130d	30 0b		bmi $131a	        bmi boot_run
.1c7b	130f					boot_literal:
.1c7b	130f	20 31 13	jsr $1331	        jsr boot_get
.1c7e	1312	20 50 13	jsr $1350	        jsr boot_put
.1c81	1315	ca		dex		        dex
.1c82	1316	d0 f7		bne $130f	        bne boot_literal
.1c84	1318	f0 ea		beq $1304	        beq boot_token
.1c86	131a					boot_run:
.1c86	131a	29 7f		and #$7f	        and #$7f
.1c88	131c	18		clc		        clc
.1c89	131d	69 03		adc #$03	        adc #3
.1c8b	131f	aa		tax		        tax
.1c8c	1320	20 31 13	jsr $1331	        jsr boot_get
.1c8f	1323	8d ec 13	sta $13ec	        sta boot_value
.1c92	1326	ad ec 13	lda $13ec	-       lda boot_value
.1c95	1329	20 50 13	jsr $1350	        jsr boot_put
.1c98	132c	ca		dex		        dex
.1c99	132d	d0 f7		bne $1326	        bne -
.1c9b	132f	f0 d3		beq $1304	        beq boot_token
.1c9d	1331					boot_get:
.1c9d	1331	ad 46 13	lda $1346	        lda boot_read+2
.1ca0	1334	c9 8f		cmp #$8f	        cmp #>($6000+BOOT_LENGTH)
.1ca2	1336	90 0c		bcc $1344	        bcc boot_read
.1ca4	1338	f0 03		beq $133d	        bne boot_bad
.1ca6	133a	4c c3 13	jmp $13c3
.1ca9	133d	ad 45 13	lda $1345	        lda boot_read+1
.1cac	1340	c9 7e		cmp #$7e	        cmp #<($6000+BOOT_LENGTH)
.1cae	1342	b0 7f		bcs $13c3	        bcs boot_bad
.1cb0	1344					boot_read:
.1cb0	1344	ad 00 60	lda $6000	        lda $6000
.1cb3	1347	ee 45 13	inc $1345	        inc boot_read+1
.1cb6	134a	d0 03		bne $134f	        bne +
.1cb8	134c	ee 46 13	inc $1346	        inc boot_read+2
.1cbb	134f	60		rts		+       rts
.1cbc	1350					boot_put:
.1cbc	1350	48		pha		        pha
.1cbd	1351	ad 64 13	lda $1364	        lda boot_write+2
.1cc0	1354	c9 59		cmp #$59	        cmp #>BOOT_END
.1cc2	1356	90 09		bcc $1361	        bcc +
.1cc4	1358	d0 69		bne $13c3	        bne boot_bad
.1cc6	135a	ad 63 13	lda $1363	        lda boot_write+1
.1cc9	135d	c9 00		cmp #$00	        cmp #<BOOT_END
.1ccb	135f	b0 62		bcs $13c3	        bcs boot_bad
.1ccd	1361	68		pla		+       pla
.1cce	1362					boot_write:
.1cce	1362	8d 01 1c	sta $1c01	        sta $1c01
.1cd1	1365	4d ee 13	eor $13ee	        eor boot_crc+1
.1cd4	1368	8d ee 13	sta $13ee	        sta boot_crc+1
.1cd7	136b	a0 08		ldy #$08	        ldy #8
.1cd9	136d	0e ed 13	asl $13ed	-       asl boot_crc
.1cdc	1370	2e ee 13	rol $13ee	        rol boot_crc+1
.1cdf	1373	90 10		bcc $1385	        bcc +
.1ce1	1375	ad ed 13	lda $13ed	        lda boot_crc
.1ce4	1378	49 21		eor #$21	        eor #$21
.1ce6	137a	8d ed 13	sta $13ed	        sta boot_crc
.1ce9	137d	ad ee 13	lda $13ee	        lda boot_crc+1
.1cec	1380	49 10		eor #$10	        eor #$10
.1cee	1382	8d ee 13	sta $13ee	        sta boot_crc+1
.1cf1	1385	88		dey		+       dey
.1cf2	1386	d0 e5		bne $136d	        bne -
.1cf4	1388	ee 63 13	inc $1363	        inc boot_write+1
.1cf7	138b	d0 03		bne $1390	        bne +
.1cf9	138d	ee 64 13	inc $1364	        inc boot_write+2
.1cfc	1390	60		rts		+       rts
.1cfd	1391					boot_finished:
.1cfd	1391	ad 45 13	lda $1345	        lda boot_read+1
.1d00	1394	c9 7e		cmp #$7e	        cmp #<($6000+BOOT_LENGTH)
.1d02	1396	d0 2b		bne $13c3	        bne boot_bad
.1d04	1398	ad 46 13	lda $1346	        lda boot_read+2
.1d07	139b	c9 8f		cmp #$8f	        cmp #>($6000+BOOT_LENGTH)
.1d09	139d	d0 24		bne $13c3	        bne boot_bad
.1d0b	139f	ad 63 13	lda $1363	        lda boot_write+1
.1d0e	13a2	c9 00		cmp #$00	        cmp #<BOOT_END
.1d10	13a4	d0 1d		bne $13c3	        bne boot_bad
.1d12	13a6	ad 64 13	lda $1364	        lda boot_write+2
.1d15	13a9	c9 59		cmp #$59	        cmp #>BOOT_END
.1d17	13ab	d0 16		bne $13c3	        bne boot_bad
.1d19	13ad	ad ed 13	lda $13ed	        lda boot_crc
.1d1c	13b0	c9 37		cmp #$37	        cmp #<BOOT_EXPECTED_CRC
.1d1e	13b2	d0 0f		bne $13c3	        bne boot_bad
.1d20	13b4	ad ee 13	lda $13ee	        lda boot_crc+1
.1d23	13b7	c9 33		cmp #$33	        cmp #>BOOT_EXPECTED_CRC
.1d25	13b9	d0 08		bne $13c3	        bne boot_bad
.1d27	13bb	68		pla		        pla
.1d28	13bc	8d 00 ff	sta $ff00	        sta $ff00
.1d2b	13bf	28		plp		        plp
.1d2c	13c0	4c 10 1c	jmp $1c10	        jmp $1c10
.1d2f	13c3					boot_bad:
.1d2f	13c3	ae eb 13	ldx $13eb	        ldx boot_stack
.1d32	13c6	9a		txs		        txs
.1d33	13c7	a9 00		lda #$00	        lda #0
.1d35	13c9	8d 01 1c	sta $1c01	        sta $1c01
.1d38	13cc	8d 02 1c	sta $1c02	        sta $1c02
.1d3b	13cf	8d 0b 1c	sta $1c0b	        sta $1c0b
.1d3e	13d2	8d 0c 1c	sta $1c0c	        sta $1c0c
.1d41	13d5	8d 0d 1c	sta $1c0d	        sta $1c0d
.1d44	13d8	68		pla		        pla
.1d45	13d9	8d 00 ff	sta $ff00	        sta $ff00
.1d48	13dc	28		plp		        plp
.1d49	13dd	a2 00		ldx #$00	        ldx #0
.1d4b	13df	bd ef 13	lda $13ef,x	-       lda boot_message,x
.1d4e	13e2	f0 06		beq $13ea	        beq +
.1d50	13e4	20 d2 ff	jsr $ffd2	        jsr $ffd2
.1d53	13e7	e8		inx		        inx
.1d54	13e8	d0 f5		bne $13df	        bne -
.1d56	13ea	60		rts		+       rts
>1d57	13eb	00				boot_stack: .byte 0
>1d58	13ec	00				boot_value: .byte 0
>1d59	13ed	ff ff				boot_crc: .word $ffff
>1d5b	13ef	0d				boot_message: .byte 13
>1d5c	13f0	55 4f 53 20 42 4f 4f 54		        .text "uos boot error - reload",13,0
>1d64	13f8	20 45 52 52 4f 52 20 2d 20 52 45 4c 4f 41 44 0d
>1d74	1408	00
.1d75	1409					decoder_end:
>1d75		00 00 00 00 00 00 00 00		        .fill (decoder_end-decoder+255)/256*256-(decoder_end-decoder),0
>1d7d		00 00 00 00 00 00 00 00 00 00 00 00 00 00 00 00
;		...repeated 13 times (208 bytes)...
>1e5d		00 00 00 00 00 00 00 00 00 00 00 00 00 00 00
.1e6c						boot_payload:
>1e6c		0a 0c 1c 0a 00 9e 20 37		        .binary BOOT_PACKED_FILE
>1e74		31 38 34 82 00 0a 4c 74 1c 55 4f 53 31 32 38 01
>1e84		83 00 7f 4c 9f 13 4c a4 15 4c 7a 16 4c 7f 16 4c
>1e94		84 16 4c 32 16 4c e2 15 4c ec 13 4c de 1f 4c e4
>1ea4		49 4c 3d 22 4c 06 27 4c 1f 29 4c 2c 29 4c 2b 2b
>1eb4		4c 42 2b 4c eb 26 4c 48 22 4c 4c 22 4c ec 18 4c
>1ec4		58 35 4c 87 46 4c 02 1b 4c 71 48 4c b9 37 4c cc
>1ed4		1b 4c 00 4b 4c 93 4b d8 2c 05 d5 50 01 60 a9 0e
>1ee4		8d 00 ff 20 ba 1f 20 cb 4b a9 00 8d 30 d0 8d 12
>1ef4		3d 8d 13 3d 8d 14 3d 8d b1 37 8d 16 3d 8d 20 3d
>1f04		8d 23 7f 3d 8d 24 3d 8d 27 3d 8d 3b 3d 8d 2b 3d
>1f14		8d 34 3d a2 04 9d 2f 3d ca 10 fa a9 02 8d e4 3d
>1f24		8d 2a 3d 8d 2c 3d a9 01 8d 2e 3d a9 2f 8d 00 4a
>1f34		a5 ba 8d 21 3d 8d b2 37 8d 2d 3d 8d 29 3d a9 00
>1f44		a2 07 9d a9 37 ca 10 fa 20 00 13 20 32 16 b0 03
>1f54		4c 9e 1e 8d 16 3d 20 f9 1e a9 01 8d 12 3d 20 e4
>1f64		49 f0 f6 a2 00 8e 12 3d 29 7f 29 df c9 11 f0 55
>1f74		c9 12 f0 51 c9 41 f0 56 c9 46 d0 03 4c a2 1d c9
>1f84		57 d0 7f 03 4c c6 1d c9 56 d0 03 4c d4 1d c9 43
>1f94		f0 0a c9 42 d0 03 4c 9e 1e 4c f2 1c ad e4 3d 8d
>1fa4		2c 3d ad b2 37 8d 21 3d a2 03 bd 40 37 9d 40 3d
>1fb4		ca 10 f7 a9 04 8d 22 3d 20 de 1f b0 03 ad 24 3d
>1fc4		8d 16 3d 4c f2 1c 38 e9 11 8d b1 37 4c f2 1c 20
>1fd4		e2 1d ad 04 3d d0 80 a9 10 8d 00 3d a9 20 8d 01
>1fe4		3d ad b1 37 8d 02 3d d0 0b a9 df 8d 03 3d 20 ec
>1ff4		13 4c 92 1d 20 9f 13 90 03 4c ef 1c 20 fc 1d a9
>2004		00 8d 7f 16 3d 4c f2 1c 20 e2 1d 20 a4 15 90 03
>2014		4c ef 1c a9 00 8d 04 3d 8d 05 3d 8d 06 3d 8d 07
>2024		3d 20 fc 1d a9 00 8d 16 3d 4c f2 1c a9 01 8d b6
>2034		37 20 11 1e 8d 16 3d 4c f2 1c a9 00 8d b6 37 20
>2044		11 1e 8d 16 3d 4c f2 1c a9 10 8d 00 3d ad b1 37
>2054		0a 0a aa a0 00 bd a9 37 99 04 3d e8 c8 c0 04 d0
>2064		f4 60 ad b1 37 0a 0a aa a0 00 b9 04 3d 9d a9 37
>2074		e8 c8 c0 04 d0 f4 60 20 e2 1d a9 00 8d 08 3d 8d
>2084		09 3d 7f 8d 0a 3d a9 02 8d 0b 3d ad b6 37 d0 05
>2094		20 7a 16 b0 6c a9 00 8d b7 37 8d b8 37 a9 00 8d
>20a4		5c 1e 8d 62 1e a9 3a 8d 5d 1e 8d 63 1e ad b7 37
>20b4		4d 09 3d 4d b8 37 ae b1 37 f0 02 49 a5 ae b6 37
>20c4		f0 06 8d 00 3a 4c 66 1e cd 00 3a d0 35 ee 5c 1e
>20d4		ee 62 1e ee b7 37 d0 d5 ee 5d 1e ee 63 1e ee b8
>20e4		37 ad b8 37 c9 02 d0 c5 ad b6 37 f0 05 20 7f 16
>20f4		b0 0f ee 09 3d ee 09 3d ad 09 3d c9 20 d0 8c a9
>2104		00 60 7f a9 0a 60 ad e4 3d 8d 2c 3d ad b2 37 8d
>2114		21 3d a2 05 bd 6f 36 9d 40 3d ca 10 f7 a9 06 8d
>2124		22 3d a9 01 8d b3 37 20 de 1f 90 0f 8d 2b 3d ae
>2134		b3 37 d0 2a ae 23 3d d0 25 f0 cb ad 28 3d c9 01
>2144		f0 11 c9 02 f0 14 ad 24 3d 8d 2b 3d ae b3 37 f0
>2154		b5 d0 0b a9 00 8d b3 37 f0 cd a9 00 f0 00 4c 5b
>2164		1d 20 32 16 a9 00 8d b4 37 a5 d7 2a a9 00 2a cd
>2174		b4 37 f0 03 20 5f ff a9 93 20 d2 ff a9 75 a2 36
>2184		20 88 7f 1f ad b1 37 18 69 30 20 d2 ff a9 a8 a2
>2194		36 20 88 1f ad 0e 3d 20 a2 1f a9 2f 20 d2 ff ad
>21a4		0f 3d 20 a2 1f a9 c9 a2 36 20 88 1f ad 10 3d 20
>21b4		a2 1f a9 df a2 36 20 88 1f 20 e2 1d a2 03 8e b5
>21c4		37 ae b5 37 bd 04 3d 20 a2 1f ce b5 37 10 f2 a9
>21d4		f2 a2 36 20 88 1f ad 16 3d 20 a2 1f a9 01 a2 37
>21e4		20 88 1f ee b4 37 ad b4 37 c9 02 f0 03 4c 01 1f
>21f4		60 8d 8f 1f 8e 90 1f ad ff ff f0 0e 20 d2 ff ee
>2204		8f 1f 0a d0 f3 ee 90 1f 4c 8e 1f 60 48 81 4a 7f
>2214		20 ad 1f 68 29 0f c9 0a 90 03 18 69 07 18 69 30
>2224		4c d2 ff 08 d8 a2 00 a0 09 bd 00 50 9d 00 13 e8
>2234		d0 f7 ee c2 1f ee c5 1f 88 d0 ee a9 50 8d c2 1f
>2244		a9 13 8d c5 1f 28 60 08 ad 23 3d 0d 20 3d 0d 11
>2254		3d 0d 91 3d f0 05 a9 07 28 38 60 ba bd 01 01 29
>2264		04 f0 05 a9 08 4c 62 20 d8 20 32 16 90 03 4c 62
>2274		20 ad c0 3d c9 20 f0 de ad d0 3d c9 20 f0 d7 a2
>2284		00 bd 00 3c c9 20 f0 ce 8a 18 69 08 aa d0 f2 7f
>2294		ad 2c 3d c9 04 b0 33 c9 03 f0 17 ad 21 3d c9 08
>22a4		90 28 c9 1f b0 24 ad 22 3d f0 1f c9 11 b0 1b 4c
>22b4		69 20 ad 21 3d f0 13 c9 03 b0 0f ad 22 3d f0 0a
>22c4		ad 00 4e c9 2f d0 03 4c 69 20 a9 01 8d 27 3d 28
>22d4		c9 01 60 a5 99 d0 06 a5 9a c9 03 f0 05 a9 15 4c
>22e4		62 20 a9 01 8d 23 3d a9 20 8d 20 3d 8d 80 3d a9
>22f4		00 8d 12 3d 8d 24 3d 8d 25 3d 8d 26 3d 8d 27 3d
>2304		8d 28 3d 8d 3f 24 8d 3e 24 8d 41 24 8d 3b 24 7f
>2314		8d 3c 24 8d 87 3d a2 03 9d 81 3d ca 10 fa 20 20
>2324		4f a9 01 8d 88 3d ad 21 3d 8d 85 3d ad 2c 3d 8d
>2334		96 3d ad 22 3d 8d 86 3d a2 0f bd 40 3d 9d a0 3d
>2344		ca 10 f7 20 06 27 20 cf 23 08 48 a2 03 bd 81 3d
>2354		9d 33 24 ca 10 f7 ad 81 3d 8d 3e 24 68 28 90 03
>2364		4c 69 22 20 4f 23 90 03 4c 69 22 c9 00 f0 03 4c
>2374		65 22 20 4f 23 90 03 4c 69 22 c9 60 f0 03 4c 65
>2384		22 a9 00 8d 40 24 20 4f 23 90 03 4c 69 22 ae 7f
>2394		40 24 9d 60 3d ee 40 24 ad 40 24 c9 20 d0 e8 20
>23a4		ba 22 90 03 4c 69 22 a9 20 8d 00 3d ad 6a 3d 8d
>23b4		01 3d a9 00 8d 02 3d a9 60 8d 03 3d 20 ec 13 90
>23c4		03 4c 69 22 a2 03 bd 04 3d 9d 37 24 ca 10 f7 ad
>23d4		6a 3d 8d 42 24 a9 60 8d 74 21 a9 00 a2 00 9d 00
>23e4		60 e8 d0 fa ee 74 21 ce 42 24 d0 f2 a9 ff 8d 44
>23f4		24 8d 45 24 a9 00 8d 40 24 ae 40 24 bd 60 3d 9d
>2404		00 60 e0 0e f0 04 e0 0f d0 02 a9 00 20 ec 23 7f
>2414		ee 40 24 ad 40 24 c9 20 d0 e0 a9 20 8d d1 21 a9
>2424		60 8d d2 21 38 ad 68 3d e9 20 8d 46 24 ad 69 3d
>2434		e9 00 8d 47 24 20 4f 23 90 03 4c 69 22 8d 20 60
>2444		20 ec 23 ee d1 21 d0 03 ee d2 21 ad 46 24 d0 03
>2454		ce 47 24 ce 46 24 ad 46 24 0d 47 24 d0 d7 ad 41
>2464		24 d0 04 a9 13 d0 6f ad 44 24 cd 6e 3d d0 5f ad
>2474		45 24 cd 6f 3d d0 57 20 10 24 ad 3f 24 d0 5d a9
>2484		02 8d 23 3d a9 20 8d 00 3d ba 8e 43 24 a9 00 7f
>2494		20 3a 22 8d 24 3d 20 85 48 d8 a9 0e 8d 00 ff 58
>24a4		a9 00 8d 12 3d 4c 6f 22 6c 48 24 ae 23 3d e0 02
>24b4		f0 16 a9 01 38 60 a9 01 d0 02 a9 02 ae 23 3d e0
>24c4		02 d0 ef 8d 28 3d a9 00 ae 43 24 9a 4c 25 22 a9
>24d4		14 d0 04 a9 10 d0 00 8d 3f 24 20 10 24 20 b8 4f
>24e4		a9 03 8d 23 3d ad c0 3d c9 20 f0 07 ad d0 3d c9
>24f4		20 d0 0a a9 20 8d 80 3d 20 42 2b b0 0a a9 20 8d
>2504		00 3d 20 e2 15 90 0f ae 3f 24 d0 03 8d 3f 24 7f
>2514		a9 04 8d 23 3d d0 08 a9 00 8d 20 3d 8d 23 3d ad
>2524		3f 24 8d 27 3d 28 c9 01 60 a2 03 bd 60 3d dd 2f
>2534		24 f0 03 4c 4b 23 ca 10 f2 ad 64 3d c9 01 d0 7a
>2544		ad 65 3d c9 01 d0 73 ad 66 3d c9 0d b0 6c 20 92
>2554		1b b0 67 ad 6a 3d f0 62 c9 61 b0 5e ad 69 3d cd
>2564		6a 3d 90 07 d0 54 ad 68 3d d0 4f ad 69 3d d0 07
>2574		ad 68 3d c9 21 90 43 ad 6d 3d d0 07 ad 6c 3d c9
>2584		20 90 37 ad 6d 3d cd 69 3d 90 0a d0 2d ad 6c 7f
>2594		3d cd 68 3d b0 25 ad 6c 3d 8d 48 24 18 ad 6d 3d
>25a4		69 60 8d 49 24 a2 10 bd 60 3d f0 08 c9 20 90 0b
>25b4		c9 7f b0 07 e8 e0 20 d0 ee 18 60 a9 10 38 60 ad
>25c4		41 24 d0 66 ad 3b 24 0d 3c 24 d0 36 20 be 23 a9
>25d4		00 8d 89 3d a9 02 8d 8a 3d 20 1f 29 20 cf 23 b0
>25e4		48 ad 8b 3d 8d 3b 24 ad 8c 3d 8d 3c 24 0d 3b 24
>25f4		f0 38 ad 8d 3d 8d 3d 24 a9 00 8d 93 23 a9 3a 8d
>2604		94 23 ad 00 3a 48 ee 93 23 d0 03 ee 94 23 ad 7f
>2614		3b 24 d0 03 ce 3c 24 ce 3b 24 ad 3b 24 0d 3c 24
>2624		d0 06 ad 3d 24 8d 41 24 68 18 60 a9 12 38 60 a9
>2634		20 8d 80 3d a2 03 bd 33 24 9d 81 3d ca 10 f7 60
>2644		08 48 90 16 ad 25 3d d0 06 ad 8f 3d 8d 25 3d ad
>2654		26 3d d0 06 ad 90 3d 8d 26 3d 68 28 60 4d 45 24
>2664		8d 45 24 a2 08 0e 44 24 2e 45 24 90 10 ad 44 24
>2674		49 21 8d 44 24 ad 45 24 49 10 8d 45 24 ca d0 e5
>2684		60 ad 3e 24 f0 10 20 be 23 20 2b 2b 20 cf 23 15
>2694		b0 06 a9 00 8d 3e 24 60 ae 3f 24 d0 fa 8d 3f 24
>26a4		60 4e 41 50 50 94 00 7f ad 91 3d 0d 11 3d d0 48
>26b4		ba bd 03 01 29 04 d0 44 d8 20 32 16 b0 39 ad 80
>26c4		3d f0 3d c9 ff f0 39 a5 99 d0 39 a5 9a c9 03 d0
>26d4		33 a9 01 8d 91 3d a9 00 8d 12 3d 8d 8b 3d 8d 8c
>26e4		3d 8d 8d 3d 8d 8f 3d 8d 90 3d 8d 0d 31 8d 0e 31
>26f4		8d 10 31 8d 11 31 18 60 a9 07 38 60 a9 08 38 60
>2704		a9 01 38 60 a9 15 38 60 c9 07 f0 03 8d 8e 3d 28
>2714		38 60 8d 8e 3d a2 00 8e 91 3d 28 c9 01 60 a9 01
>2724		4c b4 24 a9 15 38 60 7f a9 09 38 60 bd c0 3d d0
>2734		02 18 60 c9 ff f0 f1 bd c1 3d c9 03 b0 03 4c 00
>2744		40 c9 08 90 e3 c9 1f b0 df bd c2 3d c9 03 b0 d8
>2754		c9 02 d0 07 bd c3 3d 29 04 f0 cd bd c3 3d 29 f0
>2764		d0 c6 bd c4 3d 1d c5 3d 1d c6 3d f0 bb bd cc 3d
>2774		f0 b6 c9 03 b0 b2 bd c3 3d 29 04 d0 52 bd c2 3d
>2784		d0 24 bd c3 3d 29 08 f0 9f bd cd 3d 1d ce 3d 1d
>2794		cf 3d f0 09 bd c3 3d 29 01 d0 8d f0 1e bd c3 3d
>27a4		29 03 f0 84 d0 15 bd 39 c3 3d 29 09 f0 03 4c c9
>27b4		24 bd cd 3d 1d ce 3d 1d cf 3d d0 16 bd cc 3d a8
>27c4		88 b9 e0 3d dd c1 3d d0 09 b9 e2 3d c9 01 d0 02
>27d4		18 60 4c c9 24 ad 81 3d f0 3b c9 03 b0 37 38 e9
>27e4		01 81 0a 3b aa 8e 01 31 20 cd 24 b0 26 bd c0 3d
>27f4		f0 22 bd c4 3d cd 82 3d d0 1a bd c5 3d cd 83 3d
>2804		d0 12 bd c6 3d cd 84 3d d0 0a bd c0 3d cd 80 3d
>2814		d0 06 18 60 a9 04 38 60 a9 05 38 60 ad 01 31 81
>2824		4a 7f 18 69 7a 8d 03 31 38 e9 72 8d 04 31 60 20
>2834		bd 25 a9 00 8d 07 31 8d 0a 31 a2 00 bd e0 3d cd
>2844		02 31 f0 14 e8 e0 02 d0 f3 a2 00 bd e0 3d f0 08
>2854		e8 e0 02 d0 f6 4c c5 24 8e 08 31 8a 18 69 7c 8d
>2864		09 31 bd e2 3d c9 02 90 04 a9 11 38 60 a9 01 38
>2874		ed 05 31 8d 06 31 bd e0 3d f0 04 a9 01 d0 05 ee
>2884		06 31 a9 00 8d 0b 31 a5 98 c9 0b 90 03 4c e8 26
>2894		18 6d 06 31 c9 0b 90 03 4c e8 26 a6 98 ca 10 03
>28a4		4c 71 d6 26 ad 05 31 d0 11 ad 87 3d c9 01 f0 0a
>28b4		bd 62 03 c9 7e d0 03 4c e8 26 bd 62 03 cd 09 31
>28c4		d0 16 bd 6c 03 cd 02 31 d0 7d bd 76 03 29 0f c9
>28d4		0f d0 74 ee 0a 31 d0 57 bd 62 03 cd 03 31 d0 17
>28e4		ee 07 31 bd 6c 03 cd 02 31 d0 5c bd 76 03 29 0f
>28f4		cd 04 31 d0 52 f0 38 bd 6c 03 cd 02 31 d0 30 ad
>2904		01 31 49 10 a8 b9 c0 3d f0 3d b9 c1 3d cd 02 31
>2914		d0 35 98 81 4a 7f 18 69 7a dd 62 03 d0 28 38 e9
>2924		72 8d 0c 31 bd 76 03 29 0f cd 0c 31 d0 18 ca 30
>2934		03 4c 45 26 ad 07 31 cd 05 31 d0 0a ad 0a 31 cd
>2944		0b 31 d0 02 18 60 4c c5 24 08 20 4a 24 90 03 4c
>2954		aa 24 ad 96 3d c9 03 90 03 4c c0 24 a9 02 8d 87
>2964		3d 4c 0f 27 08 20 4a 24 90 03 4c aa 24 ad 96 3d
>2974		c9 03 d0 03 4c 75 40 ad 85 3d c9 08 b0 03 4c c0
>2984		24 c9 1f 90 03 4c c0 24 8d 02 31 ad 96 3d c9 03
>2994		90 03 4c c0 24 7f ad 87 3d c9 03 90 03 4c c0 24
>29a4		c9 02 d0 1b ae 96 3d ad 97 3d dd a1 30 90 03 4c
>29b4		c0 24 a9 00 8d 99 3d a9 ff 8d 98 3d 4c d0 27 ad
>29c4		88 3d c9 03 90 03 4c c0 24 ad 86 3d f0 65 c9 11
>29d4		b0 61 a2 00 bd a0 3d c9 20 90 58 c9 7f b0 54 c9
>29e4		2a f0 50 c9 3f f0 4c c9 2c f0 48 c9 3a f0 44 c9
>29f4		2f f0 40 c9 5c f0 3c c9 40 f0 38 c9 23 f0 34 c9
>2a04		24 f0 30 9d bb 30 e8 ec 86 3d d0 c8 a9 2c 9d bb
>2a14		30 e8 ac 88 3d 7f b9 b6 30 9d bb 30 e8 a9 2c 9d
>2a24		bb 30 e8 ac 87 3d b9 b9 30 9d bb 30 e8 8e cf 30
>2a34		a2 00 f0 03 4c c0 24 20 cd 24 90 03 4c b4 24 bd
>2a44		c0 3d d0 0d bd c4 3d 3d c5 3d 3d c6 3d c9 ff d0
>2a54		0e 8a 18 69 10 aa e0 20 d0 dd a9 03 4c b4 24 8e
>2a64		01 31 ad 02 31 c9 03 b0 03 4c 02 41 a9 00 8d 05
>2a74		31 a9 02 8d 06 31 20 d1 25 90 03 4c b4 24 ae 01
>2a84		31 fe c4 3d d0 08 fe c5 3d d0 03 fe c6 3d ad 80
>2a94		3d 9d c0 3d ad 7f 02 31 9d c1 3d ad 87 3d 9d c2
>2aa4		3d a9 00 9d c3 3d 9d c7 3d 9d c8 3d 9d c9 3d 9d
>2ab4		ca 3d 9d cb 3d 9d cd 3d 9d ce 3d 9d cf 3d ad 08
>2ac4		31 18 69 01 9d cc 3d ad 03 31 38 e9 79 8d 81 3d
>2ad4		bd c4 3d 8d 82 3d bd c5 3d 8d 83 3d bd c6 3d 8d
>2ae4		84 3d a9 00 8d 0f 31 20 fd 2b 20 24 2c b0 49 ad
>2af4		87 3d c9 01 f0 0c 20 89 2d b0 3d ad 87 3d c9 02
>2b04		f0 46 ad 03 31 ae 02 31 ac 04 31 20 ba ff ad cf
>2b14		30 a2 bb a0 30 7f 20 bd ff ee 0f 31 20 c0 ff b0
>2b24		15 20 5e 2c b0 13 20 03 2d b0 0e 20 98 2c 20 07
>2b34		2b a9 00 4c b4 24 20 56 2c ad 0f 31 f0 0b 20 86
>2b44		2c 20 03 2d 90 03 ee 11 31 20 c2 2c 20 98 2c 4c
>2b54		f0 28 ae 01 31 ad 11 31 f0 0d a9 04 9d c3 3d ad
>2b64		0d 31 9d c7 3d d0 11 a9 00 9d c0 3d 8d 81 3d 8d
>2b74		82 3d 8d 83 3d 8d 84 3d 20 07 2b ad 0d 31 4c b4
>2b84		24 08 20 4a 24 90 03 4c aa 24 a9 00 f0 0b 08 20
>2b94		4a 24 90 03 4c 7f aa 24 a9 01 8d 12 31 20 75 25
>2ba4		90 03 4c b4 24 bd c2 3d c9 02 d0 0d bd c1 3d c9
>2bb4		03 90 03 4c c0 24 4c 31 32 bd c2 3d cd 12 31 f0
>2bc4		03 4c c0 24 ad 8a 3d c9 02 90 07 d0 1e ad 89 3d
>2bd4		d0 19 ad 89 3d 0d 8a 3d f0 11 bd c3 3d 29 06 f0
>2be4		0f bd c7 3d d0 02 a9 11 4c b4 24 a9 06 4c b4 24
>2bf4		18 bd c8 3d 6d 89 3d bd c9 3d 6d 8a 3d bd ca 3d
>2c04		69 00 bd cb 3d 69 00 b0 e2 bd c3 3d 29 01 f0 08
>2c14		20 07 2b a9 00 7f 4c b4 24 bd c1 3d 8d 02 31 c9
>2c24		03 b0 03 4c 33 42 a9 01 8d 05 31 8d 06 31 20 d1
>2c34		25 90 03 4c b4 24 ad 89 3d 8d 16 31 ad 8a 3d 8d
>2c44		17 31 a9 00 8d 25 2a 8d 89 2a a9 3a 8d 26 2a 8d
>2c54		8a 2a 20 fd 2b 20 24 2c 90 03 4c a4 2a ae 03 31
>2c64		ad 12 31 d0 07 20 c6 ff 90 0d b0 05 20 c9 ff 90
>2c74		7b 20 56 2c 4c a4 2a 20 cf ff 8d 13 31 20 5e 2c
>2c84		90 03 4c a4 2a ad 13 31 8d 00 3a 20 d0 2a ae 01
>2c94		31 bd cd 3d d0 7f 0b bd ce 3d d0 03 de cf 3d de
>2ca4		ce 3d de cd 3d bd cd 3d 1d ce 3d 1d cf 3d d0 24
>2cb4		ad 14 31 29 40 d0 12 bd c8 3d c9 01 d0 1d bd c9
>2cc4		3d 1d ca 3d 1d cb 3d d0 12 bd c3 3d 09 01 9d c3
>2cd4		3d 4c 9e 2a ad 14 31 29 40 f0 08 a9 11 20 7c 2c
>2ce4		4c a4 2a ad 16 31 0d 17 31 d0 8d f0 16 ad 00 3a
>2cf4		20 d2 ff 20 5e 2c b0 11 20 d0 2a ad 16 31 0d 17
>2d04		31 d0 ea 20 cc ff 20 5e 2c 20 98 2c ae 01 31 ad
>2d14		0d 31 f0 18 9d 7f c7 3d bd c3 3d 09 02 9d c3 3d
>2d24		ad 11 31 f0 08 bd c3 3d 09 04 9d c3 3d 20 07 2b
>2d34		ad 0d 31 4c b4 24 ee 25 2a ee 89 2a d0 06 ee 26
>2d44		2a ee 8a 2a ee 8b 3d d0 03 ee 8c 3d ae 01 31 fe
>2d54		c8 3d d0 0d fe c9 3d d0 08 fe ca 3d d0 03 fe cb
>2d64		3d ad 16 31 d0 03 ce 17 31 ce 16 31 60 ae 01 31
>2d74		bd c3 3d 29 01 8d 8d 3d bd c8 3d 8d 92 3d bd c9
>2d84		3d 8d 93 3d bd ca 3d 8d 94 3d bd cb 3d 8d 95 3d
>2d94		60 08 20 4a 24 7f 90 03 4c aa 24 20 75 25 90 03
>2da4		4c b4 24 20 98 2b 4c b4 24 08 20 4a 24 90 03 4c
>2db4		aa 24 a2 00 bd c0 3d cd 80 3d d0 08 20 cd 24 90
>2dc4		03 4c b4 24 8a 18 69 10 aa e0 20 d0 e7 20 15 34
>2dd4		90 03 4c b4 24 a9 00 8d 01 31 ae 01 31 bd c0 3d
>2de4		cd 80 3d d0 08 20 98 2b 90 03 4c b4 24 ad 01 31
>2df4		18 69 10 8d 01 31 c9 20 d0 e0 a9 00 4c b4 24 ae
>2e04		01 31 bd c1 3d c9 03 b0 03 4c 18 44 bd c3 3d 29
>2e14		04 f0 09 bd c7 7f 3d d0 02 a9 11 38 60 bd c1 3d
>2e24		8d 02 31 a9 01 8d 05 31 8d 06 31 20 d1 25 90 01
>2e34		60 20 fd 2b 20 24 2c b0 06 20 86 2c 20 03 2d 20
>2e44		c2 2c 20 98 2c 20 07 2b ae 01 31 ad 0d 31 d0 05
>2e54		9d c0 3d 18 60 9d c7 3d bd c3 3d 09 04 9d c3 3d
>2e64		ad 0d 31 38 60 a9 01 8d 10 31 a2 05 b5 b7 9d d0
>2e74		30 ca 10 f8 a5 c6 8d d6 30 a5 c7 8d d7 30 a5 9d
>2e84		8d d8 30 a9 00 85 9d aa 20 68 ff 60 ae 08 31 bd
>2e94		e0 3d d0 28 ad 7f 02 31 9d e0 3d a9 01 9d e2 3d
>2ea4		ad 09 31 ae 02 31 a0 0f 20 ba ff a9 00 aa a8 20
>2eb4		bd ff ee 0e 31 20 c0 ff b0 05 4c 5e 2c 18 60 20
>2ec4		5e 2c a9 11 4c 7c 2c 20 b7 ff 8d 14 31 ad 90 3d
>2ed4		29 bf d0 06 ad 14 31 8d 90 3d ad 14 31 29 bf d0
>2ee4		02 18 60 a9 11 ae 0d 31 d0 03 8d 0d 31 38 60 20
>2ef4		cc ff ad 03 31 20 c3 ff 20 5e 2c 90 03 ee 11 31
>2f04		60 ad 10 31 f0 24 20 cc ff 20 cc ff a2 05 bd d0
>2f14		30 95 b7 ca 10 7f f8 ad d6 30 85 c6 ad d7 30 85
>2f24		c7 ad d8 30 85 9d a9 00 8d 10 31 60 ad 01 31 49
>2f34		10 aa bd c0 3d f0 08 bd c1 3d cd 02 31 f0 21 ae
>2f44		08 31 bd e0 3d f0 19 20 cc ff ad 09 31 20 c3 ff
>2f54		20 5e 2c b0 0c ae 08 31 a9 00 9d e0 3d 9d e2 3d
>2f64		60 ee 11 31 ae 08 31 a9 02 9d e2 3d 60 20 cc ff
>2f74		ae 09 31 20 c6 ff b0 2e a9 00 8d 15 31 20 cf ff
>2f84		8d 13 31 20 5e 2c b0 1e ae 15 31 ad 13 31 9d d9
>2f94		30 ee 15 31 c9 7f 0d f0 16 ad 14 31 29 40 d0 07
>2fa4		ad 15 31 c9 28 d0 d7 20 cc ff a9 11 4c 7c 2c 20
>2fb4		cc ff ad 15 31 c9 04 90 ee ad db 30 c9 2c d0 e7
>2fc4		a2 01 bd d9 30 c9 30 90 de c9 3a b0 da 29 0f 9d
>2fd4		d9 30 ca 10 ed ad d9 30 0a 8d 13 31 0a 0a 18 6d
>2fe4		13 31 6d da 30 f0 0b ae 8f 3d d0 bb 8d 8f 3d 4c
>2ff4		3c 2d 18 60 a9 7e ae 02 31 a0 0a 20 ba ff a9 01
>3004		a2 8d a0 30 20 bd ff 20 c0 ff b0 10 20 5e 2c b0
>3014		0e 20 03 2d b0 7f 09 20 d2 2d 4c b4 2d 20 56 2c
>3024		20 cc ff a9 7e 20 c3 ff 20 5e 2c 90 03 ee 11 31
>3034		20 03 2d 90 03 ee 11 31 ad 0d 31 c9 01 60 ad 97
>3044		3d 8d b5 30 ae 96 3d bd 9b 30 8d ad 30 bd 9e 30
>3054		8d ae 30 bd a1 30 8d af 30 a9 00 8d b0 30 20 b1
>3064		2f 90 01 60 ad 87 3d c9 02 d0 0b ad b5 30 f0 77
>3074		ce b5 30 4c 44 2e a9 00 8d b1 30 ae b1 30 bd 02
>3084		3a 29 bf 38 e9 81 cd 88 3d d0 1a a0 00 a9 a0 cc
>3094		86 3d b0 03 b9 7f a0 3d dd 05 3a d0 09 e8 c8 c0
>30a4		10 d0 eb 4c f0 2e 18 ad b1 30 69 20 8d b1 30 d0
>30b4		cb ad 00 3a f0 1a ae 96 3d dd 9b 30 d0 23 ad 01
>30c4		3a dd 9e 30 90 1b 8d ae 30 ce af 30 d0 8c f0 11
>30d4		ad 87 3d c9 02 f0 0f a9 3e 8d 8f 3d a9 11 4c 7c
>30e4		2c a9 09 4c 7c 2c 18 60 ad 00 3a f0 2e ae 96 3d
>30f4		dd 9b 30 d0 ec ad af 30 c9 01 f0 e5 ad 01 3a dd
>3104		9e 30 90 dd bd a1 30 18 7d 9e 30 cd 01 3a f0 d1
>3114		90 cf ad 97 3d 7f 18 69 01 8d 98 3d a9 00 8d b1
>3124		30 ae b1 30 bd 02 3a 48 29 07 9d 00 3a 68 29 c0
>3134		9d 01 3a a0 10 bd 05 3a 9d 02 3a e8 88 d0 f6 ae
>3144		b1 30 bd 1e 3a 9d 12 3a bd 1f 3a 9d 13 3a 8a 18
>3154		69 20 8d b1 30 d0 ca a9 08 8d 99 3d 18 60 ae b1
>3164		30 bd 03 3a 8d ad 30 bd 04 3a 8d ae 30 bd 1e 3a
>3174		8d b2 30 bd 1f 3a 8d b3 30 ae 96 3d bd a7 30 cd
>3184		b2 30 bd aa 30 ed b3 30 90 02 b0 03 4c 74 2e ad
>3194		b2 30 0d b3 30 7f f0 f5 ad b2 30 d0 03 ce b3 30
>31a4		ce b2 30 ad ad 30 ae 96 3d dd 9b 30 f0 df e0 01
>31b4		d0 04 c9 35 f0 d7 a9 02 8d b0 30 20 b1 2f 90 01
>31c4		60 ad 00 3a 8d ad 30 ad 01 3a 8d ae 30 ad ad 30
>31d4		f0 08 a9 fe 20 9c 2f 4c 21 2f ad b2 30 0d b3 30
>31e4		f0 03 4c 74 2e ad ae 30 d0 03 4c 74 2e 38 e9 01
>31f4		20 9c 2f ae 01 31 a9 08 9d c3 3d bd cd 3d 1d ce
>3204		3d 1d cf 3d d0 03 fe c3 3d 18 60 ae 01 31 18 7d
>3214		cd 3d 9d cd 3d 7f 90 08 fe ce 3d d0 03 fe cf 3d
>3224		60 ae 96 3d ad ad 30 d0 03 4c 73 30 dd a4 30 90
>3234		03 4c 73 30 e0 02 f0 1a c9 24 90 02 e9 23 a0 15
>3244		c9 12 90 10 88 88 c9 19 90 0a 88 c9 1f 90 05 88
>3254		d0 02 a0 28 98 cd ae 30 d0 03 4c 73 30 b0 03 4c
>3264		73 30 ad ad 30 a2 08 20 76 30 ad ae 30 a2 0b 20
>3274		76 30 20 cc ff ae 09 31 20 c9 ff b0 63 a9 00 8d
>3284		b4 30 ae b4 30 bd 8e 30 20 d2 ff 20 5e 2c b0 4f
>3294		ee b4 30 ad b4 7f 30 c9 0d d0 e8 20 cc ff 20 5e
>32a4		2c b0 3d 20 03 2d b0 38 a2 7e 20 c6 ff b0 32 a9
>32b4		00 8d b4 30 20 cf ff 8d 13 31 20 5e 2c b0 21 ae
>32c4		b4 30 ad 13 31 9d 00 3a ee b4 30 f0 0f ad 14 31
>32d4		29 40 d0 10 ad b4 30 cd b0 30 d0 d8 20 cc ff 18
>32e4		60 4c 56 2c 4c 74 2e a0 30 c9 0a 90 05 e9 0a c8
>32f4		d0 f7 48 98 9d 8e 30 68 09 30 9d 8f 30 60 23 55
>3304		31 3a 31 30 20 30 20 30 30 20 30 30 12 12 28 01
>3314		01 03 12 12 25 09 24 47 51 ab 56 80 02 05 0c 86
>3324		00 05 53 50 55 52 57 da 00 0c ad 3c 34 f0 04 a9
>3334		15 38 60 18 60 8a 81 4a 7f 18 69 01 cd 3b 34 d0
>3344		24 ad 3d 34 f0 1f ad 3c 34 c9 02 b0 18 bd c3 3d
>3354		29 08 d0 11 20 68 40 d0 0c bd c3 3d 29 01 f0 d2
>3364		ad 3c 34 f0 cd 4c c9 24 a9 12 20 5c 44 b0 32 c9
>3374		00 d0 2c ad 7b 46 d0 22 ad 7a 46 f0 1d 8d 3d 34
>3384		ad 00 3a c9 2f d0 13 a2 00 bd 00 3a f0 0c 9d 3f
>3394		34 e8 ec 3d 34 d0 f2 4c 21 41 a9 fc 8d 90 3d a9
>33a4		11 4c b4 24 ad 81 3d 8d 3b 34 a9 00 8d 3c 34 ad
>33b4		86 3d a2 00 a0 4e 20 fe 7f 31 b0 51 c9 00 d0 4d
>33c4		a9 12 20 5c 44 b0 46 c9 00 d0 42 ad 7b 46 d0 38
>33d4		ad 7a 46 f0 33 8d 86 3d ad 00 3a c9 2f d0 29 a2
>33e4		00 bd 00 3a f0 22 9d 00 4e e8 ec 86 3d d0 f2 a9
>33f4		13 20 5c 44 b0 17 c9 02 b0 13 ae 01 31 9d c3 3d
>3404		20 07 2b a9 00 4c b4 24 a9 fc 8d 90 3d 4c 23 42
>3414		8d 3e 34 8e 15 32 8c 16 32 ad 02 31 8d fc 4b a9
>3424		11 8d fd 4b a2 00 bd ff ff 9d fe 4b e8 ec 3e 34
>3434		d0 f4 18 8a 69 02 8d 76 7f 46 a9 00 69 00 8d 77
>3444		46 4c 79 44 ad 12 31 d0 1c ad 89 3d d0 1a ad 8a
>3454		3d c9 02 d0 13 bd c3 3d 29 06 f0 12 bd c7 3d d0
>3464		0a a9 11 d0 06 4c c0 24 4c 88 29 4c b4 24 bd c3
>3474		3d 29 01 f0 03 4c 42 33 bd c8 3d 3d c9 3d 3d ca
>3484		3d 3d cb 3d c9 ff f0 e0 bd c1 3d 8d 02 31 a9 01
>3494		8d 85 46 ad 3c 34 d0 1f ad 02 31 8d 70 46 a9 14
>34a4		8d 71 46 a9 02 8d 76 46 a9 00 8d 77 46 a9 70 a2
>34b4		46 20 82 44 4c b8 32 ad 7f 1d df c9 c9 d0 18 ad
>34c4		1d df c9 c9 d0 11 20 c3 45 20 ed 44 90 13 c9 15
>34d4		f0 9a f0 03 4c 51 33 a9 fe 8d 90 3d f0 03 4c 4f
>34e4		33 ad 86 46 c9 20 f0 0b c9 30 d0 72 ad 00 4f d0
>34f4		72 f0 0a ad 80 46 d0 6b a9 00 8d 3c 34 ad 7b 46
>3504		f0 0b c9 01 d0 58 ad 7a 46 d0 53 f0 07 ad 7a 46
>3514		c9 02 90 4a a2 01 bd 00 3a f0 43 c9 2f f0 3f c9
>3524		5c f0 3b e8 ec 7a 46 d0 ed ae 01 31 fe c8 3d d0
>3534		0d fe c9 3d d0 08 fe ca 7f 3d d0 03 fe cb 3d ad
>3544		7a 46 8d 8b 3d ad 7b 46 8d 8c 3d ad 86 46 c9 20
>3554		d0 05 a9 01 9d c3 3d 20 07 2b a9 00 4c b4 24 a9
>3564		fc 8d 90 3d a9 11 ae 01 31 9d c7 3d 48 bd c3 3d
>3574		09 06 9d c3 3d 68 4c b4 24 bd c1 3d 8d 02 31 20
>3584		d0 33 b0 4f ad 3d 34 a2 3f a0 34 20 fe 31 b0 43
>3594		c9 00 d0 3d a9 12 20 5c 44 b0 38 c9 00 d0 32 ad
>35a4		7b 46 d0 28 ad 7a 46 cd 3d 34 d0 20 a2 00 bd 00
>35b4		3a dd 3f 34 d0 16 e8 ec 7f 3d 34 d0 f2 20 07 2b
>35c4		ae 01 31 a9 00 9d c0 3d 8d 3b 34 18 60 a9 fc 8d
>35d4		90 3d a9 11 ae 01 31 9d c7 3d 48 bd c3 3d 09 04
>35e4		9d c3 3d 68 38 60 ad 3c 34 d0 03 4c 21 31 ad 1d
>35f4		df c9 c9 d0 26 ad 1d df c9 c9 d0 1f ad 1c df 29
>3604		3f f0 21 a9 04 8d 1c df 20 3d 46 ad 1c df 29 3f
>3614		f0 12 20 4b 46 90 f4 a9 ff d0 02 a9 fe 8d 90 3d
>3624		a9 11 38 60 a9 00 8d 3c 34 18 60 ad 3b 34 f0 bb
>3634		c9 03 90 03 4c 54 31 38 02 e9 01 81 0a 13 aa bd
>3644		c0 3d cd 80 3d d0 06 8e 01 31 4c 64 33 a9 00 18
>3654		60 ff 00 ff 00 7f 08 78 c0 58 90 0f ee 1e 3d d0
>3664		03 ee 1f 3d 28 a9 7f 8d 00 dc 60 28 6c 1c 3d 08
>3674		20 d1 17 90 03 4c 28 1a ad 38 3d c9 03 b0 03 4c
>3684		63 36 c9 50 b0 f9 a9 28 24 d7 10 02 a9 50 8d 85
>3694		1a 38 20 f0 ff e0 19 b0 e6 98 18 6d 38 3d b0 df
>36a4		cd 85 1a b0 da ad 38 3d 38 e9 02 8d 81 1a ad 73
>36b4		1a cd 74 1a 90 c9 a5 d7 29 80 f0 04 a2 06 d0 02
>36c4		a2 05 8e 82 1a ad 73 1a 38 ed 81 1a b0 02 a9 ff
>36d4		18 69 01 dd 73 7f 1a b0 03 9d 73 1a bd 73 1a cd
>36e4		74 1a 90 06 ad 74 1a 9d 73 1a ad 74 1a 38 fd 73
>36f4		1a cd 81 1a 90 0d ad 74 1a 38 ed 81 1a 18 69 01
>3704		9d 73 1a bd 73 1a 8d 83 1a a9 92 20 66 36 a9 20
>3714		ae 83 1a f0 02 a9 3c 20 66 36 ad 81 1a 8d 84 1a
>3724		ae 83 1a ec 74 1a d0 05 a9 12 20 66 36 ae 83 1a
>3734		ec 73 1a b0 0f 20 62 1a c9 20 90 04 c9 7f 90 06
>3744		a9 2e d0 02 a9 20 20 66 36 ae 83 1a ec 74 1a d0
>3754		05 a9 92 20 66 7f 36 ee 83 1a ce 84 1a d0 c2 ae
>3764		82 1a ad 73 1a 38 fd 73 1a cd 81 1a f0 06 90 04
>3774		a9 3e d0 02 a9 20 20 66 36 4c 08 1a 4c 20 1a 48
>3784		a9 00 85 f4 68 4c d2 ff 42 52 4f 57 53 45 55 4f
>3794		53 20 31 32 38 20 2d 20 4e 41 54 49 56 45 20 4d
>37a4		45 4d 4f 52 59 20 57 4f 52 4b 53 50 41 43 45 0d
>37b4		0d 53 45 4c 45 43 54 45 44 20 42 41 4e 4b 3a 20
>37c4		00 0d 46 52 45 45 20 32 35 36 2d 42 59 54 45 20
>37d4		50 41 47 45 53 7f 20 28 48 45 58 29 20 30 2f 31
>37e4		3a 20 00 0d 46 52 45 45 20 48 41 4e 44 4c 45 53
>37f4		20 28 48 45 58 29 3a 20 00 0d 53 45 4c 45 43 54
>3804		45 44 20 48 41 4e 44 4c 45 3a 20 00 0d 4c 41 53
>3814		54 20 52 45 53 55 4c 54 3a 20 00 0d 0d 31 2f 32
>3824		20 53 45 4c 45 43 54 20 42 41 4e 4b 20 20 41 20
>3834		41 4c 4c 4f 43 41 54 45 20 38 4b 0d 57 20 46 49
>3844		4c 4c 20 20 56 20 56 45 52 49 46 59 20 20 46 20
>3854		52 45 4c 45 41 6d 53 45 0d 43 20 43 41 4c 43 55
>3864		4c 41 54 4f 52 20 20 42 20 46 49 4c 45 53 20 41
>3874		4e 44 20 41 50 50 53 0d 30 30 20 4f 4b 20 20 30
>3884		34 20 49 4e 56 41 4c 49 44 20 48 41 4e 44 4c 45
>3894		20 20 30 41 20 4d 49 53 4d 41 54 43 48 0d 0d 4e
>38a4		41 54 49 56 45 20 44 45 53 4b 54 4f 50 20 4d 49
>38b4		47 52 41 54 49 4f 4e 20 49 4e 20 50 52 4f 47 52
>38c4		45 53 53 8e 00 43 08 20 32 13 90 03 4c 7f 13 ad
>38d4		91 3d 0d 3b 3d 0d f3 4f f0 04 a9 07 d0 28 ba bd
>38e4		01 01 29 04 d0 1e 20 58 4f b0 1b ad 00 3d cd 20
>38f4		3d f0 04 a9 05 d0 0f 20 15 15 b0 0a 20 63 15 b0
>3904		05 4c 29 49 a9 08 4c 70 13 ff 00 ff 00 ff 00 ff
>3914		00 ff 00 ff 00 ff 00 ff 00 ff 00 ff 00 ff 00 ff
>3924		00 ff 00 ff 00 ff 00 e3 00 7f bd c1 3d f0 60 bd
>3934		c2 3d c9 03 b0 59 bd c3 3d 29 f0 d0 52 bd c4 3d
>3944		1d c5 3d 1d c6 3d f0 47 bd cc 3d d0 42 bd c2 3d
>3954		c9 02 d0 03 4c 23 31 bd c3 3d 29 04 d0 2f bd c2
>3964		3d d0 1e bd c3 3d 29 08 f0 25 20 68 40 f0 09 bd
>3974		c3 3d 29 01 d0 19 f0 15 bd c3 3d 29 03 f0 10 d0
>3984		0c bd c3 3d 29 09 d0 07 20 68 40 d0 02 18 60 4c
>3994		c9 24 bd cd 3d 1d ce 3d 1d cf 3d 1d 5e 46 60 20
>39a4		18 31 90 03 4c b4 24 ad 85 7f 3d f0 78 c9 03 b0
>39b4		74 8d 02 31 ad 87 3d c9 03 b0 6a c9 02 d0 05 ad
>39c4		3b 34 d0 64 ad 88 3d c9 03 b0 5a ad 86 3d f0 55
>39d4		ad 00 4e c9 2f d0 4e a2 00 8e 6f 46 bd 00 4e f0
>39e4		44 c9 2f f0 15 c9 5c f0 11 ee 6f 46 ad 87 3d c9
>39f4		01 d0 0c ad 6f 46 30 2d 10 05 a9 00 8d 6f 46 e8
>3a04		ec 86 3d d0 d7 a2 00 20 cd 24 90 03 4c b4 24 bd
>3a14		c0 3d f0 08 bd c1 3d cd 02 31 f0 0c 8a 49 10 aa
>3a24		d0 e5 4c d0 27 4c c0 24 a9 6b 15 4c b4 24 a9 07
>3a34		20 5c 44 90 03 4c 30 42 c9 55 f0 07 c9 00 f0 e9
>3a44		4c 2e 42 ad 87 3d c9 02 d0 03 4c 57 31 ae 01 31
>3a54		fe c4 3d d0 08 fe c5 3d d0 03 fe c6 3d ad 80 3d
>3a64		9d c0 3d ad 02 31 9d c1 3d ad 87 3d 9d c2 3d a9
>3a74		00 9d c7 3d 9d c8 3d 9d c9 3d 9d ca 3d 9d cb 3d
>3a84		9d cc 3d 9d cd 3d 9d ce 3d 9d cf 3d 9d 5e 46 a9
>3a94		04 9d c3 3d 8a 81 4a 7f 18 69 01 8d 81 3d bd c4
>3aa4		3d 8d 82 3d bd c5 3d 8d 83 3d bd c6 3d 8d 84 3d
>3ab4		ad 87 3d c9 02 d0 03 4c 93 31 ad 02 31 8d fc 4b
>3ac4		a9 02 8d fd 4b ad 87 3d f0 02 a9 06 09 01 8d fe
>3ad4		4b a2 00 bd 00 4e 9d ff 4b e8 ec 86 3d d0 f4 18
>3ae4		8a 69 03 8d 76 46 a9 00 69 00 8d 77 46 20 79 44
>3af4		b0 5c c9 00 d0 58 a9 07 20 5c 44 b0 51 c9 00 d0
>3b04		4d ad 7b 46 d0 07 ad 7a 46 c9 0c 90 3c ad 0b 3a
>3b14		29 18 d0 35 ae 01 31 7f a9 00 9d c3 3d bd c2 3d
>3b24		d0 20 ad 00 3a 9d cd 3d ad 01 3a 9d ce 3d ad 02
>3b34		3a 9d cf 3d ad 03 3a 9d 5e 46 a9 08 9d c3 3d 20
>3b44		a6 42 20 07 2b a9 00 4c b4 24 a9 fc 8d 90 3d a9
>3b54		11 ae 01 31 9d c7 3d 4c b4 24 a9 11 4c b4 24 20
>3b64		18 31 90 03 4c b4 24 ad 89 3d 8d 78 46 ad 8a 3d
>3b74		8d 79 46 ad 12 31 d0 68 bd 5e 46 1d cf 3d d0 1e
>3b84		bd ce 3d cd 79 46 90 0a d0 14 bd cd 3d cd 78 46
>3b94		b0 0c bd cd 3d 8d 78 7f 46 bd ce 3d 8d 79 46 20
>3ba4		d8 43 90 03 4c c0 43 ae 01 31 38 bd cd 3d ed 78
>3bb4		46 9d cd 3d bd ce 3d ed 79 46 9d ce 3d bd cf 3d
>3bc4		e9 00 9d cf 3d bd 5e 46 e9 00 9d 5e 46 20 a6 42
>3bd4		4c 81 43 20 68 40 d0 08 bd c3 3d 09 01 9d c3 3d
>3be4		60 a2 00 bd 00 3a 9d 00 4c bd 00 3b 9d 00 4d e8
>3bf4		d0 f1 ad 02 31 8d fc 4b a9 05 8d fd 4b a9 00 8d
>3c04		fe 4b 8d ff 4b 18 ad 78 46 69 04 8d 76 46 ad 79
>3c14		46 69 00 8d 77 46 ad 7f 79 46 c9 02 d0 03 ce 76
>3c24		46 20 79 44 90 03 4c c0 43 c9 00 d0 f9 ad 79 46
>3c34		c9 02 d0 1e a9 05 8d 71 46 a9 00 8d 72 46 8d 73
>3c44		46 ad ff 4d 8d 74 46 a9 05 20 61 44 b0 d8 c9 00
>3c54		d0 d4 ae 01 31 a0 00 bd c8 3d 99 72 46 e8 c8 c0
>3c64		04 d0 f4 a9 06 8d 71 46 20 61 44 b0 b9 c9 00 d0
>3c74		7d 20 d8 43 b0 78 a2 00 ad 79 46 c9 02 f0 1d c9
>3c84		01 f0 05 ec 78 46 b0 27 bd 00 3a dd 00 4c d0 59
>3c94		ad 79 46 f0 17 ec 78 7f 46 b0 12 90 08 bd 00 3a
>3ca4		dd 00 4c d0 45 bd 00 3b dd 00 4d d0 3d e8 d0 c9
>3cb4		ae 01 31 18 bd c8 3d 6d 78 46 9d c8 3d bd c9 3d
>3cc4		6d 79 46 9d c9 3d bd ca 3d 69 00 9d ca 3d bd cb
>3cd4		3d 69 00 9d cb 3d ad 78 46 8d 8b 3d ad 79 46 8d
>3ce4		8c 3d 20 07 2b a9 00 4c b4 24 a9 e6 8d 90 3d ae
>3cf4		01 31 bd c3 3d 09 06 9d c3 3d a9 11 9d c7 3d 20
>3d04		07 2b a9 11 4c b4 24 a9 04 8d 71 46 ad 78 46 8d
>3d14		72 46 ad 79 46 8d 73 7f 46 a9 04 20 61 44 b0 20
>3d24		c9 00 f0 09 c9 ff d0 1e ad 00 4f d0 19 ad 7a 46
>3d34		cd 78 46 d0 0c ad 7b 46 cd 79 46 d0 04 a9 00 18
>3d44		60 a9 e5 8d 90 3d 38 60 bd c2 3d c9 02 d0 03 4c
>3d54		64 33 20 18 31 90 01 60 bd c1 3d 8d 02 31 a9 03
>3d64		20 5c 44 b0 15 c9 00 f0 04 c9 54 d0 0d 20 07 2b
>3d74		ae 01 31 a9 00 9d c0 3d 18 60 ae 01 31 bd c3 3d
>3d84		09 04 9d c3 3d a9 11 9d c7 3d 38 60 8d 71 46 a9
>3d94		02 8d 76 46 a9 00 8d 7f 77 46 8d 85 46 ad 02 31
>3da4		8d 70 46 a9 70 a2 46 4c 82 44 a9 00 8d 85 46 a9
>3db4		fc a2 4b 8d b6 44 8e b7 44 20 c3 45 ad 1d df c9
>3dc4		c9 f0 03 4c 09 46 ad 1d df c9 c9 d0 f6 ad 1c df
>3dd4		29 3f f0 03 4c 0d 46 ad 77 46 c9 03 90 03 4c 16
>3de4		46 0d 76 46 f0 f8 ad ff ff 8d 1d df ee b6 44 d0
>3df4		03 ee b7 44 ad 76 46 d0 03 ce 77 46 ce 76 46 ad
>3e04		76 46 0d 77 46 d0 df ad 85 46 f0 03 8d 3c 34 a9
>3e14		01 8d 1c df ad 1c df 7f 29 08 f0 03 4c 1e 46 20
>3e24		3d 46 ad 1c df 29 30 c9 10 d0 07 20 4b 46 90 f2
>3e34		b0 ea c9 00 d0 03 4c bb 45 8d 86 46 a9 00 8d 7e
>3e44		46 20 3d 46 ad 1c df 29 80 f0 2e ad 7b 46 c9 02
>3e54		90 03 4c 1a 46 ad 7a 46 8d 36 45 ad 7b 46 18 69
>3e64		3a 8d 37 45 ad 1e df 8d 00 3a ee 7a 46 d0 03 ee
>3e74		7b 46 20 4b 46 90 cd b0 a3 ad 1c df 29 40 f0 25
>3e84		ad 1f df ae 7f 46 d0 13 ae 7e 46 e0 1f b0 c3 9d
>3e94		00 4f e8 8e 7e 46 a9 7f 00 9d 00 4f 20 4b 46 90
>3ea4		d9 90 03 4c 1e 46 ad 7e 46 f0 12 ad 7f 46 d0 0d
>3eb4		20 e0 45 8d 80 46 c9 00 f0 03 ee 7f 46 ee 7c 46
>3ec4		d0 05 ee 7d 46 f0 dc a9 02 8d 1c df 20 3d 46 ad
>3ed4		1c df 29 02 d0 11 ad 85 46 d0 03 4c ed 44 ad 86
>3ee4		46 c9 30 d0 f6 f0 07 20 4b 46 90 e3 b0 63 ad 80
>3ef4		46 8d 8f 3d 18 60 a9 00 8d 7a 46 8d 7b 46 8d 7f
>3f04		46 8d 00 4f 8d 7c 46 8d 7d 46 8d 86 46 a9 ff 8d
>3f14		80 46 60 ad 00 4f 38 7a e9 30 c9 0a b0 1c 0a 8d
>3f24		81 46 0a 0a 18 6d 81 46 8d 81 46 ad 01 4f 38 e9
>3f34		30 c9 0a b0 05 18 6d 81 46 60 a9 ff 60 a9 fe d0
>3f44		29 a9 e2 8d 90 3d a9 15 38 60 a9 fc d0 1c a9 fc
>3f54		d0 02 a9 ff 48 a9 04 8d 1c df 20 3d 46 ad 1c df
>3f64		29 3f f0 05 20 4b 46 90 f4 68 8d 90 3d a9 11 38
>3f74		60 a9 00 8d 82 46 8d 83 46 a9 05 8d 84 46 60 ce
>3f84		82 46 d0 0a ce 83 46 d0 05 ce 84 46 f0 02 18 60
>3f94		38 60 a6 00 7f 08 20 86 1a 90 03 4c 56 48 ad 3e
>3fa4		24 f0 03 4c 5d 48 ad b0 3d 2d b1 3d 2d b2 3d c9
>3fb4		ff d0 04 a9 16 d0 e4 ad 86 3d d0 03 4c 61 48 c9
>3fc4		11 b0 f9 a0 00 b9 a0 3d c9 20 90 f0 c9 7f b0 ec
>3fd4		20 54 1a b0 e7 c8 cc 86 3d d0 ea ad bd 3d 8d 96
>3fe4		3d ad bc 3d 8d 85 3d c9 03 b0 2f ad be 3d 18 6d
>3ff4		86 3d b0 c8 8d bf 3d a2 00 bd 00 3f 9d 00 4e e8
>4004		ec be 3d d0 f4 a0 00 b9 a0 3d 9d 00 4e e8 c8 cc
>4014		86 3d d0 f3 7f ad bf 3d 8d 86 3d 20 85 48 ee b0
>4024		3d d0 08 ee b1 3d d0 03 ee b2 3d a9 01 8d 1b 3d
>4034		8d 88 3d a9 00 8d 87 3d 8d 3f 24 8d 3b 24 8d 3c
>4044		24 8d 3d 24 8d 41 24 8d 25 3d 8d 26 3d a9 20 8d
>4054		80 3d 20 06 27 20 cf 23 08 48 a2 03 bd 81 3d 9d
>4064		33 24 ca 10 f7 ad 33 24 8d 3e 24 68 28 90 03 4c
>4074		39 48 a2 00 8e 40 24 20 4f 23 b0 f3 ae 40 24 dd
>4084		b3 3d f0 03 4c 37 48 e8 e0 02 d0 e8 a2 00 8e 40
>4094		24 20 4f 23 7f b0 d9 ae 40 24 9d 50 3d e8 e0 10
>40a4		d0 ed 20 94 48 b0 c9 ad b3 3d 8d 66 48 ad b4 3d
>40b4		8d 67 48 a9 ff 8d 44 24 8d 45 24 a2 00 8e 40 24
>40c4		bd 50 3d e0 0e 90 02 a9 00 20 ec 23 ae 40 24 bd
>40d4		50 3d 20 65 48 ae 40 24 e8 e0 10 d0 e0 ad 58 3d
>40e4		38 e9 10 8d 46 24 ad 59 3d e9 00 8d 47 24 20 4f
>40f4		23 b0 56 48 20 ec 23 68 20 65 48 ad 46 24 d0 03
>4104		ce 47 24 ce 46 24 ad 46 24 0d 47 24 d0 e0 ad 41
>4114		24 d0 04 a9 7f 13 d0 32 ad 44 24 cd 5e 3d d0 24
>4124		ad 45 24 cd 5f 3d d0 1c 20 10 24 ad 3f 24 d0 20
>4134		a9 02 8d 1b 3d a2 02 bd b0 3d 9d 17 3d ca 10 f7
>4144		a9 00 f0 23 a9 14 d0 02 a9 10 8d 3f 24 20 10 24
>4154		a9 00 8d 1b 3d ad 3e 24 f0 05 a9 04 8d 1b 3d ad
>4164		3f 24 a2 00 8e 3f 24 8d 1a 3d 28 c9 01 60 a9 07
>4174		d0 f5 a9 01 d0 f1 8d ff ff ee 66 48 d0 03 ee 67
>4184		48 60 08 20 86 1a b0 df 20 85 48 a9 00 8d 3f 24
>4194		20 10 24 4c 7f 3f 48 a9 00 8d 1b 3d 8d 17 3d 8d
>41a4		18 3d 8d 19 3d 60 a2 05 bd 50 3d dd 21 49 d0 7f
>41b4		ca 10 f5 ad 57 3d d0 77 ad 56 3d c9 07 90 70 c9
>41c4		0d b0 6c ad 5a 3d cd 6e 3d d0 64 ad 5b 3d cd 6f
>41d4		3d d0 5c ad 59 3d d0 07 ad 58 3d c9 11 90 50 ad
>41e4		58 3d 18 6d b3 3d 8d ba 3d ad 59 3d 6d b4 3d b0
>41f4		3e 8d bb 3d cd 7f 1a 90 07 d0 34 ad ba 3d d0 2f
>4204		ad 5d 3d d0 07 ad 5c 3d c9 10 90 23 ad 5c 3d cd
>4214		58 3d ad 5d 7f 3d ed 59 3d b0 15 ad 5c 3d 18 6d
>4224		b3 3d 8d b6 3d ad 5d 3d 6d b4 3d 8d b7 3d 18 60
>4234		a9 10 38 60 4e 4d 4f 44 01 01 07 00 a2 60 bd 00
>4244		38 cd 37 24 f0 05 a9 04 4c 70 13 e8 ec 7f 1a d0
>4254		ed ad c2 17 d0 0e ad c3 17 c9 c0 d0 07 ad c6 17
>4264		c9 24 f0 05 a9 06 4c 70 13 ad 06 d5 29 40 05 d8
>4274		d0 2d a5 00 29 06 c9 06 d0 25 ad 1a d0 29 0f c9
>4284		01 d0 1c ad 11 d0 29 60 d0 15 ad 16 d0 29 10 d0
>4294		0e ad 15 d0 7c d0 09 ad 02 dd 29 03 c9 03 f0 05
>42a4		a9 08 4c 70 13 78 ad 11 d0 29 7f 8d f4 4f ad 16
>42b4		d0 8d f5 4f ad 18 d0 8d f6 4f ad 00 dd 29 03 8d
>42c4		f7 4f a5 01 29 06 8d f8 4f a9 ff 85 d8 8d 12 d0
>42d4		a5 01 29 fd 09 04 85 01 a9 80 8d 18 d0 a9 08 8d
>42e4		16 d0 a9 3b 8d 11 d0 ad 00 dd 29 fc 8d 00 dd ad
>42f4		c8 17 8d f3 4f 4c 86 13 20 e4 ff f0 13 8d 15 3d
>4304		a2 00 8e 12 3d ee 13 3d d0 03 ee 14 3d ad 15 3d
>4314		60 80 00 01 2f ff 00 fa 00 70 08 20 4a 24 90 03
>4324		4c aa 24 a9 00 8d 00 4f 20 18 31 b0 55 ad 3c 3d
>4334		c9 09 b0 51 aa bd 6f 4b d0 09 ad 3d 3d f0 46 c9
>4344		10 b0 42 8d 70 46 bd 78 4b 8d 71 46 bd 81 4b 10
>4354		03 ad 3d 3d 8d 72 46 bd 8a 4b 8d 76 46 a9 00 8d
>4364		77 46 a9 70 a2 46 a0 00 8c 85 46 20 82 44 b0 04
>4374		f0 02 a9 11 48 ad 7a 46 8d 8b 3d ad 7b 46 8d 8c
>4384		3d 68 4c b4 24 a9 01 d0 f9 00 81 04 80 03 0d 01
>4394		01 28 29 34 35 02 04 05 26 00 00 01 80 00 06 80
>43a4		80 00 02 03 03 80 02 6b 03 03 02 08 20 4a 24 90
>43b4		03 4c aa 24 a9 00 8d 00 4f 20 18 31 b0 c2 18 ad
>43c4		89 3d 69 02 8d 76 46 ad 8a 3d 69 00 8d 77 46 b0
>43d4		b2 c9 02 90 07 d0 ac ad 76 46 d0 a7 a9 00 a2 3a
>43e4		4c 4c 4b 08 78 ad 3c 03 c9 3f d0 07 ad 3d 03 c9
>43f4		35 f0 16 ad 3c 03 8d 1c 3d ad 3d 03 8d 1d 3d a9
>4404		3f 8d 3c 03 a9 35 8d 3d 03 a9 00 8d 1e 3d 8d 1f
>4414		3d 28 60 ff 00 ff 00 ff 00 ff 00 ff 00 ff 00 96
>4424		00 52 20 85 48 a9 00 8d b3 3d 8d b4 3d 8d be 3d
>4434		ad 21 3d 8d bc 3d ad 2c 3d 8d bd 3d c9 03 d0 19
>4444		a2 00 bd 00 4e 9d 00 3f c9 2f d0 07 8a 18 69 01
>4454		8d be 3d e8 ec 22 3d d0 e9 60 ad 20 3d c9 20 d0
>4464		51 ad 23 3d c9 02 d0 4a ad 37 24 f0 49 c9 21 b0
>4474		45 38 e9 01 80 0a 7e aa bd 00 3c cd 20 3d d0 36
>4484		bd 01 3c d0 31 bd 02 3c c9 60 d0 2a a0 01 bd 04
>4494		3c d9 37 24 d0 20 e8 c8 c0 04 d0 f2 bd 00 3c f0
>44a4		15 cd 6a 3d d0 10 c9 61 b0 0c 18 69 60 8d 7f 1a
>44b4		18 60 a9 05 38 60 a9 04 38 60 ad f3 4f f0 35 08
>44c4		78 ad 00 dd 29 fc 0d f7 4f 8d 00 dd ad f6 4f 8d
>44d4		18 d0 ad f5 4f 8d 16 d0 a9 ff 8d 12 d0 ad f4 4f
>44e4		8d 11 d0 a5 01 29 f9 0d f8 4f 85 01 a9 00 85 d8
>44f4		8d f3 4f 28 60 8a 00 7f a9 00 8d 11 3d 8d 0d 3d
>4504		a2 00 9d 00 3c e8 d0 fa a9 ff 9d 00 38 9d 00 39
>4514		e8 d0 f7 a9 00 a2 50 9d 00 38 e8 e0 ff d0 f8 a2
>4524		04 9d 00 39 e8 e0 ff d0 f8 60 ad 11 3d f0 04 a9
>4534		07 38 60 ee 11 3d d8 ad 00 ff c9 0e d0 26 ad 05
>4544		d5 29 40 d0 1f ad 06 d5 29 0f c9 04 d0 16 ad 08
>4554		d5 0d 0a d5 29 0f 0d 07 d5 d0 09 ad 09 d5 c9 01
>4564		d0 02 18 60 a9 08 38 60 8d 0d 3d a2 00 8e 11 3d
>4574		28 c9 01 60 28 38 60 7f c9 07 f0 f9 4c 70 13 a9
>4584		00 4c 70 13 a9 01 4c 70 13 ad 00 3d f0 06 c9 ff
>4594		f0 02 18 60 a9 01 38 60 08 20 32 13 90 03 4c 7f
>45a4		13 20 90 13 b0 de ad 01 3d f0 d9 ad 02 3d c9 ff
>45b4		f0 0f c9 02 b0 ce 8d c2 17 20 3d 14 90 15 4c e2
>45c4		13 a9 01 8d c2 17 20 3d 14 90 08 ce c2 17 20 3d
>45d4		14 b0 08 20 8b 14 b0 08 4c ba 14 a9 02 4c 70 13
>45e4		a9 03 4c 70 13 08 20 32 13 90 03 4c 7f 13 20 90
>45f4		13 90 03 4c 8b 13 ad 7f 01 3d d0 03 4c 8b 13 ad
>4604		02 3d c9 02 90 03 4c 8b 13 8d c2 17 aa ad 03 3d
>4614		dd c0 17 90 1d 8d c3 17 18 6d 01 3d b0 14 8d c4
>4624		17 ae c3 17 20 71 14 d0 b3 e8 ec c4 17 d0 f5 4c
>4634		da 13 a9 06 4c 70 13 a9 00 8d c5 17 ae c2 17 bd
>4644		c0 17 aa 20 71 14 d0 15 ad c5 17 d0 03 8e c3 17
>4654		ee c5 17 ad c5 17 cd 01 3d f0 0e d0 05 a9 00 8d
>4664		c5 17 e8 e0 ff d0 dc 38 60 18 60 ad c2 17 d0 04
>4674		bd 00 38 60 bd 00 39 32 60 ac c2 17 d0 04 9d 00
>4684		38 60 9d 00 39 60 a2 00 bd 00 3c d0 10 bd 04 3c
>4694		3d 05 3c 3d 06 3c c9 ff d0 0c 9d 00 3c 8a 18 69
>46a4		08 aa d0 e4 38 60 8e c7 17 8a 80 4a 77 18 69 01
>46b4		8d c8 17 18 60 ae c7 17 fe 04 3c d0 08 fe 05 3c
>46c4		d0 03 fe 06 3c ad 00 3d 9d 00 3c ad c2 17 9d 01
>46d4		3c 8d 02 3d ad c3 17 9d 02 3c 8d 03 3d ad 01 3d
>46e4		9d 03 3c 8d c6 17 ad c8 17 8d 04 3d bd 04 3c 8d
>46f4		05 3d bd 05 3c 8d 06 3d bd 06 3c 8d 07 3d ae c3
>4704		17 ad c8 17 20 7e 14 e8 ce c6 17 d0 f4 4c 86 13
>4714		20 90 13 b0 40 ad 04 3d f0 3c c9 21 b0 38 8d c8
>4724		17 38 e9 01 80 0a 7f aa 8e c7 17 bd 00 3c f0 26
>4734		c9 ff f0 22 bd 04 3c cd 05 3d d0 1a bd 05 3c cd
>4744		06 3d d0 12 bd 06 3c cd 07 3d d0 0a bd 00 3c cd
>4754		00 3d d0 06 18 60 a9 04 38 60 a9 05 38 60 ae c7
>4764		17 bd 01 3c c9 02 b0 33 8d c2 17 a8 bd 02 3c d9
>4774		c0 17 90 27 8d c3 17 bd 03 3c f0 1f 8d c6 17 18
>4784		6d c3 17 b0 16 8d c4 17 ae c3 17 20 71 14 cd c8
>4794		17 d0 08 e8 ec c4 17 d0 f2 18 60 a9 09 38 60 08
>47a4		20 32 13 90 03 4c 7f 7f 13 20 15 15 b0 0b 20 63
>47b4		15 b0 06 20 c0 15 4c 86 13 4c 70 13 ad c8 17 cd
>47c4		f3 4f d0 03 20 b8 4f ae c3 17 a9 00 20 7e 14 e8
>47d4		ec c4 17 d0 f5 ae c7 17 a9 00 9d 00 3c 60 08 20
>47e4		32 13 90 03 4c 7f 13 20 90 13 b0 cd a9 00 8d c9
>47f4		17 a9 00 8d c7 17 a9 01 8d c8 17 ae c7 17 bd 00
>4804		3c cd 00 3d d0 0d 20 63 15 b0 ae ad c9 17 f0 03
>4814		20 c0 15 ee c8 17 ad c7 17 18 69 08 8d c7 17 d0
>4824		da ee c9 17 ad c9 7f 17 c9 02 d0 c6 4c 86 13 08
>4834		20 32 13 90 03 4c 7f 13 a9 00 8d 0e 3d 8d 0f 3d
>4844		8d 10 3d a2 00 bd 00 38 d0 03 ee 0e 3d bd 00 39
>4854		d0 03 ee 0f 3d e8 d0 ed bd 00 3c d0 10 bd 04 3c
>4864		3d 05 3c 3d 06 3c c9 ff f0 03 ee 10 3d 8a 18 69
>4874		08 aa d0 e4 4c 86 13 08 a9 00 f0 08 08 a9 01 d0
>4884		03 08 a9 02 48 20 32 13 90 06 aa 68 8a 4c 7f 13
>4894		68 8d ca 17 20 15 15 90 03 4c 70 13 20 63 15 90
>48a4		03 4c 70 13 ad 0b 7f 3d c9 02 90 07 d0 2e ad 0a
>48b4		3d d0 29 ad 0a 3d 0d 0b 3d f0 21 18 ad 08 3d 6d
>48c4		0a 3d 8d cf 17 ad 09 3d 6d 0b 3d b0 0f ae c7 17
>48d4		dd 03 3c 90 0c d0 05 ad cf 17 f0 05 a9 06 4c 70
>48e4		13 ad 08 3d 8d cb 17 18 ad 09 3d 6d c3 17 8d cc
>48f4		17 ad 0a 3d 8d cd 17 ad 0b 3d 8d ce 17 a9 00 8d
>4904		19 17 8d 2b 17 a9 3a 8d 1a 17 8d 2c 17 ad ca 17
>4914		f0 13 c9 02 f0 06 ad 00 3a 4c 21 17 ad 0c 3d 20
>4924		8b 17 4c 2d 17 20 7f 59 17 8d 00 3a ee cb 17 d0
>4934		03 ee cc 17 ee 19 17 ee 2b 17 d0 06 ee 1a 17 ee
>4944		2c 17 ad cd 17 d0 03 ce ce 17 ce cd 17 ad cd 17
>4954		0d ce 17 d0 b9 4c 86 13 08 78 a5 fb 48 a5 fc 48
>4964		ad aa 02 48 ad cb 17 85 fb ad cc 17 85 fc a9 fb
>4974		ae c2 17 a0 00 20 74 ff 8d d0 17 68 8d aa 02 68
>4984		85 fc 68 85 fb 28 ad d0 17 60 8d d0 17 08 78 a5
>4994		fb 48 a5 fc 48 ad b9 02 48 ad cb 17 85 fb ad cc
>49a4		17 85 fc a9 fb 8d 1b b9 02 ad d0 17 ae c2 17 a0
>49b4		00 20 77 ff 68 8d b9 02 68 85 fc 68 85 fb 28 60
>49c4		50 04 8c 00 7f ad 3b 3d 0d 11 3d 0d 91 3d f0 07
>49d4		a9 07 f0 03 4c b0 18 ad 20 3d c9 20 f0 03 4c a3
>49e4		18 ad 23 3d c9 02 d0 f6 ba bd 03 01 29 04 f0 04
>49f4		a9 08 d0 e0 d8 a9 01 8d 3b 3d a9 00 8d 39 3d 20
>4a04		58 4f 90 03 4c ad 18 ad 35 3d 8d 35 18 8d 0e 1a
>4a14		8d 7b 1a ad 36 3d 8d 36 18 8d 0f 1a 8d 7c 1a a9
>4a24		07 20 b5 18 b0 7b a2 07 bd ff ff 9d 73 1a ca 10
>4a34		f7 ad 75 1a f0 69 cd 73 1a 90 64 ad 7a 1a c9 04
>4a44		b0 5d ad 76 7f 1a 8d 7b 1a 8d 63 1a 8d 67 1a ad
>4a54		77 1a 8d 7c 1a 8d 64 1a 8d 68 1a ad 75 1a 20 b5
>4a64		18 b0 3f ad 35 3d cd 7d 1a ad 36 3d ed 7e 1a 90
>4a74		0a d0 23 ad 35 3d cd 7d 1a d0 1b ad 35 3d 18 69
>4a84		07 aa ad 36 3d 69 00 8d 7e 1a 8a cd 7b 1a ad 7e
>4a94		1a ed 7c 1a b0 0a 18 60 a9 05 d0 09 a9 04 d0 02
>4aa4		a9 01 ce 3b 3d 8d 3a 3d 38 60 18 6d 7b 1a 8d 7d
>4ab4		1a ad 7c 1a 69 00 b0 25 8d 7e 1a cd 7f 1a b0 1d
>4ac4		ae 7c 1a e0 7f 60 90 16 bd 00 38 cd 37 24 d0 0a
>4ad4		ec 7e 1a f0 03 e8 d0 f0 18 60 a9 04 38 60 a9 06
>4ae4		38 60 08 20 d1 17 90 03 4c 28 1a ad 37 3d f0 7e
>4af4		ad 73 1a cd 74 1a b0 03 4c 20 1a ad 37 3d c9 9d
>4b04		f0 7d c9 1d d0 03 4c 94 19 c9 13 d0 03 4c a2 19
>4b14		c9 01 f0 f9 c9 05 d0 03 4c a6 19 c9 14 d0 03 4c
>4b24		b9 19 c9 04 d0 03 4c c6 19 c9 15 d0 03 4c e7 19
>4b34		c9 94 d0 02 a9 20 20 2b 1a 90 03 4c 08 1a 8d 80
>4b44		1a ad 73 1a 7f cd 75 1a f0 f2 aa ec 74 1a f0 0c
>4b54		ca 20 62 1a e8 20 66 1a ca 4c 54 19 ad 80 1a 20
>4b64		66 1a ee 73 1a ee 74 1a a9 03 f0 03 4c fd 19 ad
>4b74		73 1a 8d 74 1a a9 00 8d 78 1a 8d 79 1a 4c 00 1a
>4b84		ad 74 1a f0 7a ce 74 1a 4c b1 19 ad 74 1a cd 73
>4b94		1a f0 6c ee 74 1a 4c b1 19 a9 00 f0 03 ad 73 1a
>4ba4		cd 74 1a f0 5a 8d 74 1a a9 02 8d 39 3d 4c 08 1a
>4bb4		ad 74 1a f0 4a ce 74 1a a9 02 8d 39 3d ad 74 1a
>4bc4		cd 73 1a f0 7f 3a aa e8 20 62 1a ca 20 66 1a e8
>4bd4		ec 73 1a d0 f2 ce 73 1a ad 39 3d 09 01 d0 16 ad
>4be4		73 1a f0 1c a9 01 ae 74 1a f0 02 09 02 a2 00 8e
>4bf4		73 1a 8e 74 1a 8d 39 3d ae 73 1a a9 00 20 66 1a
>4c04		a2 07 bd 73 1a 9d ff ff ca 10 f7 a9 00 8d 3a 3d
>4c14		ce 3b 3d 28 a9 00 18 60 a9 01 8d 3a 3d ce 3b 3d
>4c24		28 38 60 c9 20 90 31 c9 7f b0 2d ae 7a 1a f0 1a
>4c34		e0 03 f0 18 c9 30 90 20 c9 3a 90 0e e0 01 f0 18
>4c44		29 df c9 41 27 90 12 c9 47 b0 0e 18 60 a2 08 dd
>4c54		6a 1a f0 05 ca 10 f8 18 60 38 60 bd ff ff 60 9d
>4c64		ff ff 60 2a 3f 2c 3a 2f 5c 40 23 24 90 00 7f ad
>4c74		1b 3d c9 01 f0 71 c9 03 f0 6d ad 11 3d 0d 91 3d
>4c84		0d 3b 3d d0 62 ba bd 03 01 29 04 f0 04 a9 08 d0
>4c94		58 d8 ad b4 3d f0 48 bd 04 01 18 69 01 8d b8 3d
>4ca4		bd 05 01 69 00 8d b9 3d c9 60 90 33 d0 07 ad b8
>4cb4		3d c9 20 90 2a ad b8 3d cd b3 3d ad b9 3d ed b4
>4cc4		3d b0 1c 20 58 4f b0 21 a2 60 bd 00 38 cd 37 24
>4cd4		d0 11 e8 ec 7f 1a d0 f2 a9 00 8d 12 3d 18 60 a9
>4ce4		01 d0 06 a9 04 d0 02 a9 07 38 60 08 20 86 7f 1a
>4cf4		90 03 4c 8f 1b ad 1b 3d c9 02 d0 7b a2 02 bd 17
>4d04		3d dd b0 3d d0 71 ca 10 f5 ad b3 3d 18 69 10 8d
>4d14		b8 3d ad b4 3d 69 00 8d b9 3d ad b6 3d cd b8 3d
>4d24		ad b7 3d ed b9 3d 90 4f ad b6 3d cd ba 3d ad b7
>4d34		3d ed bb 3d b0 41 ad bb 3d cd 7f 1a 90 07 d0 37
>4d44		ad ba 3d d0 32 a9 03 8d 1b 3d a9 00 8d 1a 3d 20
>4d54		8a 1b 8d 3c 3d 08 68 29 01 8d 3d 3d d8 a9 0e 8d
>4d64		00 ff a9 02 8d 1b 3d a9 00 8d 1a 3d 28 4e 74 3d
>4d74		3d ad 3c 3d 60 6c b6 3d a9 04 4c 56 48 ad 67 3d
>4d84		0d 6b 3d f0 2c ad 66 3d c9 07 90 27 ad 67 3d cd
>4d94		68 3d ad 6b 3d ed 69 3d 90 19 ad 6b 3d cd 6a 3d
>4da4		b0 11 ad 67 3d 8d b3 3d ad 6b 3d 18 69 60 8d b4
>4db4		3d 18 60 a9 10 38 60 08 20 32 13 90 03 4c 7f 13
>4dc4		ad 91 3d 0d 3b 3d f0 05 a9 07 4c 70 13 20 58 4f
>4dd4		90 03 4c 70 13 20 b8 4f 4c 86 13 a9 0e 8d 00 ff
>4de4		6c 3e 3d 85 00 00
.4dea						boot_file_end:

;******  End of listing
