
; 64tass Turbo Assembler Macro V1.60.3243 listing file
; 64tass -a -B -o /var/tmp/arc-scratch/uos-native-graphics-bands/client/DISPLAY.PRG -l /var/tmp/arc-scratch/uos-native-graphics-bands/client/display.sym -L /var/tmp/arc-scratch/uos-native-graphics-bands/client/display.lst /var/tmp/arc-scratch/uos-native-graphics-bands/client/display.asm
; Fri Sep 11 19:24:35 2026

;Offset	;Hex		;Monitor	;Source

;******  Processing input file: /var/tmp/arc-scratch/uos-native-graphics-bands/client/display.asm


;******  Processing file: /var/tmp/arc-scratch/uos-native-graphics-bands/client/api.inc

=1					N_ABI_MAJOR = 1
=8					N_ABI_MINOR = 8
=$1c20					N_ALLOC         = $1c20
=$1c23					N_FREE          = $1c23
=$1c26					N_READ          = $1c26
=$1c29					N_WRITE         = $1c29
=$1c2c					N_FILL          = $1c2c
=$1c2f					N_STATS         = $1c2f
=$1c32					N_RELEASE       = $1c32
=$1c35					N_RESERVE       = $1c35
=$1c38					N_LAUNCH        = $1c38          ; checked PRG through owned IEC/Ultimate streams
=$1c3b					N_KEYIN         = $1c3b          ; native GETIN with shared key-event accounting
=$1c3e					N_EXIT          = $1c3e          ; one-way app exit, A=app result; restores saved stack
=$1c41					N_FOPEN         = $1c41          ; owned read/create stream or Ultimate directory cursor
=$1c44					N_FREAD         = $1c44          ; up to 512 file bytes, or one complete directory entry
=$1c47					N_FWRITE        = $1c47          ; up to 512 bytes from N_BUFFER
=$1c4a					N_FCLOSE        = $1c4a          ; close only this owned file
=$1c4d					N_FRELEASE      = $1c4d          ; close every file owned by N_FOWNER
=$1c50					N_DIRPAGE       = $1c50          ; one normalized directory page; no live stream on success
=$1c53					N_REPLACE       = $1c53          ; leave app, request dispatcher launch with source fields
=$1c56					N_WORKSPACE     = $1c56          ; leave app, request return to the memory workspace
=$1c59					N_FEDIT         = $1c59          ; edit the active app's bounded field, no input polling
=$1c5c					N_FDRAW         = $1c5c          ; draw that focused field at the current console position
=$1c5f					N_MLOAD         = $1c5f          ; checked module from the original app's source folder
=$1c62					N_MCALL         = $1c62          ; call the current module using its generation token
=$1c65					N_MCLOSE        = $1c65          ; invalidate module; close/recover only its source stream
=$1c68					N_VSHOW         = $1c68          ; experimental: present owned bank-0 $c000..$e3ff
=$1c6b					N_VCLOSE        = $1c6b          ; experimental: restore text; keep surface allocation
=$3d00					N_OWNER         = $3d00
=$3d01					N_PAGES         = $3d01
=$3d02					N_BANK          = $3d02
=$3d03					N_PAGE          = $3d03
=$3d04					N_HANDLE        = $3d04          ; four bytes
=$3d08					N_OFFSET        = $3d08          ; word
=$3d0a					N_COUNT         = $3d0a          ; word
=$3d0c					N_VALUE         = $3d0c
=$3d0d					N_ERROR         = $3d0d
=$3d0e					N_FREE0         = $3d0e          ; free 256-byte pages, bank 0
=$3d0f					N_FREE1         = $3d0f          ; free 256-byte pages, bank 1
=$3d10					N_SLOTS         = $3d10          ; reusable descriptor slots
=$3d11					N_BUSY          = $3d11
=$3d12					N_READY         = $3d12
=$3d13					N_KEYS          = $3d13          ; word: consumed keyboard events
=$3d15					N_LASTKEY       = $3d15
=$3d16					N_RESULT        = $3d16          ; workspace's last command result
=$3d17					N_MTOKEN        = $3d17          ; LE24: MLOAD output / MCALL input; zero is invalid
=$3d1a					N_MERROR        = $3d1a          ; gate/loader error; MCALL preserves module's A/carry
=$3d1b					N_MSTATE        = $3d1b          ; read-only: 0 empty, 1 loading, 2 ready, 3 running, 4 close retained
=$3d20					N_CURRENT       = $3d20          ; active app owner; 0 when no app owns the slot
=$3d21					N_DEVICE        = $3d21          ; launch IEC device 8..30, or Ultimate DOS context 1/2
=$3d22					N_NAMELEN       = $3d22          ; IEC launch name 1..16; Ultimate path length 1..255
=$3d23					N_APPSTATE      = $3d23          ; 0 idle, 1 loading, 2 running, 3 cleanup, 4 retained error
=$3d24					N_EXITCODE      = $3d24          ; last application's A on return/EXIT
=$3d25					N_DOSCODE       = $3d25          ; DOS error code (decimal), when available
=$3d26					N_IOSTATUS      = $3d26          ; first failed loader stream's nonzero transport status
=$3d27					N_APPERROR      = $3d27          ; stable launch result, separate from heap ERROR
=$3d28					N_ACTION        = $3d28          ; completed app request: 0 normal, 1 replace, 2 workspace
=$3d29					N_BROWSERDEV    = $3d29          ; workspace/browser preferences (not file-call arguments)
=$3d2a					N_BROWSERFMT    = $3d2a
=$3d2b					N_BROWSERERROR  = $3d2b          ; last dispatcher error shown when the browser returns
=$3d2c					N_APPFORMAT     = $3d2c          ; launch/source backend: 0 D64 / 1 D71 / 2 D81 / 3 ULT
=$3d2d					N_BOOTDEVICE    = $3d2d          ; boot IEC device; independent of app source
=$3d2e					N_BROWSERLEN    = $3d2e          ; ABI 1.5: persistent Ultimate browser path length
=$3d30					N_BROWSERPOS    = $3d30          ; dword: selected Ultimate directory ordinal
=$3d34					N_BROWSERNAME_LEN = $3d34        ; ABI 1.5: selected raw name length, 0 when empty
=$3d35					N_UIPTR         = $3d35          ; word: field-state address
=$3d37					N_UIKEY         = $3d37
=$3d38					N_UIWIDTH       = $3d38
=$3d39					N_UIFLAGS       = $3d39          ; successful edit: bit 0 content, bit 1 caret changed
=$3d3a					N_UIERROR       = $3d3a
=$3d3b					N_UIBUSY        = $3d3b
=0					UI_LENGTH       = 0
=1					UI_CARET        = 1
=2					UI_MAXIMUM      = 2
=3					UI_BUFFER       = 3
=5					UI_VIEW40       = 5
=6					UI_VIEW80       = 6
=7					UI_FILTER       = 7
=8					UI_STATE_BYTES  = 8
=$3e00					N_BROWSERNAME   = $3e00          ; 256 bytes; restore selection after directory edits
=$3d40					N_APPNAME       = $3d40          ; 16-byte filename, no wildcard/DOS syntax
=$3d50					N_MHEADER       = $3d50          ; private: independent 16-byte module manifest
=$3d60					N_APPHEADER     = $3d60          ; validated 32-byte native image manifest
=$3f00					N_SOURCEPATH    = $3f00          ; private: original Ultimate app parent directory
=$3a00					N_BUFFER        = $3a00          ; 512 bytes, bank 0, reserved
=$3d80					N_FOWNER        = $3d80
=$3d81					N_FHANDLE       = $3d81          ; four bytes
=$3d85					N_FDEVICE       = $3d85          ; IEC 8..30 or Ultimate DOS context 1/2
=$3d86					N_FNAMELEN      = $3d86
=$3d87					N_FMODE         = $3d87
=$3d88					N_FTYPE         = $3d88
=$3d89					N_FCOUNT        = $3d89          ; requested word, 1..512
=$3d8b					N_FACTUAL       = $3d8b          ; returned word; may be a prefix on I/O error
=$3d8d					N_FEOF          = $3d8d          ; read handle has consumed its checked extent
=$3d8e					N_FERROR        = $3d8e
=$3d8f					N_FDOS          = $3d8f          ; IEC first error; Ultimate most recent numeric status
=$3d90					N_FSTATUS       = $3d90          ; IEC serial error; Ultimate transport/verification detail
=$3d91					N_FBUSY         = $3d91
=$3d92					N_FPOSITION     = $3d92          ; LE32 byte position, or directory entries consumed
=$3d96					N_FFORMAT       = $3d96          ; 0 D64, 1 D71, 2 D81, 3 Ultimate DOS
=$4e00					N_UPATH         = $4e00          ; 256-byte path mailbox, bank 0, reserved
=$4a00					N_BROWSERPATH   = $4a00          ; ABI 1.5: persistent browser path, 1..255 raw bytes
=$4f00					N_USTATUS       = $4f00          ; last Ultimate status text, at most 31 bytes + NUL
=$3d97					N_DPAGE         = $3d97          ; zero-based directory page, bounded by geometry
=$3d98					N_DNEXT         = $3d98          ; next page ordinal, or $ff at directory end
=$3d99					N_DCOUNT        = $3d99          ; 0 or 8 records returned in N_BUFFER
=$3da0					N_FNAME         = $3da0          ; 16 bytes
=$3dc0					NFILES          = $3dc0          ; private: two 16-byte descriptors
=$3de0					NFCMDS          = $3de0          ; private: two device bytes, two state bytes (0/1/2)
=0					N_OK            = 0
=1					N_BADARG        = 1
=2					N_NOMEM         = 2
=3					N_NOSLOT        = 3
=4					N_BADHANDLE     = 4
=5					N_WRONGOWNER    = 5
=6					N_RANGE         = 6
=7					N_REENTRANT     = 7
=8					N_PLATFORM      = 8
=9					N_CORRUPT       = 9
=$10					N_BADIMAGE      = $10            ; invalid manifest/load address/ABI
=$11					N_IOERROR       = $11            ; IEC or DOS failure (see DOSCODE/IOSTATUS)
=$12					N_SHORTIMAGE    = $12            ; EOF before declared length
=$13					N_LONGIMAGE     = $13            ; declared length reached without EOF
=$14					N_CHECKSUM      = $14            ; image CRC16 does not match
=$15					N_CHANNELS      = $15            ; reserved channels conflict / redirected console
=$16					N_MEXHAUSTED    = $16            ; module generation retired until the next kernel boot
=$6000					N_APPBASE       = $6000          ; bank 0 application executable slot
=$c000					N_APPLIMIT      = $c000          ; exclusive: keep native editor/KERNAL visible
=32					N_APPOWNER      = 32             ; one foreground app in this initial lifecycle
=$1300					N_LOWBASE       = $1300          ; resident kernel section, initialized before heap use
=$1c00					N_LOWLIMIT      = $1c00          ; exclusive; below the BASIC entry stub
=$5000					N_RELOCBASE     = $5000          ; boot-only staging, reusable after relocation
=$4000					N_SERVICEBASE   = $4000          ; resident Ultimate services and mailboxes
=$5000					N_SERVICELIMIT  = $5000
=$3800					NPAGES0         = $3800          ; page -> slot+1, 0 free, $ff reserved
=$3900					NPAGES1         = $3900
=$3c00					NHANDLES        = $3c00          ; 32 records of eight bytes
=32					NSLOTS          = 32
=$50					N_FIRST0        = $50            ; bank 0 $5000..$feff: 175 pages
=$04					N_FIRST1        = $04            ; bank 1 $0400..$feff: 251 pages

;******  Return to file: /var/tmp/arc-scratch/uos-native-graphics-bands/client/display.asm

.6000					app_image:
>6000	4e 41 50 50			        .text "napp"
>6004	01 01 08 00			        .byte 1,1,8,0
>6008	0b 0d				        .word app_end-app_image
>600a	0e 00				        .byte (app_end-app_image+$ff)>>8,0
>600c	20 00				        .word app_entry-app_image
>600e	00 00				        .word 0
>6010	4e 41 54 49 56 45 20 47		        .text "native gfx text",0
>6018	46 58 20 54 45 58 54 00
>6020					        .fill N_APPBASE+32-*,0
.6020					app_entry:
.6020	d8		cld		        cld
.6021	a9 00		lda #$00	        lda #0
.6023	8d b3 61	sta $61b3	        sta phase
.6026	8d b4 61	sta $61b4	        sta error
.6029	8d b6 61	sta $61b6	        sta handle
.602c	8d b5 61	sta $61b5	        sta active
.602f	ad 20 3d	lda $3d20	        lda N_CURRENT
.6032	8d 00 3d	sta $3d00	        sta N_OWNER
.6035	a9 00		lda #$00	        lda #0
.6037	8d 02 3d	sta $3d02	        sta N_BANK
.603a	a9 c0		lda #$c0	        lda #$c0
.603c	8d 03 3d	sta $3d03	        sta N_PAGE
.603f	a9 24		lda #$24	        lda #36
.6041	8d 01 3d	sta $3d01	        sta N_PAGES
.6044	20 35 1c	jsr $1c35	        jsr N_RESERVE
.6047	b0 51		bcs $609a	        bcs failed
.6049	a2 03		ldx #$03	        ldx #3
.604b					save_handle:
.604b	bd 04 3d	lda $3d04,x	        lda N_HANDLE,x
.604e	9d b6 61	sta $61b6,x	        sta handle,x
.6051	ca		dex		        dex
.6052	10 f7		bpl $604b	        bpl save_handle
.6054	a9 00		lda #$00	        lda #0
.6056	8d 08 3d	sta $3d08	        sta N_OFFSET
.6059	8d 09 3d	sta $3d09	        sta N_OFFSET+1
.605c	8d 0a 3d	sta $3d0a	        sta N_COUNT
.605f	a9 02		lda #$02	        lda #2
.6061	8d 0b 3d	sta $3d0b	        sta N_COUNT+1
.6064					fill_next:
.6064	a9 aa		lda #$aa	        lda #$aa
.6066	ae 09 3d	ldx $3d09	        ldx N_OFFSET+1
.6069	e0 20		cpx #$20	        cpx #$20
.606b	90 02		bcc $606f	        bcc fill_value
.606d	a9 e6		lda #$e6	        lda #$e6
.606f					fill_value:
.606f	8d 0c 3d	sta $3d0c	        sta N_VALUE
.6072	20 2c 1c	jsr $1c2c	        jsr N_FILL
.6075	b0 23		bcs $609a	        bcs failed
.6077	ee 09 3d	inc $3d09	        inc N_OFFSET+1
.607a	ee 09 3d	inc $3d09	        inc N_OFFSET+1
.607d	ad 09 3d	lda $3d09	        lda N_OFFSET+1
.6080	c9 24		cmp #$24	        cmp #$24
.6082	d0 e0		bne $6064	        bne fill_next
.6084	20 68 1c	jsr $1c68	        jsr N_VSHOW
.6087	b0 11		bcs $609a	        bcs failed
.6089	20 d0 61	jsr $61d0	        jsr draw_scene
.608c	b0 0c		bcs $609a	        bcs failed
.608e	a9 01		lda #$01	        lda #1
.6090	8d b5 61	sta $61b5	        sta active
.6093	a9 02		lda #$02	        lda #2
.6095	8d b3 61	sta $61b3	        sta phase
.6098	d0 08		bne $60a2	        bne input_loop
.609a					failed:
.609a	8d b4 61	sta $61b4	        sta error
.609d	a9 01		lda #$01	        lda #1
.609f	8d b3 61	sta $61b3	        sta phase
.60a2					input_loop:
.60a2	a9 01		lda #$01	        lda #1
.60a4	8d 12 3d	sta $3d12	        sta N_READY
.60a7	20 3b 1c	jsr $1c3b	        jsr N_KEYIN
.60aa	f0 f6		beq $60a2	        beq input_loop
.60ac	a2 00		ldx #$00	        ldx #0
.60ae	8e 12 3d	stx $3d12	        stx N_READY
.60b1	c9 0d		cmp #$0d	        cmp #13
.60b3	f0 1a		beq $60cf	        beq normal_return
.60b5	c9 46		cmp #$46	        cmp #$46
.60b7	f0 1a		beq $60d3	        beq free_visible
.60b9	c9 49		cmp #$49	        cmp #$49
.60bb	f0 63		beq $6120	        beq read_fixture
.60bd	c9 4d		cmp #$4d	        cmp #$4d
.60bf	f0 38		beq $60f9	        beq replace_missing
.60c1	c9 58		cmp #$58	        cmp #$58
.60c3	f0 38		beq $60fd	        beq replace_text
.60c5	c9 1b		cmp #$1b	        cmp #$1b
.60c7	d0 d9		bne $60a2	        bne input_loop
.60c9	ad b4 61	lda $61b4	        lda error
.60cc	4c 3e 1c	jmp $1c3e	        jmp N_EXIT
.60cf					normal_return:
.60cf	ad b4 61	lda $61b4	        lda error
.60d2	60		rts		        rts
.60d3					free_visible:
.60d3	ad 20 3d	lda $3d20	        lda N_CURRENT
.60d6	8d 00 3d	sta $3d00	        sta N_OWNER
.60d9	a2 03		ldx #$03	        ldx #3
.60db					select_surface:
.60db	bd b6 61	lda $61b6,x	        lda handle,x
.60de	9d 04 3d	sta $3d04,x	        sta N_HANDLE,x
.60e1	ca		dex		        dex
.60e2	10 f7		bpl $60db	        bpl select_surface
.60e4	20 23 1c	jsr $1c23	        jsr N_FREE
.60e7	8d b4 61	sta $61b4	        sta error
.60ea	b0 b6		bcs $60a2	        bcs input_loop
.60ec	a9 00		lda #$00	        lda #0
.60ee	8d b5 61	sta $61b5	        sta active
.60f1	a9 03		lda #$03	        lda #3
.60f3	8d b3 61	sta $61b3	        sta phase
.60f6	4c a2 60	jmp $60a2	        jmp input_loop
.60f9					replace_missing:
.60f9	a2 00		ldx #$00	        ldx #0
.60fb	f0 02		beq $60ff	        beq replace_copy
.60fd					replace_text:
.60fd	a2 07		ldx #$07	        ldx #7
.60ff					replace_copy:
.60ff	a0 00		ldy #$00	        ldy #0
.6101					replace_next:
.6101	bd ba 61	lda $61ba,x	        lda replacements,x
.6104	99 40 3d	sta $3d40,y	        sta N_APPNAME,y
.6107	e8		inx		        inx
.6108	c8		iny		        iny
.6109	c0 07		cpy #$07	        cpy #7
.610b	d0 f4		bne $6101	        bne replace_next
.610d	a9 07		lda #$07	        lda #7
.610f	8d 22 3d	sta $3d22	        sta N_NAMELEN
.6112	ad 2d 3d	lda $3d2d	        lda N_BOOTDEVICE
.6115	8d 21 3d	sta $3d21	        sta N_DEVICE
.6118	a9 00		lda #$00	        lda #0
.611a	8d 2c 3d	sta $3d2c	        sta N_APPFORMAT
.611d	4c 53 1c	jmp $1c53	        jmp N_REPLACE          ; no local display teardown
.6120					read_fixture:
.6120	ad 20 3d	lda $3d20	        lda N_CURRENT
.6123	8d 80 3d	sta $3d80	        sta N_FOWNER
.6126	ad 2d 3d	lda $3d2d	        lda N_BOOTDEVICE
.6129	8d 85 3d	sta $3d85	        sta N_FDEVICE
.612c	a9 00		lda #$00	        lda #0
.612e	8d 87 3d	sta $3d87	        sta N_FMODE
.6131	8d 88 3d	sta $3d88	        sta N_FTYPE
.6134	8d 96 3d	sta $3d96	        sta N_FFORMAT
.6137	a9 08		lda #$08	        lda #8
.6139	8d 86 3d	sta $3d86	        sta N_FNAMELEN
.613c	a2 07		ldx #$07	        ldx #7
.613e					copy_fixture_name:
.613e	bd c8 61	lda $61c8,x	        lda fixture_name,x
.6141	9d a0 3d	sta $3da0,x	        sta N_FNAME,x
.6144	ca		dex		        dex
.6145	10 f7		bpl $613e	        bpl copy_fixture_name
.6147	20 41 1c	jsr $1c41	        jsr N_FOPEN
.614a	b0 5c		bcs $61a8	        bcs fixture_failed
.614c	a9 00		lda #$00	        lda #0
.614e	8d 89 3d	sta $3d89	        sta N_FCOUNT
.6151	a9 02		lda #$02	        lda #2
.6153	8d 8a 3d	sta $3d8a	        sta N_FCOUNT+1
.6156	20 44 1c	jsr $1c44	        jsr N_FREAD
.6159	b0 4d		bcs $61a8	        bcs fixture_failed
.615b	ad 8b 3d	lda $3d8b	        lda N_FACTUAL
.615e	d0 46		bne $61a6	        bne fixture_bad
.6160	ad 8c 3d	lda $3d8c	        lda N_FACTUAL+1
.6163	c9 02		cmp #$02	        cmp #2
.6165	d0 3f		bne $61a6	        bne fixture_bad
.6167	a2 00		ldx #$00	        ldx #0
.6169					check_fixture_block:
.6169	bd 00 3a	lda $3a00,x	        lda N_BUFFER,x
.616c	c9 a5		cmp #$a5	        cmp #$a5
.616e	d0 36		bne $61a6	        bne fixture_bad
.6170	bd 00 3b	lda $3b00,x	        lda N_BUFFER+256,x
.6173	c9 a5		cmp #$a5	        cmp #$a5
.6175	d0 2f		bne $61a6	        bne fixture_bad
.6177	e8		inx		        inx
.6178	d0 ef		bne $6169	        bne check_fixture_block
.617a	20 44 1c	jsr $1c44	        jsr N_FREAD
.617d	b0 29		bcs $61a8	        bcs fixture_failed
.617f	ad 8b 3d	lda $3d8b	        lda N_FACTUAL
.6182	c9 01		cmp #$01	        cmp #1
.6184	d0 20		bne $61a6	        bne fixture_bad
.6186	ad 8c 3d	lda $3d8c	        lda N_FACTUAL+1
.6189	d0 1b		bne $61a6	        bne fixture_bad
.618b	ad 8d 3d	lda $3d8d	        lda N_FEOF
.618e	c9 01		cmp #$01	        cmp #1
.6190	d0 14		bne $61a6	        bne fixture_bad
.6192	ad 00 3a	lda $3a00	        lda N_BUFFER
.6195	c9 a5		cmp #$a5	        cmp #$a5
.6197	d0 0d		bne $61a6	        bne fixture_bad
.6199	20 4a 1c	jsr $1c4a	        jsr N_FCLOSE
.619c	b0 0a		bcs $61a8	        bcs fixture_failed
.619e	a9 05		lda #$05	        lda #5
.61a0	8d b3 61	sta $61b3	        sta phase
.61a3	4c a2 60	jmp $60a2	        jmp input_loop
.61a6					fixture_bad:
.61a6	a9 09		lda #$09	        lda #N_CORRUPT
.61a8					fixture_failed:
.61a8	8d b4 61	sta $61b4	        sta error
.61ab	a9 04		lda #$04	        lda #4
.61ad	8d b3 61	sta $61b3	        sta phase
.61b0	4c a2 60	jmp $60a2	        jmp input_loop
>61b3	00				phase:          .byte 0
>61b4	00				error:          .byte 0
>61b5	00				active:         .byte 0
>61b6	00 00 00 00			handle:         .fill 4,0
>61ba	4d 49 53 53 49 4e 47 54		replacements:   .text "missingtextapp"
>61c2	45 58 54 41 50 50
>61c8	47 52 41 50 48 43 48 4b		fixture_name:   .text "graphchk"

;******  Processing file: /var/tmp/arc-scratch/uos-native-graphics-bands/client/scene.inc

.61d0					draw_scene:
.61d0	20 5e 63	jsr $635e	        jsr gfx_bind
.61d3	b0 50		bcs $6225	        bcs scene_return
.61d5	a9 2b		lda #$2b	        lda #<scene_commands
.61d7	8d 27 62	sta $6227	        sta scene_read+1
.61da	a9 62		lda #$62	        lda #>scene_commands
.61dc	8d 28 62	sta $6228	        sta scene_read+2
.61df	a9 09		lda #$09	        lda #9
.61e1	8d 2a 62	sta $622a	        sta scene_remaining
.61e4					scene_next:
.61e4	a2 07		ldx #$07	        ldx #7
.61e6					scene_copy:
.61e6	20 26 62	jsr $6226	        jsr scene_read
.61e9	9d b1 68	sta $68b1,x	        sta gfx_x0,x
.61ec	ca		dex		        dex
.61ed	10 f7		bpl $61e6	        bpl scene_copy
.61ef	a2 08		ldx #$08	        ldx #8
.61f1	20 26 62	jsr $6226	        jsr scene_read
.61f4	d0 0d		bne $6203	        bne scene_colors
.61f6	e8		inx		        inx
.61f7	20 26 62	jsr $6226	        jsr scene_read
.61fa	8d b9 68	sta $68b9	        sta gfx_pen
.61fd	20 b7 63	jsr $63b7	        jsr gfx_rect
.6200	4c 0d 62	jmp $620d	        jmp scene_result
.6203					scene_colors:
.6203	e8		inx		        inx
.6204	20 26 62	jsr $6226	        jsr scene_read
.6207	8d ba 68	sta $68ba	        sta gfx_color
.620a	20 bd 63	jsr $63bd	        jsr gfx_colors
.620d					scene_result:
.620d	b0 16		bcs $6225	        bcs scene_return
.620f	18		clc		        clc
.6210	ad 27 62	lda $6227	        lda scene_read+1
.6213	69 0a		adc #$0a	        adc #10
.6215	8d 27 62	sta $6227	        sta scene_read+1
.6218	90 03		bcc $621d	        bcc +
.621a	ee 28 62	inc $6228	        inc scene_read+2
.621d	ce 2a 62	dec $622a	+       dec scene_remaining
.6220	d0 c2		bne $61e4	        bne scene_next
.6222	4c 85 62	jmp $6285	        jmp draw_text_scene
.6225					scene_return:
.6225	60		rts		        rts
.6226					scene_read:
.6226	bd 2b 62	lda $622b,x	        lda scene_commands,x
.6229	60		rts		        rts
>622a	00				scene_remaining:.byte 0
.622b					scene_commands:
>622b	fb ff fd ff 45 01 cb 00		        .word $fffb,$fffd,325,203
>6233	00 00				        .byte 0,0
>6235	04 00 04 00 3c 01 c4 00		        .word 4,4,316,196
>623d	00 01				        .byte 0,1
>623f	0c 00 0c 00 34 01 bc 00		        .word 12,12,308,188
>6247	00 00				        .byte 0,0
>6249	12 00 16 00 98 00 4c 00		        .word 18,22,152,76
>6251	00 01				        .byte 0,1
>6253	8c 00 3c 00 4a 01 96 00		        .word 140,60,330,150
>625b	00 02				        .byte 0,2
>625d	00 00 00 00 01 00 01 00		        .word 0,0,1,1
>6265	00 01				        .byte 0,1
>6267	3f 01 c7 00 40 01 c8 00		        .word 319,199,320,200
>626f	00 01				        .byte 0,1
>6271	02 00 02 00 12 00 0a 00		        .word 2,2,18,10
>6279	01 73				        .byte 1,$73
>627b	26 00 17 00 2c 00 1b 00		        .word 38,23,44,27
>6283	01 f0				        .byte 1,$f0

;******  Return to file: /var/tmp/arc-scratch/uos-native-graphics-bands/client/display.asm


;******  Processing file: /var/tmp/arc-scratch/uos-native-graphics-bands/client/text-scene.inc

.6285					draw_text_scene:
.6285	a9 e7		lda #$e7	        lda #<text_commands
.6287	8d e3 62	sta $62e3	        sta text_read+1
.628a	a9 62		lda #$62	        lda #>text_commands
.628c	8d e4 62	sta $62e4	        sta text_read+2
.628f	a9 07		lda #$07	        lda #7
.6291	8d e6 62	sta $62e6	        sta text_remaining
.6294					text_scene_next:
.6294	a2 03		ldx #$03	        ldx #3
.6296					text_scene_coords:
.6296	20 e2 62	jsr $62e2	        jsr text_read
.6299	9d b1 68	sta $68b1,x	        sta gfx_x0,x
.629c	ca		dex		        dex
.629d	10 f7		bpl $6296	        bpl text_scene_coords
.629f	a2 04		ldx #$04	        ldx #4
.62a1	20 e2 62	jsr $62e2	        jsr text_read
.62a4	8d b9 68	sta $68b9	        sta gfx_pen
.62a7	e8		inx		        inx
.62a8	20 e2 62	jsr $62e2	        jsr text_read
.62ab	8d cf 69	sta $69cf	        sta gfx_text_length
.62ae	a9 06		lda #$06	        lda #6
.62b0	20 d5 62	jsr $62d5	        jsr text_advance
.62b3	a2 00		ldx #$00	        ldx #0
.62b5					text_scene_copy:
.62b5	20 e2 62	jsr $62e2	        jsr text_read
.62b8	9d d0 69	sta $69d0,x	        sta gfx_text_buffer,x
.62bb	e8		inx		        inx
.62bc	ec cf 69	cpx $69cf	        cpx gfx_text_length
.62bf	d0 f4		bne $62b5	        bne text_scene_copy
.62c1	20 30 69	jsr $6930	        jsr gfx_text
.62c4	b0 0e		bcs $62d4	        bcs text_scene_done
.62c6	ad cf 69	lda $69cf	        lda gfx_text_length
.62c9	20 d5 62	jsr $62d5	        jsr text_advance
.62cc	ce e6 62	dec $62e6	        dec text_remaining
.62cf	d0 c3		bne $6294	        bne text_scene_next
.62d1	a9 00		lda #$00	        lda #0
.62d3	18		clc		        clc
.62d4					text_scene_done:
.62d4	60		rts		        rts
.62d5					text_advance:
.62d5	18		clc		        clc
.62d6	6d e3 62	adc $62e3	        adc text_read+1
.62d9	8d e3 62	sta $62e3	        sta text_read+1
.62dc	90 03		bcc $62e1	        bcc +
.62de	ee e4 62	inc $62e4	        inc text_read+2
.62e1	60		rts		+       rts
.62e2					text_read:
.62e2	bd e7 62	lda $62e7,x	        lda text_commands,x
.62e5	60		rts		        rts
>62e6	00				text_remaining: .byte 0
.62e7					text_commands:

;******  Processing file: /var/tmp/arc-scratch/uos-native-graphics-bands/client/text-commands.inc

>62e7	14 00 0e 00			        .sint 20,14
>62eb	03 13				        .byte 3,19
>62ed	75 4f 53 20 6e 61 74 69		        .byte 117,79,83,32,110,97,116,105,118,101,32,103,114,97,112,104,105,99,115
>62f5	76 65 20 67 72 61 70 68 69 63 73
>6300	18 00 20 00			        .sint 24,32
>6304	03 07				        .byte 3,7
>6306	75 4f 53 20 31 32 38		        .byte 117,79,83,32,49,50,56
>630d	9a 00 60 00			        .sint 154,96
>6311	03 0b				        .byte 3,11
>6313	4e 61 74 69 76 65 20 74		        .byte 78,97,116,105,118,101,32,116,101,120,116
>631b	65 78 74
>631e	18 00 ae 00			        .sint 24,174
>6322	03 11				        .byte 3,17
>6324	41 53 43 49 49 3a 20 41		        .byte 65,83,67,73,73,58,32,65,97,48,57,32,47,85,115,98,48
>632c	61 30 39 20 2f 55 73 62 30
>6335	fc ff bc 00			        .sint -4,188
>6339	03 0c				        .byte 3,12
>633b	43 6c 69 70 70 65 64 20		        .byte 67,108,105,112,112,101,100,32,108,101,102,116
>6343	6c 65 66 74
>6347	32 01 c0 00			        .sint 306,192
>634b	03 03				        .byte 3,3
>634d	45 4e 44			        .byte 69,78,68
>6350	60 00 fd ff			        .sint 96,-3
>6354	03 08				        .byte 3,8
>6356	54 6f 70 20 63 6c 69 70		        .byte 84,111,112,32,99,108,105,112

;******  Return to file: /var/tmp/arc-scratch/uos-native-graphics-bands/client/text-scene.inc


;******  Return to file: /var/tmp/arc-scratch/uos-native-graphics-bands/client/display.asm


;******  Processing file: /var/tmp/arc-scratch/uos-native-graphics-bands/client/graphics-core.inc

.635e					gfx_bind:
.635e	08		php		        php
.635f	d8		cld		        cld
.6360	20 a8 63	jsr $63a8	        jsr gfx_guard
.6363	b0 36		bcs $639b	        bcs gfx_finish
.6365	a9 00		lda #$00	        lda #0
.6367	8d bc 68	sta $68bc	        sta gfx_bound
.636a	ad 00 3d	lda $3d00	        lda N_OWNER
.636d	8d bd 68	sta $68bd	        sta gfx_owner
.6370	a2 03		ldx #$03	        ldx #3
.6372					gfx_bind_handle:
.6372	bd 04 3d	lda $3d04,x	        lda N_HANDLE,x
.6375	9d be 68	sta $68be,x	        sta gfx_handle,x
.6378	ca		dex		        dex
.6379	10 f7		bpl $6372	        bpl gfx_bind_handle
.637b	a9 ff		lda #$ff	        lda #$ff
.637d	8d 08 3d	sta $3d08	        sta N_OFFSET
.6380	a9 23		lda #$23	        lda #$23
.6382	8d 09 3d	sta $3d09	        sta N_OFFSET+1
.6385	a9 01		lda #$01	        lda #1
.6387	8d 0a 3d	sta $3d0a	        sta N_COUNT
.638a	a9 00		lda #$00	        lda #0
.638c	8d 0b 3d	sta $3d0b	        sta N_COUNT+1
.638f	20 26 1c	jsr $1c26	        jsr N_READ
.6392	b0 07		bcs $639b	        bcs gfx_finish
.6394	a9 01		lda #$01	        lda #1
.6396	8d bc 68	sta $68bc	        sta gfx_bound
.6399	a9 00		lda #$00	        lda #0
.639b					gfx_finish:
.639b	8d bb 68	sta $68bb	        sta gfx_error
.639e	28		plp		        plp
.639f	ad bb 68	lda $68bb	        lda gfx_error
.63a2	f0 02		beq $63a6	        beq gfx_success
.63a4	38		sec		        sec
.63a5	60		rts		        rts
.63a6					gfx_success:
.63a6	18		clc		        clc
.63a7	60		rts		        rts
.63a8					gfx_guard:
.63a8	ad 11 3d	lda $3d11	        lda N_BUSY
.63ab	0d 91 3d	ora $3d91	        ora N_FBUSY
.63ae	0d 3b 3d	ora $3d3b	        ora N_UIBUSY
.63b1	f0 f3		beq $63a6	        beq gfx_success
.63b3	a9 07		lda #$07	        lda #N_REENTRANT
.63b5	38		sec		        sec
.63b6	60		rts		        rts
.63b7					gfx_rect:
.63b7	08		php		        php
.63b8	d8		cld		        cld
.63b9	a9 00		lda #$00	        lda #0
.63bb	f0 72		beq $642f	        beq gfx_begin
.63bd					gfx_colors:
.63bd	08		php		        php
.63be	d8		cld		        cld
.63bf	a9 01		lda #$01	        lda #1
.63c1	d0 6c		bne $642f	        bne gfx_begin
.63c3					gfx_glyph:
.63c3	08		php		        php
.63c4	d8		cld		        cld
.63c5	20 a8 63	jsr $63a8	        jsr gfx_guard
.63c8	b0 12		bcs $63dc	        bcs gfx_glyph_failed
.63ca	ad bc 68	lda $68bc	        lda gfx_bound
.63cd	d0 04		bne $63d3	        bne +
.63cf	a9 04		lda #$04	        lda #N_BADHANDLE
.63d1	d0 09		bne $63dc	        bne gfx_glyph_failed
.63d3	ad b9 68	lda $68b9	+       lda gfx_pen
.63d6	c9 04		cmp #$04	        cmp #4
.63d8	90 05		bcc $63df	        bcc +
.63da	a9 01		lda #$01	        lda #N_BADARG
.63dc					gfx_glyph_failed:
.63dc	4c 9b 63	jmp $639b	        jmp gfx_finish
.63df					+
.63df	a2 00		ldx #$00	        ldx #0
.63e1					gfx_glyph_origin:
.63e1	bd b2 68	lda $68b2,x	        lda gfx_x0+1,x
.63e4	30 11		bmi $63f7	        bmi gfx_glyph_negative
.63e6	dd e7 68	cmp $68e7,x	        cmp gfx_glyph_bounds+1,x
.63e9	90 17		bcc $6402	        bcc gfx_glyph_add
.63eb	d0 3d		bne $642a	        bne gfx_glyph_empty
.63ed	bd b1 68	lda $68b1,x	        lda gfx_x0,x
.63f0	dd e6 68	cmp $68e6,x	        cmp gfx_glyph_bounds,x
.63f3	b0 35		bcs $642a	        bcs gfx_glyph_empty
.63f5	90 0b		bcc $6402	        bcc gfx_glyph_add
.63f7					gfx_glyph_negative:
.63f7	c9 ff		cmp #$ff	        cmp #$ff
.63f9	d0 2f		bne $642a	        bne gfx_glyph_empty
.63fb	bd b1 68	lda $68b1,x	        lda gfx_x0,x
.63fe	c9 f9		cmp #$f9	        cmp #$f9
.6400	90 28		bcc $642a	        bcc gfx_glyph_empty
.6402					gfx_glyph_add:
.6402	18		clc		        clc
.6403	bd b1 68	lda $68b1,x	        lda gfx_x0,x
.6406	69 08		adc #$08	        adc #8
.6408	9d b5 68	sta $68b5,x	        sta gfx_x1,x
.640b	bd b2 68	lda $68b2,x	        lda gfx_x0+1,x
.640e	69 00		adc #$00	        adc #0
.6410	9d b6 68	sta $68b6,x	        sta gfx_x1+1,x
.6413	e8		inx		        inx
.6414	e8		inx		        inx
.6415	e0 04		cpx #$04	        cpx #4
.6417	d0 c8		bne $63e1	        bne gfx_glyph_origin
.6419	ad b1 68	lda $68b1	        lda gfx_x0
.641c	0d b3 68	ora $68b3	        ora gfx_y0
.641f	29 07		and #$07	        and #7
.6421	d0 03		bne $6426	        bne +
.6423	4c e1 67	jmp $67e1	        jmp gfx_aligned_glyph
.6426					+
.6426	a9 02		lda #$02	        lda #2
.6428	d0 05		bne $642f	        bne gfx_begin
.642a					gfx_glyph_empty:
.642a	a9 00		lda #$00	        lda #0
.642c	4c 9b 63	jmp $639b	        jmp gfx_finish
.642f					gfx_begin:
.642f	8d ce 68	sta $68ce	        sta gfx_operation
.6432	20 a8 63	jsr $63a8	        jsr gfx_guard
.6435	90 03		bcc $643a	        bcs gfx_finish
.6437	4c 9b 63	jmp $639b
.643a	ad bc 68	lda $68bc	        lda gfx_bound
.643d	d0 04		bne $6443	        bne +
.643f	a9 04		lda #$04	        lda #N_BADHANDLE
.6441	d0 f4		bne $6437	        bne gfx_finish
.6443	ad ce 68	lda $68ce	+       lda gfx_operation
.6446	c9 01		cmp #$01	        cmp #1
.6448	f0 1d		beq $6467	        beq gfx_color_limits
.644a	c9 02		cmp #$02	        cmp #2
.644c	f0 0b		beq $6459	        beq gfx_pixel_limits
.644e	ad b9 68	lda $68b9	        lda gfx_pen
.6451	c9 03		cmp #$03	        cmp #3
.6453	90 04		bcc $6459	        bcc +
.6455	a9 01		lda #$01	        lda #N_BADARG
.6457	d0 de		bne $6437	        bne gfx_finish
.6459					+
.6459					gfx_pixel_limits:
.6459	a9 40		lda #$40	        lda #64
.645b	8d c2 68	sta $68c2	        sta gfx_limits
.645e	a9 01		lda #$01	        lda #1
.6460	8d c3 68	sta $68c3	        sta gfx_limits+1
.6463	a9 c8		lda #$c8	        lda #200
.6465	d0 0c		bne $6473	        bne gfx_limits_y
.6467					gfx_color_limits:
.6467	a9 28		lda #$28	        lda #40
.6469	8d c2 68	sta $68c2	        sta gfx_limits
.646c	a9 00		lda #$00	        lda #0
.646e	8d c3 68	sta $68c3	        sta gfx_limits+1
.6471	a9 19		lda #$19	        lda #25
.6473					gfx_limits_y:
.6473	8d c4 68	sta $68c4	        sta gfx_limits+2
.6476	a9 00		lda #$00	        lda #0
.6478	8d c5 68	sta $68c5	        sta gfx_limits+3
.647b	a2 00		ldx #$00	        ldx #0
.647d					gfx_clip_next:
.647d	8a		txa		        txa
.647e	29 02		and #$02	        and #2
.6480	a8		tay		        tay
.6481	bd b2 68	lda $68b2,x	        lda gfx_x0+1,x
.6484	30 1a		bmi $64a0	        bmi gfx_clip_zero
.6486	d9 c3 68	cmp $68c3,y	        cmp gfx_limits+1,y
.6489	90 1c		bcc $64a7	        bcc gfx_clip_copy
.648b	d0 08		bne $6495	        bne gfx_clip_limit
.648d	bd b1 68	lda $68b1,x	        lda gfx_x0,x
.6490	d9 c2 68	cmp $68c2,y	        cmp gfx_limits,y
.6493	90 12		bcc $64a7	        bcc gfx_clip_copy
.6495					gfx_clip_limit:
.6495	b9 c2 68	lda $68c2,y	        lda gfx_limits,y
.6498	9d c6 68	sta $68c6,x	        sta gfx_clipped,x
.649b	b9 c3 68	lda $68c3,y	        lda gfx_limits+1,y
.649e	10 10		bpl $64b0	        bpl gfx_clip_high
.64a0					gfx_clip_zero:
.64a0	a9 00		lda #$00	        lda #0
.64a2	9d c6 68	sta $68c6,x	        sta gfx_clipped,x
.64a5	f0 09		beq $64b0	        beq gfx_clip_high
.64a7					gfx_clip_copy:
.64a7	bd b1 68	lda $68b1,x	        lda gfx_x0,x
.64aa	9d c6 68	sta $68c6,x	        sta gfx_clipped,x
.64ad	bd b2 68	lda $68b2,x	        lda gfx_x0+1,x
.64b0					gfx_clip_high:
.64b0	9d c7 68	sta $68c7,x	        sta gfx_clipped+1,x
.64b3	e8		inx		        inx
.64b4	e8		inx		        inx
.64b5	e0 08		cpx #$08	        cpx #8
.64b7	d0 c4		bne $647d	        bne gfx_clip_next
.64b9	ad c7 68	lda $68c7	        lda gfx_clipped+1
.64bc	cd cb 68	cmp $68cb	        cmp gfx_clipped+5
.64bf	90 0a		bcc $64cb	        bcc gfx_nonempty_x
.64c1	d0 1d		bne $64e0	        bne gfx_empty
.64c3	ad c6 68	lda $68c6	        lda gfx_clipped
.64c6	cd ca 68	cmp $68ca	        cmp gfx_clipped+4
.64c9	b0 15		bcs $64e0	        bcs gfx_empty
.64cb					gfx_nonempty_x:
.64cb	ad c8 68	lda $68c8	        lda gfx_clipped+2
.64ce	cd cc 68	cmp $68cc	        cmp gfx_clipped+6
.64d1	b0 0d		bcs $64e0	        bcs gfx_empty
.64d3	8d cf 68	sta $68cf	        sta gfx_y
.64d6	ad ce 68	lda $68ce	        lda gfx_operation
.64d9	c9 01		cmp #$01	        cmp #1
.64db	f0 08		beq $64e5	        beq gfx_color_rows
.64dd	4c 41 65	jmp $6541	        jmp gfx_bitmap_setup
.64e0					gfx_empty:
.64e0	a9 00		lda #$00	        lda #0
.64e2	4c 9b 63	jmp $639b	        jmp gfx_finish
.64e5					gfx_color_rows:
.64e5	a9 00		lda #$00	        lda #0
.64e7	8d d0 68	sta $68d0	        sta gfx_offset
.64ea	a9 20		lda #$20	        lda #$20
.64ec	8d d1 68	sta $68d1	        sta gfx_offset+1
.64ef	ae cf 68	ldx $68cf	        ldx gfx_y
.64f2	f0 11		beq $6505	        beq gfx_color_x
.64f4					gfx_color_multiply:
.64f4	18		clc		        clc
.64f5	ad d0 68	lda $68d0	        lda gfx_offset
.64f8	69 28		adc #$28	        adc #40
.64fa	8d d0 68	sta $68d0	        sta gfx_offset
.64fd	90 03		bcc $6502	        bcc +
.64ff	ee d1 68	inc $68d1	        inc gfx_offset+1
.6502	ca		dex		+       dex
.6503	d0 ef		bne $64f4	        bne gfx_color_multiply
.6505					gfx_color_x:
.6505	18		clc		        clc
.6506	ad d0 68	lda $68d0	        lda gfx_offset
.6509	6d c6 68	adc $68c6	        adc gfx_clipped
.650c	8d d0 68	sta $68d0	        sta gfx_offset
.650f	90 03		bcc $6514	        bcc +
.6511	ee d1 68	inc $68d1	        inc gfx_offset+1
.6514	38		sec		+       sec
.6515	ad ca 68	lda $68ca	        lda gfx_clipped+4
.6518	ed c6 68	sbc $68c6	        sbc gfx_clipped
.651b	8d d2 68	sta $68d2	        sta gfx_span
.651e	a9 00		lda #$00	        lda #0
.6520	8d d3 68	sta $68d3	        sta gfx_span+1
.6523	20 87 68	jsr $6887	        jsr gfx_select
.6526	ad ba 68	lda $68ba	        lda gfx_color
.6529	8d 0c 3d	sta $3d0c	        sta N_VALUE
.652c	20 2c 1c	jsr $1c2c	        jsr N_FILL
.652f	b0 0d		bcs $653e	        bcs gfx_failed
.6531	ee cf 68	inc $68cf	        inc gfx_y
.6534	ad cf 68	lda $68cf	        lda gfx_y
.6537	cd cc 68	cmp $68cc	        cmp gfx_clipped+6
.653a	d0 a9		bne $64e5	        bne gfx_color_rows
.653c	f0 a2		beq $64e0	        beq gfx_empty
.653e					gfx_failed:
.653e	4c 9b 63	jmp $639b	        jmp gfx_finish
.6541					gfx_bitmap_setup:
.6541	a9 00		lda #$00	        lda #0
.6543	8d ea 68	sta $68ea	        sta gfx_band_allowed
.6546	ad ce 68	lda $68ce	        lda gfx_operation
.6549	d0 03		bne $654e	        bne +
.654b	ee ea 68	inc $68ea	        inc gfx_band_allowed
.654e					+
.654e	ad c6 68	lda $68c6	        lda gfx_clipped
.6551	29 07		and #$07	        and #7
.6553	aa		tax		        tax
.6554	bd ee 68	lda $68ee,x	        lda gfx_left_masks,x
.6557	8d d7 68	sta $68d7	        sta gfx_left
.655a	ad ca 68	lda $68ca	        lda gfx_clipped+4
.655d	29 07		and #$07	        and #7
.655f	aa		tax		        tax
.6560	bd f6 68	lda $68f6,x	        lda gfx_right_masks,x
.6563	8d d8 68	sta $68d8	        sta gfx_right
.6566	38		sec		        sec
.6567	ad ca 68	lda $68ca	        lda gfx_clipped+4
.656a	e9 01		sbc #$01	        sbc #1
.656c	8d d2 68	sta $68d2	        sta gfx_span
.656f	ad cb 68	lda $68cb	        lda gfx_clipped+5
.6572	e9 00		sbc #$00	        sbc #0
.6574	8d d3 68	sta $68d3	        sta gfx_span+1
.6577	ad d2 68	lda $68d2	        lda gfx_span
.657a	29 f8		and #$f8	        and #$f8
.657c	8d d2 68	sta $68d2	        sta gfx_span
.657f	ad c6 68	lda $68c6	        lda gfx_clipped
.6582	29 f8		and #$f8	        and #$f8
.6584	8d d4 68	sta $68d4	        sta gfx_xbyte
.6587	38		sec		        sec
.6588	ad d2 68	lda $68d2	        lda gfx_span
.658b	ed d4 68	sbc $68d4	        sbc gfx_xbyte
.658e	8d d2 68	sta $68d2	        sta gfx_span
.6591	ad d3 68	lda $68d3	        lda gfx_span+1
.6594	ed c7 68	sbc $68c7	        sbc gfx_clipped+1
.6597	8d d3 68	sta $68d3	        sta gfx_span+1
.659a	ad d3 68	lda $68d3	        lda gfx_span+1
.659d	4a		lsr a		        lsr
.659e	ad d2 68	lda $68d2	        lda gfx_span
.65a1	6a		ror a		        ror
.65a2	4a		lsr a		        lsr
.65a3	4a		lsr a		        lsr
.65a4	18		clc		        clc
.65a5	69 01		adc #$01	        adc #1
.65a7	8d d5 68	sta $68d5	        sta gfx_columns
.65aa	ee d2 68	inc $68d2	        inc gfx_span
.65ad					gfx_bitmap_row:
.65ad	ad cf 68	lda $68cf	        lda gfx_y
.65b0	29 f8		and #$f8	        and #$f8
.65b2	4a		lsr a		        lsr
.65b3	4a		lsr a		        lsr
.65b4	a8		tay		        tay
.65b5	18		clc		        clc
.65b6	b9 fe 68	lda $68fe,y	        lda gfx_rows,y
.65b9	6d d4 68	adc $68d4	        adc gfx_xbyte
.65bc	8d d0 68	sta $68d0	        sta gfx_offset
.65bf	b9 ff 68	lda $68ff,y	        lda gfx_rows+1,y
.65c2	6d c7 68	adc $68c7	        adc gfx_clipped+1
.65c5	8d d1 68	sta $68d1	        sta gfx_offset+1
.65c8	ad cf 68	lda $68cf	        lda gfx_y
.65cb	29 07		and #$07	        and #7
.65cd	18		clc		        clc
.65ce	6d d0 68	adc $68d0	        adc gfx_offset
.65d1	8d d0 68	sta $68d0	        sta gfx_offset
.65d4	90 03		bcc $65d9	        bcc +
.65d6	ee d1 68	inc $68d1	        inc gfx_offset+1
.65d9	ad ea 68	lda $68ea	+       lda gfx_band_allowed
.65dc	f0 15		beq $65f3	        beq gfx_read_row
.65de	ad cf 68	lda $68cf	        lda gfx_y
.65e1	29 07		and #$07	        and #7
.65e3	d0 0e		bne $65f3	        bne gfx_read_row
.65e5	38		sec		        sec
.65e6	ad cc 68	lda $68cc	        lda gfx_clipped+6
.65e9	ed cf 68	sbc $68cf	        sbc gfx_y
.65ec	c9 08		cmp #$08	        cmp #8
.65ee	90 03		bcc $65f3	        bcc gfx_read_row
.65f0	4c c8 66	jmp $66c8	        jmp gfx_band
.65f3					gfx_read_row:
.65f3	20 87 68	jsr $6887	        jsr gfx_select
.65f6	20 26 1c	jsr $1c26	        jsr N_READ
.65f9	90 03		bcc $65fe	        bcs gfx_failed
.65fb	4c 3e 65	jmp $653e
.65fe	ad ce 68	lda $68ce	        lda gfx_operation
.6601	c9 02		cmp #$02	        cmp #2
.6603	d0 03		bne $6608	        bne gfx_bitmap_loaded
.6605	20 57 68	jsr $6857	        jsr gfx_glyph_row
.6608					gfx_bitmap_loaded:
.6608	a9 3a		lda #$3a	        lda #>N_BUFFER
.660a	8d 59 66	sta $6659	        sta gfx_load+2
.660d	8d 94 66	sta $6694	        sta gfx_store+2
.6610	ad d5 68	lda $68d5	        lda gfx_columns
.6613	8d d6 68	sta $68d6	        sta gfx_remaining
.6616	a2 00		ldx #$00	        ldx #0
.6618					gfx_column:
.6618	a9 ff		lda #$ff	        lda #$ff
.661a	e0 00		cpx #$00	        cpx #0
.661c	d0 0b		bne $6629	        bne gfx_mask_last
.661e	ac d6 68	ldy $68d6	        ldy gfx_remaining
.6621	cc d5 68	cpy $68d5	        cpy gfx_columns
.6624	d0 03		bne $6629	        bne gfx_mask_last
.6626	ad d7 68	lda $68d7	        lda gfx_left
.6629					gfx_mask_last:
.6629	ac d6 68	ldy $68d6	        ldy gfx_remaining
.662c	c0 01		cpy #$01	        cpy #1
.662e	d0 03		bne $6633	        bne +
.6630	2d d8 68	and $68d8	        and gfx_right
.6633	8d d9 68	sta $68d9	+       sta gfx_mask
.6636	8d db 68	sta $68db	        sta gfx_cover
.6639	ad ce 68	lda $68ce	        lda gfx_operation
.663c	c9 02		cmp #$02	        cmp #2
.663e	d0 17		bne $6657	        bne gfx_load
.6640	ad d6 68	lda $68d6	        lda gfx_remaining
.6643	cd d5 68	cmp $68d5	        cmp gfx_columns
.6646	f0 06		beq $664e	        beq gfx_glyph_first
.6648	ad dd 68	lda $68dd	        lda gfx_second
.664b	4c 51 66	jmp $6651	        jmp gfx_glyph_ink
.664e					gfx_glyph_first:
.664e	ad dc 68	lda $68dc	        lda gfx_first
.6651					gfx_glyph_ink:
.6651	2d d9 68	and $68d9	        and gfx_mask
.6654	8d d9 68	sta $68d9	        sta gfx_mask
.6657					gfx_load:
.6657	bd 00 3a	lda $3a00,x	        lda N_BUFFER,x
.665a	8d da 68	sta $68da	        sta gfx_old
.665d	ad b9 68	lda $68b9	        lda gfx_pen
.6660	f0 11		beq $6673	        beq gfx_clear
.6662	c9 01		cmp #$01	        cmp #1
.6664	f0 18		beq $667e	        beq gfx_set
.6666	c9 03		cmp #$03	        cmp #3
.6668	f0 1d		beq $6687	        beq gfx_copy
.666a	ad da 68	lda $68da	        lda gfx_old
.666d	4d d9 68	eor $68d9	        eor gfx_mask
.6670	4c 92 66	jmp $6692	        jmp gfx_store
.6673					gfx_clear:
.6673	ad d9 68	lda $68d9	        lda gfx_mask
.6676	49 ff		eor #$ff	        eor #$ff
.6678	2d da 68	and $68da	        and gfx_old
.667b	4c 92 66	jmp $6692	        jmp gfx_store
.667e					gfx_set:
.667e	ad da 68	lda $68da	        lda gfx_old
.6681	0d d9 68	ora $68d9	        ora gfx_mask
.6684	4c 92 66	jmp $6692	        jmp gfx_store
.6687					gfx_copy:
.6687	ad db 68	lda $68db	        lda gfx_cover
.668a	49 ff		eor #$ff	        eor #$ff
.668c	2d da 68	and $68da	        and gfx_old
.668f	0d d9 68	ora $68d9	        ora gfx_mask
.6692					gfx_store:
.6692	9d 00 3a	sta $3a00,x	        sta N_BUFFER,x
.6695	ce d6 68	dec $68d6	        dec gfx_remaining
.6698	f0 12		beq $66ac	        beq gfx_write_row
.669a	8a		txa		        txa
.669b	18		clc		        clc
.669c	69 08		adc #$08	        adc #8
.669e	aa		tax		        tax
.669f	b0 03		bcs $66a4	        bcc gfx_column
.66a1	4c 18 66	jmp $6618
.66a4	ee 59 66	inc $6659	        inc gfx_load+2
.66a7	ee 94 66	inc $6694	        inc gfx_store+2
.66aa	d0 f5		bne $66a1	        bne gfx_column
.66ac					gfx_write_row:
.66ac	20 87 68	jsr $6887	        jsr gfx_select
.66af	20 29 1c	jsr $1c29	        jsr N_WRITE
.66b2	90 03		bcc $66b7	        bcs gfx_failed
.66b4	4c 3e 65	jmp $653e
.66b7	ee cf 68	inc $68cf	        inc gfx_y
.66ba	ad cf 68	lda $68cf	        lda gfx_y
.66bd	cd cc 68	cmp $68cc	        cmp gfx_clipped+6
.66c0	f0 03		beq $66c5	        bne gfx_bitmap_row
.66c2	4c ad 65	jmp $65ad
.66c5	4c e0 64	jmp $64e0	        jmp gfx_empty
.66c8					gfx_band:
.66c8	20 46 67	jsr $6746	        jsr gfx_band_select
.66cb	ad d7 68	lda $68d7	        lda gfx_left
.66ce	2d d8 68	and $68d8	        and gfx_right
.66d1	c9 ff		cmp #$ff	        cmp #$ff
.66d3	f0 03		beq $66d8	        bne gfx_band_masked
.66d5	4c 61 67	jmp $6761
.66d8	ad b9 68	lda $68b9	        lda gfx_pen
.66db	c9 02		cmp #$02	        cmp #2
.66dd	f0 13		beq $66f2	        beq gfx_band_xor
.66df	aa		tax		        tax
.66e0	a9 00		lda #$00	        lda #0
.66e2	e0 00		cpx #$00	        cpx #0
.66e4	f0 02		beq $66e8	        beq +
.66e6	a9 ff		lda #$ff	        lda #$ff
.66e8	8d 0c 3d	sta $3d0c	+       sta N_VALUE
.66eb	20 2c 1c	jsr $1c2c	        jsr N_FILL
.66ee	b0 53		bcs $6743	        bcs gfx_band_failed
.66f0	90 3d		bcc $672f	        bcc gfx_band_next
.66f2					gfx_band_xor:
.66f2	20 26 1c	jsr $1c26	        jsr N_READ
.66f5	b0 4c		bcs $6743	        bcs gfx_band_failed
.66f7	a9 3a		lda #$3a	        lda #>N_BUFFER
.66f9	8d 03 67	sta $6703	        sta gfx_xor_load+2
.66fc	8d 08 67	sta $6708	        sta gfx_xor_store+2
.66ff	a2 00		ldx #$00	        ldx #0
.6701					gfx_xor_load:
.6701	bd 00 3a	lda $3a00,x	        lda N_BUFFER,x
.6704	49 ff		eor #$ff	        eor #$ff
.6706					gfx_xor_store:
.6706	9d 00 3a	sta $3a00,x	        sta N_BUFFER,x
.6709	ad eb 68	lda $68eb	        lda gfx_band_left
.670c	d0 03		bne $6711	        bne +
.670e	ce ec 68	dec $68ec	        dec gfx_band_left+1
.6711	ce eb 68	dec $68eb	+       dec gfx_band_left
.6714	ad eb 68	lda $68eb	        lda gfx_band_left
.6717	0d ec 68	ora $68ec	        ora gfx_band_left+1
.671a	f0 0b		beq $6727	        beq gfx_band_write
.671c	e8		inx		        inx
.671d	d0 e2		bne $6701	        bne gfx_xor_load
.671f	ee 03 67	inc $6703	        inc gfx_xor_load+2
.6722	ee 08 67	inc $6708	        inc gfx_xor_store+2
.6725	d0 da		bne $6701	        bne gfx_xor_load
.6727					gfx_band_write:
.6727	20 46 67	jsr $6746	        jsr gfx_band_select
.672a	20 29 1c	jsr $1c29	        jsr N_WRITE
.672d	b0 14		bcs $6743	        bcs gfx_band_failed
.672f					gfx_band_next:
.672f	18		clc		        clc
.6730	ad cf 68	lda $68cf	        lda gfx_y
.6733	69 08		adc #$08	        adc #8
.6735	8d cf 68	sta $68cf	        sta gfx_y
.6738	cd cc 68	cmp $68cc	        cmp gfx_clipped+6
.673b	f0 03		beq $6740	        beq gfx_band_done
.673d	4c ad 65	jmp $65ad	        jmp gfx_bitmap_row
.6740					gfx_band_done:
.6740	4c e0 64	jmp $64e0	        jmp gfx_empty
.6743					gfx_band_failed:
.6743	4c 9b 63	jmp $639b	        jmp gfx_finish
.6746					gfx_band_select:
.6746	20 87 68	jsr $6887	        jsr gfx_select
.6749	18		clc		        clc
.674a	ad 0a 3d	lda $3d0a	        lda N_COUNT
.674d	69 07		adc #$07	        adc #7
.674f	8d 0a 3d	sta $3d0a	        sta N_COUNT
.6752	8d eb 68	sta $68eb	        sta gfx_band_left
.6755	ad 0b 3d	lda $3d0b	        lda N_COUNT+1
.6758	69 00		adc #$00	        adc #0
.675a	8d 0b 3d	sta $3d0b	        sta N_COUNT+1
.675d	8d ec 68	sta $68ec	        sta gfx_band_left+1
.6760	60		rts		        rts
.6761					gfx_band_masked:
.6761	20 26 1c	jsr $1c26	        jsr N_READ
.6764	b0 dd		bcs $6743	        bcs gfx_band_failed
.6766	a9 3a		lda #$3a	        lda #>N_BUFFER
.6768	8d 96 67	sta $6796	        sta gfx_band_load+2
.676b	8d bf 67	sta $67bf	        sta gfx_band_store+2
.676e	a9 08		lda #$08	        lda #8
.6770	8d ed 68	sta $68ed	        sta gfx_band_first
.6773	a2 00		ldx #$00	        ldx #0
.6775					gfx_band_pixel:
.6775	a9 ff		lda #$ff	        lda #$ff
.6777	ac ed 68	ldy $68ed	        ldy gfx_band_first
.677a	f0 06		beq $6782	        beq +
.677c	ce ed 68	dec $68ed	        dec gfx_band_first
.677f	ad d7 68	lda $68d7	        lda gfx_left
.6782	ac ec 68	ldy $68ec	+       ldy gfx_band_left+1
.6785	d0 0a		bne $6791	        bne gfx_band_mask_ready
.6787	ac eb 68	ldy $68eb	        ldy gfx_band_left
.678a	c0 09		cpy #$09	        cpy #9
.678c	b0 03		bcs $6791	        bcs gfx_band_mask_ready
.678e	2d d8 68	and $68d8	        and gfx_right
.6791					gfx_band_mask_ready:
.6791	8d d9 68	sta $68d9	        sta gfx_mask
.6794					gfx_band_load:
.6794	bd 00 3a	lda $3a00,x	        lda N_BUFFER,x
.6797	8d da 68	sta $68da	        sta gfx_old
.679a	ad b9 68	lda $68b9	        lda gfx_pen
.679d	f0 0d		beq $67ac	        beq gfx_band_clear
.679f	c9 01		cmp #$01	        cmp #1
.67a1	f0 14		beq $67b7	        beq gfx_band_set
.67a3	ad da 68	lda $68da	        lda gfx_old
.67a6	4d d9 68	eor $68d9	        eor gfx_mask
.67a9	4c bd 67	jmp $67bd	        jmp gfx_band_store
.67ac					gfx_band_clear:
.67ac	ad d9 68	lda $68d9	        lda gfx_mask
.67af	49 ff		eor #$ff	        eor #$ff
.67b1	2d da 68	and $68da	        and gfx_old
.67b4	4c bd 67	jmp $67bd	        jmp gfx_band_store
.67b7					gfx_band_set:
.67b7	ad da 68	lda $68da	        lda gfx_old
.67ba	0d d9 68	ora $68d9	        ora gfx_mask
.67bd					gfx_band_store:
.67bd	9d 00 3a	sta $3a00,x	        sta N_BUFFER,x
.67c0	ad eb 68	lda $68eb	        lda gfx_band_left
.67c3	d0 03		bne $67c8	        bne +
.67c5	ce ec 68	dec $68ec	        dec gfx_band_left+1
.67c8	ce eb 68	dec $68eb	+       dec gfx_band_left
.67cb	ad eb 68	lda $68eb	        lda gfx_band_left
.67ce	0d ec 68	ora $68ec	        ora gfx_band_left+1
.67d1	d0 03		bne $67d6	        beq gfx_band_write
.67d3	4c 27 67	jmp $6727
.67d6	e8		inx		        inx
.67d7	d0 9c		bne $6775	        bne gfx_band_pixel
.67d9	ee 96 67	inc $6796	        inc gfx_band_load+2
.67dc	ee bf 67	inc $67bf	        inc gfx_band_store+2
.67df	d0 94		bne $6775	        bne gfx_band_pixel
.67e1					gfx_aligned_glyph:
.67e1	ad b3 68	lda $68b3	        lda gfx_y0
.67e4	4a		lsr a		        lsr
.67e5	4a		lsr a		        lsr
.67e6	a8		tay		        tay
.67e7	18		clc		        clc
.67e8	b9 fe 68	lda $68fe,y	        lda gfx_rows,y
.67eb	6d b1 68	adc $68b1	        adc gfx_x0
.67ee	8d d0 68	sta $68d0	        sta gfx_offset
.67f1	b9 ff 68	lda $68ff,y	        lda gfx_rows+1,y
.67f4	6d b2 68	adc $68b2	        adc gfx_x0+1
.67f7	8d d1 68	sta $68d1	        sta gfx_offset+1
.67fa	a9 08		lda #$08	        lda #8
.67fc	8d d2 68	sta $68d2	        sta gfx_span
.67ff	a9 00		lda #$00	        lda #0
.6801	8d d3 68	sta $68d3	        sta gfx_span+1
.6804	20 87 68	jsr $6887	        jsr gfx_select
.6807	ad b9 68	lda $68b9	        lda gfx_pen
.680a	c9 03		cmp #$03	        cmp #3
.680c	f0 35		beq $6843	        beq gfx_aligned_copy
.680e	20 26 1c	jsr $1c26	        jsr N_READ
.6811	90 03		bcc $6816	        bcs gfx_band_failed
.6813	4c 43 67	jmp $6743
.6816	a2 07		ldx #$07	        ldx #7
.6818					gfx_aligned_ink:
.6818	ad b9 68	lda $68b9	        lda gfx_pen
.681b	f0 0d		beq $682a	        beq gfx_aligned_clear
.681d	c9 01		cmp #$01	        cmp #1
.681f	f0 14		beq $6835	        beq gfx_aligned_set
.6821	bd 00 3a	lda $3a00,x	        lda N_BUFFER,x
.6824	5d de 68	eor $68de,x	        eor gfx_bits,x
.6827	4c 3b 68	jmp $683b	        jmp gfx_aligned_store
.682a					gfx_aligned_clear:
.682a	bd de 68	lda $68de,x	        lda gfx_bits,x
.682d	49 ff		eor #$ff	        eor #$ff
.682f	3d 00 3a	and $3a00,x	        and N_BUFFER,x
.6832	4c 3b 68	jmp $683b	        jmp gfx_aligned_store
.6835					gfx_aligned_set:
.6835	bd 00 3a	lda $3a00,x	        lda N_BUFFER,x
.6838	1d de 68	ora $68de,x	        ora gfx_bits,x
.683b					gfx_aligned_store:
.683b	9d 00 3a	sta $3a00,x	        sta N_BUFFER,x
.683e	ca		dex		        dex
.683f	10 d7		bpl $6818	        bpl gfx_aligned_ink
.6841	30 0b		bmi $684e	        bmi gfx_aligned_write
.6843					gfx_aligned_copy:
.6843	a2 07		ldx #$07	        ldx #7
.6845					gfx_aligned_copy_next:
.6845	bd de 68	lda $68de,x	        lda gfx_bits,x
.6848	9d 00 3a	sta $3a00,x	        sta N_BUFFER,x
.684b	ca		dex		        dex
.684c	10 f7		bpl $6845	        bpl gfx_aligned_copy_next
.684e					gfx_aligned_write:
.684e	20 87 68	jsr $6887	        jsr gfx_select
.6851	20 29 1c	jsr $1c29	        jsr N_WRITE
.6854	4c 9b 63	jmp $639b	        jmp gfx_finish
.6857					gfx_glyph_row:
.6857	38		sec		        sec
.6858	ad cf 68	lda $68cf	        lda gfx_y
.685b	ed b3 68	sbc $68b3	        sbc gfx_y0
.685e	a8		tay		        tay
.685f	b9 de 68	lda $68de,y	        lda gfx_bits,y
.6862	8d dc 68	sta $68dc	        sta gfx_first
.6865	a9 00		lda #$00	        lda #0
.6867	8d dd 68	sta $68dd	        sta gfx_second
.686a	ad b1 68	lda $68b1	        lda gfx_x0
.686d	29 07		and #$07	        and #7
.686f	a8		tay		        tay
.6870	f0 09		beq $687b	        beq gfx_glyph_shifted
.6872					gfx_glyph_shift:
.6872	4e dc 68	lsr $68dc	        lsr gfx_first
.6875	6e dd 68	ror $68dd	        ror gfx_second
.6878	88		dey		        dey
.6879	d0 f7		bne $6872	        bne gfx_glyph_shift
.687b					gfx_glyph_shifted:
.687b	ad b2 68	lda $68b2	        lda gfx_x0+1
.687e	10 06		bpl $6886	        bpl +
.6880	ad dd 68	lda $68dd	        lda gfx_second
.6883	8d dc 68	sta $68dc	        sta gfx_first
.6886	60		rts		+       rts
.6887					gfx_select:
.6887	ad bd 68	lda $68bd	        lda gfx_owner
.688a	8d 00 3d	sta $3d00	        sta N_OWNER
.688d	a2 03		ldx #$03	        ldx #3
.688f					gfx_restore_handle:
.688f	bd be 68	lda $68be,x	        lda gfx_handle,x
.6892	9d 04 3d	sta $3d04,x	        sta N_HANDLE,x
.6895	ca		dex		        dex
.6896	10 f7		bpl $688f	        bpl gfx_restore_handle
.6898	ad d0 68	lda $68d0	        lda gfx_offset
.689b	8d 08 3d	sta $3d08	        sta N_OFFSET
.689e	ad d1 68	lda $68d1	        lda gfx_offset+1
.68a1	8d 09 3d	sta $3d09	        sta N_OFFSET+1
.68a4	ad d2 68	lda $68d2	        lda gfx_span
.68a7	8d 0a 3d	sta $3d0a	        sta N_COUNT
.68aa	ad d3 68	lda $68d3	        lda gfx_span+1
.68ad	8d 0b 3d	sta $3d0b	        sta N_COUNT+1
.68b0	60		rts		        rts
>68b1	00 00				gfx_x0:         .word 0
>68b3	00 00				gfx_y0:         .word 0
>68b5	00 00				gfx_x1:         .word 0
>68b7	00 00				gfx_y1:         .word 0
>68b9	01				gfx_pen:        .byte 1
>68ba	e6				gfx_color:      .byte $e6
>68bb	00				gfx_error:      .byte 0
>68bc	00				gfx_bound:      .byte 0
>68bd	00				gfx_owner:      .byte 0
>68be	00 00 00 00			gfx_handle:     .fill 4,0
>68c2	00 00 00 00			gfx_limits:     .fill 4,0
>68c6	00 00 00 00 00 00 00 00		gfx_clipped:    .fill 8,0
>68ce	00				gfx_operation:  .byte 0
>68cf	00				gfx_y:          .byte 0
>68d0	00 00				gfx_offset:     .word 0
>68d2	00 00				gfx_span:       .word 0
>68d4	00				gfx_xbyte:      .byte 0
>68d5	00				gfx_columns:    .byte 0
>68d6	00				gfx_remaining:  .byte 0
>68d7	00				gfx_left:       .byte 0
>68d8	00				gfx_right:      .byte 0
>68d9	00				gfx_mask:       .byte 0
>68da	00				gfx_old:        .byte 0
>68db	00				gfx_cover:      .byte 0
>68dc	00				gfx_first:      .byte 0
>68dd	00				gfx_second:     .byte 0
>68de	00 00 00 00 00 00 00 00		gfx_bits:       .fill 8,0
>68e6	40 01 c8 00			gfx_glyph_bounds:.word 320,200
>68ea	00				gfx_band_allowed:.byte 0
>68eb	00 00				gfx_band_left:  .word 0
>68ed	00				gfx_band_first: .byte 0
>68ee	ff 7f 3f 1f 0f 07 03 01		gfx_left_masks: .byte $ff,$7f,$3f,$1f,$0f,$07,$03,$01
>68f6	ff 80 c0 e0 f0 f8 fc fe		gfx_right_masks:.byte $ff,$80,$c0,$e0,$f0,$f8,$fc,$fe
.68fe					gfx_rows:
>68fe	00 00 40 01 80 02 c0 03		        .word $0000,$0140,$0280,$03c0,$0500,$0640,$0780,$08c0
>6906	00 05 40 06 80 07 c0 08
>690e	00 0a 40 0b 80 0c c0 0d		        .word $0a00,$0b40,$0c80,$0dc0,$0f00,$1040,$1180,$12c0
>6916	00 0f 40 10 80 11 c0 12
>691e	00 14 40 15 80 16 c0 17		        .word $1400,$1540,$1680,$17c0,$1900,$1a40,$1b80,$1cc0,$1e00
>6926	00 19 40 1a 80 1b c0 1c 00 1e
.6930					gfx_end:

;******  Return to file: /var/tmp/arc-scratch/uos-native-graphics-bands/client/display.asm


;******  Processing file: /var/tmp/arc-scratch/uos-native-graphics-bands/client/text-core.inc

.6930					gfx_text:
.6930	08		php		        php
.6931	d8		cld		        cld
.6932	20 a8 63	jsr $63a8	        jsr gfx_guard
.6935	b0 19		bcs $6950	        bcs gfx_text_failed
.6937	ad bc 68	lda $68bc	        lda gfx_bound
.693a	d0 04		bne $6940	        bne +
.693c	a9 04		lda #$04	        lda #N_BADHANDLE
.693e	d0 10		bne $6950	        bne gfx_text_failed
.6940	ad b9 68	lda $68b9	+       lda gfx_pen
.6943	c9 04		cmp #$04	        cmp #4
.6945	b0 07		bcs $694e	        bcs gfx_text_badarg
.6947	ad cf 69	lda $69cf	        lda gfx_text_length
.694a	c9 41		cmp #$41	        cmp #65
.694c	90 05		bcc $6953	        bcc +
.694e					gfx_text_badarg:
.694e	a9 01		lda #$01	        lda #N_BADARG
.6950					gfx_text_failed:
.6950	4c 9b 63	jmp $639b	        jmp gfx_finish
.6953	8d 10 6a	sta $6a10	+       sta gfx_text_left
.6956	a9 00		lda #$00	        lda #0
.6958	8d 11 6a	sta $6a11	        sta gfx_text_index
.695b	ad 10 6a	lda $6a10	        lda gfx_text_left
.695e	f0 6a		beq $69ca	        beq gfx_text_done
.6960					gfx_text_next:
.6960	ae 11 6a	ldx $6a11	        ldx gfx_text_index
.6963	bd d0 69	lda $69d0,x	        lda gfx_text_buffer,x
.6966	c9 20		cmp #$20	        cmp #32
.6968	90 04		bcc $696e	        bcc gfx_text_unknown
.696a	c9 7f		cmp #$7f	        cmp #127
.696c	90 02		bcc $6970	        bcc gfx_text_code
.696e					gfx_text_unknown:
.696e	a9 3f		lda #$3f	        lda #63
.6970					gfx_text_code:
.6970	38		sec		        sec
.6971	e9 20		sbc #$20	        sbc #32
.6973	a2 00		ldx #$00	        ldx #0
.6975	8e 12 6a	stx $6a12	        stx gfx_text_high
.6978	0a		asl a		        asl
.6979	2e 12 6a	rol $6a12	        rol gfx_text_high
.697c	0a		asl a		        asl
.697d	2e 12 6a	rol $6a12	        rol gfx_text_high
.6980	0a		asl a		        asl
.6981	2e 12 6a	rol $6a12	        rol gfx_text_high
.6984	18		clc		        clc
.6985	69 13		adc #$13	        adc #<gfx_font
.6987	8d 95 69	sta $6995	        sta gfx_text_load+1
.698a	ad 12 6a	lda $6a12	        lda gfx_text_high
.698d	69 6a		adc #$6a	        adc #>gfx_font
.698f	8d 96 69	sta $6996	        sta gfx_text_load+2
.6992	a2 07		ldx #$07	        ldx #7
.6994					gfx_text_load:
.6994	bd 13 6a	lda $6a13,x	        lda gfx_font,x
.6997	9d de 68	sta $68de,x	        sta gfx_bits,x
.699a	ca		dex		        dex
.699b	10 f7		bpl $6994	        bpl gfx_text_load
.699d	20 c3 63	jsr $63c3	        jsr gfx_glyph
.69a0	b0 ae		bcs $6950	        bcs gfx_text_failed
.69a2	18		clc		        clc
.69a3	ad b1 68	lda $68b1	        lda gfx_x0
.69a6	69 08		adc #$08	        adc #8
.69a8	8d b1 68	sta $68b1	        sta gfx_x0
.69ab	ad b2 68	lda $68b2	        lda gfx_x0+1
.69ae	69 00		adc #$00	        adc #0
.69b0	70 06		bvs $69b8	        bvs gfx_text_saturate
.69b2	8d b2 68	sta $68b2	        sta gfx_x0+1
.69b5	4c c2 69	jmp $69c2	        jmp gfx_text_advance
.69b8					gfx_text_saturate:
.69b8	a9 ff		lda #$ff	        lda #$ff
.69ba	8d b1 68	sta $68b1	        sta gfx_x0
.69bd	a9 7f		lda #$7f	        lda #$7f
.69bf	8d b2 68	sta $68b2	        sta gfx_x0+1
.69c2					gfx_text_advance:
.69c2	ee 11 6a	inc $6a11	        inc gfx_text_index
.69c5	ce 10 6a	dec $6a10	        dec gfx_text_left
.69c8	d0 96		bne $6960	        bne gfx_text_next
.69ca					gfx_text_done:
.69ca	a9 00		lda #$00	        lda #0
.69cc	4c 9b 63	jmp $639b	        jmp gfx_finish
>69cf	00				gfx_text_length:.byte 0
>69d0	00 00 00 00 00 00 00 00		gfx_text_buffer:.fill 64,0
>69d8	00 00 00 00 00 00 00 00 00 00 00 00 00 00 00 00
;	...repeated 2 times (32 bytes)...
>6a08	00 00 00 00 00 00 00 00
>6a10	00				gfx_text_left:  .byte 0
>6a11	00				gfx_text_index: .byte 0
>6a12	00				gfx_text_high:  .byte 0
.6a13					gfx_font:
>6a13	00 00 00 00 00 00 00 00		        .binary "font8.bin"
>6a1b	10 10 10 10 10 00 10 00 28 28 28 00 00 00 00 00
>6a2b	28 7c 28 28 7c 28 00 00 10 3c 50 38 14 78 10 00
>6a3b	60 64 08 10 20 4c 0c 00 30 48 50 20 54 48 34 00
>6a4b	10 10 20 00 00 00 00 00 08 10 20 20 20 10 08 00
>6a5b	20 10 08 08 08 10 20 00 00 54 38 7c 38 54 00 00
>6a6b	00 10 10 7c 10 10 00 00 00 00 00 00 10 10 20 00
>6a7b	00 00 00 7c 00 00 00 00 00 00 00 00 00 30 30 00
>6a8b	04 04 08 10 20 40 40 00 38 44 4c 54 64 44 38 00
>6a9b	10 30 10 10 10 10 38 00 38 44 04 08 10 20 7c 00
>6aab	78 04 04 38 04 04 78 00 08 18 28 48 7c 08 08 00
>6abb	7c 40 40 78 04 04 78 00 18 20 40 78 44 44 38 00
>6acb	7c 04 08 10 20 20 20 00 38 44 44 38 44 44 38 00
>6adb	38 44 44 3c 04 08 30 00 00 30 30 00 30 30 00 00
>6aeb	00 30 30 00 10 10 20 00 08 10 20 40 20 10 08 00
>6afb	00 00 7c 00 7c 00 00 00 20 10 08 04 08 10 20 00
>6b0b	38 44 04 08 10 00 10 00 38 44 5c 54 5c 40 38 00
>6b1b	38 44 44 7c 44 44 44 00 78 44 44 78 44 44 78 00
>6b2b	38 44 40 40 40 44 38 00 78 44 44 44 44 44 78 00
>6b3b	7c 40 40 78 40 40 7c 00 7c 40 40 78 40 40 40 00
>6b4b	38 44 40 5c 44 44 3c 00 44 44 44 7c 44 44 44 00
>6b5b	38 10 10 10 10 10 38 00 1c 08 08 08 48 48 30 00
>6b6b	44 48 50 60 50 48 44 00 40 40 40 40 40 40 7c 00
>6b7b	44 6c 54 54 44 44 44 00 44 64 64 54 4c 4c 44 00
>6b8b	38 44 44 44 44 44 38 00 78 44 44 78 40 40 40 00
>6b9b	38 44 44 44 54 48 34 00 78 44 44 78 50 48 44 00
>6bab	3c 40 40 38 04 04 78 00 7c 10 10 10 10 10 10 00
>6bbb	44 44 44 44 44 44 38 00 44 44 44 44 44 28 10 00
>6bcb	44 44 44 54 54 54 28 00 44 44 28 10 28 44 44 00
>6bdb	44 44 28 10 10 10 10 00 7c 04 08 10 20 40 7c 00
>6beb	38 20 20 20 20 20 38 00 40 40 20 10 08 04 04 00
>6bfb	38 08 08 08 08 08 38 00 10 28 44 00 00 00 00 00
>6c0b	00 00 00 00 00 00 7c 00 20 10 08 00 00 00 00 00
>6c1b	00 00 38 04 3c 44 3c 00 40 40 78 44 44 44 78 00
>6c2b	00 00 38 44 40 44 38 00 04 04 3c 44 44 44 3c 00
>6c3b	00 00 38 44 7c 40 38 00 18 24 20 78 20 20 20 00
>6c4b	00 3c 44 44 3c 04 38 00 40 40 78 44 44 44 44 00
>6c5b	10 00 30 10 10 10 38 00 08 00 18 08 08 48 30 00
>6c6b	40 40 48 50 60 50 48 00 30 10 10 10 10 10 38 00
>6c7b	00 00 68 54 54 54 54 00 00 00 78 44 44 44 44 00
>6c8b	00 00 38 44 44 44 38 00 00 78 44 44 78 40 40 00
>6c9b	00 3c 44 44 3c 04 04 00 00 00 58 64 40 40 40 00
>6cab	00 00 3c 40 38 04 78 00 20 20 78 20 20 24 18 00
>6cbb	00 00 44 44 44 44 3c 00 00 00 44 44 44 28 10 00
>6ccb	00 00 44 44 54 54 28 00 00 00 44 28 10 28 44 00
>6cdb	00 44 44 44 3c 04 38 00 00 00 7c 08 10 20 7c 00
>6ceb	08 10 10 20 10 10 08 00 10 10 10 10 10 10 10 00
>6cfb	20 10 10 08 10 10 20 00 00 00 24 58 00 00 00 00
.6d0b					gfx_text_end:

;******  Return to file: /var/tmp/arc-scratch/uos-native-graphics-bands/client/display.asm

.6d0b					app_end:

;******  End of listing
