
; 64tass Turbo Assembler Macro V1.60.3243 listing file
; 64tass -a -B -D "BOOT_PACKED_FILE=\"../../target/native-desktop/uos128-packed.bin\"" -D BOOT_LENGTH=8773 -D BOOT_END=22784 -D BOOT_EXPECTED_CRC=11939 -o /home/marc/geos128/uos/target/native-desktop/uos128-boot.prg -l /home/marc/geos128/uos/target/native-desktop/uos128-boot.sym -L /home/marc/geos128/uos/target/native-desktop/uos128-boot.lst /home/marc/geos128/uos/src/native/boot-unpack.asm
; Sat Sep 26 10:47:12 2026

;Offset	;PC	;Hex		;Monitor	;Source

;******  Command line definitions

=						BOOT_PACKED_FILE="../../target/native-desktop/uos128-packed.bin"
=8773						BOOT_LENGTH=8773
=22784						BOOT_END=22784
=11939						BOOT_EXPECTED_CRC=11939

;******  Processing input file: /home/marc/geos128/uos/src/native/boot-unpack.asm

>1c01		0c 1c				        .word basic_end
>1c03		0a 00				        .word 10
>1c05		9e				        .byte $9e
>1c06		20 37 31 38 34			        .text " 7184"
>1c0b		00				        .byte 0
.1c0c						basic_end:
>1c0c		00 00				        .word 0
.1c10						boot_entry:
.1c10		2c 05 d5	bit $d505	        bit $d505
.1c13		50 01		bvc $1c16	        bvc +
.1c15		60		rts		        rts
.1c16		08		php		+       php
.1c17		78		sei		        sei
.1c18		d8		cld		        cld
.1c19		ad 00 ff	lda $ff00	        lda $ff00
.1c1c		48		pha		        pha
.1c1d		a9 0e		lda #$0e	        lda #$0e
.1c1f		8d 00 ff	sta $ff00	        sta $ff00
.1c22		a9 6c		lda #$6c	        lda #<decoder_image
.1c24		8d 56 1c	sta $1c56	        sta boot_copy_read+1
.1c27		a9 1c		lda #$1c	        lda #>decoder_image
.1c29		8d 57 1c	sta $1c57	        sta boot_copy_read+2
.1c2c		a9 13		lda #$13	        lda #$13
.1c2e		8d 5a 1c	sta $1c5a	        sta boot_copy_write+2
.1c31		a9 16		lda #$16	        lda #>(decoder_end+255)
.1c33		8d 68 1c	sta $1c68	        sta boot_copy_end+1
.1c36		20 53 1c	jsr $1c53	        jsr boot_copy
.1c39		a9 6c		lda #$6c	        lda #<boot_payload
.1c3b		8d 56 1c	sta $1c56	        sta boot_copy_read+1
.1c3e		a9 1f		lda #$1f	        lda #>boot_payload
.1c40		8d 57 1c	sta $1c57	        sta boot_copy_read+2
.1c43		a9 60		lda #$60	        lda #$60
.1c45		8d 5a 1c	sta $1c5a	        sta boot_copy_write+2
.1c48		a9 83		lda #$83	        lda #>($6000+BOOT_LENGTH+255)
.1c4a		8d 68 1c	sta $1c68	        sta boot_copy_end+1
.1c4d		20 53 1c	jsr $1c53	        jsr boot_copy
.1c50		4c 00 13	jmp $1300	        jmp decoder
.1c53						boot_copy:
.1c53		a0 00		ldy #$00	        ldy #0
.1c55						boot_copy_read:
.1c55		b9 ff ff	lda $ffff,y	        lda $ffff,y
.1c58						boot_copy_write:
.1c58		99 00 13	sta $1300,y	        sta $1300,y
.1c5b		c8		iny		        iny
.1c5c		d0 f7		bne $1c55	        bne boot_copy_read
.1c5e		ee 57 1c	inc $1c57	        inc boot_copy_read+2
.1c61		ee 5a 1c	inc $1c5a	        inc boot_copy_write+2
.1c64		ad 5a 1c	lda $1c5a	        lda boot_copy_write+2
.1c67						boot_copy_end:
.1c67		c9 ff		cmp #$ff	        cmp #$ff
.1c69		d0 ea		bne $1c55	        bne boot_copy_read
.1c6b		60		rts		        rts
.1c6c						decoder_image:
.1c6c	1300					decoder:
.1c6c	1300	ba		tsx		        tsx
.1c6d	1301	8e f5 14	stx $14f5	        stx boot_stack
.1c70	1304	20 0a 13	jsr $130a	        jsr DECOMPRESS_LZSA2
.1c73	1307	4c 9b 14	jmp $149b	        jmp boot_finished

;******  Processing file: /home/marc/geos128/uos/src/native/boot-lzsa2.inc

.1c76	130a					DECOMPRESS_LZSA2:
.1c76	130a	a0 00		ldy #$00	   LDY #$00
.1c78	130c	8c 01 14	sty $1401	   STY NIBCOUNT
.1c7b	130f					DECODE_TOKEN:
.1c7b	130f	20 02 14	jsr $1402	   JSR boot_get                           ; read token byte: XYZ|LL|MMM
.1c7e	1312	48		pha		   PHA                                  ; preserve token on stack
.1c7f	1313	29 18		and #$18	   AND #$18                             ; isolate literals count (LL)
.1c81	1315	f0 35		beq $134c	   BEQ NO_LITERALS                      ; skip if no literals to copy
.1c83	1317	4a		lsr a		   LSR                                  ; shift literals count into place
.1c84	1318	4a		lsr a		   LSR
.1c85	1319	4a		lsr a		   LSR
.1c86	131a	c9 03		cmp #$03	   CMP #$03                             ; LITERALS_RUN_LEN_V2?
.1c88	131c	90 1a		bcc $1338	   BCC PREPARE_COPY_LITERALS            ; if less, count is directly embedded in token
.1c8a	131e	20 dc 13	jsr $13dc	   JSR GETNIBBLE                        ; get extra literals length nibble
.1c8d	1321	69 02		adc #$02	   ADC #$02                             ; (LITERALS_RUN_LEN_V2) minus carry
.1c8f	1323	c9 12		cmp #$12	   CMP #$12                             ; LITERALS_RUN_LEN_V2 + 15 ?
.1c91	1325	90 11		bcc $1338	   BCC PREPARE_COPY_LITERALS            ; if less, literals count is complete
.1c93	1327	20 02 14	jsr $1402	   JSR boot_get                           ; get extra byte of variable literals count
.1c96	132a	c9 ee		cmp #$ee	   CMP #$EE                             ; 238 is reserved for literals
.1c98	132c	d0 03		bne $1331	   BEQ boot_bad
.1c9a	132e	4c cd 14	jmp $14cd
.1c9d	1331	c9 f0		cmp #$f0	   CMP #$F0                             ; 239 introduces a 16-bit count
.1c9f	1333	b0 f9		bcs $132e	   BCS boot_bad
.1ca1	1335	38		sec		   SEC
.1ca2	1336	e9 ee		sbc #$ee	   SBC #$EE                             ; overflow?
.1ca4	1338					PREPARE_COPY_LITERALS:
.1ca4	1338	aa		tax		   TAX
.1ca5	1339	90 04		bcc $133f	   BCC PREPARE_COPY_LITERALS_HIGH       ; if not, literals count is complete
.1ca7	133b	20 fa 13	jsr $13fa	   JSR GETLARGESRC                      ; grab low 8 bits in X, high 8 bits in A
.1caa	133e	a8		tay		   TAY                                  ; put high 8 bits in Y
.1cab	133f					PREPARE_COPY_LITERALS_HIGH:
.1cab	133f	8a		txa		   TXA
.1cac	1340	f0 01		beq $1343	   BEQ COPY_LITERALS
.1cae	1342	c8		iny		   INY
.1caf	1343					COPY_LITERALS:
.1caf	1343	20 f4 13	jsr $13f4	   JSR GETPUT                           ; copy one byte of literals
.1cb2	1346	ca		dex		   DEX
.1cb3	1347	d0 fa		bne $1343	   BNE COPY_LITERALS
.1cb5	1349	88		dey		   DEY
.1cb6	134a	d0 f7		bne $1343	   BNE COPY_LITERALS
.1cb8	134c					NO_LITERALS:
.1cb8	134c	68		pla		   PLA                                  ; retrieve token from stack
.1cb9	134d	48		pha		   PHA                                  ; preserve token again
.1cba	134e	0a		asl a		   ASL
.1cbb	134f	b0 13		bcs $1364	   BCS REPMATCH_OR_LARGE_OFFSET         ; 1YZ: rep-match or 13/16 bit offset
.1cbd	1351	0a		asl a		   ASL                                  ; 0YZ: 5 or 9 bit offset
.1cbe	1352	b0 09		bcs $135d	   BCS OFFSET_9_BIT
.1cc0	1354	a2 ff		ldx #$ff	   LDX #$FF                             ; set offset bits 15-8 to 1
.1cc2	1356	20 d2 13	jsr $13d2	   JSR GETCOMBINEDBITS                  ; rotate Z bit into bit 0, read nibble for bits 4-1
.1cc5	1359	09 e0		ora #$e0	   ORA #$E0                             ; set bits 7-5 to 1
.1cc7	135b	d0 1a		bne $1377	   BNE GOT_OFFSET_LO                    ; go store low byte of match offset and prepare match
.1cc9	135d					OFFSET_9_BIT
.1cc9	135d	2a		rol a		   ROL                                  ; carry: Z bit; A: xxxxxxx1 (carry known set from BCS OFFSET_9_BIT)
.1cca	135e	69 00		adc #$00	   ADC #$00                             ; if Z bit is set, add 1 to A (bit 0 of A is now 0), otherwise bit 0 is 1
.1ccc	1360	09 fe		ora #$fe	   ORA #$FE                             ; set offset bits 15-9 to 1. reversed Z is already in bit 0
.1cce	1362	d0 0f		bne $1373	   BNE GOT_OFFSET_HI                    ; go store high byte, read low byte of match offset and prepare match
.1cd0	1364					REPMATCH_OR_LARGE_OFFSET:
.1cd0	1364	0a		asl a		   ASL                                  ; 13 bit offset?
.1cd1	1365	b0 07		bcs $136e	   BCS REPMATCH_OR_16_BIT               ; handle rep-match or 16-bit offset if not
.1cd3	1367	20 d2 13	jsr $13d2	   JSR GETCOMBINEDBITS                  ; rotate Z bit into bit 8, read nibble for bits 12-9
.1cd6	136a	69 de		adc #$de	   ADC #$DE                             ; set bits 15-13 to 1 and substract 2 (to substract 512)
.1cd8	136c	d0 05		bne $1373	   BNE GOT_OFFSET_HI                    ; go store high byte, read low byte of match offset and prepare match
.1cda	136e					REPMATCH_OR_16_BIT
.1cda	136e	30 0d		bmi $137d	   BMI REP_MATCH                        ; reuse previous offset if so (rep-match)
.1cdc	1370	20 02 14	jsr $1402	   JSR boot_get                           ; grab high 8 bits
.1cdf	1373					GOT_OFFSET_HI:
.1cdf	1373	aa		tax		   TAX
.1ce0	1374	20 02 14	jsr $1402	   JSR boot_get                           ; grab low 8 bits
.1ce3	1377					GOT_OFFSET_LO:
.1ce3	1377	8d 82 13	sta $1382	   STA OFFSLO                           ; store low byte of match offset
.1ce6	137a	8e 87 13	stx $1387	   STX OFFSHI                           ; store high byte of match offset
.1ce9	137d					REP_MATCH:
.1ce9	137d	18		clc		   CLC                                  ; add dest + match offset
.1cea	137e	ad 46 14	lda $1446	   LDA boot_write+1                         ; low 8 bits
=$1382						OFFSLO = *+1
.1ced	1381	69 00		adc #$00	   ADC #$00
.1cef	1383	8d bc 13	sta $13bc	   STA COPY_MATCH_LOOP+1                ; store back reference address
=$1387						OFFSHI = *+1
.1cf2	1386	a9 00		lda #$00	   LDA #$00                             ; high 8 bits
.1cf4	1388	6d 47 14	adc $1447	   ADC boot_write+2
.1cf7	138b	8d bd 13	sta $13bd	   STA COPY_MATCH_LOOP+2                ; store high 8 bits of address
.1cfa	138e	38		sec		   SEC                                  ; lengths always include minmatch 2
.1cfb	138f	68		pla		   PLA                                  ; retrieve token from stack again
.1cfc	1390	29 07		and #$07	   AND #$07                             ; isolate match len (MMM)
.1cfe	1392	69 01		adc #$01	   ADC #$01                             ; add MIN_MATCH_SIZE_V2 and carry
.1d00	1394	c9 09		cmp #$09	   CMP #$09                             ; MIN_MATCH_SIZE_V2 + MATCH_RUN_LEN_V2?
.1d02	1396	90 13		bcc $13ab	   BCC PREPARE_COPY_MATCH               ; if less, length is directly embedded in token
.1d04	1398	20 dc 13	jsr $13dc	   JSR GETNIBBLE                        ; get extra match length nibble
.1d07	139b	69 08		adc #$08	   ADC #$08                             ; (MIN_MATCH_SIZE_V2 + MATCH_RUN_LEN_V2) minus carry
.1d09	139d	c9 18		cmp #$18	   CMP #$18                             ; MIN_MATCH_SIZE_V2 + MATCH_RUN_LEN_V2 + 15?
.1d0b	139f	90 0a		bcc $13ab	   BCC PREPARE_COPY_MATCH               ; if less, match length is complete
.1d0d	13a1	20 02 14	jsr $1402	   JSR boot_get                           ; get extra byte of variable match length
.1d10	13a4	c9 ea		cmp #$ea	   CMP #$EA                             ; 232 is EOD, 233 a 16-bit count
.1d12	13a6	b0 86		bcs $132e	   BCS boot_bad
.1d14	13a8	38		sec		   SEC
.1d15	13a9	e9 e8		sbc #$e8	   SBC #$E8                             ; overflow?
.1d17	13ab					PREPARE_COPY_MATCH:
.1d17	13ab	aa		tax		   TAX
.1d18	13ac	90 06		bcc $13b4	   BCC PREPARE_COPY_MATCH_Y             ; if not, the match length is complete
.1d1a	13ae	f0 2b		beq $13db	   BEQ DECOMPRESSION_DONE               ; if EOD code, bail
.1d1c	13b0	20 fa 13	jsr $13fa	   JSR GETLARGESRC                      ; grab low 8 bits in X, high 8 bits in A
.1d1f	13b3	a8		tay		   TAY                                  ; put high 8 bits in Y
.1d20	13b4					PREPARE_COPY_MATCH_Y:
.1d20	13b4	20 74 14	jsr $1474	   JSR boot_match                       ; validate before reading a backreference
.1d23	13b7	8a		txa		   TXA
.1d24	13b8	f0 01		beq $13bb	   BEQ COPY_MATCH_LOOP
.1d26	13ba	c8		iny		   INY
.1d27	13bb					COPY_MATCH_LOOP:
.1d27	13bb	ad aa aa	lda $aaaa	   LDA $AAAA                            ; get one byte of backreference
.1d2a	13be	20 23 14	jsr $1423	   JSR boot_put                           ; copy to destination
.1d2d	13c1	ee bc 13	inc $13bc	   INC COPY_MATCH_LOOP+1
.1d30	13c4	d0 03		bne $13c9	   BNE GETMATCH_DONE
.1d32	13c6	ee bd 13	inc $13bd	   INC COPY_MATCH_LOOP+2
.1d35	13c9					GETMATCH_DONE:
.1d35	13c9	ca		dex		   DEX
.1d36	13ca	d0 ef		bne $13bb	   BNE COPY_MATCH_LOOP
.1d38	13cc	88		dey		   DEY
.1d39	13cd	d0 ec		bne $13bb	   BNE COPY_MATCH_LOOP
.1d3b	13cf	4c 0f 13	jmp $130f	   JMP DECODE_TOKEN
.1d3e	13d2					GETCOMBINEDBITS:
.1d3e	13d2	49 80		eor #$80	   EOR #$80
.1d40	13d4	0a		asl a		   ASL
.1d41	13d5	08		php		   PHP
.1d42	13d6	20 dc 13	jsr $13dc	   JSR GETNIBBLE                        ; get nibble into bits 0-3 (for offset bits 1-4)
.1d45	13d9	28		plp		   PLP                                  ; merge Z bit as the carry bit (for offset bit 0)
.1d46	13da	2a		rol a		   ROL                                  ; nibble -> bits 1-4; carry(!Z bit) -> bit 0 ; carry cleared
.1d47	13db					DECOMPRESSION_DONE:
.1d47	13db	60		rts		   RTS
.1d48	13dc					GETNIBBLE:
=$13dd						NIBBLES = *+1
.1d48	13dc	a9 aa		lda #$aa	   LDA #$AA
.1d4a	13de	4e 01 14	lsr $1401	   LSR NIBCOUNT
.1d4d	13e1	b0 0e		bcs $13f1	   BCS HAS_NIBBLES
.1d4f	13e3	ee 01 14	inc $1401	   INC NIBCOUNT
.1d52	13e6	20 02 14	jsr $1402	   JSR boot_get                           ; get 2 nibbles
.1d55	13e9	8d dd 13	sta $13dd	   STA NIBBLES
.1d58	13ec	4a		lsr a		   LSR
.1d59	13ed	4a		lsr a		   LSR
.1d5a	13ee	4a		lsr a		   LSR
.1d5b	13ef	4a		lsr a		   LSR
.1d5c	13f0	38		sec		   SEC
.1d5d	13f1					HAS_NIBBLES:
.1d5d	13f1	29 0f		and #$0f	   AND #$0F                             ; isolate low 4 bits of nibble
.1d5f	13f3	60		rts		   RTS
.1d60	13f4					GETPUT:
.1d60	13f4	20 02 14	jsr $1402	   JSR boot_get
.1d63	13f7	4c 23 14	jmp $1423	   JMP boot_put
.1d66	13fa					GETLARGESRC:
.1d66	13fa	20 02 14	jsr $1402	   JSR boot_get
.1d69	13fd	aa		tax		   TAX
.1d6a	13fe	4c 02 14	jmp $1402	   JMP boot_get
>1d6d	1401	00				NIBCOUNT: .byte 0

;******  Return to file: /home/marc/geos128/uos/src/native/boot-unpack.asm

.1d6e	1402					boot_get:
.1d6e	1402	08		php		        php
.1d6f	1403	ad 18 14	lda $1418	        lda boot_read+2
.1d72	1406	c9 82		cmp #$82	        cmp #>($6000+BOOT_LENGTH)
.1d74	1408	90 0c		bcc $1416	        bcc boot_read
.1d76	140a	f0 03		beq $140f	        bne boot_bad
.1d78	140c	4c cd 14	jmp $14cd
.1d7b	140f	ad 17 14	lda $1417	        lda boot_read+1
.1d7e	1412	c9 45		cmp #$45	        cmp #<($6000+BOOT_LENGTH)
.1d80	1414	b0 f6		bcs $140c	        bcs boot_bad
.1d82	1416					boot_read:
.1d82	1416	ad 00 60	lda $6000	        lda $6000
.1d85	1419	ee 17 14	inc $1417	        inc boot_read+1
.1d88	141c	d0 03		bne $1421	        bne +
.1d8a	141e	ee 18 14	inc $1418	        inc boot_read+2
.1d8d	1421	28		plp		+       plp
.1d8e	1422	60		rts		        rts
.1d8f	1423					boot_put:
.1d8f	1423	8d f6 14	sta $14f6	        sta boot_value
.1d92	1426	08		php		        php
.1d93	1427	98		tya		        tya
.1d94	1428	48		pha		        pha
.1d95	1429	ad f6 14	lda $14f6	        lda boot_value
.1d98	142c	20 33 14	jsr $1433	        jsr boot_put_body
.1d9b	142f	68		pla		        pla
.1d9c	1430	a8		tay		        tay
.1d9d	1431	28		plp		        plp
.1d9e	1432	60		rts		        rts
.1d9f	1433					boot_put_body:
.1d9f	1433	48		pha		        pha
.1da0	1434	ad 47 14	lda $1447	        lda boot_write+2
.1da3	1437	c9 59		cmp #$59	        cmp #>BOOT_END
.1da5	1439	90 09		bcc $1444	        bcc +
.1da7	143b	d0 cf		bne $140c	        bne boot_bad
.1da9	143d	ad 46 14	lda $1446	        lda boot_write+1
.1dac	1440	c9 00		cmp #$00	        cmp #<BOOT_END
.1dae	1442	b0 c8		bcs $140c	        bcs boot_bad
.1db0	1444	68		pla		+       pla
.1db1	1445					boot_write:
.1db1	1445	8d 01 1c	sta $1c01	        sta $1c01
.1db4	1448	4d f8 14	eor $14f8	        eor boot_crc+1
.1db7	144b	8d f8 14	sta $14f8	        sta boot_crc+1
.1dba	144e	a0 08		ldy #$08	        ldy #8
.1dbc	1450	0e f7 14	asl $14f7	-       asl boot_crc
.1dbf	1453	2e f8 14	rol $14f8	        rol boot_crc+1
.1dc2	1456	90 10		bcc $1468	        bcc +
.1dc4	1458	ad f7 14	lda $14f7	        lda boot_crc
.1dc7	145b	49 21		eor #$21	        eor #$21
.1dc9	145d	8d f7 14	sta $14f7	        sta boot_crc
.1dcc	1460	ad f8 14	lda $14f8	        lda boot_crc+1
.1dcf	1463	49 10		eor #$10	        eor #$10
.1dd1	1465	8d f8 14	sta $14f8	        sta boot_crc+1
.1dd4	1468	88		dey		+       dey
.1dd5	1469	d0 e5		bne $1450	        bne -
.1dd7	146b	ee 46 14	inc $1446	        inc boot_write+1
.1dda	146e	d0 03		bne $1473	        bne +
.1ddc	1470	ee 47 14	inc $1447	        inc boot_write+2
.1ddf	1473	60		rts		+       rts
.1de0	1474					boot_match:
.1de0	1474	08		php		        php
.1de1	1475	48		pha		        pha
.1de2	1476	ad bd 13	lda $13bd	        lda COPY_MATCH_LOOP+2
.1de5	1479	c9 1c		cmp #$1c	        cmp #>$1c01
.1de7	147b	90 50		bcc $14cd	        bcc boot_bad
.1de9	147d	d0 07		bne $1486	        bne +
.1deb	147f	ad bc 13	lda $13bc	        lda COPY_MATCH_LOOP+1
.1dee	1482	c9 01		cmp #$01	        cmp #<$1c01
.1df0	1484	90 47		bcc $14cd	        bcc boot_bad
.1df2	1486	ad bd 13	lda $13bd	+       lda COPY_MATCH_LOOP+2
.1df5	1489	cd 47 14	cmp $1447	        cmp boot_write+2
.1df8	148c	90 0a		bcc $1498	        bcc +
.1dfa	148e	d0 3d		bne $14cd	        bne boot_bad
.1dfc	1490	ad bc 13	lda $13bc	        lda COPY_MATCH_LOOP+1
.1dff	1493	cd 46 14	cmp $1446	        cmp boot_write+1
.1e02	1496	b0 35		bcs $14cd	        bcs boot_bad
.1e04	1498	68		pla		+       pla
.1e05	1499	28		plp		        plp
.1e06	149a	60		rts		        rts
.1e07	149b					boot_finished:
.1e07	149b	ad 17 14	lda $1417	        lda boot_read+1
.1e0a	149e	c9 45		cmp #$45	        cmp #<($6000+BOOT_LENGTH)
.1e0c	14a0	d0 2b		bne $14cd	        bne boot_bad
.1e0e	14a2	ad 18 14	lda $1418	        lda boot_read+2
.1e11	14a5	c9 82		cmp #$82	        cmp #>($6000+BOOT_LENGTH)
.1e13	14a7	d0 24		bne $14cd	        bne boot_bad
.1e15	14a9	ad 46 14	lda $1446	        lda boot_write+1
.1e18	14ac	c9 00		cmp #$00	        cmp #<BOOT_END
.1e1a	14ae	d0 1d		bne $14cd	        bne boot_bad
.1e1c	14b0	ad 47 14	lda $1447	        lda boot_write+2
.1e1f	14b3	c9 59		cmp #$59	        cmp #>BOOT_END
.1e21	14b5	d0 16		bne $14cd	        bne boot_bad
.1e23	14b7	ad f7 14	lda $14f7	        lda boot_crc
.1e26	14ba	c9 a3		cmp #$a3	        cmp #<BOOT_EXPECTED_CRC
.1e28	14bc	d0 0f		bne $14cd	        bne boot_bad
.1e2a	14be	ad f8 14	lda $14f8	        lda boot_crc+1
.1e2d	14c1	c9 2e		cmp #$2e	        cmp #>BOOT_EXPECTED_CRC
.1e2f	14c3	d0 08		bne $14cd	        bne boot_bad
.1e31	14c5	68		pla		        pla
.1e32	14c6	8d 00 ff	sta $ff00	        sta $ff00
.1e35	14c9	28		plp		        plp
.1e36	14ca	4c 10 1c	jmp $1c10	        jmp $1c10
.1e39	14cd					boot_bad:
.1e39	14cd	ae f5 14	ldx $14f5	        ldx boot_stack
.1e3c	14d0	9a		txs		        txs
.1e3d	14d1	a9 00		lda #$00	        lda #0
.1e3f	14d3	8d 01 1c	sta $1c01	        sta $1c01
.1e42	14d6	8d 02 1c	sta $1c02	        sta $1c02
.1e45	14d9	8d 0b 1c	sta $1c0b	        sta $1c0b
.1e48	14dc	8d 0c 1c	sta $1c0c	        sta $1c0c
.1e4b	14df	8d 0d 1c	sta $1c0d	        sta $1c0d
.1e4e	14e2	68		pla		        pla
.1e4f	14e3	8d 00 ff	sta $ff00	        sta $ff00
.1e52	14e6	28		plp		        plp
.1e53	14e7	a2 00		ldx #$00	        ldx #0
.1e55	14e9	bd f9 14	lda $14f9,x	-       lda boot_message,x
.1e58	14ec	f0 06		beq $14f4	        beq +
.1e5a	14ee	20 d2 ff	jsr $ffd2	        jsr $ffd2
.1e5d	14f1	e8		inx		        inx
.1e5e	14f2	d0 f5		bne $14e9	        bne -
.1e60	14f4	60		rts		+       rts
>1e61	14f5	00				boot_stack: .byte 0
>1e62	14f6	00				boot_value: .byte 0
>1e63	14f7	ff ff				boot_crc: .word $ffff
>1e65	14f9	0d				boot_message: .byte 13
>1e66	14fa	55 4f 53 20 42 4f 4f 54		        .text "uos boot error - reload",13,0
>1e6e	1502	20 45 52 52 4f 52 20 2d 20 52 45 4c 4f 41 44 0d
>1e7e	1512	00
.1e7f	1513					decoder_end:
>1e7f		00 00 00 00 00 00 00 00		        .fill (decoder_end-decoder+255)/256*256-(decoder_end-decoder),0
>1e87		00 00 00 00 00 00 00 00 00 00 00 00 00 00 00 00
;		...repeated 13 times (208 bytes)...
>1f67		00 00 00 00 00
.1f6c						boot_payload:
>1f6c		1a 8f 0c 1c 0a 00 9e 20		        .binary BOOT_PACKED_FILE
>1f74		37 31 38 34 00 3c 88 4c 74 1c 55 4f 53 31 32 38
>1f84		01 00 18 7e 9f 13 4c a4 15 4c 7a 16 4c 7f e8 84
>1f94		e8 32 08 e2 85 08 ec 18 de dd 1f 4c e4 49 4c 38
>1fa4		22 4c 02 27 4c 1b 29 4c 28 f8 14 27 2b 4c 3e f8
>1fb4		e7 26 4c 43 22 4c 47 f8 f1 24 ec 18 4c 54 35 4c
>1fc4		87 46 4c 02 1b 4c 71 48 4c b8 37 4c cc 1b 4c 00
>1fd4		4b 4c 93 4b d8 2c 05 d5 50 01 60 a9 0e 8d 00 ff
>1fe4		20 b9 1f 20 cb 4b a9 00 8d 30 d0 8d 12 3d 8d 13
>1ff4		e8 14 38 b2 37 8d 16 ab e8 20 e8 23 08 24 e8 27
>2004		e8 3b e8 2b 59 a2 34 3d a2 04 9d 2f 3d 9d 9a 3d
>2014		ca 10 f7 cc 28 e4 e8 2a 58 d4 2c 3d a9 01 8d 2e
>2024		3d a9 2f 8d 00 4a a5 ba 8d 21 c0 e8 b3 28 2d e8
>2034		29 58 e0 00 a2 07 9d aa 37 ca 10 fa 20 00 13 20
>2044		32 16 b0 03 37 49 1e a5 59 20 f8 1e cd 28 12 cf
>2054		19 10 e4 49 f0 f6 a2 00 8e 12 3d 29 7f 29 df c9
>2064		11 f0 55 c9 12 f0 51 c9 41 f0 56 c9 46 d0 03 4c
>2074		a5 1d c9 57 c3 e8 c9 e9 56 e8 d7 5a 43 f0 0a c9
>2084		42 d0 bb 5a 23 4c f5 1c ad e4 85 49 ad 94 48 21
>2094		69 fb 03 bd 41 37 9d 40 58 40 04 8d 22 3d 20 dd
>20a4		1f 94 f9 ad 24 3d 41 d6 59 0b 38 e9 11 2d 01 58
>20b4		e7 20 e5 1d ad 04 3d d0 80 a9 10 8d 00 3d a9 20
>20c4		8d 01 c1 41 15 28 02 79 4c 0b a9 df 8d 03 3d 20
>20d4		a9 59 95 1d 20 9f 13 90 03 4c f2 1c 20 ff 1d a9
>20e4		00 bf 44 c8 68 20 7b 23 5d 41 0a e8 04 e8 05 28
>20f4		06 57 07 3d dc 22 61 fc 3d b7 37 20 14 1e 93 ef
>2104		00 42 90 42 95 58 64 0a 0a aa a0 00 bd aa 37 99
>2114		7b 1e e8 c8 c0 04 d0 f4 60 57 28 b9 61 d7 05 5b
>2124		41 59 61 a3 e8 08 e8 09 e8 0a 58 02 8d 0b 3d ad
>2134		b7 37 d0 05 20 7a 16 b0 45 d4 30 98 4d 4e 18 ae
>2144		b2 37 f0 02 49 a5 ae b7 37 f0 0b 99 00 3a 49 01
>2154		d2 18 3b 4c 5a 1e d9 a9 10 d0 24 e8 d9 59 2e d0
>2164		1d c8 d0 d6 ca e8 f0 e8 7f 50 0f ee b5 01 e8 ad
>2174		7f 74 c9 20 d0 b3 a9 00 60 a9 0a 60 c0 79 c2 05
>2184		a0 05 ad 9d 3d f0 03 a0 0a ca 8a 18 69 01 bd 61
>2194		21 79 9a 3d b9 6b 36 aa 68 88 12 29 f6 11 38 8d
>21a4		9e 3d 49 3f f1 b4 37 6a 9d 9e 91 90 0f ec 28 ae
>21b4		88 58 d0 30 ae 23 3d d0 2b f0 ae ad 28 a1 79 41
>21c4		01 f0 11 c9 02 f0 14 84 04 79 1b f0 98 d0 11 f3
>21d4		01 4b cd ae 49 8d 9a 99 1f 00 4c 5e 1d f2 01 42
>21e4		38 b5 37 a5 d7 2a cb 10 2a cd 79 e8 f0 03 20 5f
>21f4		ff a9 93 20 d2 ff a9 76 a2 36 20 87 1f d0 40 76
>2204		2a 30 ec a9 39 47 0e 3d 20 a1 1f a9 2f 13 ad 0f
>2214		a4 2c ca 0b 10 93 eb e0 61 56 18 a2 03 8e b6 37
>2224		ae e4 32 bd 04 28 ce a1 5c 10 f2 a9 f3 d6 eb 16
>2234		f9 0e 02 a2 37 48 ee 84 08 ad 41 54 59 d9 03 4c
>2244		00 1f 60 8d 8e 1f 8e 8f 1f ad ff ff f0 0e 7e 28
>2254		ee 38 08 d0 f3 ee 30 4c 8d 3f 11 48 4a 59 ae 20
>2264		ac 1f 68 29 0f c9 0a 90 03 18 69 07 6a e8 4c 58
>2274		08 d8 a2 00 a0 09 bd 00 50 9d 00 13 e8 d0 f7 ee
>2284		c1 ae 18 a9 c4 1f 88 d0 ee a9 50 8d c1 1f a9 13
>2294		8d 18 5e 28 60 08 ad 23 3d 0d 20 e8 11 19 c9 91
>22a4		3d f0 05 a9 07 28 38 60 ba bd 01 01 29 04 79 2b
>22b4		08 4c 61 20 d8 f9 11 90 03 71 ad c0 66 1a 1c f0
>22c4		de ad d0 48 d7 a6 40 a8 09 3c be 69 ce 74 18 08
>22d4		aa d0 f2 ad 2c 3d c9 04 b0 33 c9 03 f0 17 ad 21
>22e4		ac b8 08 90 28 c9 1f b0 24 ad 22 3d f0 1f c9 11
>22f4		b0 f4 2a 11 68 20 30 f0 13 05 12 b0 0f 39 54 0a
>2304		ad 00 4e c9 2f d0 03 b1 a9 01 f9 42 59 28 c9 01
>2314		60 a5 99 d0 06 a5 9a c9 03 7a 4a 15 90 60 76 69
>2324		0a 88 b2 8d 9a ff 44 e8 23 aa 20 12 6a 80 0b aa
>2334		12 ff 1c b1 24 3d 4c 39 2c a2 06 9d 36 24 b1 8d
>2344		87 f6 a0 12 9d 81 59 0d 20 20 4f ae 51 88 3d 7a
>2354		30 8d 85 e8 2c e8 96 88 22 e0 e7 e8 86 f8 0f bd
>2364		40 ea a0 b9 5f 20 02 27 20 ca 23 08 48 6b 08 81
>2374		6b f1 2e 24 08 ad 59 22 8d 39 24 68 28 14 3b 64
>2384		22 20 4a 23 c8 71 c9 00 84 0f 60 16 eb 60 41 7d
>2394		36 3b 24 08 ae a1 18 9d 60 3d ee 76 28 ad 81 f1
>23a4		46 3b e8 20 b5 22 4f b2 a9 20 af 48 6a 4d ea 01
>23b4		08 02 df ac 60 41 03 11 41 88 e8 04 ea 32 42 dd
>23c4		31 3d 24 91 6f 21 e9 74 68 00 55 e8 60 10 fa ee
>23d4		08 ce 57 5b d0 f2 a9 ff 8d 3f 24 8d 40 24 8e 41
>23e4		96 e8 bd 41 df 5f a0 e0 0e f0 04 e0 0f d0 02 a9
>23f4		00 20 e7 23 86 69 e0 de 51 cc 21 b7 38 49 cd 21
>2404		38 ad 68 3d e9 28 41 3c 28 69 40 53 ef 42 00 60
>2414		bd 4a 60 cd 40 d9 f8 d0 03 ee 48 ad df 20 c1 28
>2424		ce 28 ce ca 01 30 0d 42 90 18 d7 ad 3c 6c 38 04
>2434		a9 13 d0 6f ad 3f 24 cd 6e 3d d0 5f ad 40 c8 e8
>2444		6f 7c 57 20 0b 24 ad 3a 24 d0 5d a9 02 74 59 3e
>2454		00 3d ba 8e 3e 24 7e b1 35 22 80 bb 1e 20 85 48
>2464		d8 54 6b 58 61 38 ee 4c 6a 22 6c 44 24 ae 23 3d
>2474		e0 02 f0 16 a9 01 38 60 41 52 0b 02 71 79 d0 ef
>2484		8d 28 ee 59 6e ae 3e 24 9a 4c 20 22 a9 14 91 70
>2494		10 d0 af e8 3a 08 0b 68 b8 44 49 03 a0 84 f3 95
>24a4		eb 07 51 d0 0a 28 3a 80 3d 20 3e 2b b0 b3 e8 00
>24b4		59 e2 15 90 0f ae 3a 45 41 cb a1 ef b5 a1 27 68
>24c4		08 e0 84 df f5 41 5d 85 b3 71 a2 03 d4 79 0f dd
>24d4		2a 24 40 70 46 23 99 80 60 e8 64 1a 2c 01 d0 7a
>24e4		ad 65 f8 05 73 ad 66 79 0f b0 6c 20 92 1b b0 67
>24f4		5c 79 3a f0 62 c9 61 b0 5e d3 28 cd 79 18 90 07
>2504		d0 54 c1 11 d0 4f 31 d0 07 b3 3a c9 21 90 43 ad
>2514		6d aa 49 6c 6a 31 90 37 08 cd 21 19 90 0a d0 2d
>2524		70 28 cd 11 b0 25 31 f9 8d 44 24 18 59 4d 69 60
>2534		8d 45 24 a2 10 85 51 f0 08 d4 7a 0b c9 7f b0 07
>2544		e8 e0 20 d0 ee 18 60 a9 10 38 60 a2 78 01 66 ad
>2554		36 95 e8 37 59 36 20 b9 23 49 aa 89 ef c3 68 8a
>2564		bf 91 1b 29 6f 38 30 b0 48 ad 8b 3d 8d 30 ad 8c
>2574		db 68 37 6f 00 68 f0 36 08 8d 79 6a 38 00 38 8e
>2584		23 a9 3a 8d 8f 23 ad 00 3a 48 ee aa 61 40 21 6a
>2594		36 40 e8 37 20 cf 45 ab 50 06 ad d4 68 8d 3d 49
>25a4		68 91 e8 12 63 c7 61 f7 b3 2e 24 e5 59 6a f7 60
>25b4		08 48 90 16 ad 25 3d d9 68 8f d2 e8 25 0a 26 e8
>25c4		90 20 c2 9a 68 28 60 4d 40 f0 96 98 a2 08 0e ff
>25d4		8e e8 2e 91 90 10 fe f9 23 49 21 8d 3f 24 31 49
>25e4		10 59 60 ca d0 e5 60 ad 39 24 f0 10 47 5a 20 27
>25f4		2b 51 69 06 12 20 73 6a 60 73 e9 fa 1f 60 4e 41
>2604		50 50 00 fe 92 ad 91 ee 9b 90 d0 48 a3 e9 03 92
>2614		d0 44 e8 a8 b9 b0 39 ad 80 3d f0 3d c9 ff f0 39
>2624		fd 03 ea 39 91 d0 33 5a ac 91 fd 1a 69 8d f3 61
>2634		f6 61 fe 41 51 89 90 94 e8 31 00 ee e8 0c 51 0d
>2644		31 1f e9 07 29 08 e9 01 e8 15 70 c9 07 15 60 db
>2654		89 3d ed 41 21 a1 de 4f 8a 91 ac 21 10 1a 4c b0
>2664		24 03 10 a9 09 70 bd c0 2e 68 02 76 41 91 99 1e
>2674		f1 bd c1 3d 75 a1 ee a8 89 40 55 e9 e3 3a 07 df
>2684		bd c2 99 5e d8 c9 02 d0 07 bd c3 3d 01 0a cd cd
>2694		98 f0 d0 c6 bd c4 3d 1d c5 3d 1d c6 3d f0 bb bd
>26a4		cc e2 3d e9 b6 4b b2 de 51 d0 52 cc 52 d0 24 d9
>26b4		f8 08 f0 9f bd cd e8 ce e8 cf 2a 09 12 1a 01 d0
>26c4		8d f0 1e b2 fa 03 f0 84 d0 15 89 09 f0 75 57 c5
>26d4		24 d9 51 d0 16 b2 99 9f a8 88 b9 e0 3d dd c1 3d
>26e4		d0 09 b9 e2 67 42 62 41 dc 50 ad 81 99 e9 3b 19
>26f4		2f 37 38 e9 01 0a 59 64 aa 8e fd 30 20 c9 24 b0
>2704		26 3f 51 f0 22 70 38 cd 82 3d d0 1a bd c5 c0 e8
>2714		83 f8 12 bd c6 e8 84 09 0a 1d 71 cd 80 24 61 e5
>2724		e9 04 e8 05 48 ad c9 82 e6 98 af 18 69 7a 8d ff
>2734		30 38 e9 72 8d 00 31 60 8a e9 25 68 03 b6 b1 06
>2744		31 e5 3d b9 e0 3d cd fe 30 f0 14 e8 f8 69 0b f3
>2754		32 f0 08 ac 59 f6 4c c1 24 8e 04 31 8a 18 69 7c
>2764		8d 05 31 bd 65 7b 2f 02 90 04 a9 11 93 70 ed 01
>2774		7a 52 02 31 d5 a9 04 2a 30 05 ee aa 61 54 38 07
>2784		31 a5 98 c9 0b 90 03 4c e4 26 18 6d 1a 05 ba cd
>2794		a6 98 ca 10 03 4c d2 26 ad 01 31 d0 11 ad 87 86
>27a4		3a 41 0a bd 62 03 c9 7e d0 21 ba 48 cd a3 61 f9
>27b4		51 6c 03 7b 38 d0 7d bd 76 03 29 0f c9 0f d0 74
>27c4		ee 06 51 2a 57 28 ff 51 50 17 ee 55 45 df eb 5c
>27d4		10 cd 00 3d 06 52 f0 38 49 30 1d 79 16 49 10 a8
>27e4		b9 e8 70 3d b9 2d 02 55 35 98 0c 48 dd 96 52 d0
>27f4		28 0a 54 08 31 c6 e8 08 58 00 18 ca 30 6f e8 41
>2804		40 ab 49 cd 6c 38 0a ad 06 c3 73 07 31 8a 59 c1
>2814		24 08 20 46 24 49 68 a6 81 89 96 fb e4 21 b1 bc
>2824		24 f2 65 1f 87 3d 4c 0b 27 25 48 d0 db f8 11 75
>2834		40 ad 85 f2 08 b0 53 c9 1f d4 68 8d b7 47 c7 36
>2844		ad 87 bf 81 b0 91 1b ae d2 7e 68 97 19 33 9d 30
>2854		a1 f6 0b e8 99 5f ff 8d 98 3d 4c cc 27 ad 88 cd
>2864		0d a8 86 d5 e9 65 69 61 69 91 a0 3d ef c3 e9 58
>2874		1a 1e 54 c9 2a f0 50 c9 3f f0 4c c9 2c f0 48 c9
>2884		3a f0 44 c9 2f f0 40 c9 5c f0 3c c9 40 f0 38 c9
>2894		23 f0 34 c9 24 f0 30 9d b7 30 e8 ec 86 3d d0 c8
>28a4		a9 2c a5 70 ac 88 f5 0b b2 25 83 e8 87 eb b5 5a
>28b4		8e cb 30 a2 00 f0 53 52 20 c9 15 b2 b0 24 ff ee
>28c4		89 0d 1f e8 3d e8 3d 79 1e c9 ff d0 0e 0c 91 10
>28d4		aa 4e 32 dd a9 0f 81 87 68 ad ac a3 fe d6 91 02
>28e4		41 52 f1 01 31 5b 20 02 31 20 cd 25 c1 08 ae b1
>28f4		fe c4 ef 81 90 fe c5 78 f0 03 fe a1 fa 32 68 9d
>2904		75 41 ce 30 9d c1 e8 87 a9 c2 c6 5d 30 9d c3 08
>2914		c7 ec e8 c8 e8 c9 e8 ca e8 cb e8 cd 48 ce d7 e8
>2924		cf b1 04 31 37 10 9d cc bf 82 61 59 1d 79 8d 81
>2934		3d 75 30 8d 82 e8 c5 e8 83 a8 c6 d7 c4 ea 84 9c
>2944		0b 31 20 f9 2b 20 20 2c b0 49 f2 bc 5a 0c 20 85
>2954		2d b0 a0 a1 c7 3a 49 46 c5 59 ae fe 30 ac 00 31
>2964		20 ba ff ad 20 59 48 b7 a0 30 20 bd ff ee cc 18
>2974		c0 ff b0 15 20 5a 2c b0 13 20 ff d6 59 0e 20 94
>2984		2c 20 03 2b a9 00 4a 19 82 20 52 2c ad 0b 31 f0
>2994		0b 20 82 2c 40 37 50 ee 0d d3 51 be 2c df 59 12
>29a4		4c ec 28 ae 0f 28 0d 59 00 0d a9 04 48 59 ad 09
>29b4		31 45 82 b2 e3 41 2a 52 8d 81 65 52 8d 83 6b 41
>29c4		b6 21 41 b5 86 f9 cc 61 2b 17 f0 0b 10 78 01 8d
>29d4		0e dc ec 71 82 e0 a8 69 02 9b 6e c1 17 39 4c 2d
>29e4		32 60 48 cd de 63 76 11 ad 8a 81 d0 8c f8 1e ad
>29f4		89 09 19 de 90 0d 8a be ea 11 59 10 06 f0 0f bd
>2a04		82 9a 02 a9 11 ed 3d 09 06 70 18 bd ba 70 6d 89
>2a14		e1 28 c9 d3 e8 8a 19 ca 3d 69 00 bd cb de 93 b0
>2a24		e2 8f 56 f0 08 1f 41 94 6d 8d 4a f9 12 33 42 a9
>2a34		01 67 4c 41 9d 59 0f 8d 12 31 89 b2 8d 13 46 99
>2a44		2d 21 2a 8d 85 2a a6 28 22 cf 74 86 2a 98 81 31
>2a54		f8 1a a0 2a ae ff 18 0e 31 d0 07 20 c6 ff 90 0d
>2a64		b0 05 20 c9 c3 69 7b c7 21 5c 5a 20 cf ff 8d 0f
>2a74		31 20 5a d8 08 ad 99 3f 8d 00 3a 20 cc 2a f4 f0
>2a84		bd cd f9 0e 0b bd ce 68 de 23 10 de ce 20 8e 87
>2a94		11 13 99 24 ad 10 31 29 40 ed 51 aa c8 7e 48 1d
>2aa4		3b 00 30 e8 ca e8 cb 49 12 42 71 09 01 91 5b 4c
>2ab4		9a 2a dc 50 f0 08 0d 52 20 78 95 48 ad 57 48 0d
>2ac4		5a a1 ed b6 89 16 09 a1 b2 ab 62 31 00 2e cc 4a
>2ad4		08 ea 01 69 62 46 62 49 e8 09 69 18 51 42 b2 e9
>2ae4		02 62 39 0a 08 61 36 67 4f 10 48 ee 10 e8 ee f8
>2af4		d0 06 ee e8 ee 51 ee 8b 54 9a 0f ee 8c 3d 38 e8
>2b04		c8 9a 0f 0d fe c9 33 ea ca 51 cb 3d 83 20 c1 f8
>2b14		ce 13 31 ce 49 60 23 63 9c 81 d7 74 61 7c f2 8d
>2b24		92 f2 8d 93 30 8d 94 e8 cb 7f 00 95 3d 60 01 66
>2b34		06 40 68 8f 2b f3 dd b5 a2 00 ef 5e ae 08 82 a6
>2b44		f1 94 1b e7 20 11 34 7e 61 70 72 fd 30 b7 46 d7
>2b54		f3 94 2b 81 1a 41 d5 21 2c a3 19 ac 00 fd 86 86
>2b64		3d 94 18 44 df 50 8d 09 d2 74 38 60 00 67 07 3f
>2b74		b5 01 60 bd 8c 06 ff 0b 84 10 61 ea 64 c7 b1 d0
>2b84		05 ff 49 75 18 60 c2 85 05 a2 cd 4a a1 93 a0 ae
>2b94		88 18 b5 b7 9d cc 30 ca 10 f8 a5 c6 8d d2 30 a5
>2ba4		c7 8d d3 dc 9a 9d 8d d4 30 a9 00 85 9d aa 20 68
>2bb4		ff 60 ae 04 df f1 b2 d0 28 08 20 cf a8 a9 2f e8
>2bc4		e2 b1 05 31 ff 6a b1 a0 0f 6b 40 d9 b2 aa a8 f3
>2bd4		6e eb 0a f0 05 4c 71 18 60 38 60 1d e8 4c 99 20
>2be4		b7 ff 8d 10 31 cc 7e 91 29 bf 45 20 bd e8 8d 21
>2bf4		01 9c 89 02 3f 51 11 ae 67 52 03 8d 77 61 18 81
>2c04		ef dd 71 20 c3 12 a4 50 50 60 ad 67 11 f0 24 43
>2c14		21 40 5f f9 20 bd cc 30 95 b7 48 ad 61 f8 85 c6
>2c24		ad f8 0d 85 c7 ad 71 85 9d b2 48 0c d6 83 de f1
>2c34		aa bd f3 08 bd 54 f0 21 4f 52 f0 19 a9 f4 05 31
>2c44		31 b0 0c 58 51 a9 00 3f 41 41 49 60 9d 02 2a 02
>2c54		af 41 da e9 ae 48 c6 43 69 2e 60 97 11 31 00 02
>2c64		f9 b0 1e ae 11 31 9c 7f 9d d5 30 ee 11 31 c9 0d
>2c74		f0 16 1d 31 07 ad 90 59 28 d0 d7 4a 43 1a 21 c7
>2c84		22 18 bb 04 90 ee ad d7 30 c9 2c d0 e7 a2 01 bd
>2c94		d5 79 86 30 90 de c9 3a b0 da 29 0f 9d d5 a2 10
>2ca4		ed ad 49 0a a8 99 dc 0a 0a 18 6d 0f 31 6d d6 30
>2cb4		f0 0b ae 8f 3d d0 bb 05 79 00 4c 38 2d f1 6a 7e
>2cc4		af ea 0a 9b 01 a2 89 ee 1b 82 1e ea 10 ea 0e 98
>2cd4		1e 09 20 ce 2d 23 e9 2d 42 88 6f 7e d3 2e 86 1b
>2ce4		61 17 a1 cd ee 81 76 38 bd 8d b1 30 ae 96 3d bd
>2cf4		97 30 8d a9 30 bd 9a e8 aa e8 9d 69 ab 2e 70 8d
>2d04		ac 9a 91 ad 2f fe d1 a3 a2 18 5d d0 0b ad b1 30
>2d14		f0 77 ce 52 4c 40 04 88 ad f6 64 e8 ad 99 02 3a
>2d24		29 bf 38 e9 81 cd 88 c8 7c 98 a0 00 a9 a0 cc 86
>2d34		3d b0 03 b9 a0 c8 39 f0 05 3a 81 cc 59 9f 10 d0
>2d44		eb 4c ec 2e 18 ad ad 30 69 20 cd b1 d0 cb 44 51
>2d54		f0 1a 8f e8 dd 59 78 d0 23 ad 01 3a dd 9a 30 90
>2d64		1b 8b 30 ce ab bc 0e 8c f0 11 37 59 0d 0f a9 3e
>2d74		15 63 d0 11 a9 09 52 18 60 c9 ed 2e 50 ec ad 62
>2d84		a1 eb 06 4d e5 c2 49 dd 50 10 18 7d 08 cd 81 59
>2d94		f0 d1 90 cf 2d 82 8c ef ea 98 46 5c 58 48 29 07
>2da4		9d 00 3a 68 29 c0 9d 01 3a a0 10 bd 64 28 9d 61
>2db4		3a e8 88 d0 f6 19 08 1e 5c 72 12 3a bd 1f 3a 9d
>2dc4		13 3a 8a 18 5b b9 ca a9 08 8d 99 f0 fd 02 72 03
>2dd4		3a e8 f2 04 3a 28 1e d8 e8 ae e8 1f 6b af cd 48
>2de4		a3 8d 01 f8 0d a6 30 ed b1 90 02 02 18 00 70 2e
>2df4		ad 28 0d 2c 31 f0 f5 a1 ab b4 20 28 ce c9 68 ad
>2e04		aa 44 12 7f f0 df e0 01 d0 04 c9 35 f0 d7 a9 02
>2e14		a6 1e 4a 00 a1 f1 ad 01 42 d6 81 13 5d 42 fe 20
>2e24		98 2f 4c 1d 2f b6 43 ab 00 2a d0 cc a1 00 21 2d
>2e34		81 6c 40 62 b7 9d c3 e2 b4 5a 0d 03 fe c3 54 69
>2e44		fd fb aa cd b1 a8 90 d2 7e ea ce 00 8a 60 c3 94
>2e54		4a a9 c2 3a 6f 30 dd a0 30 90 ca a1 7b a9 1a dd
>2e64		10 99 02 e9 23 a0 15 c9 12 90 10 88 88 c9 19 90
>2e74		0a 88 c6 48 5c 05 88 d0 02 a0 28 98 cd aa cf 09
>2e84		b0 d1 42 6c 38 a2 08 20 72 cf e8 aa e9 0b 85 01
>2e94		e8 c9 69 63 a1 e8 b0 e8 b0 b5 8a 30 e7 73 10 4f
>2ea4		ee e8 ad 91 c9 0d 97 08 2b cc aa 3d d0 92 ba 38
>2eb4		a2 7e f1 d0 e9 32 f7 b0 30 fa 1d 21 ae b0 30 51
>2ec4		00 3a c9 94 f0 0f ef 49 10 c0 50 cd ac 7f 49 d8
>2ed4		97 a1 c8 78 51 52 2c 08 91 a0 30 38 58 6b 05 e9
>2ee4		0a c8 d0 f7 48 98 9d 92 39 68 09 30 9d 8b 30 60
>2ef4		23 55 31 3a 31 30 20 fe 02 38 3d 12 12 28 01 01
>2f04		03 1e 8f 25 24 47 51 ab 56 80 02 05 0c 00 ff 3f
>2f14		53 50 55 52 57 00 44 9a 2a ad 38 34 f0 04 a8 40
>2f24		4d ac 8a b1 9c 99 01 cd 37 34 d4 1b 28 39 09 1f
>2f34		1a 80 b9 f2 b0 18 bc 5d 08 d0 11 20 68 40 d0 0c
>2f44		5e 4a d2 c9 89 cd a2 fa 78 a9 12 20 5c 44 e0 b8
>2f54		e8 c9 00 d0 2c ad 7b 46 d0 22 ad 7a 46 f0 1d 8d
>2f64		39 34 ea e9 3a aa 13 87 a3 f8 3a f0 0c 9d 3b 34
>2f74		e8 ec 39 34 b9 2a 4c 21 41 a9 fc fe 83 c8 f5 82
>2f84		57 71 37 34 a5 91 38 34 b8 cc a1 1e 59 31 4e 20
>2f94		fa 31 b0 51 b4 4c 4d a9 e9 46 ea 42 ea 38 fc 33
>2fa4		8d 86 3d ec 29 68 22 80 8b 4e b0 d0 5a f2 a9 13
>2fb4		7a 49 17 54 89 13 dc 1f e8 9d 86 bf 43 93 99 9b
>2fc4		4c 23 42 8d 3a 34 8e 11 32 8c 12 32 fb 59 52 8d
>2fd4		fc 4b a9 11 8d fd 4b 64 58 ff ff 9d fe 4b 66 e8
>2fe4		3a b8 b6 f4 18 8a 69 02 8d 76 46 a9 00 69 00 8d
>2ff4		77 38 92 79 44 cc cb 8a 1c 34 8b 1a cc 26 94 d0
>3004		13 35 ea 12 e8 0a b2 d0 06 c1 fe 51 84 29 38 64
>3014		ed 99 03 4c 3e 33 ce 29 10 3d c9 e8 ca 8a cb 9d
>3024		f4 8f e0 40 03 71 85 46 b5 52 d0 1f 82 18 70 46
>3034		a9 14 8d 71 de 43 92 42 94 1c a9 70 a2 46 20 82
>3044		44 4c b4 32 ad 1d df c9 c9 d0 18 ca 59 11 20 c3
>3054		45 20 ed 44 90 13 c9 15 f0 9a a2 79 1b 4d 33 a9
>3064		fe c6 21 70 4b 33 d1 89 46 7e 3e 90 0b c9 6c e8
>3074		72 08 4f d7 81 7a 68 80 da 6c 6b b5 31 7b 46 30
>3084		79 01 d0 58 75 19 1c d0 53 f0 07 81 a0 0b 7a 4a
>3094		a2 01 76 a9 43 b1 89 e9 3f 48 3b 0b 21 8f ed cd
>30a4		d1 20 39 81 50 61 32 81 97 4d 43 97 50 d0 05 3e
>30b4		67 ac 72 a9 11 97 60 f5 8a 48 cc 0c e9 06 af 68
>30c4		51 09 7a 20 cc 33 b0 4f ad 39 34 a2 3b a0 34 2f
>30d4		e9 43 ec 3d e9 38 ea 32 e9 28 89 cd ff ef 8b 20
>30e4		df fc 2d dd 3b 34 d0 16 a4 36 84 b1 58 5f 37 34
>30f4		18 60 93 95 ea 04 72 38 60 b0 60 f5 74 1d 31 cc
>3104		ec 26 99 1f ad 1c df 29 3f f0 21 5b 68 00 1c 08
>3114		20 3d 46 7b 7a 12 20 4b 46 90 f4 a9 ff d0 02 be
>3124		a2 01 63 d6 a1 ea 66 40 9d b3 f0 bb dd 96 50 31
>3134		99 5d 86 82 81 a7 ce a0 de e8 33 40 da 0e 00 ff
>3144		e7 e3 9a 5b 08 78 c0 58 90 0f ee 1e 99 98 ab 1f
>3154		3d 28 a9 7f 8d 00 dc 60 28 6c 1c 3d fc f1 d1 17
>3164		70 28 1a 6f a4 c9 3a b9 5f 36 c9 50 b0 f9 a9 28
>3174		24 d7 10 02 6a 60 58 85 1a 38 20 f0 ff e0 19 b0
>3184		e6 98 18 6d dd 38 07 b0 df cd 51 b0 da d3 a0 aa
>3194		d8 e8 02 98 1a ad 73 1a cd 74 1a 90 c9 a5 d7 29
>31a4		80 61 f4 f0 a2 06 1a a2 05 8e 82 41 30 38 ed 70
>31b4		b0 02 4a 81 eb 6f 30 dd 73 10 03 9d dd 4c bd d3
>31c4		10 06 ad 21 9d 21 31 38 fd 78 e8 81 e8 0d 43 d0
>31d4		41 d4 44 d9 38 8d 83 1a a9 92 20 62 36 a9 20 ae
>31e4		ba 48 f0 78 29 3c 10 ad 81 48 31 84 1a 48 ec c1
>31f4		81 f0 2d 09 12 02 9a 41 a4 08 0f 89 1a 7f 1b e8
>3204		04 40 a4 91 a9 2e d9 2a 20 29 46 d7 09 92 e8 ee
>3214		f0 ce 84 52 c2 ae 65 46 89 91 f0 06 84 b4 4d 3e
>3224		d1 99 4c 08 1a 4c 20 1a 48 b5 b4 91 f4 68 4e 99
>3234		83 42 52 4f 57 53 45 46 49 4c 45 53 9d 89 20 3c
>3244		9c 88 20 2e 18 cd 4e 41 54 49 56 45 20 4d 45 4d
>3254		4f 52 59 20 57 58 7d 4b 53 50 41 43 45 0d 0d 53
>3264		45 d8 f8 43 54 45 44 20 42 41 4e 4b 3a 20 00 0d
>3274		46 52 45 18 4b 32 35 36 2d 42 59 54 5f c0 50 41
>3284		47 45 53 20 28 48 45 58 29 20 30 2f 31 df 48 48
>3294		d2 36 44 4c 35 22 46 b8 25 36 02 59 38 4c 41 53
>32a4		54 20 52 7a 12 4c 54 5c 2f 0d 31 2f 32 20 91 43
>32b4		93 40 16 28 41 59 22 4c 4c 4f 43 41 98 59 38 4b
>32c4		0d 57 20 4c 28 4c 5f 28 56 38 38 45 52 49 46 59
>32d4		20 41 c2 40 3a f8 94 41 53 45 0d 43 20 43 41 4c
>32e4		43 55 4c 30 4f 52 53 42 20 22 49 20 7c a9 20 7d
>32f4		d2 91 53 0d 34 49 4f b0 5e 66 30 34 20 49 4e 56
>3304		41 4c 49 7a 01 7d 93 41 20 4d 49 53 4d 41 54 43
>3314		48 0d 0d fb 68 44 e7 48 4b b8 09 50 31 47 52 7f
>3324		51 4f 4e ca 70 20 50 ca 49 47 54 8f 53 83 75 92
>3334		20 32 92 b2 7f 13 7e 85 08 3b b1 f3 4f 80 4d bc
>3344		07 d0 28 59 21 ba d0 1e 20 58 4f b0 1b ad 00 3d
>3354		cd 20 88 34 b9 05 d0 0f 20 15 15 b0 0a 20 63 15
>3364		b5 5a b1 29 49 03 b5 70 13 ff 3c 07 fa e9 fe 07
>3374		a1 71 b4 f0 60 33 e1 ac 59 ec ef 52 15 e9 47 94
>3384		d0 42 1b bc 13 03 4c 1f 31 e6 ea 2f ec 1e a9 25
>3394		93 ff a6 ec fc 00 19 f0 15 fb 10 d0 0c 31 d0 07
>33a4		13 82 09 a7 33 e5 9c 45 1d 5e 46 60 20 14 31 51
>33b4		a8 85 34 8d e9 78 aa 74 a0 aa 87 39 5d e9 6a b1
>33c4		05 ad 93 ab 64 44 c3 b2 b0 5a c6 8c 55 03 b0 a9
>33d4		4e 07 38 0a 6f 46 bd a3 48 d6 e9 15 30 11 ee 83
>33e4		33 85 40 8f 28 ad 99 19 30 2d 10 05 c2 00 69 a3
>33f4		ff 81 04 3b a6 f7 87 63 e0 91 0c 8a 64 cf b1 d0
>3404		e5 62 82 35 fd aa 15 82 a9 07 9a 51 41 71 bc 30
>3414		42 c9 55 f0 07 c9 00 f0 e9 4c 2e 42 74 dd a0 f9
>3424		f7 53 31 f4 0c a7 fc 74 af cc f9 14 48 9d 11 83
>3434		91 86 84 b7 a7 f8 c9 46 92 b5 8f 31 74 e9 02 01
>3444		5b a1 5a 50 06 09 cd aa fe 91 68 f9 00 4e 9d ff
>3454		f3 86 3d ef 03 18 e8 20 91 b0 5c df 4b 58 37 84
>3464		88 d4 82 88 83 97 1a 9c 0c 90 3c ad 0b 3a 29 18
>3474		d0 35 97 bd 72 c3 3d 43 89 20 58 41 5e 30 ad 01
>3484		d0 e8 ce e8 02 e8 cf 52 03 3a 55 e9 08 9f 20 a6
>3494		42 9c 28 21 88 83 5c 62 42 86 44 93 f2 78 46 92
>34a4		79 46 b1 70 68 bd 25 82 24 04 89 1e da 08 cd 61
>34b4		a1 bb 69 14 0a 48 cd dd 30 b0 0c c0 42 d5 f2 bd
>34c4		ce 99 20 d8 43 34 a0 f1 c0 43 29 38 e8 ed 41 75
>34d4		01 2c e8 ed 61 cd e8 bd 51 e9 00 70 41 b4 21 00
>34e4		d0 41 73 ba 4c 81 43 84 99 8e 08 b5 ab 60 8c be
>34f4		48 9d 60 c0 dd 03 e8 3b e8 4d 6d f1 ca e9 05 71
>3504		a9 00 d1 68 8d d6 50 18 ad 65 71 69 04 da 48 ad
>3514		8e 62 d9 22 62 2e 72 ce 76 cf 43 7f 61 cc 2c f9
>3524		58 49 1e c5 f1 71 46 18 72 46 8d 73 46 ad ff 4d
>3534		8d 74 46 62 70 20 61 a7 e9 d8 69 d4 c5 c1 da c9
>3544		fc c8 3d 99 72 46 51 a9 06 d1 02 02 e9 b9 49 7d
>3554		2f 50 b0 78 6c 43 9f b1 f0 1d f8 51 05 ec 0c 49
>3564		27 5c e8 dd 31 d0 59 47 32 f0 17 3d 06 12 90 08
>3574		49 45 46 e8 dd 50 d0 3d 44 69 c9 f9 a3 44 05 61
>3584		f9 ab c8 02 61 f9 8c c9 3c ff 30 9d ca ea cb 81
>3594		80 7f eb 78 ea 79 67 63 e9 e6 61 ba 86 81 91 70
>35a4		a9 11 5b 03 ea 11 49 04 5d 42 ca f2 72 46 48 73
>35b4		30 ea 04 e8 20 91 f0 09 28 f5 aa 1e dc 8a 19 8f
>35c4		8e b1 78 46 c3 71 7b 46 4f a1 08 53 89 00 a2 e9
>35d4		e5 b6 38 60 f4 0b 72 60 33 11 8e 01 89 8a 03 73
>35e4		25 e8 15 9f f0 04 c9 54 d0 0d 82 66 55 18 60 76
>35f4		ee 04 b7 38 60 84 2d a1 88 10 a3 15 a3 85 24 e8
>3604		4c 01 28 85 36 b9 fc a2 4b 8d b6 44 8e b7 44 88
>3614		26 a3 15 a1 88 34 94 09 46 46 eb f6 01 72 e8 0d
>3624		b3 77 46 4a b9 d0 16 46 0d 76 46 f0 f8 ad ff ff
>3634		8d 1d df ee b6 44 d6 f9 2a b7 44 ad 76 46 71 77
>3644		46 25 01 30 0d 77 97 50 df ad a5 b1 f0 03 bc 91
>3654		a9 01 88 0b 42 b9 e9 08 95 1e 46 01 ba 28 30 c9
>3664		10 d0 07 ff 79 03 f2 b0 ea 20 20 7a 10 bb 45 8d
>3674		86 01 4e 7e de 79 80 f0 2e ec 51 c9 02 8d b2 1a
>3684		46 82 03 f1 36 45 18 18 69 3a 8d 37 b3 b1 1e df
>3694		eb 08 ee 56 41 83 20 42 b9 5a 05 cd b0 a3 cb 18
>36a4		40 f0 25 ad 1f df ae 7f 3b 59 13 ae 7e 46 e0 1f
>36b4		b0 c3 9d 00 4f e8 8e 7e a6 01 b1 42 90 52 d9 90
>36c4		7a 08 ad 79 28 f0 12 ad 7f 46 c0 48 e0 87 d2 80
>36d4		46 db 78 08 ee 50 ee 7c 47 f8 08 05 ee 7d 68 dc
>36e4		cb a7 55 17 60 7c 49 11 33 61 77 92 ed 44 1e 68
>36f4		30 ea 4b f0 45 99 07 e3 b0 63 20 a1 08 c4 aa 18
>3704		47 41 5e 08 7b ea e8 7f 40 8f 30 8d 7c 52 7d 46
>3714		30 49 ff a4 69 60 18 b1 38 e9 64 8e 90 b0 1c 7f
>3724		f2 81 46 20 db 01 15 ad 01 47 0a 05 60 0b 08 ff
>3734		e2 79 fe d0 29 a9 e2 04 a3 00 af 39 fc d0 1c e8
>3744		81 95 8f 48 75 c8 eb 05 8f 68 71 cd 48 82 95 e8
>3754		83 f8 0a 05 8d 84 28 ce 59 1e d0 0a ce 83 3a f0
>3764		ce 84 a1 09 8f 38 7f d9 0c 86 9c 31 f1 86 1a d2
>3774		56 48 dd 7b 20 e8 5d 18 1e b0 3d 2d b1 8a b2 12
>3784		48 b9 04 a9 16 d0 e4 61 f1 61 56 b1 61 48 ba fb
>3794		15 f9 a0 00 b9 e9 f0 19 ec 20 54 1a b0 e7 c8 cc
>37a4		00 db ea ad bd d9 ef e8 bc aa 85 8a 87 ba 2f ad
>37b4		be 3d 18 6d 86 3d b0 c8 8d bf 3d e6 bd ab 3f e2
>37c4		e8 be 4b f4 be 22 90 43 c7 f8 f3 ad bf ca 86 db
>37d4		17 91 ee b0 21 db f1 ee b1 d2 ee b2 d5 a9 88 1b
>37e4		59 ea 88 28 87 ce c1 db 82 08 36 e8 37 c3 dc 7a
>37f4		d2 8d 25 dc a6 c3 db 42 c7 d9 90 bd f6 2e 24 91
>3804		39 48 49 c3 d9 ae d1 b0 f3 d9 b1 92 dd b3 60 51
>3814		b2 37 48 6a 2f e8 30 e9 d9 58 c1 9d 50 3d e8 e0
>3824		10 d0 ed 20 94 48 b0 c9 ad b3 36 f8 66 48 ad b4
>3834		d6 67 48 d9 d8 43 b8 dc 38 bd 50 3d e0 0e 90 d9
>3844		e2 0b ae 19 0b 20 65 48 42 c5 99 07 e0 ad 58 bd
>3854		ca 10 d9 e5 ef 59 09 68 b0 ac 41 d5 49 68 da c7
>3864		d9 ee ee e0 ea 32 e8 5e ea 24 e8 5f ed 1c e9 20
>3874		c8 1b d4 8b f8 08 02 bd b0 ec 17 d1 f0 23 da 29
>3884		e8 02 c4 da 2b 20 21 00 62 4c 3a 05 a9 04 b8 4a
>3894		3a 5a c1 da 58 eb 1a 81 6f 79 8a f5 a9 01 d0 f1
>38a4		8d ff ff ee 66 48 ac 40 33 6a 60 16 71 b0 df 95
>38b4		cd a9 d9 e8 11 4c 3f 62 97 08 17 ee e8 18 a9 19
>38c4		20 49 05 29 98 7c dd 21 49 d0 7f ca 10 f5 ad 57
>38d4		7d f8 00 77 ad 56 da 07 90 70 da 29 da 01 ad 5a
>38e4		3d d9 44 fa 64 ad 5b 3d 48 5c 15 c2 da 36 e8 58
>38f4		19 0c 11 90 50 71 18 6d c6 31 ba 3d 54 d8 6d b4
>3904		3d b0 3e 8d bb da 09 f1 7f 1a f8 00 34 ad ba fa
>3914		2f ad 5d e8 5c 19 0c 10 90 23 48 cd c9 21 75 50
>3924		ed 59 d7 08 15 44 c5 e8 b6 ea 5d dc 0c 8d b7 3d
>3934		da 29 5b 4e 4d 4f 44 01 01 07 00 a2 60 bd 00 38
>3944		cd 32 16 a1 89 c3 50 e8 ec a9 f9 d0 ed ad c2 17
>3954		d0 0e ad c3 17 c9 c0 08 c6 c1 22 e9 06 98 de ad
>3964		06 d5 29 40 05 d8 d0 2d a5 00 29 06 c9 06 d0 e7
>3974		d1 1a d0 d6 40 a9 01 5b c2 08 11 50 60 d0 91 28
>3984		16 88 49 10 c5 f9 15 d0 d0 09 ad 02 dd 29 03 c9
>3994		03 e9 08 4a 78 de 59 1d 7f 8d f4 4f dd 30 8d f5
>39a4		e8 18 e8 f6 49 00 dd 39 e9 8d f7 4f a5 01 29 06
>39b4		8d f8 4f a9 ff 85 d8 8d 12 d0 99 73 fd 09 04 85
>39c4		01 a9 80 8d 18 d0 1c 08 16 dd 50 3b 8d c2 42 d3
>39d4		10 fc 8d db ec ad c8 17 8d f3 4f 4c 86 13 20 e4
>39e4		ff f0 13 8d 15 3d d3 16 91 ee 13 38 f0 ee 14 20
>39f4		86 a2 3a ef 2f f0 e7 a7 1b 2e a1 c3 81 ba 67 79
>3a04		b0 55 ad 3c 3d c9 09 b0 51 aa bd 6f 4b 63 99 bd
>3a14		3d 3d f0 46 c9 10 b0 42 8d 70 46 bd 78 4b 2d 19
>3a24		24 bd 81 4b 10 03 10 8d 72 74 97 8a 4b 4e 31 9a
>3a34		a0 00 8c 85 4c 49 b1 b0 04 47 97 11 48 42 cb 83
>3a44		4f f5 a1 f6 19 0f f9 00 04 e8 03 58 71 01 01 28
>3a54		29 34 35 02 04 05 26 79 e9 01 38 80 80 00 02 5d
>3a64		12 02 02 47 6d 94 b1 c2 18 8b a2 4c 74 a2 92 83
>3a74		cd 32 d3 b0 b2 dd a7 8a ac 04 99 c1 a7 a9 00 a2
>3a84		3a 4c 4c 4b 08 78 ad 3c 03 c9 3b 5d 91 3d 03 29
>3a94		68 29 16 19 09 8d 1c 3d 99 0f 8d 1d 3d e7 20 20
>3aa4		18 a9 35 8d 9e 81 33 e8 1e 81 57 50 af 60 00 fd
>3ab4		e9 25 03 84 57 a1 dd 72 81 ed cb be d1 88 eb bc
>3ac4		ca bd d7 d4 ac 19 a2 68 b1 00 3f 28 cb 07 cf 48
>3ad4		90 be 3d c1 a0 e8 22 da e9 60 ad 20 cf 15 ba 02
>3ae4		51 ad 23 d8 91 4a ad d2 c8 bc 49 c9 21 b0 45 35
>3af4		ae c9 aa d0 a1 a1 67 b0 d0 36 5e 53 b9 3c d0 31
>3b04		bd 02 3c c9 60 d0 2a a0 01 bd 04 3c d9 32 da 8b
>3b14		83 9b 49 f2 dc d8 05 f0 15 cd d3 40 f1 d0 10 d1
>3b24		0c 18 d3 82 d1 7f 1a d6 01 e9 05 e9 04 a1 0f 9a
>3b34		0d 35 08 78 e7 f0 fc 0d a2 ed 11 28 f6 f8 1c 18
>3b44		d0 ad f5 b1 16 d0 04 08 12 ad e8 f4 91 11 d0 cd
>3b54		f0 f9 0d b1 85 01 4d 79 89 d8 f0 a7 f6 08 41 23
>3b64		e8 11 d2 0d 3d d1 63 e9 3c 30 a9 ff ca 08 38 e8
>3b74		39 89 f7 e9 a9 09 50 39 46 e8 e0 ff d0 f8 a2 04
>3b84		23 b4 40 26 89 11 ae c2 d4 5f 08 ee b3 99 d8 ad
>3b94		00 ff c9 0e 21 95 f9 05 d5 29 40 91 06 d5 d5 1a
>3ba4		39 04 d0 16 ad 08 d5 0d 0a a0 99 0d 07 d5 dd 20
>3bb4		d4 09 d5 d5 02 d1 a9 08 d4 40 ea 0d eb 11 cb 28
>3bc4		d4 27 a9 f9 b2 12 a9 00 d4 e9 01 d0 ad 00 d3 cc
>3bd4		e9 06 42 d1 e8 01 87 19 09 9a 20 90 13 b0 de ad
>3be4		01 3d f0 d9 ad 02 11 b8 a9 0f 7b 59 89 ce 8d c2
>3bf4		17 20 3d 14 90 15 4c e2 c3 05 13 08 ce 5d 48 b0
>3c04		c6 09 8b 5a 22 4c ba 14 a9 02 9f e9 03 47 b3 22
>3c14		cc 51 8b 13 b0 2a d0 42 ad 2b 02 79 41 ae 98 aa
>3c24		ad 03 3d dd c0 17 90 1d 8d c3 17 b9 c2 e8 01 f8
>3c34		14 8d c4 17 ae c3 17 20 71 14 d0 b3 20 a2 bb d0
>3c44		f5 4c da 13 d2 19 61 c3 08 c5 40 cd 50 bd c0 ca
>3c54		02 08 10 15 ad 40 af 48 8e c8 08 ee 4a 01 49 cd
>3c64		51 60 e3 4b 05 da 62 ba 8a dc 0c ae 82 cd 89 04
>3c74		cc b5 81 b1 1a 09 39 60 ac e9 9d e9 9d c3 ce 8a
>3c84		91 d0 10 fe fa 10 3d 05 b1 06 3c a4 59 69 0c 6b
>3c94		c4 ce 7c 9d e4 38 60 8e c7 17 8a 8a bb b1 c8 17
>3ca4		90 00 81 48 fe d5 81 5c f1 05 3c 71 06 3c c6 61
>3cb4		3d 41 a1 18 5b 9d 01 3c 8d 02 3d ad c3 e8 02 e8
>3cc4		03 28 01 47 28 03 92 c6 17 cd f0 51 04 3d a1 30
>3cd4		8d 05 e8 05 e8 06 e8 06 50 07 3d 24 02 28 7b 20
>3ce4		7e 14 e8 ce c6 17 d0 f4 4c 86 93 f8 0f 40 ad 04
>3cf4		89 3c 4c 49 38 92 85 ff 49 41 7e 82 6a 69 26 80
>3d04		49 22 59 d2 cd 05 d3 56 fa 11 05 3c cd 06 fa 06
>3d14		3c cd 07 ff 13 00 3c cd 00 42 57 81 ff 18 61 50
>3d24		e9 33 89 a8 12 69 d9 a2 e9 27 50 bd 03 b4 49 1f
>3d34		67 30 18 6d a0 77 b0 16 9a 70 cd c8 eb 6b 08 97
>3d44		89 f2 f2 fb ef 09 82 31 3c ea 0b 59 06 20 c0 15
>3d54		58 61 2c 81 cf 1b e8 cd d1 d0 03 cf a2 41 38 51
>3d64		a9 00 39 64 5c 41 8a 8a a9 2c 87 f5 bd c2 cb fb
>3d74		09 c9 31 29 8d 62 b9 41 64 45 4f 4a 0d a8 10 ae
>3d84		ad 12 51 f0 03 a3 08 ee e8 ad 61 86 41 d7 38 05
>3d94		d0 da ee 01 3f a1 37 69 c6 e3 47 72 0e 81 e8 e8
>3da4		0e e8 0f 8b 10 a1 a3 89 38 f9 20 8c 20 e9 39 a9
>3db4		0f 97 26 6f ed 32 fd 2b f0 03 ee 10 3d 42 b8 a1
>3dc4		b4 b1 08 08 bd e1 08 03 52 02 48 ab 59 11 06 aa
>3dd4		68 8a a8 59 68 8d ca 17 16 41 4c e8 70 2c 63 c0
>3de4		d4 ad 0b d5 b6 f8 2e ad 0a 09 29 d7 08 0d f8 4b
>3df4		f0 21 18 ad 08 3d 6d 50 8d cf 61 08 09 20 77 51
>3e04		b0 0f 0a 68 dd 13 b1 90 0c bb 00 5b 86 73 c1 ca
>3e14		36 48 cb 34 42 dd 80 f5 66 f0 8d cc 41 ce e8 cd
>3e24		28 0b 6a ce f6 28 19 62 d1 2b 17 cf 81 28 1a e8
>3e34		2c 48 ca 00 89 13 87 39 89 06 de 10 4c 21 88 9a
>3e44		0c 3d 20 8b 17 4c 2d 17 20 59 17 90 0b f1 cb 17
>3e54		40 be 48 ee cc e8 ee f8 d0 06 ee e9 ee 29 cd 5a
>3e64		48 ce b4 12 ce cd 10 0d ce 37 4a b9 21 38 78 a5
>3e74		fb 48 a5 fc 48 ad aa 02 e0 40 c8 f8 85 fb ad 38
>3e84		e2 85 fc a9 fb ae c2 17 a0 00 20 74 ff 8d d0 17
>3e94		68 8d 28 68 62 28 68 30 28 ad 97 29 60 47 cb 05
>3ea4		ef b9 28 8d 80 41 de 44 c5 50 77 ff c8 ee b9 df
>3eb4		60 50 04 dc 43 77 ce 3b cb 10 e8 07 89 f0 58 ab
>3ec4		18 eb 75 21 b4 a3 18 ee 72 cc f6 cf 5a 81 3b d9
>3ed4		12 08 d0 e0 d8 cf 6e ea 3b b1 39 3d cd 81 71 28
>3ee4		f8 ad 18 ad 35 38 7a 35 18 8d 0e 1a 8d 7b 1a ad
>3ef4		36 e8 36 e8 0f 91 7c 1a 63 d7 da b5 18 b0 7b a2
>3f04		07 dc dc b2 73 1a a2 19 18 75 1a f0 69 cd a8 5a
>3f14		90 64 ad 7a 1a c9 04 b0 5d ad 76 cb 50 8d 63 c5
>3f24		e8 67 4a 77 cb 10 8d 64 80 51 68 1a d7 42 c4 49
>3f34		3f a5 52 cd 7d ab b9 ed 7e 1a 78 e0 2c 23 31 d0
>3f44		1b c3 c1 ca 27 08 aa a2 c2 22 00 51 8a cd 86 00
>3f54		ce 48 ed 8c b2 b0 0a 0d f0 d0 09 50 d0 02 56 e8
>3f64		ce b1 8d 3a 80 a7 51 18 6d 9b 41 b8 20 c1 d3 df
>3f74		49 25 cf 81 a6 1c 9c b0 1d ae 7c 1a e0 60 90 16
>3f84		af 59 a0 77 fd 50 ec 7e 1a f0 03 e8 d0 f0 e8 06
>3f94		87 68 10 68 37 e2 8c 7e 99 28 b0 8a ea 20 19 c9
>3fa4		9d f0 7d c9 1d d0 03 4c 94 19 c9 13 c2 e8 a2 39
>3fb4		01 f0 f9 c9 05 79 e8 a6 e9 14 e8 b9 29 04 e8 c6
>3fc4		e9 15 e8 e7 8b 94 09 ea aa 2b 48 48 08 71 8b 80
>3fd4		00 48 61 ef 91 f2 aa b3 18 c1 f0 0c ca 20 62 1a
>3fe4		e8 20 66 1a ca 4c 54 19 ad 21 b1 48 ee 8f e8 ee
>3ff4		71 a9 03 6b 51 fd 19 82 e8 8d 61 88 68 78 dd f8
>4004		79 1a 4c 00 41 cb 18 0a 7a ce 74 f1 b1 19 30 cd
>4014		73 98 f3 6c ee a9 a9 e1 44 54 52 f0 5a cd 69 02
>4024		55 53 4c 08 d0 35 4a ce 80 45 ce 59 3a aa e8 8a
>4034		e9 ca 80 e0 c1 f0 73 1a a9 ce ee 89 39 6d cb 81
>4044		6f 21 10 c1 c6 dd 49 ae 66 99 02 09 02 db 7e 40
>4054		81 e8 8e 61 0b 51 ae 73 7b 41 59 61 2a 20 68 9d
>4064		27 83 97 1c 61 9b 61 95 ab 28 f1 0d 01 98 91 38
>4074		60 8f e9 31 78 00 2d ae 7a a7 f8 1a e0 03 c1 d6
>4084		1a e8 20 38 1a 90 0e e0 01 c1 c5 c1 d9 d8 41 90
>4094		12 c9 47 b0 0e 18 60 a2 08 dd 6a 1a f0 05 d4 aa
>40a4		a2 fc 81 fe d2 31 60 9d df 6b 2a 3f 2c 3a 2f 5c
>40b4		40 23 24 cc c0 ca 1b c7 46 89 71 9d fb a9 6d a1
>40c4		ab 0d 1f 2d 97 d0 62 58 28 91 58 d8 f4 9a 25 f0
>40d4		48 bd 04 01 bc e8 b8 91 05 01 fc d6 68 b9 49 60
>40e4		0f c9 33 cb 43 ea b8 08 2a 80 90 2e e8 b3 e8 b9
>40f4		e8 b4 8a 1c fe 8e 21 99 4a 93 d0 11 4f cb f2 ca
>4104		3e 42 2a 92 d0 06 fd ad a2 39 a5 80 85 52 8f 1b
>4114		7b b9 02 d0 7b 99 12 a8 17 82 fa 1a b0 3d d0 71
>4124		50 b3 3d 8f e9 10 41 81 43 8f 50 ad b6 9c e8 b8
>4134		e8 b7 20 32 90 4f 99 eb ba a8 bb 93 f6 41 ad ea
>4144		37 c9 32 ca 12 aa 1b f9 a6 e8 1a dc 8a 1b 8d 3c
>4154		3d 08 68 29 01 8d 3d 3d c9 b4 16 a9 02 16 30 28
>4164		4e a1 a0 8d 38 60 6c b6 87 8a 04 fe 88 67 e0 23
>4174		e8 6b ba 2c ad 66 98 0c 08 27 40 8f e8 68 e8 6b
>4184		e8 69 29 19 cc a1 ed 31 b0 11 5c f2 8d b3 a2 e8
>4194		ad b4 90 55 a7 ec 69 a1 af e9 07 a3 fc 29 22 aa
>41a4		b8 90 f4 43 83 7e 6c 3e 3d 85 e7 f0 e8
.41b1						boot_file_end:

;******  End of listing
