
; 64tass Turbo Assembler Macro V1.60.3243 listing file
; 64tass -a -o target/uos-edit.prg -L target/uos-edit.lst src/uos-edit.asm
; Sun Sep  6 19:37:03 2026

;Offset	;Hex		;Monitor	;Source

;******  Processing input file: src/uos-edit.asm


;******  Processing file: src/equates.inc

=$02					r0              =       $02
=$02					r0L             =       $02
=$03					r0H             =       $03
=$04					r1              =       $04
=$04					r1L             =       $04
=$05					r1H             =       $05
=$06					r2              =       $06
=$06					r2L             =       $06
=$07					r2H             =       $07
=$08					r3              =       $08
=$08					r3L             =       $08
=$09					r3H             =       $09
=$0a					r4              =       $0a
=$0a					r4L             =       $0a
=$0b					r4H             =       $0b
=$0c					r5              =       $0c
=$0c					r5L             =       $0c
=$0d					r5H             =       $0d
=$0e					r6              =       $0e
=$0e					r6L             =       $0e
=$0f					r6H             =       $0f
=$10					r7              =       $10
=$10					r7L             =       $10
=$11					r7H             =       $11
=$12					r8              =       $12
=$12					r8L             =       $12
=$13					r8H             =       $13
=$14					r9              =       $14
=$14					r9L             =       $14
=$15					r9H             =       $15
=$16					r10             =       $16
=$16					r10L            =       $16
=$17					r10H            =       $17
=$18					r11             =       $18
=$18					r11L            =       $18
=$19					r11H            =       $19
=$1a					r12             =       $1a
=$1a					r12L            =       $1a
=$1b					r12H            =       $1b
=$1c					r13             =       $1c
=$1c					r13L            =       $1c
=$1d					r13H            =       $1d
=$1e					r14             =       $1e
=$1e					r14L            =       $1e
=$1f					r14H            =       $1f
=$20					r15             =       $20
=$20					r15L            =       $20
=$21					r15H            =       $21
=$22					r16             =       $22
=$02					X1              =       $02
=$04					Y1              =       $04
=$06					X2              =       $06
=$08					Y2              =       $08
=$fb					a0              =       $fb
=$fb					a0L             =       $fb
=$fc					a0H             =       $fc
=$fd					a1              =       $fd
=$fd					a1L             =       $fd
=$fe					a1H             =       $fe
=$70					a2              =       $70
=$70					a2L             =       $70
=$71					a2H             =       $71
=$72					a3              =       $72
=$72					a3L             =       $72
=$73					a3H             =       $73
=$74					a4              =       $74
=$74					a4L             =       $74
=$75					a4H             =       $75
=$76					a5              =       $76
=$76					a5L             =       $76
=$77					a5H             =       $77
=$78					a6              =       $78
=$78					a6L             =       $78
=$79					a6H             =       $79
=$7a					a7              =       $7a
=$7a					a7L             =       $7a
=$7b					a7H             =       $7b
=$7c					a8              =       $7c
=$7c					a8L             =       $7c
=$7d					a8H             =       $7d
=$7e					a9              =       $7e
=$7e					a9L             =       $7e
=$7f					a9H             =       $7f

;******  Return to file: src/uos-edit.asm


;******  Processing file: src/routines.inc

=$0316					brkVectorlo     = $0316
=$0317					brkVectorhi     = $0317
=$0811					MAINLOOP        = $0811
=$0814					FIND_CTL        = $0814
=$0817					FS_APP          = $0817
=$081a					FS_SCREEN       = $081a
=$081d					FS_RECT         = $081d
=$0820					CLR_RECT        = $0820
=$0823					LOAD_IMM        = $0823
=$0826					APP_LOADER      = $0826
=$0829					FILLFILE        = $0829
=$082c					KEYIN           = $082c
=$082f					GETCAP          = $082f
=$0832					LAUNCH_APP      = $0832  ; file buffer -> LOADER + jmp APP_START, core-resident
=$0835					VDTEXT          = $0835  ; 80-col companion: A=row X=col r9->PETSCII (no-op if no VDC)
=$0838					VDCLR           = $0838  ; 80-col companion: A=row -> blank the row (no-op if no VDC)
=$7350					SETREC          = $7350
=$7355					SETREC_DISP     = $7355  ; display mode  (0=40 1=80 2=both)
=$7356					SETREC_BG       = $7356  ; desktop background colour (0-15 VIC colour)
=$7352					SETREC_VER      = $7352  ; 2 = the zone bytes below are valid
=$7353					SETREC_TZ       = $7353  ; time zone, signed quarter-hours from UTC (-48..+56)
=$7354					SETREC_TZMAG    = $7354  ; $a5 when SETREC_TZ was written by the OS
=$cc00					VDC_GETREG      = $cc00
=$cc03					VDC_SETREG      = $cc03
=$cc06					VDC_SEEK        = $cc06
=$cc09					VDC_PUTS        = $cc09
=$cc0c					VDC_PUTCHR      = $cc0c
=$cc0f					VDC_CLS         = $cc0f
=$cc12					VDC_FONTUP      = $cc12
=$cc15					VDC_INIT        = $cc15
=$cc18					VDC_PRESENT     = $cc18
=$cc1b					VDC_TEXT        = $cc1b  ; A=row X=col r9->PETSCII text on the 80-col display
=$cc1e					VDC_CLR         = $cc1e  ; A=row -> blank the row
=$cc21					VDC_BANNER      = $cc21  ; header rows 0-1
=$cc24					VDC_LIVE        = $cc24  ; byte: 1 once VDSETUP brought the 8563 up
=$23					vdcbpL          = $23
=$24					vdcbpH          = $24
=$25					vdcdpL          = $25
=$26					vdcdpH          = $26
=$1000					DESK_START      = $1000
=$2fff					DESK_END        = $2fff
=$5000					APP_START       = $5000
=$8fff					APP_END         = $8fff
=$9000					APP_CTL_TBL     = $9000
=$9000					APP_CTL_CTR     = $9000
=$9001					APP_CTL_BUF     = $9001
=$9100					APP_CTL_END     = $9100  ; 25 ten-byte control slots; TESTCLICK indexes them
=$9b00					APP_ID_TBL      = $9b00
=$9c00					REU_SIZE        = $9c00
=$9c03					REU_STASH       = $9c03
=$9c06					REU_FETCH       = $9c06
=$9c09					REU_PARAMS      = $9c09
=$9100					NET_BASE        = $9100
=37120					NET_PRESENT     = NET_BASE+$00  ; A=1 when the command interface answers
=37123					NET_CMD         = NET_BASE+$03  ; r0->bytes (target first), A=len -> A=status code, C=1 absent/timeout
=37126					NET_GETIP       = NET_BASE+$06  ; A=1 when an interface has an address (NET_IP/NET_IPSTR)
=37129					NET_OPEN        = NET_BASE+$09  ; A=7 tcp / 8 udp, r0->host, r1=port -> A=socket, C=1 failed
=37132					NET_CLOSE       = NET_BASE+$0c  ; A=socket
=37135					NET_READ        = NET_BASE+$0f  ; A=socket, r1=max -> NET_DATA+2.., NET_LEN; A: 0 ok 1 none 2 closed 3 error
=37138					NET_WRITE       = NET_BASE+$12  ; A=socket, r0->data, X=len (1..200) -> A=status code
=37141					NET_SYNC        = NET_BASE+$15  ; network check + SNTP -> CIA TOD + Ultimate RTC; A=NET_STATE
=37144					NET_APPLYNTP    = NET_BASE+$18  ; NET_DATA+2.. = 48-byte NTP reply -> time/date/TOD; A=0 ok
=37147					NET_RTCTIME     = NET_BASE+$1b  ; Ultimate RTC "YYYY/MM/DD HH:MM:SS" -> NET_DATA; A=status code
=37150					NET_TZSHIFT     = NET_BASE+$1e  ; A=signed quarter-hours -> shift the running TOD
=37153					NET_STATE       = NET_BASE+$21  ; $ff not tried, 0 ntp synced, 1 no reply, 2 no network, 3 no ultimate, 4 open failed
=37154					NET_HOUR        = NET_BASE+$22  ; local time 24 h binary
=37155					NET_MIN         = NET_BASE+$23
=37156					NET_SEC         = NET_BASE+$24
=37157					NET_YEAR        = NET_BASE+$25  ; word
=37159					NET_MON         = NET_BASE+$27
=37160					NET_DAY         = NET_BASE+$28
=37161					NET_WDAY        = NET_BASE+$29  ; 0 = sunday
=37162					NET_TZ          = NET_BASE+$2a  ; quarter-hours applied
=37163					NET_IP          = NET_BASE+$2b  ; 4 bytes
=37167					NET_IPSTR       = NET_BASE+$2f  ; dotted decimal, 0-terminated ("" = none)
=37183					NET_LEN         = NET_BASE+$3f  ; word: payload length of the last reply / read
=37185					NET_SOCK        = NET_BASE+$41
=37186					NET_STAT        = NET_BASE+$42  ; 32 bytes: last status line "NN,TEXT"
=$8800					NET_DATA        = $8800  ; 512-byte reply buffer (socket payload at +2)
=$9e03					INIT_MOUSE      = $9e03
=$9e09					KEYIN_EXT       = $9e09
=$9e0c					KEY_EXTSEEN     = $9e0c  ; byte: sticky 1 once the C128 ESC line was seen low (tests)
=$a000					BITMAP_START    = $a000
=$c000					GFX_INIT        = $c000
=$c00f					GFX_SETPIXEL    = $c00f
=$c021					GFX_DRAWBYTEPATTERN = $c021
=$c006					GFX_ON          = $c006
=$c009					GFX_OFF         = $c009
=$c00c					GFX_SETCOLOR    = $c00c
=$c015					GFX_LINE        = $c015
=$c018					GFX_CIRCLE      = $c018
=$c01b					GPUTC           = $c01b
=$c01e					GPUTS           = $c01e

;******  Return to file: src/uos-edit.asm


;******  Processing file: src/macros.inc


;******  Return to file: src/uos-edit.asm


;******  Processing file: src/kernal.inc

=$ff81					CINT   = $FF81;  ----  FF5B  init VIC & screen editor                                                  - - -  - - -  A X Y
=$ff84					IOINIT = $FF84;  ----  FDA3  initialize CIA & IRQ                                                      - - -  - - -  A X Y
=$ff87					RAMTAS = $FF87;  ----  FD50  RAM test & search RAM end                                                 - - -  - - -  A X Y
=$ff8a					RESTOR = $FF8A;  ----  FD15  restore default I/O vectors                                               - - -  - - -  A - Y
=$ff8d					VECTOR = $FF8D;  ----  FD1A  read/set I/O vectors               in: C=0 moves from Y/X to vectors      - X Y  - X -  A - Y
=$ff90					SETMSG = $FF90;  ----  FE18  enable/disable KERNAL messages     in: A bit7=1 error msgs on             A - -  - - -  A - -
=$ff93					SECOND = $FF93;  ----  EDB9  send secondary addr after listen   in: A=secondary address                A - -  - - -  A - -
=$ff96					TKSA   = $FF96;  ----  EDC7  send secondary addr after talk     in: A=secondary address                A - -  - - -  A - -
=$ff99					MEMTOP = $FF99;  ----  FE25  read/set top of memory             in: C=0; Y/X address                   - X Y  - X Y  - - -
=$ff9c					MEMBOT = $FF9C;  ----  FE34  read/set bottom of memory          in: C=0; Y/X address                   - X Y  - X Y  - - -
=$ff9f					SCNKEY = $FF9F;  ----  EA87  scan keyboard                                                             - - -  - - -  A X Y
=$ffa2					SETTMO = $FFA2;  ----  FE21  set IEEE timeout                   in: A bit7=1 disable, bit7=0 enable    A - -  A - -  - - -
=$ffa5					ACPTR  = $FFA5;  ----  EE13  input byte from SERIAL             out:A=byte, C=1 and ST=2 if timeout    - - -  A - -  A - -
=$ffa8					CIOUT  = $FFA8;  ----  EDDD  output byte to SERIAL              in: A=byte, C=1 and ST=3 if timeout    A - -  A - -  - - -
=$ffab					UNTLK  = $FFAB;  ----  EDEF  untalk all SERIAL devices                                                 - - -  - - -  A - -
=$ffae					UNLSN  = $FFAE;  ----  EDFE  unlisten all SERIAL devices                                               - - -  - - -  A - -
=$ffb1					LISTEN = $FFB1;  ----  ED0C  make SERIAL device listen          in: A=device number                    A - -  - - -  A - -
=$ffb4					TALK   = $FFB4;  ----  ED09  make SERIAL device talk            in: A=device number                    A - -  - - -  A - -
=$ffb7					READST = $FFB7;  ----  FE07  read I/O status byte               out:A=status byte                      - - -  A - -  A - -
=$ffba					SETLFS = $FFBA;  ----  FE00  set file parameters                in: A=logical file number              A X Y  A X Y  - - -
=$ffbd					SETNAM = $FFBD;  ----  FDF9  set file name                      in: A=length of filename               A X Y  A X Y  - - -
=$ffc0					OPEN   = $FFC0;  031A  F34A  open log.file after SETLFS,SETNAM  out:A=error# if C=1                    - - -  - - -  A X Y
=$ffc3					CLOSE  = $FFC3;  031C  F291  close a logical file               in: A=logical file number              A - -  - - -  A X Y
=$ffc6					CHKIN  = $FFC6;  031E  F20E  open channel for input             in: X=logical file number              - X -  - - -  A X -
=$ffc9					CHKOUT = $FFC9;  0320  F250  open channel for output            in: X=logical file number              - X -  - - -  A X -
=$ffcc					CLRCHN = $FFCC;  0322  F333  restore default devices                                                   - - -  - - -  A X -
=$ffcf					CHRIN  = $FFCF;  0324  F157  input character                    out:A=character, C=1 and ST=error      - - -  A - -  A - -
=$ffd2					CHROUT = $FFD2;  0326  F1CA  output character                   in: A=character, C=1 and ST=error      A - -  A - -  - - -
=$ffd5					LOAD   = $FFD5;  0330  F49E  load after call SETLFS,SETNAM      in: A=0 load, a=1 verify               A X Y  A X Y  A X Y
=$ffd8					SAVE   = $FFD8;  0332  F5DD  save after call SETLFS,SETNAM      in: A=zero page pointer to start.addr  A X Y  - - -  A X Y
=$ffdb					SETTIM = $FFDB;  ----  F6E4  set jiffy clock                    in: A=MSB, X=middle, Y=LSB             A X Y  - - -  - - -
=$ffde					RDTIM  = $FFDE;  ----  F6DD  read jiffy clock                   out:A=MSB, X=middle, Y=LSB             - - -  A X Y  A X Y
=$ffe1					STOP   = $FFE1;  0328  F6ED  check stop key                     out:Z=0 if STOP not used; X unchanged  - - -  A - -  A - -
=$ffe4					GETIN  = $FFE4;  032A  F13E  get a byte from channel            out:keyboard:A=0 if puffer empty       - - -  A - -  A X Y
=$ffe7					CLALL  = $FFE7;  032C  F32F  close or abort all files                                                  - - -  - - -  A X -
=$ffea					UDTIM  = $FFEA;  ----  F69B  update jiffy clock                                                        - - -  - - -  A X -
=$ffed					SCREEN = $FFED;  ----  E505  return screen size                 out:X=columns, Y=rows                  - - -  - X Y  - X Y
=$fff0					PLOT   = $FFF0;  ----  E50A  read/set cursor position           in: C=0, X=row, Y=column               - X Y  - X Y  - - -
=$fff3					IOBASE = $FFF3;  ----  E500  returns the addr of I/O devices    out:Y/X=addr($DC00)                    - - -  - X Y  - X Y

;******  Return to file: src/uos-edit.asm


;******  Processing file: src/vic-ii.inc

=$d000					VIC_BASE        = $d000
=$d800					VIC_COLOR_RAM   = $d800
=$0400					VIC_HIRES_COLOR = $0400
=$00					VIC_SPR0_X      = $00     ; Sprite x / y screen position registers
=$01					VIC_SPR0_Y      = $01
=$02					VIC_SPR1_X      = $02
=$03					VIC_SPR1_Y      = $03
=$04					VIC_SPR2_X      = $04
=$05					VIC_SPR2_Y      = $05
=$06					VIC_SPR3_X      = $06
=$07					VIC_SPR3_Y      = $07
=$08					VIC_SPR4_X      = $08
=$09					VIC_SPR4_Y      = $09
=$0a					VIC_SPR5_X      = $0A
=$0b					VIC_SPR5_Y      = $0B
=$0c					VIC_SPR6_X      = $0C
=$0d					VIC_SPR6_Y      = $0D
=$0e					VIC_SPR7_X      = $0E
=$0f					VIC_SPR7_Y      = $0F
=$10					VIC_SPR_XMSb    = $10     ; MSB of the X coordinate (since 320 > 255). Bit 7 = sprite 7, 6 = sprite 6, etc
=$11					VIC_CTRL_1      = $11
=$11					SCROLY			= $11     ; Control register 1
=$12					VIC_RASTER      = $12     ; Number of raster GFX_LINE at which a raster IRQ should be generated.
=$13					VIC_LTPEN_X     = $13     ; X-portion of the screen position at which the beam was found when a strobe was generated (light pen)
=$14					VIC_LTPEN_Y     = $14     ; Y-portion of the screen position at which the beam was found when a strobe was generated (light pen)
=$15					VIC_SPR_ENBL    = $15     ; Sprite enable (bit 7= sprite 7, bit 6 = sprite 6 etc)
=$16					VIC_CTRL_2      = $16     ; Control register 2
=$17					VIC_SPR_XPND_X  = $17     ; Sprite expand (bit 7= sprite 7, bit 6 = sprite 6 etc)
=$18					VIC_RAM_BASE    = $18     ; Base address of the character generator and video RAM
=$19					VIC_IRR         = $19     ; IRR:Interrupt Request Register
=$1a					VIC_IMR         = $1a     ; IMR:Interrupt Mask Register
=$1b					VIC_SPR_PRI     = $1b     ; Priority register(sprites)
=$1c					VIC_SPR_MULTI   = $1c     ; Multi-color register (sprites)
=$1d					VIC_SPR_XPND_Y  = $1d     ; Sprite expand Y The sprites can be doubled in the Y-direction by setting
=$1e					VIC_SPSP_COL    = $1e     ; Sprite/sprite collision
=$1f					VIC_SPBK_COL    = $1f     ; Sprite/background collision
=$20					VIC_BORDER_COL  = $20     ; Exterior color(border color) The border color is set in this register (0-15).
=$21					VIC_BG_COL0     = $21     ; Background color registers 0-3
=$22					VIC_BG_COL1     = $22     ; Background color register 0 determines the background color in
=$23					VIC_BG_COL2     = $23     ; the "normal" text mode. If the multi-color mode is enabled, it
=$24					VIC_BG_COL3     = $24     ; accesses registers 1-3
=$25					VIC_SPR_MCOL0   = $25     ; Spritemulti-colorcolor0/1
=$26					VIC_SPR_MCOL1   = $26     ; Sprites which are represented in multi-color can assume the back
=$27					VIC_SPR_COL0    = $27     ; Color sprite 0-8
=$28					VIC_SPR_COL1    = $28     ; The colors for the individual sprites are placed in these registers.
=$29					VIC_SPR_COL2    = $29
=$2a					VIC_SPR_COL3    = $2a
=$2b					VIC_SPR_COL4    = $2b
=$2c					VIC_SPR_COL5    = $2c
=$2d					VIC_SPR_COL6    = $2d
=$2e					VIC_SPR_COL7    = $2e
=$2f					VIC_KYBRD_CTRL  = $2f     ; Keyboard control register
=$30					VIC_CLOCK       = $30     ; 2MHz bit
=$00					VIC_COLOR_BLACK   = $00
=$01					VIC_COLOR_WHITE   = $01
=$02					VIC_COLOR_RED     = $02
=$03					VIC_COLOR_CYAN    = $03
=$04					VIC_COLOR_PURPLE  = $04
=$05					VIC_COLOR_GREEN   = $05
=$06					VIC_COLOR_BLUE    = $06
=$07					VIC_COLOR_YELLOW  = $07
=$08					VIC_COLOR_ORANGE  = $08
=$09					VIC_COLOR_BROWN   = $09
=$0a					VIC_COLOR_LRED    = $0A
=$0b					VIC_COLOR_DGREY   = $0B
=$0c					VIC_COLOR_MGREY   = $0C
=$0d					VIC_COLOR_LGREEN  = $0D
=$0e					VIC_COLOR_LBLUE   = $0E
=$0f					VIC_COLOR_LGREY   = $0F

;******  Return to file: src/uos-edit.asm


;******  Processing file: src/io.inc

=$dc08					TODTEN      = $DC08
=$dc09					TODSEC      = $DC09
=$dc0a					TODMIN      = $DC0A
=$dc0b					TODHRS      = $DC0B

;******  Return to file: src/uos-edit.asm

=3					EDPAGES         = 3             ; read bound = 3*256 bytes (bulletproof)
=768					EDMAX           = 768            ; buffer cap (EDPAGES*256)
=38					LW              = 38             ; wrap width
=18					MAXLINES        = 18             ; visible text lines
=16					EDX             = 16            ; VIC text-area origin x
=24					EDY             = 24            ; VIC text-area origin y
=9					EDLH            = 9             ; VIC line height (px)
=$40					edptr           = $40           ; render/scan pointer (apps own $40-$4f)
=$42					ecnt            = $42           ; chars consumed (word)
=$44					eline           = $44           ; current output line
=$45					etmp            = $45
=$46					elx             = $46
=$47					edcnt           = $47
.5000	ee 00 9b	inc $9b00	    inc APP_ID_TBL
.5003	ad 00 9b	lda $9b00	    lda APP_ID_TBL
.5006	a9 00		lda #$00	        lda #$00
.5008	85 03		sta $03		        sta X1+1
.500a	a9 08		lda #$08	        lda #8
.500c	85 02		sta $02		        sta X1
.500e	a9 01		lda #$01	        lda #$01
.5010	85 07		sta $07		        sta X2+1
.5012	a9 38		lda #$38	        lda #8 + 304-256
.5014	85 06		sta $06		        sta X2
.5016	a9 06		lda #$06	        lda #6
.5018	85 04		sta $04		        sta Y1
.501a	a9 06		lda #$06	        lda #6
.501c	85 08		sta $08		        sta Y2
.501e	a9 00		lda #$00	        lda #$00
.5020	85 05		sta $05		        sta Y1+1
.5022	85 09		sta $09		        sta Y2+1
.5024	20 15 c0	jsr $c015	        jsr GFX_LINE
.5027	a9 00		lda #$00	        lda #$00
.5029	85 03		sta $03		        sta X1+1
.502b	a9 08		lda #$08	        lda #8
.502d	85 02		sta $02		        sta X1
.502f	a9 01		lda #$01	        lda #$01
.5031	85 07		sta $07		        sta X2+1
.5033	a9 38		lda #$38	        lda #8 + 304-256
.5035	85 06		sta $06		        sta X2
.5037	a9 c2		lda #$c2	        lda #6 + 188
.5039	85 04		sta $04		        sta Y1
.503b	a9 c2		lda #$c2	        lda #6 + 188
.503d	85 08		sta $08		        sta Y2
.503f	a9 00		lda #$00	        lda #$00
.5041	85 05		sta $05		        sta Y1+1
.5043	85 09		sta $09		        sta Y2+1
.5045	20 15 c0	jsr $c015	        jsr GFX_LINE
.5048	a9 00		lda #$00	        lda #$00
.504a	85 03		sta $03		        sta X1+1
.504c	a9 08		lda #$08	        lda #8
.504e	85 02		sta $02		        sta X1
.5050	a9 00		lda #$00	        lda #$00
.5052	85 07		sta $07		        sta X2+1
.5054	a9 08		lda #$08	        lda #8
.5056	85 06		sta $06		        sta X2
.5058	a9 06		lda #$06	        lda #6
.505a	85 04		sta $04		        sta Y1
.505c	a9 c2		lda #$c2	        lda #6 + 188
.505e	85 08		sta $08		        sta Y2
.5060	a9 00		lda #$00	        lda #$00
.5062	85 05		sta $05		        sta Y1+1
.5064	85 09		sta $09		        sta Y2+1
.5066	20 15 c0	jsr $c015	        jsr GFX_LINE
.5069	a9 01		lda #$01	        lda #$01
.506b	85 03		sta $03		        sta X1+1
.506d	a9 38		lda #$38	        lda #8 + 304-256
.506f	85 02		sta $02		        sta X1
.5071	a9 01		lda #$01	        lda #$01
.5073	85 07		sta $07		        sta X2+1
.5075	a9 38		lda #$38	        lda #8 + 304-256
.5077	85 06		sta $06		        sta X2
.5079	a9 06		lda #$06	        lda #6
.507b	85 04		sta $04		        sta Y1
.507d	a9 c2		lda #$c2	        lda #6 + 188
.507f	85 08		sta $08		        sta Y2
.5081	a9 00		lda #$00	        lda #$00
.5083	85 05		sta $05		        sta Y1+1
.5085	85 09		sta $09		        sta Y2+1
.5087	20 15 c0	jsr $c015	        jsr GFX_LINE
.508a	a9 00		lda #$00	        lda #$00
.508c	85 03		sta $03		        sta X1+1
.508e	a9 0d		lda #$0d	        lda #8+5
.5090	85 02		sta $02		        sta X1
.5092	a9 01		lda #$01	        lda #$01
.5094	85 07		sta $07		        sta X2+1
.5096	a9 3d		lda #$3d	        lda #8+304+5-256
.5098	85 06		sta $06		        sta X2
.509a	a9 c3		lda #$c3	        lda #6+188+1
.509c	85 04		sta $04		        sta Y1
.509e	a9 c3		lda #$c3	        lda #6+188+1
.50a0	85 08		sta $08		        sta Y2
.50a2	a9 00		lda #$00	        lda #$00
.50a4	85 05		sta $05		        sta Y1+1
.50a6	85 09		sta $09		        sta Y2+1
.50a8	20 15 c0	jsr $c015	        jsr GFX_LINE
.50ab	a9 00		lda #$00	        lda #$00
.50ad	85 03		sta $03		        sta X1+1
.50af	a9 0d		lda #$0d	        lda #8+5
.50b1	85 02		sta $02		        sta X1
.50b3	a9 01		lda #$01	        lda #$01
.50b5	85 07		sta $07		        sta X2+1
.50b7	a9 3d		lda #$3d	        lda #8+304+5-256
.50b9	85 06		sta $06		        sta X2
.50bb	a9 c4		lda #$c4	        lda #6+188+2
.50bd	85 04		sta $04		        sta Y1
.50bf	a9 c4		lda #$c4	        lda #6+188+2
.50c1	85 08		sta $08		        sta Y2
.50c3	a9 00		lda #$00	        lda #$00
.50c5	85 05		sta $05		        sta Y1+1
.50c7	85 09		sta $09		        sta Y2+1
.50c9	20 15 c0	jsr $c015	        jsr GFX_LINE
.50cc	a9 00		lda #$00	        lda #$00
.50ce	85 03		sta $03		        sta X1+1
.50d0	a9 0d		lda #$0d	        lda #8+5
.50d2	85 02		sta $02		        sta X1
.50d4	a9 01		lda #$01	        lda #$01
.50d6	85 07		sta $07		        sta X2+1
.50d8	a9 3d		lda #$3d	        lda #8+304+5-256
.50da	85 06		sta $06		        sta X2
.50dc	a9 c5		lda #$c5	        lda #6+188+3
.50de	85 04		sta $04		        sta Y1
.50e0	a9 c5		lda #$c5	        lda #6+188+3
.50e2	85 08		sta $08		        sta Y2
.50e4	a9 00		lda #$00	        lda #$00
.50e6	85 05		sta $05		        sta Y1+1
.50e8	85 09		sta $09		        sta Y2+1
.50ea	20 15 c0	jsr $c015	        jsr GFX_LINE
.50ed	a9 00		lda #$00	        lda #$00
.50ef	85 03		sta $03		        sta X1+1
.50f1	a9 0d		lda #$0d	        lda #8+5
.50f3	85 02		sta $02		        sta X1
.50f5	a9 01		lda #$01	        lda #$01
.50f7	85 07		sta $07		        sta X2+1
.50f9	a9 3d		lda #$3d	        lda #8+304+5-256
.50fb	85 06		sta $06		        sta X2
.50fd	a9 c6		lda #$c6	        lda #6+188+4
.50ff	85 04		sta $04		        sta Y1
.5101	a9 c6		lda #$c6	        lda #6+188+4
.5103	85 08		sta $08		        sta Y2
.5105	a9 00		lda #$00	        lda #$00
.5107	85 05		sta $05		        sta Y1+1
.5109	85 09		sta $09		        sta Y2+1
.510b	20 15 c0	jsr $c015	        jsr GFX_LINE
.510e	a9 00		lda #$00	        lda #$00
.5110	85 03		sta $03		        sta X1+1
.5112	a9 0d		lda #$0d	        lda #8+5
.5114	85 02		sta $02		        sta X1
.5116	a9 01		lda #$01	        lda #$01
.5118	85 07		sta $07		        sta X2+1
.511a	a9 3d		lda #$3d	        lda #8+304+5-256
.511c	85 06		sta $06		        sta X2
.511e	a9 c7		lda #$c7	        lda #6+188+5
.5120	85 04		sta $04		        sta Y1
.5122	a9 c7		lda #$c7	        lda #6+188+5
.5124	85 08		sta $08		        sta Y2
.5126	a9 00		lda #$00	        lda #$00
.5128	85 05		sta $05		        sta Y1+1
.512a	85 09		sta $09		        sta Y2+1
.512c	20 15 c0	jsr $c015	        jsr GFX_LINE
.512f	a9 01		lda #$01	        lda #$01
.5131	85 03		sta $03		        sta X1+1
.5133	a9 39		lda #$39	        lda #8+304+1-256
.5135	85 02		sta $02		        sta X1
.5137	a9 01		lda #$01	        lda #$01
.5139	85 07		sta $07		        sta X2+1
.513b	a9 39		lda #$39	        lda #8+304+1-256
.513d	85 06		sta $06		        sta X2
.513f	a9 0b		lda #$0b	        lda #6+5
.5141	85 04		sta $04		        sta Y1
.5143	a9 c7		lda #$c7	        lda #6+188+5
.5145	85 08		sta $08		        sta Y2
.5147	a9 00		lda #$00	        lda #$00
.5149	85 05		sta $05		        sta Y1+1
.514b	85 09		sta $09		        sta Y2+1
.514d	20 15 c0	jsr $c015	        jsr GFX_LINE
.5150	a9 01		lda #$01	        lda #$01
.5152	85 03		sta $03		        sta X1+1
.5154	a9 3a		lda #$3a	        lda #8+304+2-256
.5156	85 02		sta $02		        sta X1
.5158	a9 01		lda #$01	        lda #$01
.515a	85 07		sta $07		        sta X2+1
.515c	a9 3a		lda #$3a	        lda #8+304+2-256
.515e	85 06		sta $06		        sta X2
.5160	a9 0b		lda #$0b	        lda #6+5
.5162	85 04		sta $04		        sta Y1
.5164	a9 c7		lda #$c7	        lda #6+188+5
.5166	85 08		sta $08		        sta Y2
.5168	a9 00		lda #$00	        lda #$00
.516a	85 05		sta $05		        sta Y1+1
.516c	85 09		sta $09		        sta Y2+1
.516e	20 15 c0	jsr $c015	        jsr GFX_LINE
.5171	a9 01		lda #$01	        lda #$01
.5173	85 03		sta $03		        sta X1+1
.5175	a9 3b		lda #$3b	        lda #8+304+3-256
.5177	85 02		sta $02		        sta X1
.5179	a9 01		lda #$01	        lda #$01
.517b	85 07		sta $07		        sta X2+1
.517d	a9 3b		lda #$3b	        lda #8+304+3-256
.517f	85 06		sta $06		        sta X2
.5181	a9 0b		lda #$0b	        lda #6+5
.5183	85 04		sta $04		        sta Y1
.5185	a9 c7		lda #$c7	        lda #6+188+5
.5187	85 08		sta $08		        sta Y2
.5189	a9 00		lda #$00	        lda #$00
.518b	85 05		sta $05		        sta Y1+1
.518d	85 09		sta $09		        sta Y2+1
.518f	20 15 c0	jsr $c015	        jsr GFX_LINE
.5192	a9 01		lda #$01	        lda #$01
.5194	85 03		sta $03		        sta X1+1
.5196	a9 3c		lda #$3c	        lda #8+304+4-256
.5198	85 02		sta $02		        sta X1
.519a	a9 01		lda #$01	        lda #$01
.519c	85 07		sta $07		        sta X2+1
.519e	a9 3c		lda #$3c	        lda #8+304+4-256
.51a0	85 06		sta $06		        sta X2
.51a2	a9 0b		lda #$0b	        lda #6+5
.51a4	85 04		sta $04		        sta Y1
.51a6	a9 c7		lda #$c7	        lda #6+188+5
.51a8	85 08		sta $08		        sta Y2
.51aa	a9 00		lda #$00	        lda #$00
.51ac	85 05		sta $05		        sta Y1+1
.51ae	85 09		sta $09		        sta Y2+1
.51b0	20 15 c0	jsr $c015	        jsr GFX_LINE
.51b3	a9 01		lda #$01	        lda #$01
.51b5	85 03		sta $03		        sta X1+1
.51b7	a9 3d		lda #$3d	        lda #8+304+5-256
.51b9	85 02		sta $02		        sta X1
.51bb	a9 01		lda #$01	        lda #$01
.51bd	85 07		sta $07		        sta X2+1
.51bf	a9 3d		lda #$3d	        lda #8+304+5-256
.51c1	85 06		sta $06		        sta X2
.51c3	a9 0b		lda #$0b	        lda #6+5
.51c5	85 04		sta $04		        sta Y1
.51c7	a9 c7		lda #$c7	        lda #6+188+5
.51c9	85 08		sta $08		        sta Y2
.51cb	a9 00		lda #$00	        lda #$00
.51cd	85 05		sta $05		        sta Y1+1
.51cf	85 09		sta $09		        sta Y2+1
.51d1	20 15 c0	jsr $c015	        jsr GFX_LINE
.51d4	a9 10		lda #$10	    lda #16
.51d6	85 02		sta $02		    sta X1
.51d8	a9 00		lda #$00	    lda #$00
.51da	85 03		sta $03		    sta X1+1
.51dc	c8		iny		    iny
.51dd	a9 0c		lda #$0c	    lda #12
.51df	85 04		sta $04		    sta Y1
.51e1	a9 d7		lda #$d7	    lda #<ed_title
.51e3	85 14		sta $14		    sta r9L
.51e5	a9 56		lda #$56	    lda #>ed_title
.51e7	85 15		sta $15		    sta r9H
.51e9	20 1e c0	jsr $c01e	    jsr GPUTS
.51ec	a9 10		lda #$10	    lda #16
.51ee	85 02		sta $02		    sta X1
.51f0	a9 00		lda #$00	    lda #$00
.51f2	85 03		sta $03		    sta X1+1
.51f4	c8		iny		    iny
.51f5	a9 b6		lda #$b6	    lda #182
.51f7	85 04		sta $04		    sta Y1
.51f9	a9 e3		lda #$e3	    lda #<ed_hint
.51fb	85 14		sta $14		    sta r9L
.51fd	a9 56		lda #$56	    lda #>ed_hint
.51ff	85 15		sta $15		    sta r9H
.5201	20 1e c0	jsr $c01e	    jsr GPUTS
.5204	20 95 55	jsr $5595	        jsr ed_vdclear
.5207	a9 d7		lda #$d7	        lda #<ed_title
.5209	85 14		sta $14		        sta r9L
.520b	a9 56		lda #$56	        lda #>ed_title
.520d	85 15		sta $15		        sta r9H
.520f	a9 02		lda #$02	        lda #$02
.5211	a2 00		ldx #$00	        ldx #$00
.5213	20 35 08	jsr $0835	        jsr VDTEXT
.5216	a9 e3		lda #$e3	        lda #<ed_hint
.5218	85 14		sta $14		        sta r9L
.521a	a9 56		lda #$56	        lda #>ed_hint
.521c	85 15		sta $15		        sta r9H
.521e	a9 17		lda #$17	        lda #$17                        ; row 23
.5220	a2 00		ldx #$00	        ldx #$00
.5222	20 35 08	jsr $0835	        jsr VDTEXT
.5225	20 73 56	jsr $5673	        jsr ed_load                     ; NOTES.T -> edbuf (empty if absent)
.5228	20 c0 52	jsr $52c0	        jsr ed_render
.522b					edloop:
.522b	20 2c 08	jsr $082c	        jsr KEYIN
.522e	c9 00		cmp #$00	        cmp #$00
.5230	f0 f9		beq $522b	        beq edloop
.5232	c9 1b		cmp #$1b	        cmp #$1b                        ; ESC -> desktop
.5234	f0 26		beq $525c	        beq ed_exit
.5236	c9 85		cmp #$85	        cmp #$85                        ; F1 -> save
.5238	f0 1c		beq $5256	        beq _ek_save
.523a	c9 14		cmp #$14	        cmp #$14                        ; DEL -> backspace
.523c	f0 12		beq $5250	        beq _ek_bs
.523e	c9 0d		cmp #$0d	        cmp #$0d                        ; RETURN -> newline
.5240	f0 08		beq $524a	        beq _ek_add
.5242	c9 20		cmp #$20	        cmp #$20                        ; ignore other control codes
.5244	90 e5		bcc $522b	        bcc edloop
.5246	c9 7b		cmp #$7b	        cmp #$7b
.5248	b0 e1		bcs $522b	        bcs edloop
.524a					_ek_add:
.524a	20 77 52	jsr $5277	        jsr ed_addchar
.524d	4c 2b 52	jmp $522b	        jmp edloop
.5250					_ek_bs:
.5250	20 a8 52	jsr $52a8	        jsr ed_backspace
.5253	4c 2b 52	jmp $522b	        jmp edloop
.5256					_ek_save:
.5256	20 b1 55	jsr $55b1	        jsr ed_save
.5259	4c 2b 52	jmp $522b	        jmp edloop
.525c					ed_exit:
.525c	ce 00 9b	dec $9b00	    dec APP_ID_TBL
.525f	ad 00 9b	lda $9b00	    lda APP_ID_TBL
.5262	20 23 08	jsr $0823	        jsr LOAD_IMM
>5265	55 4f 53 2d 44 45 53 4b		        .text "uos-desktop",$00
>526d	54 4f 50 00
.5271	20 26 08	jsr $0826	        jsr APP_LOADER
.5274	4c 00 10	jmp $1000	        jmp DESK_START
.5277					ed_addchar:
.5277	48		pha		        pha
.5278	ad 9c 57	lda $579c	        lda edlen+1                     ; edlen >= EDMAX ?
.527b	c9 03		cmp #$03	        cmp #>EDMAX
.527d	90 09		bcc $5288	        bcc _ea_ok
.527f	ad 9b 57	lda $579b	        lda edlen
.5282	c9 00		cmp #$00	        cmp #<EDMAX
.5284	90 02		bcc $5288	        bcc _ea_ok
.5286	68		pla		        pla                             ; full: drop the key
.5287	60		rts		        rts
.5288					_ea_ok:
.5288	18		clc		        clc
.5289	a9 9d		lda #$9d	        lda #<edbuf
.528b	6d 9b 57	adc $579b	        adc edlen
.528e	85 40		sta $40		        sta edptr
.5290	a9 57		lda #$57	        lda #>edbuf
.5292	6d 9c 57	adc $579c	        adc edlen+1
.5295	85 41		sta $41		        sta edptr+1
.5297	68		pla		        pla
.5298	a0 00		ldy #$00	        ldy #$00
.529a	91 40		sta ($40),y	        sta (edptr),y
.529c	ee 9b 57	inc $579b	        inc edlen
.529f	d0 03		bne $52a4	        bne _ea_r
.52a1	ee 9c 57	inc $579c	        inc edlen+1
.52a4	20 c0 52	jsr $52c0	_ea_r:  jsr ed_render
.52a7	60		rts		        rts
.52a8					ed_backspace:
.52a8	ad 9b 57	lda $579b	        lda edlen
.52ab	0d 9c 57	ora $579c	        ora edlen+1
.52ae	d0 01		bne $52b1	        bne _eb_go
.52b0	60		rts		        rts                             ; empty
.52b1	ad 9b 57	lda $579b	_eb_go: lda edlen
.52b4	d0 03		bne $52b9	        bne _eb_l
.52b6	ce 9c 57	dec $579c	        dec edlen+1
.52b9	ce 9b 57	dec $579b	_eb_l:  dec edlen
.52bc	20 c0 52	jsr $52c0	        jsr ed_render
.52bf	60		rts		        rts
.52c0					ed_render:
=0					    exploc      := 0
=3					    firstrow    := EDY / 8
=23					    lastrow     := (EDY + (MAXLINES*EDLH) - 1) / 8
=0					    row         := 0
=2					    col         := (EDX / 8)
=39					    lastcol     := ((EDX + 296 - 1) / 8) + 1
=296					    memsz       := (lastcol - col) * 8
=41936					        memloc := BITMAP_START + (row * 320) + (col * 8)
.52c0	a9 d0		lda #$d0	        lda #<memloc
.52c2	85 02		sta $02		        sta r0L
.52c4	a9 a3		lda #$a3	        lda #>memloc
.52c6	85 03		sta $03		        sta r0H
.52c8	a9 00		lda #$00	        lda #<exploc
.52ca	85 04		sta $04		        sta r1L
.52cc	a9 00		lda #$00	        lda #>exploc
.52ce	85 05		sta $05		        sta r1H
.52d0	a9 28		lda #$28	        lda #<memsz
.52d2	85 06		sta $06		        sta r2L
.52d4	a9 01		lda #$01	        lda #>memsz
.52d6	85 07		sta $07		        sta r2H
.52d8	20 20 08	jsr $0820	        jsr CLR_RECT
=297					        exploc := exploc + memsz + 1
=42256					        memloc := BITMAP_START + (row * 320) + (col * 8)
.52db	a9 10		lda #$10	        lda #<memloc
.52dd	85 02		sta $02		        sta r0L
.52df	a9 a5		lda #$a5	        lda #>memloc
.52e1	85 03		sta $03		        sta r0H
.52e3	a9 29		lda #$29	        lda #<exploc
.52e5	85 04		sta $04		        sta r1L
.52e7	a9 01		lda #$01	        lda #>exploc
.52e9	85 05		sta $05		        sta r1H
.52eb	a9 28		lda #$28	        lda #<memsz
.52ed	85 06		sta $06		        sta r2L
.52ef	a9 01		lda #$01	        lda #>memsz
.52f1	85 07		sta $07		        sta r2H
.52f3	20 20 08	jsr $0820	        jsr CLR_RECT
=594					        exploc := exploc + memsz + 1
=42576					        memloc := BITMAP_START + (row * 320) + (col * 8)
.52f6	a9 50		lda #$50	        lda #<memloc
.52f8	85 02		sta $02		        sta r0L
.52fa	a9 a6		lda #$a6	        lda #>memloc
.52fc	85 03		sta $03		        sta r0H
.52fe	a9 52		lda #$52	        lda #<exploc
.5300	85 04		sta $04		        sta r1L
.5302	a9 02		lda #$02	        lda #>exploc
.5304	85 05		sta $05		        sta r1H
.5306	a9 28		lda #$28	        lda #<memsz
.5308	85 06		sta $06		        sta r2L
.530a	a9 01		lda #$01	        lda #>memsz
.530c	85 07		sta $07		        sta r2H
.530e	20 20 08	jsr $0820	        jsr CLR_RECT
=891					        exploc := exploc + memsz + 1
=42896					        memloc := BITMAP_START + (row * 320) + (col * 8)
.5311	a9 90		lda #$90	        lda #<memloc
.5313	85 02		sta $02		        sta r0L
.5315	a9 a7		lda #$a7	        lda #>memloc
.5317	85 03		sta $03		        sta r0H
.5319	a9 7b		lda #$7b	        lda #<exploc
.531b	85 04		sta $04		        sta r1L
.531d	a9 03		lda #$03	        lda #>exploc
.531f	85 05		sta $05		        sta r1H
.5321	a9 28		lda #$28	        lda #<memsz
.5323	85 06		sta $06		        sta r2L
.5325	a9 01		lda #$01	        lda #>memsz
.5327	85 07		sta $07		        sta r2H
.5329	20 20 08	jsr $0820	        jsr CLR_RECT
=1188					        exploc := exploc + memsz + 1
=43216					        memloc := BITMAP_START + (row * 320) + (col * 8)
.532c	a9 d0		lda #$d0	        lda #<memloc
.532e	85 02		sta $02		        sta r0L
.5330	a9 a8		lda #$a8	        lda #>memloc
.5332	85 03		sta $03		        sta r0H
.5334	a9 a4		lda #$a4	        lda #<exploc
.5336	85 04		sta $04		        sta r1L
.5338	a9 04		lda #$04	        lda #>exploc
.533a	85 05		sta $05		        sta r1H
.533c	a9 28		lda #$28	        lda #<memsz
.533e	85 06		sta $06		        sta r2L
.5340	a9 01		lda #$01	        lda #>memsz
.5342	85 07		sta $07		        sta r2H
.5344	20 20 08	jsr $0820	        jsr CLR_RECT
=1485					        exploc := exploc + memsz + 1
=43536					        memloc := BITMAP_START + (row * 320) + (col * 8)
.5347	a9 10		lda #$10	        lda #<memloc
.5349	85 02		sta $02		        sta r0L
.534b	a9 aa		lda #$aa	        lda #>memloc
.534d	85 03		sta $03		        sta r0H
.534f	a9 cd		lda #$cd	        lda #<exploc
.5351	85 04		sta $04		        sta r1L
.5353	a9 05		lda #$05	        lda #>exploc
.5355	85 05		sta $05		        sta r1H
.5357	a9 28		lda #$28	        lda #<memsz
.5359	85 06		sta $06		        sta r2L
.535b	a9 01		lda #$01	        lda #>memsz
.535d	85 07		sta $07		        sta r2H
.535f	20 20 08	jsr $0820	        jsr CLR_RECT
=1782					        exploc := exploc + memsz + 1
=43856					        memloc := BITMAP_START + (row * 320) + (col * 8)
.5362	a9 50		lda #$50	        lda #<memloc
.5364	85 02		sta $02		        sta r0L
.5366	a9 ab		lda #$ab	        lda #>memloc
.5368	85 03		sta $03		        sta r0H
.536a	a9 f6		lda #$f6	        lda #<exploc
.536c	85 04		sta $04		        sta r1L
.536e	a9 06		lda #$06	        lda #>exploc
.5370	85 05		sta $05		        sta r1H
.5372	a9 28		lda #$28	        lda #<memsz
.5374	85 06		sta $06		        sta r2L
.5376	a9 01		lda #$01	        lda #>memsz
.5378	85 07		sta $07		        sta r2H
.537a	20 20 08	jsr $0820	        jsr CLR_RECT
=2079					        exploc := exploc + memsz + 1
=44176					        memloc := BITMAP_START + (row * 320) + (col * 8)
.537d	a9 90		lda #$90	        lda #<memloc
.537f	85 02		sta $02		        sta r0L
.5381	a9 ac		lda #$ac	        lda #>memloc
.5383	85 03		sta $03		        sta r0H
.5385	a9 1f		lda #$1f	        lda #<exploc
.5387	85 04		sta $04		        sta r1L
.5389	a9 08		lda #$08	        lda #>exploc
.538b	85 05		sta $05		        sta r1H
.538d	a9 28		lda #$28	        lda #<memsz
.538f	85 06		sta $06		        sta r2L
.5391	a9 01		lda #$01	        lda #>memsz
.5393	85 07		sta $07		        sta r2H
.5395	20 20 08	jsr $0820	        jsr CLR_RECT
=2376					        exploc := exploc + memsz + 1
=44496					        memloc := BITMAP_START + (row * 320) + (col * 8)
.5398	a9 d0		lda #$d0	        lda #<memloc
.539a	85 02		sta $02		        sta r0L
.539c	a9 ad		lda #$ad	        lda #>memloc
.539e	85 03		sta $03		        sta r0H
.53a0	a9 48		lda #$48	        lda #<exploc
.53a2	85 04		sta $04		        sta r1L
.53a4	a9 09		lda #$09	        lda #>exploc
.53a6	85 05		sta $05		        sta r1H
.53a8	a9 28		lda #$28	        lda #<memsz
.53aa	85 06		sta $06		        sta r2L
.53ac	a9 01		lda #$01	        lda #>memsz
.53ae	85 07		sta $07		        sta r2H
.53b0	20 20 08	jsr $0820	        jsr CLR_RECT
=2673					        exploc := exploc + memsz + 1
=44816					        memloc := BITMAP_START + (row * 320) + (col * 8)
.53b3	a9 10		lda #$10	        lda #<memloc
.53b5	85 02		sta $02		        sta r0L
.53b7	a9 af		lda #$af	        lda #>memloc
.53b9	85 03		sta $03		        sta r0H
.53bb	a9 71		lda #$71	        lda #<exploc
.53bd	85 04		sta $04		        sta r1L
.53bf	a9 0a		lda #$0a	        lda #>exploc
.53c1	85 05		sta $05		        sta r1H
.53c3	a9 28		lda #$28	        lda #<memsz
.53c5	85 06		sta $06		        sta r2L
.53c7	a9 01		lda #$01	        lda #>memsz
.53c9	85 07		sta $07		        sta r2H
.53cb	20 20 08	jsr $0820	        jsr CLR_RECT
=2970					        exploc := exploc + memsz + 1
=45136					        memloc := BITMAP_START + (row * 320) + (col * 8)
.53ce	a9 50		lda #$50	        lda #<memloc
.53d0	85 02		sta $02		        sta r0L
.53d2	a9 b0		lda #$b0	        lda #>memloc
.53d4	85 03		sta $03		        sta r0H
.53d6	a9 9a		lda #$9a	        lda #<exploc
.53d8	85 04		sta $04		        sta r1L
.53da	a9 0b		lda #$0b	        lda #>exploc
.53dc	85 05		sta $05		        sta r1H
.53de	a9 28		lda #$28	        lda #<memsz
.53e0	85 06		sta $06		        sta r2L
.53e2	a9 01		lda #$01	        lda #>memsz
.53e4	85 07		sta $07		        sta r2H
.53e6	20 20 08	jsr $0820	        jsr CLR_RECT
=3267					        exploc := exploc + memsz + 1
=45456					        memloc := BITMAP_START + (row * 320) + (col * 8)
.53e9	a9 90		lda #$90	        lda #<memloc
.53eb	85 02		sta $02		        sta r0L
.53ed	a9 b1		lda #$b1	        lda #>memloc
.53ef	85 03		sta $03		        sta r0H
.53f1	a9 c3		lda #$c3	        lda #<exploc
.53f3	85 04		sta $04		        sta r1L
.53f5	a9 0c		lda #$0c	        lda #>exploc
.53f7	85 05		sta $05		        sta r1H
.53f9	a9 28		lda #$28	        lda #<memsz
.53fb	85 06		sta $06		        sta r2L
.53fd	a9 01		lda #$01	        lda #>memsz
.53ff	85 07		sta $07		        sta r2H
.5401	20 20 08	jsr $0820	        jsr CLR_RECT
=3564					        exploc := exploc + memsz + 1
=45776					        memloc := BITMAP_START + (row * 320) + (col * 8)
.5404	a9 d0		lda #$d0	        lda #<memloc
.5406	85 02		sta $02		        sta r0L
.5408	a9 b2		lda #$b2	        lda #>memloc
.540a	85 03		sta $03		        sta r0H
.540c	a9 ec		lda #$ec	        lda #<exploc
.540e	85 04		sta $04		        sta r1L
.5410	a9 0d		lda #$0d	        lda #>exploc
.5412	85 05		sta $05		        sta r1H
.5414	a9 28		lda #$28	        lda #<memsz
.5416	85 06		sta $06		        sta r2L
.5418	a9 01		lda #$01	        lda #>memsz
.541a	85 07		sta $07		        sta r2H
.541c	20 20 08	jsr $0820	        jsr CLR_RECT
=3861					        exploc := exploc + memsz + 1
=46096					        memloc := BITMAP_START + (row * 320) + (col * 8)
.541f	a9 10		lda #$10	        lda #<memloc
.5421	85 02		sta $02		        sta r0L
.5423	a9 b4		lda #$b4	        lda #>memloc
.5425	85 03		sta $03		        sta r0H
.5427	a9 15		lda #$15	        lda #<exploc
.5429	85 04		sta $04		        sta r1L
.542b	a9 0f		lda #$0f	        lda #>exploc
.542d	85 05		sta $05		        sta r1H
.542f	a9 28		lda #$28	        lda #<memsz
.5431	85 06		sta $06		        sta r2L
.5433	a9 01		lda #$01	        lda #>memsz
.5435	85 07		sta $07		        sta r2H
.5437	20 20 08	jsr $0820	        jsr CLR_RECT
=4158					        exploc := exploc + memsz + 1
=46416					        memloc := BITMAP_START + (row * 320) + (col * 8)
.543a	a9 50		lda #$50	        lda #<memloc
.543c	85 02		sta $02		        sta r0L
.543e	a9 b5		lda #$b5	        lda #>memloc
.5440	85 03		sta $03		        sta r0H
.5442	a9 3e		lda #$3e	        lda #<exploc
.5444	85 04		sta $04		        sta r1L
.5446	a9 10		lda #$10	        lda #>exploc
.5448	85 05		sta $05		        sta r1H
.544a	a9 28		lda #$28	        lda #<memsz
.544c	85 06		sta $06		        sta r2L
.544e	a9 01		lda #$01	        lda #>memsz
.5450	85 07		sta $07		        sta r2H
.5452	20 20 08	jsr $0820	        jsr CLR_RECT
=4455					        exploc := exploc + memsz + 1
=46736					        memloc := BITMAP_START + (row * 320) + (col * 8)
.5455	a9 90		lda #$90	        lda #<memloc
.5457	85 02		sta $02		        sta r0L
.5459	a9 b6		lda #$b6	        lda #>memloc
.545b	85 03		sta $03		        sta r0H
.545d	a9 67		lda #$67	        lda #<exploc
.545f	85 04		sta $04		        sta r1L
.5461	a9 11		lda #$11	        lda #>exploc
.5463	85 05		sta $05		        sta r1H
.5465	a9 28		lda #$28	        lda #<memsz
.5467	85 06		sta $06		        sta r2L
.5469	a9 01		lda #$01	        lda #>memsz
.546b	85 07		sta $07		        sta r2H
.546d	20 20 08	jsr $0820	        jsr CLR_RECT
=4752					        exploc := exploc + memsz + 1
=47056					        memloc := BITMAP_START + (row * 320) + (col * 8)
.5470	a9 d0		lda #$d0	        lda #<memloc
.5472	85 02		sta $02		        sta r0L
.5474	a9 b7		lda #$b7	        lda #>memloc
.5476	85 03		sta $03		        sta r0H
.5478	a9 90		lda #$90	        lda #<exploc
.547a	85 04		sta $04		        sta r1L
.547c	a9 12		lda #$12	        lda #>exploc
.547e	85 05		sta $05		        sta r1H
.5480	a9 28		lda #$28	        lda #<memsz
.5482	85 06		sta $06		        sta r2L
.5484	a9 01		lda #$01	        lda #>memsz
.5486	85 07		sta $07		        sta r2H
.5488	20 20 08	jsr $0820	        jsr CLR_RECT
=5049					        exploc := exploc + memsz + 1
=47376					        memloc := BITMAP_START + (row * 320) + (col * 8)
.548b	a9 10		lda #$10	        lda #<memloc
.548d	85 02		sta $02		        sta r0L
.548f	a9 b9		lda #$b9	        lda #>memloc
.5491	85 03		sta $03		        sta r0H
.5493	a9 b9		lda #$b9	        lda #<exploc
.5495	85 04		sta $04		        sta r1L
.5497	a9 13		lda #$13	        lda #>exploc
.5499	85 05		sta $05		        sta r1H
.549b	a9 28		lda #$28	        lda #<memsz
.549d	85 06		sta $06		        sta r2L
.549f	a9 01		lda #$01	        lda #>memsz
.54a1	85 07		sta $07		        sta r2H
.54a3	20 20 08	jsr $0820	        jsr CLR_RECT
=5346					        exploc := exploc + memsz + 1
=47696					        memloc := BITMAP_START + (row * 320) + (col * 8)
.54a6	a9 50		lda #$50	        lda #<memloc
.54a8	85 02		sta $02		        sta r0L
.54aa	a9 ba		lda #$ba	        lda #>memloc
.54ac	85 03		sta $03		        sta r0H
.54ae	a9 e2		lda #$e2	        lda #<exploc
.54b0	85 04		sta $04		        sta r1L
.54b2	a9 14		lda #$14	        lda #>exploc
.54b4	85 05		sta $05		        sta r1H
.54b6	a9 28		lda #$28	        lda #<memsz
.54b8	85 06		sta $06		        sta r2L
.54ba	a9 01		lda #$01	        lda #>memsz
.54bc	85 07		sta $07		        sta r2H
.54be	20 20 08	jsr $0820	        jsr CLR_RECT
=5643					        exploc := exploc + memsz + 1
=48016					        memloc := BITMAP_START + (row * 320) + (col * 8)
.54c1	a9 90		lda #$90	        lda #<memloc
.54c3	85 02		sta $02		        sta r0L
.54c5	a9 bb		lda #$bb	        lda #>memloc
.54c7	85 03		sta $03		        sta r0H
.54c9	a9 0b		lda #$0b	        lda #<exploc
.54cb	85 04		sta $04		        sta r1L
.54cd	a9 16		lda #$16	        lda #>exploc
.54cf	85 05		sta $05		        sta r1H
.54d1	a9 28		lda #$28	        lda #<memsz
.54d3	85 06		sta $06		        sta r2L
.54d5	a9 01		lda #$01	        lda #>memsz
.54d7	85 07		sta $07		        sta r2H
.54d9	20 20 08	jsr $0820	        jsr CLR_RECT
=5940					        exploc := exploc + memsz + 1
=48336					        memloc := BITMAP_START + (row * 320) + (col * 8)
.54dc	a9 d0		lda #$d0	        lda #<memloc
.54de	85 02		sta $02		        sta r0L
.54e0	a9 bc		lda #$bc	        lda #>memloc
.54e2	85 03		sta $03		        sta r0H
.54e4	a9 34		lda #$34	        lda #<exploc
.54e6	85 04		sta $04		        sta r1L
.54e8	a9 17		lda #$17	        lda #>exploc
.54ea	85 05		sta $05		        sta r1H
.54ec	a9 28		lda #$28	        lda #<memsz
.54ee	85 06		sta $06		        sta r2L
.54f0	a9 01		lda #$01	        lda #>memsz
.54f2	85 07		sta $07		        sta r2H
.54f4	20 20 08	jsr $0820	        jsr CLR_RECT
=6237					        exploc := exploc + memsz + 1
.54f7	a9 03		lda #$03	        lda #$03                        ; clear VDC text rows 3..20
.54f9	20 a4 55	jsr $55a4	        jsr ed_vdrows
.54fc	a9 9d		lda #$9d	        lda #<edbuf
.54fe	85 40		sta $40		        sta edptr
.5500	a9 57		lda #$57	        lda #>edbuf
.5502	85 41		sta $41		        sta edptr+1
.5504	a9 00		lda #$00	        lda #$00
.5506	85 42		sta $42		        sta ecnt
.5508	85 43		sta $43		        sta ecnt+1
.550a	85 44		sta $44		        sta eline
.550c					_er_line:
.550c	a2 00		ldx #$00	        ldx #$00                        ; elbuf index
.550e					_er_ch:
.550e	a5 43		lda $43		        lda ecnt+1                      ; ecnt >= edlen ?  (end of buffer)
.5510	cd 9c 57	cmp $579c	        cmp edlen+1
.5513	90 09		bcc $551e	        bcc _er_more
.5515	d0 36		bne $554d	        bne _er_last
.5517	a5 42		lda $42		        lda ecnt
.5519	cd 9b 57	cmp $579b	        cmp edlen
.551c	b0 2f		bcs $554d	        bcs _er_last
.551e					_er_more:
.551e	a0 00		ldy #$00	        ldy #$00
.5520	b1 40		lda ($40),y	        lda (edptr),y
.5522	e6 40		inc $40		        inc edptr
.5524	d0 02		bne $5528	        bne _er_i1
.5526	e6 41		inc $41		        inc edptr+1
.5528	e6 42		inc $42		_er_i1: inc ecnt
.552a	d0 02		bne $552e	        bne _er_i2
.552c	e6 43		inc $43		        inc ecnt+1
.552e	c9 0d		cmp #$0d	_er_i2: cmp #$0d                        ; newline ends the line
.5530	f0 08		beq $553a	        beq _er_draw
.5532	9d 73 57	sta $5773,x	        sta elbuf,x
.5535	e8		inx		        inx
.5536	e0 26		cpx #$26	        cpx #LW
.5538	90 d4		bcc $550e	        bcc _er_ch
.553a					_er_draw:
.553a	a9 00		lda #$00	        lda #$00
.553c	9d 73 57	sta $5773,x	        sta elbuf,x
.553f	20 5a 55	jsr $555a	        jsr ed_drawline
.5542	e6 44		inc $44		        inc eline
.5544	a5 44		lda $44		        lda eline
.5546	c9 12		cmp #$12	        cmp #MAXLINES
.5548	b0 0f		bcs $5559	        bcs _er_done
.554a	4c 0c 55	jmp $550c	        jmp _er_line
.554d					_er_last:
.554d	a9 00		lda #$00	        lda #$00
.554f	9d 73 57	sta $5773,x	        sta elbuf,x
.5552	e0 00		cpx #$00	        cpx #$00
.5554	f0 03		beq $5559	        beq _er_done                    ; nothing left on the last line
.5556	20 5a 55	jsr $555a	        jsr ed_drawline
.5559					_er_done:
.5559	60		rts		        rts
.555a					ed_drawline:
.555a	86 46		stx $46		        stx elx                         ; GPUTS clobbers X
.555c	a9 10		lda #$10	        lda #EDX
.555e	85 02		sta $02		        sta X1
.5560	a9 00		lda #$00	        lda #$00
.5562	85 03		sta $03		        sta X1+1
.5564	a5 44		lda $44		        lda eline                       ; Y1 = EDY + eline*EDLH (9 = 8+1)
.5566	0a		asl a		        asl
.5567	0a		asl a		        asl
.5568	0a		asl a		        asl
.5569	85 45		sta $45		        sta etmp                        ; eline*8
.556b	a5 44		lda $44		        lda eline
.556d	18		clc		        clc
.556e	65 45		adc $45		        adc etmp                        ; +eline -> *9
.5570	18		clc		        clc
.5571	69 18		adc #$18	        adc #EDY
.5573	85 04		sta $04		        sta Y1
.5575	a9 73		lda #$73	        lda #<elbuf
.5577	85 14		sta $14		        sta r9L
.5579	a9 57		lda #$57	        lda #>elbuf
.557b	85 15		sta $15		        sta r9H
.557d	20 1e c0	jsr $c01e	        jsr GPUTS
.5580	a9 73		lda #$73	        lda #<elbuf
.5582	85 14		sta $14		        sta r9L
.5584	a9 57		lda #$57	        lda #>elbuf
.5586	85 15		sta $15		        sta r9H
.5588	18		clc		        clc
.5589	a5 44		lda $44		        lda eline
.558b	69 03		adc #$03	        adc #$03                        ; VDC text rows start at 3
.558d	a2 02		ldx #$02	        ldx #$02
.558f	20 35 08	jsr $0835	        jsr VDTEXT
.5592	a6 46		ldx $46		        ldx elx
.5594	60		rts		        rts
.5595					ed_vdclear:
.5595	a9 02		lda #$02	        lda #$02
.5597	48		pha		_evc_l: pha
.5598	20 38 08	jsr $0838	        jsr VDCLR
.559b	68		pla		        pla
.559c	18		clc		        clc
.559d	69 01		adc #$01	        adc #$01
.559f	c9 18		cmp #$18	        cmp #24
.55a1	d0 f4		bne $5597	        bne _evc_l
.55a3	60		rts		        rts
.55a4					ed_vdrows:
.55a4	48		pha		_evr_l: pha
.55a5	20 38 08	jsr $0838	        jsr VDCLR
.55a8	68		pla		        pla
.55a9	18		clc		        clc
.55aa	69 01		adc #$01	        adc #$01
.55ac	c9 15		cmp #$15	        cmp #21
.55ae	d0 f4		bne $55a4	        bne _evr_l
.55b0	60		rts		        rts
.55b1					ed_save:
.55b1	20 1a 56	jsr $561a	        jsr ed_scratch                  ; remove any existing NOTES.T first
.55b4	a9 02		lda #$02	        lda #$02
.55b6	a6 ba		ldx $ba		        ldx $ba                         ; last-used device
.55b8	a0 02		ldy #$02	        ldy #$02
.55ba	20 ba ff	jsr $ffba	        jsr SETLFS
.55bd	a9 0b		lda #$0b	        lda #savenamL
.55bf	a2 49		ldx #$49	        ldx #<savename
.55c1	a0 57		ldy #$57	        ldy #>savename
.55c3	20 bd ff	jsr $ffbd	        jsr SETNAM
.55c6	20 c0 ff	jsr $ffc0	        jsr OPEN
.55c9	a2 02		ldx #$02	        ldx #$02
.55cb	20 c9 ff	jsr $ffc9	        jsr CHKOUT
.55ce	a9 9d		lda #$9d	        lda #<edbuf
.55d0	85 40		sta $40		        sta edptr
.55d2	a9 57		lda #$57	        lda #>edbuf
.55d4	85 41		sta $41		        sta edptr+1
.55d6	a9 00		lda #$00	        lda #$00
.55d8	85 42		sta $42		        sta ecnt
.55da	85 43		sta $43		        sta ecnt+1
.55dc	a5 43		lda $43		_sv_l:  lda ecnt+1
.55de	cd 9c 57	cmp $579c	        cmp edlen+1
.55e1	90 09		bcc $55ec	        bcc _sv_w
.55e3	d0 1d		bne $5602	        bne _sv_d
.55e5	a5 42		lda $42		        lda ecnt
.55e7	cd 9b 57	cmp $579b	        cmp edlen
.55ea	b0 16		bcs $5602	        bcs _sv_d
.55ec	a0 00		ldy #$00	_sv_w:  ldy #$00
.55ee	b1 40		lda ($40),y	        lda (edptr),y
.55f0	20 d2 ff	jsr $ffd2	        jsr CHROUT
.55f3	e6 40		inc $40		        inc edptr
.55f5	d0 02		bne $55f9	        bne _sv_i1
.55f7	e6 41		inc $41		        inc edptr+1
.55f9	e6 42		inc $42		_sv_i1: inc ecnt
.55fb	d0 df		bne $55dc	        bne _sv_l
.55fd	e6 43		inc $43		        inc ecnt+1
.55ff	4c dc 55	jmp $55dc	        jmp _sv_l
.5602	20 cc ff	jsr $ffcc	_sv_d:  jsr CLRCHN
.5605	a9 02		lda #$02	        lda #$02
.5607	20 c3 ff	jsr $ffc3	        jsr CLOSE
.560a	a9 15		lda #$15	        lda #<ed_saved                  ; status on the VDC hint row
.560c	85 14		sta $14		        sta r9L
.560e	a9 57		lda #$57	        lda #>ed_saved
.5610	85 15		sta $15		        sta r9H
.5612	a9 17		lda #$17	        lda #$17
.5614	a2 00		ldx #$00	        ldx #$00
.5616	20 35 08	jsr $0835	        jsr VDTEXT
.5619	60		rts		        rts
.561a					ed_scratch:
.561a	a9 0f		lda #$0f	        lda #$0f
.561c	a6 ba		ldx $ba		        ldx $ba
.561e	a0 0f		ldy #$0f	        ldy #$0f
.5620	20 ba ff	jsr $ffba	        jsr SETLFS
.5623	a9 0a		lda #$0a	        lda #scrnamL
.5625	a2 5f		ldx #$5f	        ldx #<scrname
.5627	a0 57		ldy #$57	        ldy #>scrname
.5629	20 bd ff	jsr $ffbd	        jsr SETNAM
.562c	20 c0 ff	jsr $ffc0	        jsr OPEN
.562f	a9 0f		lda #$0f	        lda #$0f
.5631	20 c3 ff	jsr $ffc3	        jsr CLOSE
.5634	60		rts		        rts
.5635					ed_exists:
.5635	a9 03		lda #$03	        lda #$03                         ; own logical file (not 2) so the
.5637	a6 ba		ldx $ba		        ldx $ba                          ; file channel ed_load reopens is
.5639	a0 00		ldy #$00	        ldy #$00                         ; untouched
.563b	20 ba ff	jsr $ffba	        jsr SETLFS
.563e	a9 0a		lda #$0a	        lda #dirpatL
.5640	a2 69		ldx #$69	        ldx #<dirpat
.5642	a0 57		ldy #$57	        ldy #>dirpat
.5644	20 bd ff	jsr $ffbd	        jsr SETNAM
.5647	20 c0 ff	jsr $ffc0	        jsr OPEN
.564a	a2 03		ldx #$03	        ldx #$03
.564c	20 c6 ff	jsr $ffc6	        jsr CHKIN
.564f	a9 00		lda #$00	        lda #$00
.5651	85 45		sta $45		        sta etmp                        ; quote count
.5653	20 b7 ff	jsr $ffb7	_ex_l:  jsr READST
.5656	29 40		and #$40	        and #$40
.5658	d0 0c		bne $5666	        bne _ex_e
.565a	20 cf ff	jsr $ffcf	        jsr CHRIN
.565d	c9 22		cmp #$22	        cmp #$22                        ; '"'
.565f	d0 f2		bne $5653	        bne _ex_l
.5661	e6 45		inc $45		        inc etmp
.5663	4c 53 56	jmp $5653	        jmp _ex_l
.5666	20 cc ff	jsr $ffcc	_ex_e:  jsr CLRCHN
.5669	a9 03		lda #$03	        lda #$03
.566b	20 c3 ff	jsr $ffc3	        jsr CLOSE
.566e	a5 45		lda $45		        lda etmp
.5670	c9 03		cmp #$03	        cmp #$03                        ; >=3 quotes -> >=2 quoted entries
.5672	60		rts		        rts
.5673					ed_load:
.5673	a9 00		lda #$00	        lda #$00
.5675	8d 9b 57	sta $579b	        sta edlen
.5678	8d 9c 57	sta $579c	        sta edlen+1
.567b	20 35 56	jsr $5635	        jsr ed_exists
.567e	b0 01		bcs $5681	        bcs _ld_open
.5680	60		rts		        rts                             ; no NOTES.T: leave the buffer empty
.5681					_ld_open:
.5681	a9 02		lda #$02	        lda #$02
.5683	a6 ba		ldx $ba		        ldx $ba
.5685	a0 02		ldy #$02	        ldy #$02
.5687	20 ba ff	jsr $ffba	        jsr SETLFS
.568a	a9 0b		lda #$0b	        lda #loadnamL
.568c	a2 54		ldx #$54	        ldx #<loadname
.568e	a0 57		ldy #$57	        ldy #>loadname
.5690	20 bd ff	jsr $ffbd	        jsr SETNAM
.5693	20 c0 ff	jsr $ffc0	        jsr OPEN
.5696	a2 02		ldx #$02	        ldx #$02
.5698	20 c6 ff	jsr $ffc6	        jsr CHKIN
.569b	a9 9d		lda #$9d	        lda #<edbuf
.569d	85 40		sta $40		        sta edptr
.569f	a9 57		lda #$57	        lda #>edbuf
.56a1	85 41		sta $41		        sta edptr+1
.56a3	a9 00		lda #$00	        lda #$00
.56a5	85 47		sta $47		        sta edcnt
.56a7	a2 03		ldx #$03	        ldx #EDPAGES
.56a9	a0 00		ldy #$00	_ld_pg: ldy #$00
.56ab	20 cf ff	jsr $ffcf	_ld_l:  jsr CHRIN
.56ae	a0 00		ldy #$00	        ldy #$00
.56b0	91 40		sta ($40),y	        sta (edptr),y
.56b2	e6 40		inc $40		        inc edptr
.56b4	d0 02		bne $56b8	        bne _ld_i1
.56b6	e6 41		inc $41		        inc edptr+1
.56b8	ee 9b 57	inc $579b	_ld_i1: inc edlen
.56bb	d0 03		bne $56c0	        bne _ld_i2
.56bd	ee 9c 57	inc $579c	        inc edlen+1
.56c0	20 b7 ff	jsr $ffb7	_ld_i2: jsr READST
.56c3	29 40		and #$40	        and #$40                        ; EOF -> stop (emulator path)
.56c5	d0 07		bne $56ce	        bne _ld_close
.56c7	e6 47		inc $47		        inc edcnt
.56c9	d0 e0		bne $56ab	        bne _ld_l
.56cb	ca		dex		        dex
.56cc	d0 db		bne $56a9	        bne _ld_pg
.56ce					_ld_close:
.56ce	20 cc ff	jsr $ffcc	        jsr CLRCHN
.56d1	a9 02		lda #$02	        lda #$02
.56d3	20 c3 ff	jsr $ffc3	        jsr CLOSE
.56d6	60		rts		        rts
>56d7	d4 45 58 54 20 45 44 49		ed_title: .text "Text editor", $00
>56df	54 4f 52 00
>56e3	54 59 50 45 20 20 c4 c5		ed_hint:  .text "type  DEL=back  RETURN=newline  F1=save  ESC=exit", $00
>56eb	cc 3d 42 41 43 4b 20 20 d2 c5 d4 d5 d2 ce 3d 4e
>56fb	45 57 4c 49 4e 45 20 20 c6 31 3d 53 41 56 45 20
>570b	20 c5 d3 c3 3d 45 58 49 54 00
>5715	53 41 56 45 44 20 ce cf		ed_saved: .text "saved NOTES.T                                      ", $00
>571d	d4 c5 d3 2e d4 20 20 20 20 20 20 20 20 20 20 20
>572d	20 20 20 20 20 20 20 20 20 20 20 20 20 20 20 20
>573d	20 20 20 20 20 20 20 20 20 20 20 00
>5749	4e 4f 54 45 53 2e 54 2c		savename: .byte $4e,$4f,$54,$45,$53,$2e,$54,$2c,$53,$2c,$57   ; "NOTES.T,S,W"
>5751	53 2c 57
=11					savenamL = 11
>5754	4e 4f 54 45 53 2e 54 2c		loadname: .byte $4e,$4f,$54,$45,$53,$2e,$54,$2c,$53,$2c,$52   ; "NOTES.T,S,R"
>575c	53 2c 52
=11					loadnamL = 11
>575f	53 30 3a 4e 4f 54 45 53		scrname:  .byte $53,$30,$3a,$4e,$4f,$54,$45,$53,$2e,$54       ; "S0:NOTES.T"
>5767	2e 54
=10					scrnamL = 10
>5769	24 30 3a 4e 4f 54 45 53		dirpat:   .byte $24,$30,$3a,$4e,$4f,$54,$45,$53,$2e,$54       ; "$0:NOTES.T"
>5771	2e 54
=10					dirpatL = 10
>5773	00 00 00 00 00 00 00 00		elbuf:    .fill LW+2, 0
>577b	00 00 00 00 00 00 00 00 00 00 00 00 00 00 00 00
>578b	00 00 00 00 00 00 00 00 00 00 00 00 00 00 00 00
>579b	00 00				edlen:    .word 0
>579d	00 00 00 00 00 00 00 00		edbuf:    .fill EDMAX+1, 0
>57a5	00 00 00 00 00 00 00 00 00 00 00 00 00 00 00 00
;	...repeated 46 times (736 bytes)...
>5a95	00 00 00 00 00 00 00 00 00
.5a9e					edit_end:

;******  End of listing
