
; 64tass Turbo Assembler Macro V1.60.3243 listing file
; 64tass -a -o target/uos-net.prg -L target/uos-net.lst src/uos-net.asm
; Tue Sep  8 13:45:48 2026

;Offset	;Hex		;Monitor	;Source

;******  Processing input file: src/uos-net.asm


;******  Processing file: src/equates.inc

=$02					r0              =       $02
=$02					r0L             =       $02
=$03					r0H             =       $03
=$04					r1              =       $04
=$04					r1L             =       $04
=$05					r1H             =       $05
=$06					r2              =       $06
=$06					r2L             =       $06
=$07					r2H             =       $07
=$08					r3              =       $08
=$08					r3L             =       $08
=$09					r3H             =       $09
=$0a					r4              =       $0a
=$0a					r4L             =       $0a
=$0b					r4H             =       $0b
=$0c					r5              =       $0c
=$0c					r5L             =       $0c
=$0d					r5H             =       $0d
=$0e					r6              =       $0e
=$0e					r6L             =       $0e
=$0f					r6H             =       $0f
=$10					r7              =       $10
=$10					r7L             =       $10
=$11					r7H             =       $11
=$12					r8              =       $12
=$12					r8L             =       $12
=$13					r8H             =       $13
=$14					r9              =       $14
=$14					r9L             =       $14
=$15					r9H             =       $15
=$16					r10             =       $16
=$16					r10L            =       $16
=$17					r10H            =       $17
=$18					r11             =       $18
=$18					r11L            =       $18
=$19					r11H            =       $19
=$1a					r12             =       $1a
=$1a					r12L            =       $1a
=$1b					r12H            =       $1b
=$1c					r13             =       $1c
=$1c					r13L            =       $1c
=$1d					r13H            =       $1d
=$1e					r14             =       $1e
=$1e					r14L            =       $1e
=$1f					r14H            =       $1f
=$20					r15             =       $20
=$20					r15L            =       $20
=$21					r15H            =       $21
=$22					r16             =       $22
=$02					X1              =       $02
=$04					Y1              =       $04
=$06					X2              =       $06
=$08					Y2              =       $08
=$fb					a0              =       $fb
=$fb					a0L             =       $fb
=$fc					a0H             =       $fc
=$fd					a1              =       $fd
=$fd					a1L             =       $fd
=$fe					a1H             =       $fe
=$70					a2              =       $70
=$70					a2L             =       $70
=$71					a2H             =       $71
=$72					a3              =       $72
=$72					a3L             =       $72
=$73					a3H             =       $73
=$74					a4              =       $74
=$74					a4L             =       $74
=$75					a4H             =       $75
=$76					a5              =       $76
=$76					a5L             =       $76
=$77					a5H             =       $77
=$78					a6              =       $78
=$78					a6L             =       $78
=$79					a6H             =       $79
=$7a					a7              =       $7a
=$7a					a7L             =       $7a
=$7b					a7H             =       $7b
=$7c					a8              =       $7c
=$7c					a8L             =       $7c
=$7d					a8H             =       $7d
=$7e					a9              =       $7e
=$7e					a9L             =       $7e
=$7f					a9H             =       $7f

;******  Return to file: src/uos-net.asm


;******  Processing file: src/io.inc

=$dc08					TODTEN      = $DC08
=$dc09					TODSEC      = $DC09
=$dc0a					TODMIN      = $DC0A
=$dc0b					TODHRS      = $DC0B

;******  Return to file: src/uos-net.asm

=$7352					SETREC_VER      = $7352         ; 2 = zone bytes valid (see routines.inc)
=$7353					SETREC_TZ       = $7353         ; signed quarter-hours from UTC
=$7354					SETREC_TZMAG    = $7354         ; $a5 marker
=$8800					NET_DATA        = $8800         ; 512-byte reply buffer (not part of the PRG)
=$70					t0 = $70
=$71					t1 = $71
=$72					t2 = $72
=$73					t3 = $73
=$74					rm0 = $74
=$75					rm1 = $75
=$76					rm2 = $76
=$77					rm3 = $77
=$78					d0 = $78
=$79					d1 = $79
=$7a					d2 = $7a
=$7b					d3 = $7b
=$7c					q0 = $7c
=$7d					q1 = $7d
=$7e					tmpa = $7e
=$7f					tmpc = $7f
=$df1c					UCI_CTRL        = $df1c         ; W: bit0 PUSH_CMD bit1 DATA_ACC bit2 ABORT bit3 CLR_ERR
=$df1c					UCI_STAT        = $df1c         ; R: bit7 DATA_AV bit6 STAT_AV bits5-4 STATE bit3 ERROR
=$df1d					UCI_CMD         = $df1d         ; W: command bytes (target first)
=$df1d					UCI_ID          = $df1d         ; R: $c9 when the interface is present
=$df1e					UCI_RDAT        = $df1e         ; R: response data queue
=$df1f					UCI_SDAT        = $df1f         ; R: status data queue
=123					NTP_PORT        = 123
=$f0					TZ_DEFAULT      = $f0           ; -16 quarter-hours = UTC-4 (US Eastern, daylight)
=5					TMO_OUTER       = 5             ; wait budget: 5*65536 polls, ~11 s at 1 MHz
=510					NET_DATA_MAX    = 510           ; bytes kept of a reply (NET_DATA is 512)

;******  Processing file: src/uci-transport.inc

.8a00					NET_PRESENT:
.8a00	ad 1d df	lda $df1d	        lda UCI_ID
.8a03	c9 c9		cmp #$c9	        cmp #$c9
.8a05	d0 0a		bne $8a11	        bne np_no
.8a07	ad 1d df	lda $df1d	        lda UCI_ID
.8a0a	c9 c9		cmp #$c9	        cmp #$c9
.8a0c	d0 03		bne $8a11	        bne np_no
.8a0e	a9 01		lda #$01	        lda #$01
.8a10	60		rts		        rts
.8a11	a9 00		lda #$00	np_no:  lda #$00
.8a13	60		rts		        rts
.8a14					tmo_init:
.8a14	a9 00		lda #$00	        lda #$00
.8a16	8d c4 8c	sta $8cc4	        sta tmo0
.8a19	8d c5 8c	sta $8cc5	        sta tmo1
.8a1c	a9 05		lda #$05	        lda #TMO_OUTER
.8a1e	8d c6 8c	sta $8cc6	        sta tmo2
.8a21	60		rts		        rts
.8a22					tmo_tick:
.8a22	ce c4 8c	dec $8cc4	        dec tmo0
.8a25	d0 0c		bne $8a33	        bne tt_ok
.8a27	ce c5 8c	dec $8cc5	        dec tmo1
.8a2a	d0 07		bne $8a33	        bne tt_ok
.8a2c	ce c6 8c	dec $8cc6	        dec tmo2
.8a2f	d0 02		bne $8a33	        bne tt_ok
.8a31	38		sec		        sec
.8a32	60		rts		        rts
.8a33	18		clc		tt_ok:  clc
.8a34	60		rts		        rts
.8a35					wait_idle:
.8a35	20 14 8a	jsr $8a14	        jsr tmo_init
.8a38	ad 1c df	lda $df1c	wi_l:   lda UCI_STAT
.8a3b	29 30		and #$30	        and #$30
.8a3d	f0 06		beq $8a45	        beq wi_ok
.8a3f	20 22 8a	jsr $8a22	        jsr tmo_tick
.8a42	90 f4		bcc $8a38	        bcc wi_l
.8a44	60		rts		        rts
.8a45	18		clc		wi_ok:  clc
.8a46	60		rts		        rts
.8a47					wait_done:
.8a47	20 14 8a	jsr $8a14	        jsr tmo_init
.8a4a	ad 1c df	lda $df1c	wd_l:   lda UCI_STAT
.8a4d	29 30		and #$30	        and #$30
.8a4f	c9 10		cmp #$10	        cmp #$10
.8a51	d0 06		bne $8a59	        bne wd_ok
.8a53	20 22 8a	jsr $8a22	        jsr tmo_tick
.8a56	90 f2		bcc $8a4a	        bcc wd_l
.8a58	60		rts		        rts
.8a59	18		clc		wd_ok:  clc
.8a5a	60		rts		        rts
.8a5b					NET_CMD:
.8a5b	8d c7 8c	sta $8cc7	        sta cmdlen
.8a5e	a9 00		lda #$00	        lda #$00
.8a60	8d c8 8c	sta $8cc8	        sta cmdlen+1
.8a63	8d cb 8c	sta $8ccb	        sta streamhook
.8a66	8d cc 8c	sta $8ccc	        sta streamhook+1
.8a69	4c 80 8a	jmp $8a80	        jmp nc_init
.8a6c					NET_STREAM:
.8a6c	a5 04		lda $04		        lda r1L
.8a6e	8d c7 8c	sta $8cc7	        sta cmdlen
.8a71	a5 05		lda $05		        lda r1H
.8a73	8d c8 8c	sta $8cc8	        sta cmdlen+1
.8a76	a5 08		lda $08		        lda r3L
.8a78	8d cb 8c	sta $8ccb	        sta streamhook
.8a7b	a5 09		lda $09		        lda r3H
.8a7d	8d cc 8c	sta $8ccc	        sta streamhook+1
.8a80					nc_init:
.8a80	a9 00		lda #$00	        lda #$00
.8a82	8d 3f 91	sta $913f	        sta NET_LEN
.8a85	8d 40 91	sta $9140	        sta NET_LEN+1
.8a88	8d 42 91	sta $9142	        sta NET_STAT
.8a8b	8d 00 88	sta $8800	        sta NET_DATA
.8a8e	8d 63 91	sta $9163	        sta NET_DIRN
.8a91	8d 67 91	sta $9167	        sta NET_TRUNC
.8a94	8d 68 91	sta $9168	        sta NET_PACKET_TRUNC
.8a97	8d 69 91	sta $9169	        sta NET_PACKETS
.8a9a	8d 6a 91	sta $916a	        sta NET_PACKETS+1
.8a9d	a9 fe		lda #$fe	        lda #<NET_DATA_MAX
.8a9f	8d c9 8c	sta $8cc9	        sta datacap
.8aa2	a9 01		lda #$01	        lda #>NET_DATA_MAX
.8aa4	8d ca 8c	sta $8cca	        sta datacap+1
.8aa7	ad cb 8c	lda $8ccb	        lda streamhook
.8aaa	0d cc 8c	ora $8ccc	        ora streamhook+1
.8aad	f0 0a		beq $8ab9	        beq nc_length
.8aaf	a9 00		lda #$00	        lda #$00
.8ab1	8d c9 8c	sta $8cc9	        sta datacap
.8ab4	a9 02		lda #$02	        lda #$02
.8ab6	8d ca 8c	sta $8cca	        sta datacap+1           ; stream: all 512 bytes of a file-read packet
.8ab9					nc_length:
.8ab9	ad c8 8c	lda $8cc8	        lda cmdlen+1
.8abc	c9 03		cmp #$03	        cmp #$03
.8abe	90 0b		bcc $8acb	        bcc nc_lenlow
.8ac0	d0 15		bne $8ad7	        bne nc_badlen
.8ac2	ad c7 8c	lda $8cc7	        lda cmdlen
.8ac5	c9 81		cmp #$81	        cmp #$81               ; max command = $0380 (hardware FIFO)
.8ac7	b0 0e		bcs $8ad7	        bcs nc_badlen
.8ac9	90 10		bcc $8adb	        bcc nc_probe
.8acb					nc_lenlow:
.8acb	0d c8 8c	ora $8cc8	        ora cmdlen+1
.8ace	d0 0b		bne $8adb	        bne nc_probe
.8ad0	ad c7 8c	lda $8cc7	        lda cmdlen
.8ad3	c9 02		cmp #$02	        cmp #$02
.8ad5	b0 04		bcs $8adb	        bcs nc_probe
.8ad7					nc_badlen:
.8ad7	a9 fc		lda #$fc	        lda #$fc
.8ad9	38		sec		        sec
.8ada	60		rts		        rts
.8adb					nc_probe:
.8adb	20 00 8a	jsr $8a00	        jsr NET_PRESENT
.8ade	d0 04		bne $8ae4	        bne nc_go
.8ae0	a9 fe		lda #$fe	        lda #$fe
.8ae2	38		sec		        sec
.8ae3	60		rts		        rts
.8ae4	20 35 8a	jsr $8a35	nc_go:  jsr wait_idle
.8ae7	90 12		bcc $8afb	        bcc nc_push
.8ae9	a9 04		lda #$04	        lda #$04
.8aeb	8d 1c df	sta $df1c	        sta UCI_CTRL
.8aee	a9 08		lda #$08	        lda #$08
.8af0	8d 1c df	sta $df1c	        sta UCI_CTRL
.8af3	20 35 8a	jsr $8a35	        jsr wait_idle
.8af6	90 03		bcc $8afb	        bcc nc_push
.8af8	4c 00 8c	jmp $8c00	        jmp nc_tmo
.8afb					nc_push:
.8afb	a5 02		lda $02		        lda r0L
.8afd	85 06		sta $06		        sta r2L
.8aff	a5 03		lda $03		        lda r0H
.8b01	85 07		sta $07		        sta r2H
.8b03	a0 00		ldy #$00	        ldy #$00
.8b05	b1 06		lda ($06),y	nc_w:   lda (r2),y
.8b07	8d 1d df	sta $df1d	        sta UCI_CMD
.8b0a	e6 06		inc $06		        inc r2L
.8b0c	d0 02		bne $8b10	        bne nc_count
.8b0e	e6 07		inc $07		        inc r2H
.8b10					nc_count:
.8b10	ad c7 8c	lda $8cc7	        lda cmdlen
.8b13	d0 03		bne $8b18	        bne nc_declo
.8b15	ce c8 8c	dec $8cc8	        dec cmdlen+1
.8b18					nc_declo:
.8b18	ce c7 8c	dec $8cc7	        dec cmdlen
.8b1b	ad c7 8c	lda $8cc7	        lda cmdlen
.8b1e	0d c8 8c	ora $8cc8	        ora cmdlen+1
.8b21	d0 e2		bne $8b05	        bne nc_w
.8b23	a9 01		lda #$01	        lda #$01
.8b25	8d 1c df	sta $df1c	        sta UCI_CTRL
.8b28	ad 1c df	lda $df1c	        lda UCI_STAT
.8b2b	29 08		and #$08	        and #$08
.8b2d	f0 08		beq $8b37	        beq nc_wait
.8b2f	a9 08		lda #$08	        lda #$08
.8b31	8d 1c df	sta $df1c	        sta UCI_CTRL
.8b34	4c 00 8c	jmp $8c00	        jmp nc_tmo
.8b37					nc_wait:
.8b37	20 47 8a	jsr $8a47	        jsr wait_done
.8b3a	90 03		bcc $8b3f	        bcc nc_more
.8b3c	4c 00 8c	jmp $8c00	        jmp nc_tmo
.8b3f					nc_more:
.8b3f	ad cb 8c	lda $8ccb	        lda streamhook
.8b42	0d cc 8c	ora $8ccc	        ora streamhook+1
.8b45	f0 08		beq $8b4f	        beq nc_packet
.8b47	a9 00		lda #$00	        lda #$00
.8b49	8d 3f 91	sta $913f	        sta NET_LEN
.8b4c	8d 40 91	sta $9140	        sta NET_LEN+1
.8b4f					nc_packet:
.8b4f	ad 3f 91	lda $913f	        lda NET_LEN
.8b52	8d cd 8c	sta $8ccd	        sta packet_start
.8b55	ad 40 91	lda $9140	        lda NET_LEN+1
.8b58	8d ce 8c	sta $8cce	        sta packet_start+1
.8b5b	a9 00		lda #$00	        lda #$00
.8b5d	8d 68 91	sta $9168	        sta NET_PACKET_TRUNC
.8b60	20 14 8a	jsr $8a14	        jsr tmo_init
.8b63	20 0e 8c	jsr $8c0e	        jsr read_data
.8b66	b0 0f		bcs $8b77	        bcs nc_readerr
.8b68	20 7e 8c	jsr $8c7e	        jsr read_status
.8b6b	b0 0a		bcs $8b77	        bcs nc_readerr
.8b6d	ee 69 91	inc $9169	        inc NET_PACKETS
.8b70	d0 08		bne $8b7a	        bne nc_deliver
.8b72	ee 6a 91	inc $916a	        inc NET_PACKETS+1
.8b75	d0 03		bne $8b7a	        bne nc_deliver
.8b77					nc_readerr:
.8b77	4c 00 8c	jmp $8c00	        jmp nc_tmo             ; bound even an endless sequence of replies
.8b7a					nc_deliver:
.8b7a	ad cb 8c	lda $8ccb	        lda streamhook
.8b7d	0d cc 8c	ora $8ccc	        ora streamhook+1
.8b80	f0 09		beq $8b8b	        beq nc_directory
.8b82	20 0b 8c	jsr $8c0b	        jsr nc_callback
.8b85	90 4f		bcc $8bd6	        bcc nc_ack
.8b87	a9 fd		lda #$fd	        lda #$fd               ; caller stopped a streaming transaction
.8b89	d0 77		bne $8c02	        bne nc_abort
.8b8b					nc_directory:
.8b8b	ad 62 91	lda $9162	        lda NET_DIRMODE
.8b8e	f0 46		beq $8bd6	        beq nc_ack
.8b90	ad 68 91	lda $9168	        lda NET_PACKET_TRUNC
.8b93	d0 24		bne $8bb9	        bne nc_rollback
.8b95	ad 3f 91	lda $913f	        lda NET_LEN
.8b98	cd cd 8c	cmp $8ccd	        cmp packet_start
.8b9b	d0 08		bne $8ba5	        bne nc_entry
.8b9d	ad 40 91	lda $9140	        lda NET_LEN+1
.8ba0	cd ce 8c	cmp $8cce	        cmp packet_start+1
.8ba3	f0 31		beq $8bd6	        beq nc_ack             ; status-only/empty reply is not an entry
.8ba5					nc_entry:
.8ba5	ad 63 91	lda $9163	        lda NET_DIRN
.8ba8	c9 ff		cmp #$ff	        cmp #$ff
.8baa	f0 0d		beq $8bb9	        beq nc_rollback
.8bac	ee 63 91	inc $9163	        inc NET_DIRN
.8baf	ee 3f 91	inc $913f	        inc NET_LEN            ; keep read_data's terminator as separator
.8bb2	d0 22		bne $8bd6	        bne nc_ack
.8bb4	ee 40 91	inc $9140	        inc NET_LEN+1
.8bb7	d0 1d		bne $8bd6	        bne nc_ack
.8bb9					nc_rollback:
.8bb9	a9 01		lda #$01	        lda #$01
.8bbb	8d 67 91	sta $9167	        sta NET_TRUNC
.8bbe	ad cd 8c	lda $8ccd	        lda packet_start
.8bc1	8d 3f 91	sta $913f	        sta NET_LEN
.8bc4	85 06		sta $06		        sta r2L
.8bc6	ad ce 8c	lda $8cce	        lda packet_start+1
.8bc9	8d 40 91	sta $9140	        sta NET_LEN+1
.8bcc	18		clc		        clc
.8bcd	69 88		adc #$88	        adc #>NET_DATA
.8bcf	85 07		sta $07		        sta r2H
.8bd1	a9 00		lda #$00	        lda #$00
.8bd3	a8		tay		        tay
.8bd4	91 06		sta ($06),y	        sta (r2),y             ; discard an incomplete directory entry
.8bd6					nc_ack:
.8bd6	a9 02		lda #$02	        lda #$02
.8bd8	8d 1c df	sta $df1c	        sta UCI_CTRL
.8bdb	20 14 8a	jsr $8a14	        jsr tmo_init
.8bde	ad 1c df	lda $df1c	nc_acc: lda UCI_STAT
.8be1	29 02		and #$02	        and #$02
.8be3	f0 07		beq $8bec	        beq nc_acc_ok
.8be5	20 22 8a	jsr $8a22	        jsr tmo_tick
.8be8	90 f4		bcc $8bde	        bcc nc_acc
.8bea	b0 14		bcs $8c00	        bcs nc_tmo
.8bec					nc_acc_ok:
.8bec	20 47 8a	jsr $8a47	        jsr wait_done
.8bef	b0 0f		bcs $8c00	        bcs nc_tmo
.8bf1	ad 1c df	lda $df1c	        lda UCI_STAT
.8bf4	29 30		and #$30	        and #$30
.8bf6	f0 03		beq $8bfb	        beq nc_fin
.8bf8	4c 3f 8b	jmp $8b3f	        jmp nc_more
.8bfb	20 a0 8c	jsr $8ca0	nc_fin: jsr stat_code
.8bfe	18		clc		        clc
.8bff	60		rts		        rts
.8c00	a9 ff		lda #$ff	nc_tmo: lda #$ff
.8c02					nc_abort:
.8c02	48		pha		        pha
.8c03	a9 04		lda #$04	        lda #$04
.8c05	8d 1c df	sta $df1c	        sta UCI_CTRL
.8c08	68		pla		        pla
.8c09	38		sec		        sec
.8c0a	60		rts		        rts
.8c0b					nc_callback:
.8c0b	6c cb 8c	jmp ($8ccb)	        jmp (streamhook)
.8c0e					read_data:
.8c0e	ad 3f 91	lda $913f	        lda NET_LEN
.8c11	85 06		sta $06		        sta r2L                ; NET_DATA is page-aligned
.8c13	18		clc		        clc
.8c14	a9 88		lda #$88	        lda #>NET_DATA
.8c16	6d 40 91	adc $9140	        adc NET_LEN+1
.8c19	85 07		sta $07		        sta r2H
.8c1b	ad 1c df	lda $df1c	rd_l:   lda UCI_STAT
.8c1e	10 4d		bpl $8c6d	        bpl rd_done
.8c20	ad 1e df	lda $df1e	        lda UCI_RDAT
.8c23	20 22 8a	jsr $8a22	        jsr tmo_tick
.8c26	b0 54		bcs $8c7c	        bcs rd_timeout
.8c28	ae cb 8c	ldx $8ccb	        ldx streamhook
.8c2b	d0 0f		bne $8c3c	        bne rd_capacity
.8c2d	ae cc 8c	ldx $8ccc	        ldx streamhook+1
.8c30	d0 0a		bne $8c3c	        bne rd_capacity
.8c32	ae 62 91	ldx $9162	        ldx NET_DIRMODE
.8c35	f0 05		beq $8c3c	        beq rd_capacity
.8c37	ae 67 91	ldx $9167	        ldx NET_TRUNC
.8c3a	d0 27		bne $8c63	        bne rd_drop            ; a directory result is a complete prefix
.8c3c					rd_capacity:
.8c3c	ae 40 91	ldx $9140	        ldx NET_LEN+1
.8c3f	ec ca 8c	cpx $8cca	        cpx datacap+1
.8c42	90 0a		bcc $8c4e	        bcc rd_st
.8c44	d0 1d		bne $8c63	        bne rd_drop             ; high byte matters after the limit
.8c46	ae 3f 91	ldx $913f	        ldx NET_LEN
.8c49	ec c9 8c	cpx $8cc9	        cpx datacap
.8c4c	b0 15		bcs $8c63	        bcs rd_drop
.8c4e	a0 00		ldy #$00	rd_st:  ldy #$00
.8c50	91 06		sta ($06),y	        sta (r2),y
.8c52	e6 06		inc $06		        inc r2L
.8c54	d0 02		bne $8c58	        bne rd_i
.8c56	e6 07		inc $07		        inc r2H
.8c58	ee 3f 91	inc $913f	rd_i:   inc NET_LEN
.8c5b	d0 be		bne $8c1b	        bne rd_l
.8c5d	ee 40 91	inc $9140	        inc NET_LEN+1
.8c60	4c 1b 8c	jmp $8c1b	        jmp rd_l
.8c63					rd_drop:
.8c63	a9 01		lda #$01	        lda #$01
.8c65	8d 67 91	sta $9167	        sta NET_TRUNC
.8c68	8d 68 91	sta $9168	        sta NET_PACKET_TRUNC
.8c6b	d0 ae		bne $8c1b	        bne rd_l
.8c6d					rd_done:
.8c6d	ad 40 91	lda $9140	        lda NET_LEN+1
.8c70	c9 02		cmp #$02	        cmp #$02
.8c72	b0 06		bcs $8c7a	        bcs rd_ok              ; never terminate at $8a00 over transport code
.8c74	a9 00		lda #$00	        lda #$00
.8c76	a0 00		ldy #$00	        ldy #$00
.8c78	91 06		sta ($06),y	        sta (r2),y
.8c7a	18		clc		rd_ok:  clc
.8c7b	60		rts		        rts
.8c7c					rd_timeout:
.8c7c	38		sec		        sec
.8c7d	60		rts		        rts
.8c7e					read_status:
.8c7e	a0 00		ldy #$00	        ldy #$00
.8c80	ad 1c df	lda $df1c	rs_l:   lda UCI_STAT
.8c83	29 40		and #$40	        and #$40
.8c85	f0 12		beq $8c99	        beq rs_done
.8c87	ad 1f df	lda $df1f	        lda UCI_SDAT
.8c8a	20 22 8a	jsr $8a22	        jsr tmo_tick
.8c8d	b0 ed		bcs $8c7c	        bcs rd_timeout
.8c8f	c0 1f		cpy #$1f	        cpy #31
.8c91	b0 ed		bcs $8c80	        bcs rs_l
.8c93	99 42 91	sta $9142,y	        sta NET_STAT,y
.8c96	c8		iny		        iny
.8c97	d0 e7		bne $8c80	        bne rs_l
.8c99					rs_done:
.8c99	a9 00		lda #$00	        lda #$00
.8c9b	99 42 91	sta $9142,y	        sta NET_STAT,y
.8c9e	18		clc		        clc
.8c9f	60		rts		        rts
.8ca0					stat_code:
.8ca0	ad 42 91	lda $9142	        lda NET_STAT
.8ca3	38		sec		        sec
.8ca4	e9 30		sbc #$30	        sbc #'0'
.8ca6	c9 0a		cmp #$0a	        cmp #10
.8ca8	b0 17		bcs $8cc1	        bcs sc_bad
.8caa	85 7e		sta $7e		        sta tmpa
.8cac	0a		asl a		        asl
.8cad	0a		asl a		        asl
.8cae	65 7e		adc $7e		        adc tmpa
.8cb0	0a		asl a		        asl
.8cb1	85 7e		sta $7e		        sta tmpa
.8cb3	ad 43 91	lda $9143	        lda NET_STAT+1
.8cb6	38		sec		        sec
.8cb7	e9 30		sbc #$30	        sbc #'0'
.8cb9	c9 0a		cmp #$0a	        cmp #10
.8cbb	b0 04		bcs $8cc1	        bcs sc_bad
.8cbd	18		clc		        clc
.8cbe	65 7e		adc $7e		        adc tmpa
.8cc0	60		rts		        rts
.8cc1	a9 ff		lda #$ff	sc_bad: lda #$ff
.8cc3	60		rts		        rts
.8cc4					uci_vars:
>8cc4	00				tmo0:         .byte 0
>8cc5	00				tmo1:         .byte 0
>8cc6	00				tmo2:         .byte 0
>8cc7	00 00				cmdlen:       .word 0
>8cc9	00 00				datacap:      .word 0
>8ccb	00 00				streamhook:   .word 0
>8ccd	00 00				packet_start: .word 0
.8ccf					uci_end:

;******  Return to file: src/uos-net.asm

.9100	4c 00 8a	jmp $8a00	        jmp NET_PRESENT         ; $9100 A=1 when the command interface answers
.9103	4c 5b 8a	jmp $8a5b	        jmp NET_CMD             ; $9103 r0->bytes (target first), A=len -> A=status code, C=1 timeout/absent
.9106	4c 6b 91	jmp $916b	        jmp NET_GETIP           ; $9106 A=1 when an interface has an address (NET_IP, NET_IPSTR)
.9109	4c 57 92	jmp $9257	        jmp NET_OPEN            ; $9109 A=7 tcp / 8 udp, r0->host, r1=port -> A=socket (NET_SOCK), C=1 failed
.910c	4c a2 92	jmp $92a2	        jmp NET_CLOSE           ; $910c A=socket
.910f	4c bc 92	jmp $92bc	        jmp NET_READ            ; $910f A=socket, r1=max(<=508) -> NET_DATA+2.., NET_LEN; A: 0 ok 1 none 2 closed 3 error
.9112	4c 29 93	jmp $9329	        jmp NET_WRITE           ; $9112 A=socket, r0->data, X=len(1..200) -> A=status code
.9115	4c 55 93	jmp $9355	        jmp NET_SYNC            ; $9115 network check + SNTP -> TOD + Ultimate RTC; A=NET_STATE
.9118	4c 75 94	jmp $9475	        jmp NET_APPLYNTP        ; $9118 NET_DATA+2..: 48-byte reply -> local time/date + TOD; A=0 ok
.911b	4c cc 97	jmp $97cc	        jmp NET_RTCTIME         ; $911b Ultimate RTC "YYYY/MM/DD HH:MM:SS" -> NET_DATA; A=status code
.911e	4c db 97	jmp $97db	        jmp NET_TZSHIFT         ; $911e A=signed quarter-hours -> shift the TOD (zone change)
>9121	ff				NET_STATE:  .byte $ff           ; $9121 $ff not tried, 0 ntp ok, 1 no reply, 2 no network, 3 no ultimate, 4 open failed
>9122	00				NET_HOUR:   .byte 0             ; $9122 local time, 24 h, binary
>9123	00				NET_MIN:    .byte 0             ; $9123
>9124	00				NET_SEC:    .byte 0             ; $9124
>9125	00 00				NET_YEAR:   .word 0             ; $9125
>9127	00				NET_MON:    .byte 0             ; $9127
>9128	00				NET_DAY:    .byte 0             ; $9128
>9129	00				NET_WDAY:   .byte 0             ; $9129 0 = sunday
>912a	00				NET_TZ:     .byte 0             ; $912a quarter-hours applied to the clock
>912b	00 00 00 00			NET_IP:     .fill 4, 0          ; $912b
>912f	00 00 00 00 00 00 00 00		NET_IPSTR:  .fill 16, 0         ; $912f dotted decimal, 0-terminated ("" = none)
>9137	00 00 00 00 00 00 00 00
>913f	00 00				NET_LEN:    .word 0             ; $913f payload length of the last reply / socket read
>9141	00				NET_SOCK:   .byte 0             ; $9141 last socket opened
>9142	00 00 00 00 00 00 00 00		NET_STAT:   .fill 32, 0         ; $9142 last status line "NN,TEXT", 0-terminated
>914a	00 00 00 00 00 00 00 00 00 00 00 00 00 00 00 00
>915a	00 00 00 00 00 00 00 00
>9162	00				NET_DIRMODE: .byte 0            ; $9162 1 = READ_DIR: null-separate + count each reply block
>9163	00				NET_DIRN:   .byte 0             ; $9163 complete directory entries retained
.9164	4c 6c 8a	jmp $8a6c	        jmp NET_STREAM          ; $9164 r0=command, r1=len, r3=packet callback
>9167	00				NET_TRUNC:  .byte 0             ; $9167 any data discarded by this transaction
>9168	00				NET_PACKET_TRUNC: .byte 0       ; $9168 current packet was clipped
>9169	00 00				NET_PACKETS: .word 0            ; $9169 number of reply packets delivered
.916b					NET_GETIP:
.916b	a9 00		lda #$00	        lda #$00
.916d	8d 2b 91	sta $912b	        sta NET_IP
.9170	8d 2c 91	sta $912c	        sta NET_IP+1
.9173	8d 2d 91	sta $912d	        sta NET_IP+2
.9176	8d 2e 91	sta $912e	        sta NET_IP+3
.9179	8d 2f 91	sta $912f	        sta NET_IPSTR
.917c	a9 ee		lda #$ee	        lda #<c_ifcnt
.917e	85 02		sta $02		        sta r0L
.9180	a9 91		lda #$91	        lda #>c_ifcnt
.9182	85 03		sta $03		        sta r0H
.9184	a9 02		lda #$02	        lda #$02
.9186	20 5b 8a	jsr $8a5b	        jsr NET_CMD
.9189	b0 60		bcs $91eb	        bcs gi_no
.918b	c9 00		cmp #$00	        cmp #$00
.918d	d0 5c		bne $91eb	        bne gi_no
.918f	ad 3f 91	lda $913f	        lda NET_LEN
.9192	f0 57		beq $91eb	        beq gi_no
.9194	ad 00 88	lda $8800	        lda NET_DATA
.9197	f0 52		beq $91eb	        beq gi_no
.9199	8d 9d 98	sta $989d	        sta ifcnt
.919c	a9 00		lda #$00	        lda #$00
.919e	8d 9e 98	sta $989e	        sta ifidx
.91a1	ad 9e 98	lda $989e	gi_l:   lda ifidx
.91a4	8d f2 91	sta $91f2	        sta c_getip+2
.91a7	a9 f0		lda #$f0	        lda #<c_getip
.91a9	85 02		sta $02		        sta r0L
.91ab	a9 91		lda #$91	        lda #>c_getip
.91ad	85 03		sta $03		        sta r0H
.91af	a9 03		lda #$03	        lda #$03
.91b1	20 5b 8a	jsr $8a5b	        jsr NET_CMD
.91b4	b0 2a		bcs $91e0	        bcs gi_nx
.91b6	c9 00		cmp #$00	        cmp #$00
.91b8	d0 26		bne $91e0	        bne gi_nx
.91ba	ad 3f 91	lda $913f	        lda NET_LEN
.91bd	c9 04		cmp #$04	        cmp #$04
.91bf	90 1f		bcc $91e0	        bcc gi_nx
.91c1	ad 00 88	lda $8800	        lda NET_DATA
.91c4	0d 01 88	ora $8801	        ora NET_DATA+1
.91c7	0d 02 88	ora $8802	        ora NET_DATA+2
.91ca	0d 03 88	ora $8803	        ora NET_DATA+3
.91cd	f0 11		beq $91e0	        beq gi_nx
.91cf	a2 03		ldx #$03	        ldx #$03
.91d1	bd 00 88	lda $8800,x	gi_cp:  lda NET_DATA,x
.91d4	9d 2b 91	sta $912b,x	        sta NET_IP,x
.91d7	ca		dex		        dex
.91d8	10 f7		bpl $91d1	        bpl gi_cp
.91da	20 f3 91	jsr $91f3	        jsr fmt_ip
.91dd	a9 01		lda #$01	        lda #$01
.91df	60		rts		        rts
.91e0	ee 9e 98	inc $989e	gi_nx:  inc ifidx
.91e3	ad 9e 98	lda $989e	        lda ifidx
.91e6	cd 9d 98	cmp $989d	        cmp ifcnt
.91e9	90 b6		bcc $91a1	        bcc gi_l
.91eb	a9 00		lda #$00	gi_no:  lda #$00
.91ed	60		rts		        rts
>91ee	03 02				c_ifcnt:  .byte $03, $02        ; network: GET_INTERFACE_COUNT
>91f0	03 05 00			c_getip:  .byte $03, $05, $00   ; network: GET_IPADDR interface n -> ip[4] mask[4] gw[4]
.91f3					fmt_ip:
.91f3	a2 00		ldx #$00	        ldx #$00
.91f5	a0 00		ldy #$00	        ldy #$00
.91f7	b9 2b 91	lda $912b,y	fi_l:   lda NET_IP,y
.91fa	20 10 92	jsr $9210	        jsr put_dec
.91fd	c8		iny		        iny
.91fe	c0 04		cpy #$04	        cpy #$04
.9200	f0 08		beq $920a	        beq fi_d
.9202	a9 2e		lda #$2e	        lda #'.'
.9204	9d 2f 91	sta $912f,x	        sta NET_IPSTR,x
.9207	e8		inx		        inx
.9208	d0 ed		bne $91f7	        bne fi_l
.920a	a9 00		lda #$00	fi_d:   lda #$00
.920c	9d 2f 91	sta $912f,x	        sta NET_IPSTR,x
.920f	60		rts		        rts
.9210					put_dec:
.9210	8c a2 98	sty $98a2	        sty tmpy
.9213	85 7e		sta $7e		        sta tmpa
.9215	a0 00		ldy #$00	        ldy #$00                ; 0 = still suppressing leading zeros
.9217	a9 64		lda #$64	        lda #100
.9219	20 2e 92	jsr $922e	        jsr pd_digit
.921c	a9 0a		lda #$0a	        lda #10
.921e	20 2e 92	jsr $922e	        jsr pd_digit
.9221	a5 7e		lda $7e		        lda tmpa
.9223	18		clc		        clc
.9224	69 30		adc #$30	        adc #'0'
.9226	9d 2f 91	sta $912f,x	        sta NET_IPSTR,x
.9229	e8		inx		        inx
.922a	ac a2 98	ldy $98a2	        ldy tmpy
.922d	60		rts		        rts
.922e					pd_digit:
.922e	8d ad 98	sta $98ad	        sta tmpd
.9231	a9 00		lda #$00	        lda #$00
.9233	85 7f		sta $7f		        sta tmpc
.9235	a5 7e		lda $7e		pd_l:   lda tmpa
.9237	cd ad 98	cmp $98ad	        cmp tmpd
.923a	90 0a		bcc $9246	        bcc pd_e
.923c	ed ad 98	sbc $98ad	        sbc tmpd
.923f	85 7e		sta $7e		        sta tmpa
.9241	e6 7f		inc $7f		        inc tmpc
.9243	4c 35 92	jmp $9235	        jmp pd_l
.9246	a5 7f		lda $7f		pd_e:   lda tmpc
.9248	d0 04		bne $924e	        bne pd_emit
.924a	c0 00		cpy #$00	        cpy #$00
.924c	f0 08		beq $9256	        beq pd_r
.924e					pd_emit:
.924e	18		clc		        clc
.924f	69 30		adc #$30	        adc #'0'
.9251	9d 2f 91	sta $912f,x	        sta NET_IPSTR,x
.9254	e8		inx		        inx
.9255	c8		iny		        iny
.9256	60		rts		pd_r:   rts
.9257					NET_OPEN:
.9257	8d af 98	sta $98af	        sta cmdb+1
.925a	a9 03		lda #$03	        lda #$03
.925c	8d ae 98	sta $98ae	        sta cmdb
.925f	a5 04		lda $04		        lda r1L
.9261	8d b0 98	sta $98b0	        sta cmdb+2
.9264	a5 05		lda $05		        lda r1H
.9266	8d b1 98	sta $98b1	        sta cmdb+3
.9269	a0 00		ldy #$00	        ldy #$00
.926b	b1 02		lda ($02),y	no_cp:  lda (r0),y
.926d	99 b2 98	sta $98b2,y	        sta cmdb+4,y
.9270	f0 0a		beq $927c	        beq no_e
.9272	c8		iny		        iny
.9273	c0 28		cpy #$28	        cpy #40
.9275	d0 f4		bne $926b	        bne no_cp
.9277	a9 00		lda #$00	        lda #$00
.9279	99 b2 98	sta $98b2,y	        sta cmdb+4,y
.927c	98		tya		no_e:   tya
.927d	18		clc		        clc
.927e	69 05		adc #$05	        adc #$05                ; header 4 + host + terminator
.9280	48		pha		        pha
.9281	a9 ae		lda #$ae	        lda #<cmdb
.9283	85 02		sta $02		        sta r0L
.9285	a9 98		lda #$98	        lda #>cmdb
.9287	85 03		sta $03		        sta r0H
.9289	68		pla		        pla
.928a	20 5b 8a	jsr $8a5b	        jsr NET_CMD
.928d	b0 11		bcs $92a0	        bcs no_f
.928f	c9 00		cmp #$00	        cmp #$00
.9291	d0 0d		bne $92a0	        bne no_f
.9293	ad 3f 91	lda $913f	        lda NET_LEN
.9296	f0 08		beq $92a0	        beq no_f
.9298	ad 00 88	lda $8800	        lda NET_DATA
.929b	8d 41 91	sta $9141	        sta NET_SOCK
.929e	18		clc		        clc
.929f	60		rts		        rts
.92a0	38		sec		no_f:   sec
.92a1	60		rts		        rts
.92a2					NET_CLOSE:
.92a2	8d b0 98	sta $98b0	        sta cmdb+2
.92a5	a9 03		lda #$03	        lda #$03
.92a7	8d ae 98	sta $98ae	        sta cmdb
.92aa	a9 09		lda #$09	        lda #$09
.92ac	8d af 98	sta $98af	        sta cmdb+1
.92af	a9 ae		lda #$ae	        lda #<cmdb
.92b1	85 02		sta $02		        sta r0L
.92b3	a9 98		lda #$98	        lda #>cmdb
.92b5	85 03		sta $03		        sta r0H
.92b7	a9 03		lda #$03	        lda #$03
.92b9	4c 5b 8a	jmp $8a5b	        jmp NET_CMD
.92bc					NET_READ:
.92bc	8d b0 98	sta $98b0	        sta cmdb+2
.92bf	a9 03		lda #$03	        lda #$03
.92c1	8d ae 98	sta $98ae	        sta cmdb
.92c4	a9 10		lda #$10	        lda #$10
.92c6	8d af 98	sta $98af	        sta cmdb+1
.92c9	a5 04		lda $04		        lda r1L
.92cb	8d b1 98	sta $98b1	        sta cmdb+3
.92ce	a5 05		lda $05		        lda r1H
.92d0	8d b2 98	sta $98b2	        sta cmdb+4
.92d3	a9 ae		lda #$ae	        lda #<cmdb
.92d5	85 02		sta $02		        sta r0L
.92d7	a9 98		lda #$98	        lda #>cmdb
.92d9	85 03		sta $03		        sta r0H
.92db	a9 05		lda #$05	        lda #$05
.92dd	20 5b 8a	jsr $8a5b	        jsr NET_CMD
.92e0	b0 27		bcs $9309	        bcs nr_err
.92e2	48		pha		        pha
.92e3	ad 3f 91	lda $913f	        lda NET_LEN
.92e6	c9 02		cmp #$02	        cmp #$02
.92e8	90 22		bcc $930c	        bcc nr_e2
.92ea	ad 00 88	lda $8800	        lda NET_DATA            ; count word from the reply
.92ed	8d 3f 91	sta $913f	        sta NET_LEN
.92f0	ad 01 88	lda $8801	        lda NET_DATA+1
.92f3	8d 40 91	sta $9140	        sta NET_LEN+1
.92f6	68		pla		        pla
.92f7	c9 00		cmp #$00	        cmp #$00
.92f9	f0 15		beq $9310	        beq nr_ok
.92fb	c9 01		cmp #$01	        cmp #$01                ; "01,CONNECTION CLOSED BY HOST"
.92fd	f0 14		beq $9313	        beq nr_closed
.92ff	ad 3f 91	lda $913f	        lda NET_LEN
.9302	2d 40 91	and $9140	        and NET_LEN+1
.9305	c9 ff		cmp #$ff	        cmp #$ff                ; -1: nothing within the window
.9307	f0 15		beq $931e	        beq nr_none
.9309	a9 03		lda #$03	nr_err: lda #$03
.930b	60		rts		        rts
.930c	68		pla		nr_e2:  pla
.930d	4c 09 93	jmp $9309	        jmp nr_err
.9310	a9 00		lda #$00	nr_ok:  lda #$00
.9312	60		rts		        rts
.9313					nr_closed:
.9313	a9 00		lda #$00	        lda #$00
.9315	8d 3f 91	sta $913f	        sta NET_LEN
.9318	8d 40 91	sta $9140	        sta NET_LEN+1
.931b	a9 02		lda #$02	        lda #$02
.931d	60		rts		        rts
.931e					nr_none:
.931e	a9 00		lda #$00	        lda #$00
.9320	8d 3f 91	sta $913f	        sta NET_LEN
.9323	8d 40 91	sta $9140	        sta NET_LEN+1
.9326	a9 01		lda #$01	        lda #$01
.9328	60		rts		        rts
.9329					NET_WRITE:
.9329	8d b0 98	sta $98b0	        sta cmdb+2
.932c	8e 9c 98	stx $989c	        stx cmdlen2
.932f	a9 03		lda #$03	        lda #$03
.9331	8d ae 98	sta $98ae	        sta cmdb
.9334	a9 11		lda #$11	        lda #$11
.9336	8d af 98	sta $98af	        sta cmdb+1
.9339	a0 00		ldy #$00	        ldy #$00
.933b	b1 02		lda ($02),y	nw_cp:  lda (r0),y
.933d	99 b1 98	sta $98b1,y	        sta cmdb+3,y
.9340	c8		iny		        iny
.9341	cc 9c 98	cpy $989c	        cpy cmdlen2
.9344	d0 f5		bne $933b	        bne nw_cp
.9346	a9 ae		lda #$ae	        lda #<cmdb
.9348	85 02		sta $02		        sta r0L
.934a	a9 98		lda #$98	        lda #>cmdb
.934c	85 03		sta $03		        sta r0H
.934e	98		tya		        tya
.934f	18		clc		        clc
.9350	69 03		adc #$03	        adc #$03
.9352	4c 5b 8a	jmp $8a5b	        jmp NET_CMD
.9355					NET_SYNC:
.9355	20 0c 95	jsr $950c	        jsr get_tz              ; normalise the zone bytes even when the
.9358	20 00 8a	jsr $8a00	        jsr NET_PRESENT         ; sync cannot run (settings shows them)
.935b	d0 05		bne $9362	        bne ns_p
.935d	a9 03		lda #$03	        lda #$03
.935f	4c 05 94	jmp $9405	        jmp ns_set
.9362	20 6b 91	jsr $916b	ns_p:   jsr NET_GETIP
.9365	d0 05		bne $936c	        bne ns_net
.9367	a9 02		lda #$02	        lda #$02
.9369	4c 05 94	jmp $9405	        jmp ns_set
.936c	a9 00		lda #$00	ns_net: lda #$00
.936e	8d 99 98	sta $9899	        sta hidx
.9371	a9 04		lda #$04	        lda #$04                ; failure code if no host even opens
.9373	8d 9a 98	sta $989a	        sta failcode
.9376					ns_host:
.9376	ae 99 98	ldx $9899	        ldx hidx
.9379	bd 0e 94	lda $940e,x	        lda ntp_hostL,x
.937c	85 02		sta $02		        sta r0L
.937e	bd 11 94	lda $9411,x	        lda ntp_hostH,x
.9381	85 03		sta $03		        sta r0H
.9383	a9 7b		lda #$7b	        lda #<NTP_PORT
.9385	85 04		sta $04		        sta r1L
.9387	a9 00		lda #$00	        lda #>NTP_PORT
.9389	85 05		sta $05		        sta r1H
.938b	a9 08		lda #$08	        lda #$08                ; udp
.938d	20 57 92	jsr $9257	        jsr NET_OPEN
.9390	90 03		bcc $9395	        bcc ns_open
.9392	4c d0 93	jmp $93d0	        jmp ns_next
.9395					ns_open:
.9395	a9 45		lda #$45	        lda #<ntp_req
.9397	85 02		sta $02		        sta r0L
.9399	a9 94		lda #$94	        lda #>ntp_req
.939b	85 03		sta $03		        sta r0H
.939d	a2 30		ldx #$30	        ldx #48
.939f	ad 41 91	lda $9141	        lda NET_SOCK
.93a2	20 29 93	jsr $9329	        jsr NET_WRITE
.93a5	a9 96		lda #$96	        lda #150                ; the Ultimate answers a read at once when
.93a7	8d 9f 98	sta $989f	        sta tries               ; nothing is queued: ~1.5 s of polling
.93aa	a9 30		lda #$30	ns_rd:  lda #48
.93ac	85 04		sta $04		        sta r1L
.93ae	a9 00		lda #$00	        lda #$00
.93b0	85 05		sta $05		        sta r1H
.93b2	ad 41 91	lda $9141	        lda NET_SOCK
.93b5	20 bc 92	jsr $92bc	        jsr NET_READ
.93b8	c9 00		cmp #$00	        cmp #$00
.93ba	f0 24		beq $93e0	        beq ns_got
.93bc	c9 01		cmp #$01	        cmp #$01
.93be	d0 05		bne $93c5	        bne ns_fail
.93c0	ce 9f 98	dec $989f	        dec tries
.93c3	d0 e5		bne $93aa	        bne ns_rd
.93c5					ns_fail:
.93c5	ad 41 91	lda $9141	        lda NET_SOCK
.93c8	20 a2 92	jsr $92a2	        jsr NET_CLOSE
.93cb	a9 01		lda #$01	        lda #$01
.93cd	8d 9a 98	sta $989a	        sta failcode            ; a host was reachable but silent
.93d0					ns_next:
.93d0	ee 99 98	inc $9899	        inc hidx
.93d3	ad 99 98	lda $9899	        lda hidx
.93d6	c9 03		cmp #$03	        cmp #NTP_HOSTS
.93d8	90 9c		bcc $9376	        bcc ns_host
.93da	ad 9a 98	lda $989a	        lda failcode
.93dd	4c 05 94	jmp $9405	        jmp ns_set
.93e0	ad 40 91	lda $9140	ns_got: lda NET_LEN+1
.93e3	d0 0a		bne $93ef	        bne ns_len_ok
.93e5	ad 3f 91	lda $913f	        lda NET_LEN
.93e8	c9 2c		cmp #$2c	        cmp #44                 ; transmit timestamp ends at byte 43
.93ea	b0 03		bcs $93ef	        bcs ns_len_ok
.93ec	4c c5 93	jmp $93c5	        jmp ns_fail
.93ef					ns_len_ok:
.93ef	20 75 94	jsr $9475	        jsr NET_APPLYNTP        ; before the close: NET_CMD reuses NET_DATA
.93f2	8d a0 98	sta $98a0	        sta applyres
.93f5	ad 41 91	lda $9141	        lda NET_SOCK
.93f8	20 a2 92	jsr $92a2	        jsr NET_CLOSE
.93fb	ad a0 98	lda $98a0	        lda applyres
.93fe	d0 09		bne $9409	        bne ns_bad
.9400	20 8e 97	jsr $978e	        jsr rtc_push
.9403	a9 00		lda #$00	        lda #$00
.9405	8d 21 91	sta $9121	ns_set: sta NET_STATE
.9408	60		rts		        rts
.9409	a9 01		lda #$01	ns_bad: lda #$01
.940b	4c 05 94	jmp $9405	        jmp ns_set
=3					NTP_HOSTS = 3
>940e	14 28 38			ntp_hostL: .byte <ntp_h0, <ntp_h1, <ntp_h2
>9411	94 94 94			ntp_hostH: .byte >ntp_h0, >ntp_h1, >ntp_h2
>9414	54 49 4d 45 2e 43 4c 4f		ntp_h0:   .text "time.cloudflare.com", $00
>941c	55 44 46 4c 41 52 45 2e 43 4f 4d 00
>9428	54 49 4d 45 2e 47 4f 4f		ntp_h1:   .text "time.google.com", $00
>9430	47 4c 45 2e 43 4f 4d 00
>9438	50 4f 4f 4c 2e 4e 54 50		ntp_h2:   .text "pool.ntp.org", $00
>9440	2e 4f 52 47 00
>9445	23				ntp_req:  .byte $23             ; LI 0, version 4, mode 3 (client)
>9446	00 00 00 00 00 00 00 00		          .fill 47, 0
>944e	00 00 00 00 00 00 00 00 00 00 00 00 00 00 00 00
>945e	00 00 00 00 00 00 00 00 00 00 00 00 00 00 00 00
>946e	00 00 00 00 00 00 00
.9475					NET_APPLYNTP:
.9475	ad 2d 88	lda $882d	        lda NET_DATA+2+43       ; transmit timestamp, seconds, big-endian
.9478	85 70		sta $70		        sta t0
.947a	ad 2c 88	lda $882c	        lda NET_DATA+2+42
.947d	85 71		sta $71		        sta t1
.947f	ad 2b 88	lda $882b	        lda NET_DATA+2+41
.9482	85 72		sta $72		        sta t2
.9484	ad 2a 88	lda $882a	        lda NET_DATA+2+40
.9487	85 73		sta $73		        sta t3
.9489	05 72		ora $72		        ora t2
.948b	05 71		ora $71		        ora t1
.948d	05 70		ora $70		        ora t0
.948f	d0 03		bne $9494	        bne an_ok
.9491	a9 01		lda #$01	        lda #$01
.9493	60		rts		        rts
.9494	20 0c 95	jsr $950c	an_ok:  jsr get_tz
.9497	8d 2a 91	sta $912a	        sta NET_TZ
.949a	20 2d 95	jsr $952d	        jsr add_tz
.949d	a9 80		lda #$80	        lda #$80                ; 86400 = $00015180
.949f	85 78		sta $78		        sta d0
.94a1	a9 51		lda #$51	        lda #$51
.94a3	85 79		sta $79		        sta d1
.94a5	a9 01		lda #$01	        lda #$01
.94a7	85 7a		sta $7a		        sta d2
.94a9	a9 00		lda #$00	        lda #$00
.94ab	85 7b		sta $7b		        sta d3
.94ad	20 79 95	jsr $9579	        jsr div32               ; t = days since 1900-01-01, rm = seconds of day
.94b0	a5 70		lda $70		        lda t0
.94b2	8d a3 98	sta $98a3	        sta days
.94b5	a5 71		lda $71		        lda t1
.94b7	8d a4 98	sta $98a4	        sta days+1
.94ba	a5 74		lda $74		        lda rm0
.94bc	85 70		sta $70		        sta t0
.94be	a5 75		lda $75		        lda rm1
.94c0	85 71		sta $71		        sta t1
.94c2	a5 76		lda $76		        lda rm2
.94c4	85 72		sta $72		        sta t2
.94c6	a9 00		lda #$00	        lda #$00
.94c8	85 73		sta $73		        sta t3
.94ca	a9 10		lda #$10	        lda #<3600
.94cc	85 78		sta $78		        sta d0
.94ce	a9 0e		lda #$0e	        lda #>3600
.94d0	85 79		sta $79		        sta d1
.94d2	a9 00		lda #$00	        lda #$00
.94d4	85 7a		sta $7a		        sta d2
.94d6	85 7b		sta $7b		        sta d3
.94d8	20 79 95	jsr $9579	        jsr div32
.94db	a5 70		lda $70		        lda t0
.94dd	8d 22 91	sta $9122	        sta NET_HOUR
.94e0	a5 74		lda $74		        lda rm0
.94e2	85 70		sta $70		        sta t0
.94e4	a5 75		lda $75		        lda rm1
.94e6	85 71		sta $71		        sta t1
.94e8	a9 00		lda #$00	        lda #$00
.94ea	85 72		sta $72		        sta t2
.94ec	85 73		sta $73		        sta t3
.94ee	a9 3c		lda #$3c	        lda #60
.94f0	85 78		sta $78		        sta d0
.94f2	a9 00		lda #$00	        lda #$00
.94f4	85 79		sta $79		        sta d1
.94f6	20 79 95	jsr $9579	        jsr div32
.94f9	a5 70		lda $70		        lda t0
.94fb	8d 23 91	sta $9123	        sta NET_MIN
.94fe	a5 74		lda $74		        lda rm0
.9500	8d 24 91	sta $9124	        sta NET_SEC
.9503	20 ca 95	jsr $95ca	        jsr civil_date
.9506	20 c0 96	jsr $96c0	        jsr set_tod
.9509	a9 00		lda #$00	        lda #$00
.950b	60		rts		        rts
.950c					get_tz:
.950c	ad 52 73	lda $7352	        lda SETREC_VER
.950f	c9 02		cmp #$02	        cmp #$02
.9511	d0 07		bne $951a	        bne gt_def
.9513	ad 54 73	lda $7354	        lda SETREC_TZMAG
.9516	c9 a5		cmp #$a5	        cmp #$a5
.9518	f0 0f		beq $9529	        beq gt_ok
.951a	a9 02		lda #$02	gt_def: lda #$02
.951c	8d 52 73	sta $7352	        sta SETREC_VER
.951f	a9 f0		lda #$f0	        lda #TZ_DEFAULT
.9521	8d 53 73	sta $7353	        sta SETREC_TZ
.9524	a9 a5		lda #$a5	        lda #$a5
.9526	8d 54 73	sta $7354	        sta SETREC_TZMAG
.9529	ad 53 73	lda $7353	gt_ok:  lda SETREC_TZ
.952c	60		rts		        rts
.952d					add_tz:
.952d	ad 2a 91	lda $912a	        lda NET_TZ
.9530	f0 46		beq $9578	        beq at_d
.9532	10 25		bpl $9559	        bpl at_pos
.9534	49 ff		eor #$ff	        eor #$ff
.9536	18		clc		        clc
.9537	69 01		adc #$01	        adc #$01
.9539	85 7f		sta $7f		        sta tmpc
.953b	38		sec		at_nl:  sec
.953c	a5 70		lda $70		        lda t0
.953e	e9 84		sbc #$84	        sbc #<900
.9540	85 70		sta $70		        sta t0
.9542	a5 71		lda $71		        lda t1
.9544	e9 03		sbc #$03	        sbc #>900
.9546	85 71		sta $71		        sta t1
.9548	a5 72		lda $72		        lda t2
.954a	e9 00		sbc #$00	        sbc #$00
.954c	85 72		sta $72		        sta t2
.954e	a5 73		lda $73		        lda t3
.9550	e9 00		sbc #$00	        sbc #$00
.9552	85 73		sta $73		        sta t3
.9554	c6 7f		dec $7f		        dec tmpc
.9556	d0 e3		bne $953b	        bne at_nl
.9558	60		rts		        rts
.9559	85 7f		sta $7f		at_pos: sta tmpc
.955b	18		clc		at_pl:  clc
.955c	a5 70		lda $70		        lda t0
.955e	69 84		adc #$84	        adc #<900
.9560	85 70		sta $70		        sta t0
.9562	a5 71		lda $71		        lda t1
.9564	69 03		adc #$03	        adc #>900
.9566	85 71		sta $71		        sta t1
.9568	a5 72		lda $72		        lda t2
.956a	69 00		adc #$00	        adc #$00
.956c	85 72		sta $72		        sta t2
.956e	a5 73		lda $73		        lda t3
.9570	69 00		adc #$00	        adc #$00
.9572	85 73		sta $73		        sta t3
.9574	c6 7f		dec $7f		        dec tmpc
.9576	d0 e3		bne $955b	        bne at_pl
.9578	60		rts		at_d:   rts
.9579					div32:
.9579	a9 00		lda #$00	        lda #$00
.957b	85 74		sta $74		        sta rm0
.957d	85 75		sta $75		        sta rm1
.957f	85 76		sta $76		        sta rm2
.9581	85 77		sta $77		        sta rm3
.9583	a2 20		ldx #$20	        ldx #32
.9585	06 70		asl $70		dv_l:   asl t0
.9587	26 71		rol $71		        rol t1
.9589	26 72		rol $72		        rol t2
.958b	26 73		rol $73		        rol t3
.958d	26 74		rol $74		        rol rm0
.958f	26 75		rol $75		        rol rm1
.9591	26 76		rol $76		        rol rm2
.9593	26 77		rol $77		        rol rm3
.9595	38		sec		        sec
.9596	a5 74		lda $74		        lda rm0
.9598	e5 78		sbc $78		        sbc d0
.959a	85 7c		sta $7c		        sta q0
.959c	a5 75		lda $75		        lda rm1
.959e	e5 79		sbc $79		        sbc d1
.95a0	85 7d		sta $7d		        sta q1
.95a2	a5 76		lda $76		        lda rm2
.95a4	e5 7a		sbc $7a		        sbc d2
.95a6	8d ab 98	sta $98ab	        sta q2
.95a9	a5 77		lda $77		        lda rm3
.95ab	e5 7b		sbc $7b		        sbc d3
.95ad	8d ac 98	sta $98ac	        sta q3
.95b0	90 14		bcc $95c6	        bcc dv_n
.95b2	a5 7c		lda $7c		        lda q0
.95b4	85 74		sta $74		        sta rm0
.95b6	a5 7d		lda $7d		        lda q1
.95b8	85 75		sta $75		        sta rm1
.95ba	ad ab 98	lda $98ab	        lda q2
.95bd	85 76		sta $76		        sta rm2
.95bf	ad ac 98	lda $98ac	        lda q3
.95c2	85 77		sta $77		        sta rm3
.95c4	e6 70		inc $70		        inc t0
.95c6	ca		dex		dv_n:   dex
.95c7	d0 bc		bne $9585	        bne dv_l
.95c9	60		rts		        rts
.95ca					civil_date:
.95ca	18		clc		        clc
.95cb	ad a3 98	lda $98a3	        lda days
.95ce	69 01		adc #$01	        adc #$01                ; 1900-01-01 was a Monday
.95d0	85 70		sta $70		        sta t0
.95d2	ad a4 98	lda $98a4	        lda days+1
.95d5	69 00		adc #$00	        adc #$00
.95d7	85 71		sta $71		        sta t1
.95d9	a9 00		lda #$00	        lda #$00
.95db	85 72		sta $72		        sta t2
.95dd	85 73		sta $73		        sta t3
.95df	a9 07		lda #$07	        lda #$07
.95e1	85 78		sta $78		        sta d0
.95e3	a9 00		lda #$00	        lda #$00
.95e5	85 79		sta $79		        sta d1
.95e7	85 7a		sta $7a		        sta d2
.95e9	85 7b		sta $7b		        sta d3
.95eb	20 79 95	jsr $9579	        jsr div32
.95ee	a5 74		lda $74		        lda rm0
.95f0	8d 29 91	sta $9129	        sta NET_WDAY
.95f3	a9 6c		lda #$6c	        lda #<1900
.95f5	8d 25 91	sta $9125	        sta NET_YEAR
.95f8	a9 07		lda #$07	        lda #>1900
.95fa	8d 26 91	sta $9126	        sta NET_YEAR+1
.95fd	20 78 96	jsr $9678	cd_yl:  jsr days_in_year
.9600	ad a4 98	lda $98a4	        lda days+1
.9603	cd a6 98	cmp $98a6	        cmp diy+1
.9606	90 28		bcc $9630	        bcc cd_ml
.9608	d0 08		bne $9612	        bne cd_ysub
.960a	ad a3 98	lda $98a3	        lda days
.960d	cd a5 98	cmp $98a5	        cmp diy
.9610	90 1e		bcc $9630	        bcc cd_ml
.9612					cd_ysub:
.9612	38		sec		        sec
.9613	ad a3 98	lda $98a3	        lda days
.9616	ed a5 98	sbc $98a5	        sbc diy
.9619	8d a3 98	sta $98a3	        sta days
.961c	ad a4 98	lda $98a4	        lda days+1
.961f	ed a6 98	sbc $98a6	        sbc diy+1
.9622	8d a4 98	sta $98a4	        sta days+1
.9625	ee 25 91	inc $9125	        inc NET_YEAR
.9628	d0 d3		bne $95fd	        bne cd_yl
.962a	ee 26 91	inc $9126	        inc NET_YEAR+1
.962d	4c fd 95	jmp $95fd	        jmp cd_yl
.9630	a9 01		lda #$01	cd_ml:  lda #$01
.9632	8d 27 91	sta $9127	        sta NET_MON
.9635	ae 27 91	ldx $9127	cd_mm:  ldx NET_MON
.9638	bd b3 96	lda $96b3,x	        lda mdays-1,x
.963b	e0 02		cpx #$02	        cpx #$02
.963d	d0 07		bne $9646	        bne cd_m2
.963f	ac a7 98	ldy $98a7	        ldy leap
.9642	f0 02		beq $9646	        beq cd_m2
.9644	a9 1d		lda #$1d	        lda #29
.9646	8d ad 98	sta $98ad	cd_m2:  sta tmpd
.9649	ad a4 98	lda $98a4	        lda days+1
.964c	d0 08		bne $9656	        bne cd_msub
.964e	ad a3 98	lda $98a3	        lda days
.9651	cd ad 98	cmp $98ad	        cmp tmpd
.9654	90 18		bcc $966e	        bcc cd_md
.9656					cd_msub:
.9656	38		sec		        sec
.9657	ad a3 98	lda $98a3	        lda days
.965a	ed ad 98	sbc $98ad	        sbc tmpd
.965d	8d a3 98	sta $98a3	        sta days
.9660	ad a4 98	lda $98a4	        lda days+1
.9663	e9 00		sbc #$00	        sbc #$00
.9665	8d a4 98	sta $98a4	        sta days+1
.9668	ee 27 91	inc $9127	        inc NET_MON
.966b	4c 35 96	jmp $9635	        jmp cd_mm
.966e	ad a3 98	lda $98a3	cd_md:  lda days
.9671	18		clc		        clc
.9672	69 01		adc #$01	        adc #$01
.9674	8d 28 91	sta $9128	        sta NET_DAY
.9677	60		rts		        rts
.9678					days_in_year:
.9678	a9 00		lda #$00	        lda #$00
.967a	8d a7 98	sta $98a7	        sta leap
.967d	ad 25 91	lda $9125	        lda NET_YEAR
.9680	29 03		and #$03	        and #$03
.9682	d0 1f		bne $96a3	        bne diy_n
.9684	ad 26 91	lda $9126	        lda NET_YEAR+1
.9687	c9 07		cmp #$07	        cmp #>1900
.9689	d0 07		bne $9692	        bne diy_c2
.968b	ad 25 91	lda $9125	        lda NET_YEAR
.968e	c9 6c		cmp #$6c	        cmp #<1900
.9690	f0 11		beq $96a3	        beq diy_n
.9692	ad 26 91	lda $9126	diy_c2: lda NET_YEAR+1
.9695	c9 08		cmp #$08	        cmp #>2100
.9697	d0 07		bne $96a0	        bne diy_y
.9699	ad 25 91	lda $9125	        lda NET_YEAR
.969c	c9 34		cmp #$34	        cmp #<2100
.969e	f0 03		beq $96a3	        beq diy_n
.96a0	ee a7 98	inc $98a7	diy_y:  inc leap
.96a3	18		clc		diy_n:  clc
.96a4	a9 6d		lda #$6d	        lda #<365
.96a6	6d a7 98	adc $98a7	        adc leap
.96a9	8d a5 98	sta $98a5	        sta diy
.96ac	a9 01		lda #$01	        lda #>365
.96ae	69 00		adc #$00	        adc #$00
.96b0	8d a6 98	sta $98a6	        sta diy+1
.96b3	60		rts		        rts
>96b4	1f 1c 1f 1e 1f 1e 1f 1f		mdays:  .byte 31,28,31,30,31,30,31,31,30,31,30,31
>96bc	1e 1f 1e 1f
.96c0					set_tod:
.96c0	ad 22 91	lda $9122	        lda NET_HOUR
.96c3	a2 00		ldx #$00	        ldx #$00
.96c5	c9 0c		cmp #$0c	        cmp #12
.96c7	90 04		bcc $96cd	        bcc st_am
.96c9	a2 80		ldx #$80	        ldx #$80
.96cb	e9 0c		sbc #$0c	        sbc #12
.96cd	c9 00		cmp #$00	st_am:  cmp #$00
.96cf	d0 02		bne $96d3	        bne st_h
.96d1	a9 0c		lda #$0c	        lda #12
.96d3	20 22 97	jsr $9722	st_h:   jsr bin2bcd
.96d6	86 7e		stx $7e		        stx tmpa
.96d8	05 7e		ora $7e		        ora tmpa
.96da	8d a8 98	sta $98a8	        sta todh
.96dd	ad 23 91	lda $9123	        lda NET_MIN
.96e0	20 22 97	jsr $9722	        jsr bin2bcd
.96e3	8d a9 98	sta $98a9	        sta todm
.96e6	ad 24 91	lda $9124	        lda NET_SEC
.96e9	20 22 97	jsr $9722	        jsr bin2bcd
.96ec	8d aa 98	sta $98aa	        sta tods
.96ef	20 0a 97	jsr $970a	        jsr tod_write
.96f2	ad 0b dc	lda $dc0b	        lda TODHRS              ; latches the TOD registers
.96f5	aa		tax		        tax
.96f6	ad 08 dc	lda $dc08	        lda TODTEN              ; releases them
.96f9	ec a8 98	cpx $98a8	        cpx todh
.96fc	f0 0b		beq $9709	        beq st_ok
.96fe	ad a8 98	lda $98a8	        lda todh
.9701	49 80		eor #$80	        eor #$80
.9703	8d a8 98	sta $98a8	        sta todh
.9706	20 0a 97	jsr $970a	        jsr tod_write
.9709	60		rts		st_ok:  rts
.970a					tod_write:
.970a	ad a8 98	lda $98a8	        lda todh
.970d	8d 0b dc	sta $dc0b	        sta TODHRS              ; stops the clock
.9710	ad a9 98	lda $98a9	        lda todm
.9713	8d 0a dc	sta $dc0a	        sta TODMIN
.9716	ad aa 98	lda $98aa	        lda tods
.9719	8d 09 dc	sta $dc09	        sta TODSEC
.971c	a9 00		lda #$00	        lda #$00
.971e	8d 08 dc	sta $dc08	        sta TODTEN              ; restarts it
.9721	60		rts		        rts
.9722					bin2bcd:
.9722	8e a1 98	stx $98a1	        stx tmpx
.9725	a2 00		ldx #$00	        ldx #$00
.9727	c9 0a		cmp #$0a	b2_l:   cmp #10
.9729	90 05		bcc $9730	        bcc b2_d
.972b	e9 0a		sbc #$0a	        sbc #10
.972d	e8		inx		        inx
.972e	d0 f7		bne $9727	        bne b2_l
.9730	85 7e		sta $7e		b2_d:   sta tmpa
.9732	8a		txa		        txa
.9733	0a		asl a		        asl
.9734	0a		asl a		        asl
.9735	0a		asl a		        asl
.9736	0a		asl a		        asl
.9737	05 7e		ora $7e		        ora tmpa
.9739	ae a1 98	ldx $98a1	        ldx tmpx
.973c	60		rts		        rts
.973d					bcd2bin:
.973d	48		pha		        pha
.973e	29 0f		and #$0f	        and #$0f
.9740	85 7e		sta $7e		        sta tmpa
.9742	68		pla		        pla
.9743	4a		lsr a		        lsr
.9744	4a		lsr a		        lsr
.9745	4a		lsr a		        lsr
.9746	4a		lsr a		        lsr
.9747	aa		tax		        tax
.9748	a9 00		lda #$00	        lda #$00
.974a	e0 00		cpx #$00	b2b_l:  cpx #$00
.974c	f0 07		beq $9755	        beq b2b_d
.974e	18		clc		        clc
.974f	69 0a		adc #$0a	        adc #10
.9751	ca		dex		        dex
.9752	4c 4a 97	jmp $974a	        jmp b2b_l
.9755	18		clc		b2b_d:  clc
.9756	65 7e		adc $7e		        adc tmpa
.9758	60		rts		        rts
.9759					read_tod:
.9759	ad 0b dc	lda $dc0b	        lda TODHRS
.975c	8d 9b 98	sta $989b	        sta todraw              ; keep the PM bit here: bcd2bin clobbers X
.975f	ad 0a dc	lda $dc0a	        lda TODMIN
.9762	20 3d 97	jsr $973d	        jsr bcd2bin
.9765	8d 23 91	sta $9123	        sta NET_MIN
.9768	ad 09 dc	lda $dc09	        lda TODSEC
.976b	20 3d 97	jsr $973d	        jsr bcd2bin
.976e	8d 24 91	sta $9124	        sta NET_SEC
.9771	ad 08 dc	lda $dc08	        lda TODTEN
.9774	ad 9b 98	lda $989b	        lda todraw
.9777	29 1f		and #$1f	        and #$1f
.9779	20 3d 97	jsr $973d	        jsr bcd2bin
.977c	c9 0c		cmp #$0c	        cmp #12
.977e	d0 02		bne $9782	        bne rt_n12
.9780	a9 00		lda #$00	        lda #$00
.9782	2c 9b 98	bit $989b	rt_n12: bit todraw
.9785	10 03		bpl $978a	        bpl rt_am
.9787	18		clc		        clc
.9788	69 0c		adc #$0c	        adc #12
.978a	8d 22 91	sta $9122	rt_am:  sta NET_HOUR
.978d	60		rts		        rts
.978e					rtc_push:
.978e	a9 01		lda #$01	        lda #$01
.9790	8d ae 98	sta $98ae	        sta cmdb
.9793	a9 27		lda #$27	        lda #$27
.9795	8d af 98	sta $98af	        sta cmdb+1
.9798	38		sec		        sec
.9799	ad 25 91	lda $9125	        lda NET_YEAR
.979c	e9 6c		sbc #$6c	        sbc #<1900
.979e	8d b0 98	sta $98b0	        sta cmdb+2              ; year - 1900
.97a1	ad 27 91	lda $9127	        lda NET_MON
.97a4	8d b1 98	sta $98b1	        sta cmdb+3
.97a7	ad 28 91	lda $9128	        lda NET_DAY
.97aa	8d b2 98	sta $98b2	        sta cmdb+4
.97ad	ad 22 91	lda $9122	        lda NET_HOUR
.97b0	8d b3 98	sta $98b3	        sta cmdb+5
.97b3	ad 23 91	lda $9123	        lda NET_MIN
.97b6	8d b4 98	sta $98b4	        sta cmdb+6
.97b9	ad 24 91	lda $9124	        lda NET_SEC
.97bc	8d b5 98	sta $98b5	        sta cmdb+7
.97bf	a9 ae		lda #$ae	        lda #<cmdb
.97c1	85 02		sta $02		        sta r0L
.97c3	a9 98		lda #$98	        lda #>cmdb
.97c5	85 03		sta $03		        sta r0H
.97c7	a9 08		lda #$08	        lda #$08
.97c9	4c 5b 8a	jmp $8a5b	        jmp NET_CMD
.97cc					NET_RTCTIME:
.97cc	a9 d9		lda #$d9	        lda #<c_gettime
.97ce	85 02		sta $02		        sta r0L
.97d0	a9 97		lda #$97	        lda #>c_gettime
.97d2	85 03		sta $03		        sta r0H
.97d4	a9 02		lda #$02	        lda #$02
.97d6	4c 5b 8a	jmp $8a5b	        jmp NET_CMD             ; "YYYY/MM/DD HH:MM:SS" at NET_DATA, 0-terminated
>97d9	01 26				c_gettime: .byte $01, $26
.97db					NET_TZSHIFT:
.97db	8d ad 98	sta $98ad	        sta tmpd
.97de	20 59 97	jsr $9759	        jsr read_tod
.97e1	ad 22 91	lda $9122	        lda NET_HOUR
.97e4	20 80 98	jsr $9880	        jsr mul60
.97e7	18		clc		        clc
.97e8	a5 70		lda $70		        lda t0
.97ea	6d 23 91	adc $9123	        adc NET_MIN
.97ed	85 70		sta $70		        sta t0
.97ef	90 02		bcc $97f3	        bcc tz_a
.97f1	e6 71		inc $71		        inc t1
.97f3	ad ad 98	lda $98ad	tz_a:   lda tmpd
.97f6	10 1b		bpl $9813	        bpl tz_pos
.97f8	49 ff		eor #$ff	        eor #$ff
.97fa	18		clc		        clc
.97fb	69 01		adc #$01	        adc #$01
.97fd	85 7f		sta $7f		        sta tmpc
.97ff	38		sec		tz_nl:  sec
.9800	a5 70		lda $70		        lda t0
.9802	e9 0f		sbc #$0f	        sbc #15
.9804	85 70		sta $70		        sta t0
.9806	a5 71		lda $71		        lda t1
.9808	e9 00		sbc #$00	        sbc #$00
.980a	85 71		sta $71		        sta t1
.980c	c6 7f		dec $7f		        dec tmpc
.980e	d0 ef		bne $97ff	        bne tz_nl
.9810	4c 26 98	jmp $9826	        jmp tz_wrap
.9813	f0 11		beq $9826	tz_pos: beq tz_wrap
.9815	85 7f		sta $7f		        sta tmpc
.9817	18		clc		tz_pl:  clc
.9818	a5 70		lda $70		        lda t0
.981a	69 0f		adc #$0f	        adc #15
.981c	85 70		sta $70		        sta t0
.981e	90 02		bcc $9822	        bcc tz_p2
.9820	e6 71		inc $71		        inc t1
.9822	c6 7f		dec $7f		tz_p2:  dec tmpc
.9824	d0 f1		bne $9817	        bne tz_pl
.9826					tz_wrap:
.9826	a5 71		lda $71		        lda t1
.9828	30 1c		bmi $9846	        bmi tz_neg
.982a	c9 05		cmp #$05	        cmp #>1440
.982c	90 25		bcc $9853	        bcc tz_set
.982e	d0 06		bne $9836	        bne tz_sub
.9830	a5 70		lda $70		        lda t0
.9832	c9 a0		cmp #$a0	        cmp #<1440
.9834	90 1d		bcc $9853	        bcc tz_set
.9836	38		sec		tz_sub: sec
.9837	a5 70		lda $70		        lda t0
.9839	e9 a0		sbc #$a0	        sbc #<1440
.983b	85 70		sta $70		        sta t0
.983d	a5 71		lda $71		        lda t1
.983f	e9 05		sbc #$05	        sbc #>1440
.9841	85 71		sta $71		        sta t1
.9843	4c 53 98	jmp $9853	        jmp tz_set
.9846	18		clc		tz_neg: clc
.9847	a5 70		lda $70		        lda t0
.9849	69 a0		adc #$a0	        adc #<1440
.984b	85 70		sta $70		        sta t0
.984d	a5 71		lda $71		        lda t1
.984f	69 05		adc #$05	        adc #>1440
.9851	85 71		sta $71		        sta t1
.9853	a9 00		lda #$00	tz_set: lda #$00
.9855	85 72		sta $72		        sta t2
.9857	85 73		sta $73		        sta t3
.9859	a9 3c		lda #$3c	        lda #60
.985b	85 78		sta $78		        sta d0
.985d	a9 00		lda #$00	        lda #$00
.985f	85 79		sta $79		        sta d1
.9861	85 7a		sta $7a		        sta d2
.9863	85 7b		sta $7b		        sta d3
.9865	20 79 95	jsr $9579	        jsr div32
.9868	a5 70		lda $70		        lda t0
.986a	8d 22 91	sta $9122	        sta NET_HOUR
.986d	a5 74		lda $74		        lda rm0
.986f	8d 23 91	sta $9123	        sta NET_MIN
.9872	20 c0 96	jsr $96c0	        jsr set_tod
.9875	18		clc		        clc
.9876	ad 2a 91	lda $912a	        lda NET_TZ
.9879	6d ad 98	adc $98ad	        adc tmpd
.987c	8d 2a 91	sta $912a	        sta NET_TZ
.987f	60		rts		        rts
.9880	85 7e		sta $7e		mul60:  sta tmpa                ; A -> t0/t1 = A * 60
.9882	a9 00		lda #$00	        lda #$00
.9884	85 70		sta $70		        sta t0
.9886	85 71		sta $71		        sta t1
.9888	a2 3c		ldx #$3c	        ldx #60
.988a	18		clc		m60_l:  clc
.988b	a5 70		lda $70		        lda t0
.988d	65 7e		adc $7e		        adc tmpa
.988f	85 70		sta $70		        sta t0
.9891	90 02		bcc $9895	        bcc m60_n
.9893	e6 71		inc $71		        inc t1
.9895	ca		dex		m60_n:  dex
.9896	d0 f2		bne $988a	        bne m60_l
.9898	60		rts		        rts
>9899	00				hidx:     .byte 0
>989a	00				failcode: .byte 0
>989b	00				todraw:   .byte 0
>989c	00				cmdlen2:  .byte 0
>989d	00				ifcnt:    .byte 0
>989e	00				ifidx:    .byte 0
>989f	00				tries:    .byte 0
>98a0	00				applyres: .byte 0
>98a1	00				tmpx:     .byte 0
>98a2	00				tmpy:     .byte 0
>98a3	00 00				days:     .word 0
>98a5	00 00				diy:      .word 0
>98a7	00				leap:     .byte 0
>98a8	00				todh:     .byte 0
>98a9	00				todm:     .byte 0
>98aa	00				tods:     .byte 0
>98ab	00				q2:       .byte 0
>98ac	00				q3:       .byte 0
>98ad	00				tmpd:     .byte 0
>98ae	00 00 00 00 00 00 00 00		cmdb:     .fill 204, 0          ; command image: 3 header + up to 200 data / 4 + host
>98b6	00 00 00 00 00 00 00 00 00 00 00 00 00 00 00 00
;	...repeated 11 times (176 bytes)...
>9976	00 00 00 00
.997a					net_end:

;******  End of listing
