
; 64tass Turbo Assembler Macro V1.60.3243 listing file
; 64tass -a -o target/uos-calc.prg -L target/uos-calc.lst src/uos-calc.asm
; Mon Sep  7 15:00:46 2026

;Offset	;Hex		;Monitor	;Source

;******  Processing input file: src/uos-calc.asm


;******  Processing file: src/equates.inc

=$02					r0              =       $02
=$02					r0L             =       $02
=$03					r0H             =       $03
=$04					r1              =       $04
=$04					r1L             =       $04
=$05					r1H             =       $05
=$06					r2              =       $06
=$06					r2L             =       $06
=$07					r2H             =       $07
=$08					r3              =       $08
=$08					r3L             =       $08
=$09					r3H             =       $09
=$0a					r4              =       $0a
=$0a					r4L             =       $0a
=$0b					r4H             =       $0b
=$0c					r5              =       $0c
=$0c					r5L             =       $0c
=$0d					r5H             =       $0d
=$0e					r6              =       $0e
=$0e					r6L             =       $0e
=$0f					r6H             =       $0f
=$10					r7              =       $10
=$10					r7L             =       $10
=$11					r7H             =       $11
=$12					r8              =       $12
=$12					r8L             =       $12
=$13					r8H             =       $13
=$14					r9              =       $14
=$14					r9L             =       $14
=$15					r9H             =       $15
=$16					r10             =       $16
=$16					r10L            =       $16
=$17					r10H            =       $17
=$18					r11             =       $18
=$18					r11L            =       $18
=$19					r11H            =       $19
=$1a					r12             =       $1a
=$1a					r12L            =       $1a
=$1b					r12H            =       $1b
=$1c					r13             =       $1c
=$1c					r13L            =       $1c
=$1d					r13H            =       $1d
=$1e					r14             =       $1e
=$1e					r14L            =       $1e
=$1f					r14H            =       $1f
=$20					r15             =       $20
=$20					r15L            =       $20
=$21					r15H            =       $21
=$22					r16             =       $22
=$02					X1              =       $02
=$04					Y1              =       $04
=$06					X2              =       $06
=$08					Y2              =       $08
=$fb					a0              =       $fb
=$fb					a0L             =       $fb
=$fc					a0H             =       $fc
=$fd					a1              =       $fd
=$fd					a1L             =       $fd
=$fe					a1H             =       $fe
=$70					a2              =       $70
=$70					a2L             =       $70
=$71					a2H             =       $71
=$72					a3              =       $72
=$72					a3L             =       $72
=$73					a3H             =       $73
=$74					a4              =       $74
=$74					a4L             =       $74
=$75					a4H             =       $75
=$76					a5              =       $76
=$76					a5L             =       $76
=$77					a5H             =       $77
=$78					a6              =       $78
=$78					a6L             =       $78
=$79					a6H             =       $79
=$7a					a7              =       $7a
=$7a					a7L             =       $7a
=$7b					a7H             =       $7b
=$7c					a8              =       $7c
=$7c					a8L             =       $7c
=$7d					a8H             =       $7d
=$7e					a9              =       $7e
=$7e					a9L             =       $7e
=$7f					a9H             =       $7f

;******  Return to file: src/uos-calc.asm


;******  Processing file: src/routines.inc

=$0316					brkVectorlo     = $0316
=$0317					brkVectorhi     = $0317
=$0811					MAINLOOP        = $0811
=$0814					FIND_CTL        = $0814
=$0817					FS_APP          = $0817
=$081a					FS_SCREEN       = $081a
=$081d					FS_RECT         = $081d
=$0820					CLR_RECT        = $0820
=$0823					LOAD_IMM        = $0823
=$0826					APP_LOADER      = $0826
=$0829					FILLFILE        = $0829
=$082c					KEYIN           = $082c
=$082f					GETCAP          = $082f
=$0832					LAUNCH_APP      = $0832  ; file buffer -> LOADER + jmp APP_START, core-resident
=$0835					VDTEXT          = $0835  ; 80-col companion: A=row X=col r9->PETSCII (no-op if no VDC)
=$0838					VDCLR           = $0838  ; 80-col companion: A=row -> blank the row (no-op if no VDC)
=$7350					SETREC          = $7350
=$7355					SETREC_DISP     = $7355  ; display mode  (0=40 1=80 2=both)
=$7356					SETREC_BG       = $7356  ; desktop background colour (0-15 VIC colour)
=$7352					SETREC_VER      = $7352  ; 2 = the zone bytes below are valid
=$7353					SETREC_TZ       = $7353  ; time zone, signed quarter-hours from UTC (-48..+56)
=$7354					SETREC_TZMAG    = $7354  ; $a5 when SETREC_TZ was written by the OS
=$cc00					VDC_GETREG      = $cc00
=$cc03					VDC_SETREG      = $cc03
=$cc06					VDC_SEEK        = $cc06
=$cc09					VDC_PUTS        = $cc09
=$cc0c					VDC_PUTCHR      = $cc0c
=$cc0f					VDC_CLS         = $cc0f
=$cc12					VDC_FONTUP      = $cc12
=$cc15					VDC_INIT        = $cc15
=$cc18					VDC_PRESENT     = $cc18
=$cc1b					VDC_TEXT        = $cc1b  ; A=row X=col r9->PETSCII text on the 80-col display
=$cc1e					VDC_CLR         = $cc1e  ; A=row -> blank the row
=$cc21					VDC_BANNER      = $cc21  ; header rows 0-1
=$cc24					VDC_LIVE        = $cc24  ; byte: 1 once VDSETUP brought the 8563 up
=$23					vdcbpL          = $23
=$24					vdcbpH          = $24
=$25					vdcdpL          = $25
=$26					vdcdpH          = $26
=$1000					DESK_START      = $1000
=$2fff					DESK_END        = $2fff
=$5000					APP_START       = $5000
=$8fff					APP_END         = $8fff
=$9000					APP_CTL_TBL     = $9000
=$9000					APP_CTL_CTR     = $9000
=$9001					APP_CTL_BUF     = $9001
=$9100					APP_CTL_END     = $9100  ; 25 ten-byte control slots; TESTCLICK indexes them
=$9b00					APP_ID_TBL      = $9b00
=$9c00					REU_SIZE        = $9c00
=$9c03					REU_STASH       = $9c03
=$9c06					REU_FETCH       = $9c06
=$9c09					REU_PARAMS      = $9c09
=$9100					NET_BASE        = $9100
=37120					NET_PRESENT     = NET_BASE+$00  ; A=1 when the command interface answers
=37123					NET_CMD         = NET_BASE+$03  ; r0->bytes (target first), A=len -> A=status code, C=1 absent/timeout
=37126					NET_GETIP       = NET_BASE+$06  ; A=1 when an interface has an address (NET_IP/NET_IPSTR)
=37129					NET_OPEN        = NET_BASE+$09  ; A=7 tcp / 8 udp, r0->host, r1=port -> A=socket, C=1 failed
=37132					NET_CLOSE       = NET_BASE+$0c  ; A=socket
=37135					NET_READ        = NET_BASE+$0f  ; A=socket, r1=max -> NET_DATA+2.., NET_LEN; A: 0 ok 1 none 2 closed 3 error
=37138					NET_WRITE       = NET_BASE+$12  ; A=socket, r0->data, X=len (1..200) -> A=status code
=37141					NET_SYNC        = NET_BASE+$15  ; network check + SNTP -> CIA TOD + Ultimate RTC; A=NET_STATE
=37144					NET_APPLYNTP    = NET_BASE+$18  ; NET_DATA+2.. = 48-byte NTP reply -> time/date/TOD; A=0 ok
=37147					NET_RTCTIME     = NET_BASE+$1b  ; Ultimate RTC "YYYY/MM/DD HH:MM:SS" -> NET_DATA; A=status code
=37150					NET_TZSHIFT     = NET_BASE+$1e  ; A=signed quarter-hours -> shift the running TOD
=37153					NET_STATE       = NET_BASE+$21  ; $ff not tried, 0 ntp synced, 1 no reply, 2 no network, 3 no ultimate, 4 open failed
=37154					NET_HOUR        = NET_BASE+$22  ; local time 24 h binary
=37155					NET_MIN         = NET_BASE+$23
=37156					NET_SEC         = NET_BASE+$24
=37157					NET_YEAR        = NET_BASE+$25  ; word
=37159					NET_MON         = NET_BASE+$27
=37160					NET_DAY         = NET_BASE+$28
=37161					NET_WDAY        = NET_BASE+$29  ; 0 = sunday
=37162					NET_TZ          = NET_BASE+$2a  ; quarter-hours applied
=37163					NET_IP          = NET_BASE+$2b  ; 4 bytes
=37167					NET_IPSTR       = NET_BASE+$2f  ; dotted decimal, 0-terminated ("" = none)
=37183					NET_LEN         = NET_BASE+$3f  ; word: payload length of the last reply / read
=37185					NET_SOCK        = NET_BASE+$41
=37186					NET_STAT        = NET_BASE+$42  ; 32 bytes: last status line "NN,TEXT"
=37218					NET_DIRMODE     = NET_BASE+$62  ; 1 = READ_DIR mode (NET_CMD null-separates + counts each block)
=37219					NET_DIRN        = NET_BASE+$63  ; directory entry count after a dir read
=$8800					NET_DATA        = $8800  ; 512-byte reply buffer (socket payload at +2)
=$9e03					INIT_MOUSE      = $9e03
=$9e09					KEYIN_EXT       = $9e09
=$9e0c					KEY_EXTSEEN     = $9e0c  ; byte: sticky 1 once the C128 ESC line was seen low (tests)
=$a000					BITMAP_START    = $a000
=$c000					GFX_INIT        = $c000
=$c00f					GFX_SETPIXEL    = $c00f
=$c021					GFX_DRAWBYTEPATTERN = $c021
=$c006					GFX_ON          = $c006
=$c009					GFX_OFF         = $c009
=$c00c					GFX_SETCOLOR    = $c00c
=$c015					GFX_LINE        = $c015
=$c018					GFX_CIRCLE      = $c018
=$c01b					GPUTC           = $c01b
=$c01e					GPUTS           = $c01e

;******  Return to file: src/uos-calc.asm


;******  Processing file: src/macros.inc


;******  Return to file: src/uos-calc.asm


;******  Processing file: src/kernal.inc

=$ff81					CINT   = $FF81;  ----  FF5B  init VIC & screen editor                                                  - - -  - - -  A X Y
=$ff84					IOINIT = $FF84;  ----  FDA3  initialize CIA & IRQ                                                      - - -  - - -  A X Y
=$ff87					RAMTAS = $FF87;  ----  FD50  RAM test & search RAM end                                                 - - -  - - -  A X Y
=$ff8a					RESTOR = $FF8A;  ----  FD15  restore default I/O vectors                                               - - -  - - -  A - Y
=$ff8d					VECTOR = $FF8D;  ----  FD1A  read/set I/O vectors               in: C=0 moves from Y/X to vectors      - X Y  - X -  A - Y
=$ff90					SETMSG = $FF90;  ----  FE18  enable/disable KERNAL messages     in: A bit7=1 error msgs on             A - -  - - -  A - -
=$ff93					SECOND = $FF93;  ----  EDB9  send secondary addr after listen   in: A=secondary address                A - -  - - -  A - -
=$ff96					TKSA   = $FF96;  ----  EDC7  send secondary addr after talk     in: A=secondary address                A - -  - - -  A - -
=$ff99					MEMTOP = $FF99;  ----  FE25  read/set top of memory             in: C=0; Y/X address                   - X Y  - X Y  - - -
=$ff9c					MEMBOT = $FF9C;  ----  FE34  read/set bottom of memory          in: C=0; Y/X address                   - X Y  - X Y  - - -
=$ff9f					SCNKEY = $FF9F;  ----  EA87  scan keyboard                                                             - - -  - - -  A X Y
=$ffa2					SETTMO = $FFA2;  ----  FE21  set IEEE timeout                   in: A bit7=1 disable, bit7=0 enable    A - -  A - -  - - -
=$ffa5					ACPTR  = $FFA5;  ----  EE13  input byte from SERIAL             out:A=byte, C=1 and ST=2 if timeout    - - -  A - -  A - -
=$ffa8					CIOUT  = $FFA8;  ----  EDDD  output byte to SERIAL              in: A=byte, C=1 and ST=3 if timeout    A - -  A - -  - - -
=$ffab					UNTLK  = $FFAB;  ----  EDEF  untalk all SERIAL devices                                                 - - -  - - -  A - -
=$ffae					UNLSN  = $FFAE;  ----  EDFE  unlisten all SERIAL devices                                               - - -  - - -  A - -
=$ffb1					LISTEN = $FFB1;  ----  ED0C  make SERIAL device listen          in: A=device number                    A - -  - - -  A - -
=$ffb4					TALK   = $FFB4;  ----  ED09  make SERIAL device talk            in: A=device number                    A - -  - - -  A - -
=$ffb7					READST = $FFB7;  ----  FE07  read I/O status byte               out:A=status byte                      - - -  A - -  A - -
=$ffba					SETLFS = $FFBA;  ----  FE00  set file parameters                in: A=logical file number              A X Y  A X Y  - - -
=$ffbd					SETNAM = $FFBD;  ----  FDF9  set file name                      in: A=length of filename               A X Y  A X Y  - - -
=$ffc0					OPEN   = $FFC0;  031A  F34A  open log.file after SETLFS,SETNAM  out:A=error# if C=1                    - - -  - - -  A X Y
=$ffc3					CLOSE  = $FFC3;  031C  F291  close a logical file               in: A=logical file number              A - -  - - -  A X Y
=$ffc6					CHKIN  = $FFC6;  031E  F20E  open channel for input             in: X=logical file number              - X -  - - -  A X -
=$ffc9					CHKOUT = $FFC9;  0320  F250  open channel for output            in: X=logical file number              - X -  - - -  A X -
=$ffcc					CLRCHN = $FFCC;  0322  F333  restore default devices                                                   - - -  - - -  A X -
=$ffcf					CHRIN  = $FFCF;  0324  F157  input character                    out:A=character, C=1 and ST=error      - - -  A - -  A - -
=$ffd2					CHROUT = $FFD2;  0326  F1CA  output character                   in: A=character, C=1 and ST=error      A - -  A - -  - - -
=$ffd5					LOAD   = $FFD5;  0330  F49E  load after call SETLFS,SETNAM      in: A=0 load, a=1 verify               A X Y  A X Y  A X Y
=$ffd8					SAVE   = $FFD8;  0332  F5DD  save after call SETLFS,SETNAM      in: A=zero page pointer to start.addr  A X Y  - - -  A X Y
=$ffdb					SETTIM = $FFDB;  ----  F6E4  set jiffy clock                    in: A=MSB, X=middle, Y=LSB             A X Y  - - -  - - -
=$ffde					RDTIM  = $FFDE;  ----  F6DD  read jiffy clock                   out:A=MSB, X=middle, Y=LSB             - - -  A X Y  A X Y
=$ffe1					STOP   = $FFE1;  0328  F6ED  check stop key                     out:Z=0 if STOP not used; X unchanged  - - -  A - -  A - -
=$ffe4					GETIN  = $FFE4;  032A  F13E  get a byte from channel            out:keyboard:A=0 if puffer empty       - - -  A - -  A X Y
=$ffe7					CLALL  = $FFE7;  032C  F32F  close or abort all files                                                  - - -  - - -  A X -
=$ffea					UDTIM  = $FFEA;  ----  F69B  update jiffy clock                                                        - - -  - - -  A X -
=$ffed					SCREEN = $FFED;  ----  E505  return screen size                 out:X=columns, Y=rows                  - - -  - X Y  - X Y
=$fff0					PLOT   = $FFF0;  ----  E50A  read/set cursor position           in: C=0, X=row, Y=column               - X Y  - X Y  - - -
=$fff3					IOBASE = $FFF3;  ----  E500  returns the addr of I/O devices    out:Y/X=addr($DC00)                    - - -  - X Y  - X Y

;******  Return to file: src/uos-calc.asm


;******  Processing file: src/vic-ii.inc

=$d000					VIC_BASE        = $d000
=$d800					VIC_COLOR_RAM   = $d800
=$0400					VIC_HIRES_COLOR = $0400
=$00					VIC_SPR0_X      = $00     ; Sprite x / y screen position registers
=$01					VIC_SPR0_Y      = $01
=$02					VIC_SPR1_X      = $02
=$03					VIC_SPR1_Y      = $03
=$04					VIC_SPR2_X      = $04
=$05					VIC_SPR2_Y      = $05
=$06					VIC_SPR3_X      = $06
=$07					VIC_SPR3_Y      = $07
=$08					VIC_SPR4_X      = $08
=$09					VIC_SPR4_Y      = $09
=$0a					VIC_SPR5_X      = $0A
=$0b					VIC_SPR5_Y      = $0B
=$0c					VIC_SPR6_X      = $0C
=$0d					VIC_SPR6_Y      = $0D
=$0e					VIC_SPR7_X      = $0E
=$0f					VIC_SPR7_Y      = $0F
=$10					VIC_SPR_XMSb    = $10     ; MSB of the X coordinate (since 320 > 255). Bit 7 = sprite 7, 6 = sprite 6, etc
=$11					VIC_CTRL_1      = $11
=$11					SCROLY			= $11     ; Control register 1
=$12					VIC_RASTER      = $12     ; Number of raster GFX_LINE at which a raster IRQ should be generated.
=$13					VIC_LTPEN_X     = $13     ; X-portion of the screen position at which the beam was found when a strobe was generated (light pen)
=$14					VIC_LTPEN_Y     = $14     ; Y-portion of the screen position at which the beam was found when a strobe was generated (light pen)
=$15					VIC_SPR_ENBL    = $15     ; Sprite enable (bit 7= sprite 7, bit 6 = sprite 6 etc)
=$16					VIC_CTRL_2      = $16     ; Control register 2
=$17					VIC_SPR_XPND_X  = $17     ; Sprite expand (bit 7= sprite 7, bit 6 = sprite 6 etc)
=$18					VIC_RAM_BASE    = $18     ; Base address of the character generator and video RAM
=$19					VIC_IRR         = $19     ; IRR:Interrupt Request Register
=$1a					VIC_IMR         = $1a     ; IMR:Interrupt Mask Register
=$1b					VIC_SPR_PRI     = $1b     ; Priority register(sprites)
=$1c					VIC_SPR_MULTI   = $1c     ; Multi-color register (sprites)
=$1d					VIC_SPR_XPND_Y  = $1d     ; Sprite expand Y The sprites can be doubled in the Y-direction by setting
=$1e					VIC_SPSP_COL    = $1e     ; Sprite/sprite collision
=$1f					VIC_SPBK_COL    = $1f     ; Sprite/background collision
=$20					VIC_BORDER_COL  = $20     ; Exterior color(border color) The border color is set in this register (0-15).
=$21					VIC_BG_COL0     = $21     ; Background color registers 0-3
=$22					VIC_BG_COL1     = $22     ; Background color register 0 determines the background color in
=$23					VIC_BG_COL2     = $23     ; the "normal" text mode. If the multi-color mode is enabled, it
=$24					VIC_BG_COL3     = $24     ; accesses registers 1-3
=$25					VIC_SPR_MCOL0   = $25     ; Spritemulti-colorcolor0/1
=$26					VIC_SPR_MCOL1   = $26     ; Sprites which are represented in multi-color can assume the back
=$27					VIC_SPR_COL0    = $27     ; Color sprite 0-8
=$28					VIC_SPR_COL1    = $28     ; The colors for the individual sprites are placed in these registers.
=$29					VIC_SPR_COL2    = $29
=$2a					VIC_SPR_COL3    = $2a
=$2b					VIC_SPR_COL4    = $2b
=$2c					VIC_SPR_COL5    = $2c
=$2d					VIC_SPR_COL6    = $2d
=$2e					VIC_SPR_COL7    = $2e
=$2f					VIC_KYBRD_CTRL  = $2f     ; Keyboard control register
=$30					VIC_CLOCK       = $30     ; 2MHz bit
=$00					VIC_COLOR_BLACK   = $00
=$01					VIC_COLOR_WHITE   = $01
=$02					VIC_COLOR_RED     = $02
=$03					VIC_COLOR_CYAN    = $03
=$04					VIC_COLOR_PURPLE  = $04
=$05					VIC_COLOR_GREEN   = $05
=$06					VIC_COLOR_BLUE    = $06
=$07					VIC_COLOR_YELLOW  = $07
=$08					VIC_COLOR_ORANGE  = $08
=$09					VIC_COLOR_BROWN   = $09
=$0a					VIC_COLOR_LRED    = $0A
=$0b					VIC_COLOR_DGREY   = $0B
=$0c					VIC_COLOR_MGREY   = $0C
=$0d					VIC_COLOR_LGREEN  = $0D
=$0e					VIC_COLOR_LBLUE   = $0E
=$0f					VIC_COLOR_LGREY   = $0F

;******  Return to file: src/uos-calc.asm


;******  Processing file: src/io.inc

=$dc08					TODTEN      = $DC08
=$dc09					TODSEC      = $DC09
=$dc0a					TODMIN      = $DC0A
=$dc0b					TODHRS      = $DC0B

;******  Return to file: src/uos-calc.asm

=16					CDX             = 16            ; VIC display origin x
=40					CDY             = 40            ; VIC display origin y
=$40					c_acc           = $40           ; word: accumulator
=$42					c_ent           = $42           ; word: entry being typed
=$44					c_elen          = $44           ; byte: digits typed (capped at 8)
=$45					c_pen           = $45           ; byte: pending op (0 none, 1 '+' 2 '-' 3 '*' 4 '/')
=$46					c_fresh         = $46           ; byte: next digit starts a new entry
=$47					c_err           = $47           ; byte: 0 none, 1 DIV/0, 2 OVF
=$48					c_tmp           = $48           ; word: scratch (dividend, multiply, display value)
=$4a					c_tmp2          = $4a           ; byte: scratch (digit)
=$4b					c_divs          = $4b           ; word: division quotient
=$4d					c_rem           = $4d           ; word: division remainder / multiply high word
=$4f					c_opkey         = $4f           ; byte: op just keyed (held across the fold)
.5000	ee 00 9b	inc $9b00	    inc APP_ID_TBL
.5003	ad 00 9b	lda $9b00	    lda APP_ID_TBL
.5006	a9 00		lda #$00	        lda #$00
.5008	85 03		sta $03		        sta X1+1
.500a	a9 08		lda #$08	        lda #8
.500c	85 02		sta $02		        sta X1
.500e	a9 01		lda #$01	        lda #$01
.5010	85 07		sta $07		        sta X2+1
.5012	a9 38		lda #$38	        lda #8 + 304-256
.5014	85 06		sta $06		        sta X2
.5016	a9 06		lda #$06	        lda #6
.5018	85 04		sta $04		        sta Y1
.501a	a9 06		lda #$06	        lda #6
.501c	85 08		sta $08		        sta Y2
.501e	a9 00		lda #$00	        lda #$00
.5020	85 05		sta $05		        sta Y1+1
.5022	85 09		sta $09		        sta Y2+1
.5024	20 15 c0	jsr $c015	        jsr GFX_LINE
.5027	a9 00		lda #$00	        lda #$00
.5029	85 03		sta $03		        sta X1+1
.502b	a9 08		lda #$08	        lda #8
.502d	85 02		sta $02		        sta X1
.502f	a9 01		lda #$01	        lda #$01
.5031	85 07		sta $07		        sta X2+1
.5033	a9 38		lda #$38	        lda #8 + 304-256
.5035	85 06		sta $06		        sta X2
.5037	a9 c2		lda #$c2	        lda #6 + 188
.5039	85 04		sta $04		        sta Y1
.503b	a9 c2		lda #$c2	        lda #6 + 188
.503d	85 08		sta $08		        sta Y2
.503f	a9 00		lda #$00	        lda #$00
.5041	85 05		sta $05		        sta Y1+1
.5043	85 09		sta $09		        sta Y2+1
.5045	20 15 c0	jsr $c015	        jsr GFX_LINE
.5048	a9 00		lda #$00	        lda #$00
.504a	85 03		sta $03		        sta X1+1
.504c	a9 08		lda #$08	        lda #8
.504e	85 02		sta $02		        sta X1
.5050	a9 00		lda #$00	        lda #$00
.5052	85 07		sta $07		        sta X2+1
.5054	a9 08		lda #$08	        lda #8
.5056	85 06		sta $06		        sta X2
.5058	a9 06		lda #$06	        lda #6
.505a	85 04		sta $04		        sta Y1
.505c	a9 c2		lda #$c2	        lda #6 + 188
.505e	85 08		sta $08		        sta Y2
.5060	a9 00		lda #$00	        lda #$00
.5062	85 05		sta $05		        sta Y1+1
.5064	85 09		sta $09		        sta Y2+1
.5066	20 15 c0	jsr $c015	        jsr GFX_LINE
.5069	a9 01		lda #$01	        lda #$01
.506b	85 03		sta $03		        sta X1+1
.506d	a9 38		lda #$38	        lda #8 + 304-256
.506f	85 02		sta $02		        sta X1
.5071	a9 01		lda #$01	        lda #$01
.5073	85 07		sta $07		        sta X2+1
.5075	a9 38		lda #$38	        lda #8 + 304-256
.5077	85 06		sta $06		        sta X2
.5079	a9 06		lda #$06	        lda #6
.507b	85 04		sta $04		        sta Y1
.507d	a9 c2		lda #$c2	        lda #6 + 188
.507f	85 08		sta $08		        sta Y2
.5081	a9 00		lda #$00	        lda #$00
.5083	85 05		sta $05		        sta Y1+1
.5085	85 09		sta $09		        sta Y2+1
.5087	20 15 c0	jsr $c015	        jsr GFX_LINE
.508a	a9 00		lda #$00	        lda #$00
.508c	85 03		sta $03		        sta X1+1
.508e	a9 0d		lda #$0d	        lda #8+5
.5090	85 02		sta $02		        sta X1
.5092	a9 01		lda #$01	        lda #$01
.5094	85 07		sta $07		        sta X2+1
.5096	a9 3d		lda #$3d	        lda #8+304+5-256
.5098	85 06		sta $06		        sta X2
.509a	a9 c3		lda #$c3	        lda #6+188+1
.509c	85 04		sta $04		        sta Y1
.509e	a9 c3		lda #$c3	        lda #6+188+1
.50a0	85 08		sta $08		        sta Y2
.50a2	a9 00		lda #$00	        lda #$00
.50a4	85 05		sta $05		        sta Y1+1
.50a6	85 09		sta $09		        sta Y2+1
.50a8	20 15 c0	jsr $c015	        jsr GFX_LINE
.50ab	a9 00		lda #$00	        lda #$00
.50ad	85 03		sta $03		        sta X1+1
.50af	a9 0d		lda #$0d	        lda #8+5
.50b1	85 02		sta $02		        sta X1
.50b3	a9 01		lda #$01	        lda #$01
.50b5	85 07		sta $07		        sta X2+1
.50b7	a9 3d		lda #$3d	        lda #8+304+5-256
.50b9	85 06		sta $06		        sta X2
.50bb	a9 c4		lda #$c4	        lda #6+188+2
.50bd	85 04		sta $04		        sta Y1
.50bf	a9 c4		lda #$c4	        lda #6+188+2
.50c1	85 08		sta $08		        sta Y2
.50c3	a9 00		lda #$00	        lda #$00
.50c5	85 05		sta $05		        sta Y1+1
.50c7	85 09		sta $09		        sta Y2+1
.50c9	20 15 c0	jsr $c015	        jsr GFX_LINE
.50cc	a9 00		lda #$00	        lda #$00
.50ce	85 03		sta $03		        sta X1+1
.50d0	a9 0d		lda #$0d	        lda #8+5
.50d2	85 02		sta $02		        sta X1
.50d4	a9 01		lda #$01	        lda #$01
.50d6	85 07		sta $07		        sta X2+1
.50d8	a9 3d		lda #$3d	        lda #8+304+5-256
.50da	85 06		sta $06		        sta X2
.50dc	a9 c5		lda #$c5	        lda #6+188+3
.50de	85 04		sta $04		        sta Y1
.50e0	a9 c5		lda #$c5	        lda #6+188+3
.50e2	85 08		sta $08		        sta Y2
.50e4	a9 00		lda #$00	        lda #$00
.50e6	85 05		sta $05		        sta Y1+1
.50e8	85 09		sta $09		        sta Y2+1
.50ea	20 15 c0	jsr $c015	        jsr GFX_LINE
.50ed	a9 00		lda #$00	        lda #$00
.50ef	85 03		sta $03		        sta X1+1
.50f1	a9 0d		lda #$0d	        lda #8+5
.50f3	85 02		sta $02		        sta X1
.50f5	a9 01		lda #$01	        lda #$01
.50f7	85 07		sta $07		        sta X2+1
.50f9	a9 3d		lda #$3d	        lda #8+304+5-256
.50fb	85 06		sta $06		        sta X2
.50fd	a9 c6		lda #$c6	        lda #6+188+4
.50ff	85 04		sta $04		        sta Y1
.5101	a9 c6		lda #$c6	        lda #6+188+4
.5103	85 08		sta $08		        sta Y2
.5105	a9 00		lda #$00	        lda #$00
.5107	85 05		sta $05		        sta Y1+1
.5109	85 09		sta $09		        sta Y2+1
.510b	20 15 c0	jsr $c015	        jsr GFX_LINE
.510e	a9 00		lda #$00	        lda #$00
.5110	85 03		sta $03		        sta X1+1
.5112	a9 0d		lda #$0d	        lda #8+5
.5114	85 02		sta $02		        sta X1
.5116	a9 01		lda #$01	        lda #$01
.5118	85 07		sta $07		        sta X2+1
.511a	a9 3d		lda #$3d	        lda #8+304+5-256
.511c	85 06		sta $06		        sta X2
.511e	a9 c7		lda #$c7	        lda #6+188+5
.5120	85 04		sta $04		        sta Y1
.5122	a9 c7		lda #$c7	        lda #6+188+5
.5124	85 08		sta $08		        sta Y2
.5126	a9 00		lda #$00	        lda #$00
.5128	85 05		sta $05		        sta Y1+1
.512a	85 09		sta $09		        sta Y2+1
.512c	20 15 c0	jsr $c015	        jsr GFX_LINE
.512f	a9 01		lda #$01	        lda #$01
.5131	85 03		sta $03		        sta X1+1
.5133	a9 39		lda #$39	        lda #8+304+1-256
.5135	85 02		sta $02		        sta X1
.5137	a9 01		lda #$01	        lda #$01
.5139	85 07		sta $07		        sta X2+1
.513b	a9 39		lda #$39	        lda #8+304+1-256
.513d	85 06		sta $06		        sta X2
.513f	a9 0b		lda #$0b	        lda #6+5
.5141	85 04		sta $04		        sta Y1
.5143	a9 c7		lda #$c7	        lda #6+188+5
.5145	85 08		sta $08		        sta Y2
.5147	a9 00		lda #$00	        lda #$00
.5149	85 05		sta $05		        sta Y1+1
.514b	85 09		sta $09		        sta Y2+1
.514d	20 15 c0	jsr $c015	        jsr GFX_LINE
.5150	a9 01		lda #$01	        lda #$01
.5152	85 03		sta $03		        sta X1+1
.5154	a9 3a		lda #$3a	        lda #8+304+2-256
.5156	85 02		sta $02		        sta X1
.5158	a9 01		lda #$01	        lda #$01
.515a	85 07		sta $07		        sta X2+1
.515c	a9 3a		lda #$3a	        lda #8+304+2-256
.515e	85 06		sta $06		        sta X2
.5160	a9 0b		lda #$0b	        lda #6+5
.5162	85 04		sta $04		        sta Y1
.5164	a9 c7		lda #$c7	        lda #6+188+5
.5166	85 08		sta $08		        sta Y2
.5168	a9 00		lda #$00	        lda #$00
.516a	85 05		sta $05		        sta Y1+1
.516c	85 09		sta $09		        sta Y2+1
.516e	20 15 c0	jsr $c015	        jsr GFX_LINE
.5171	a9 01		lda #$01	        lda #$01
.5173	85 03		sta $03		        sta X1+1
.5175	a9 3b		lda #$3b	        lda #8+304+3-256
.5177	85 02		sta $02		        sta X1
.5179	a9 01		lda #$01	        lda #$01
.517b	85 07		sta $07		        sta X2+1
.517d	a9 3b		lda #$3b	        lda #8+304+3-256
.517f	85 06		sta $06		        sta X2
.5181	a9 0b		lda #$0b	        lda #6+5
.5183	85 04		sta $04		        sta Y1
.5185	a9 c7		lda #$c7	        lda #6+188+5
.5187	85 08		sta $08		        sta Y2
.5189	a9 00		lda #$00	        lda #$00
.518b	85 05		sta $05		        sta Y1+1
.518d	85 09		sta $09		        sta Y2+1
.518f	20 15 c0	jsr $c015	        jsr GFX_LINE
.5192	a9 01		lda #$01	        lda #$01
.5194	85 03		sta $03		        sta X1+1
.5196	a9 3c		lda #$3c	        lda #8+304+4-256
.5198	85 02		sta $02		        sta X1
.519a	a9 01		lda #$01	        lda #$01
.519c	85 07		sta $07		        sta X2+1
.519e	a9 3c		lda #$3c	        lda #8+304+4-256
.51a0	85 06		sta $06		        sta X2
.51a2	a9 0b		lda #$0b	        lda #6+5
.51a4	85 04		sta $04		        sta Y1
.51a6	a9 c7		lda #$c7	        lda #6+188+5
.51a8	85 08		sta $08		        sta Y2
.51aa	a9 00		lda #$00	        lda #$00
.51ac	85 05		sta $05		        sta Y1+1
.51ae	85 09		sta $09		        sta Y2+1
.51b0	20 15 c0	jsr $c015	        jsr GFX_LINE
.51b3	a9 01		lda #$01	        lda #$01
.51b5	85 03		sta $03		        sta X1+1
.51b7	a9 3d		lda #$3d	        lda #8+304+5-256
.51b9	85 02		sta $02		        sta X1
.51bb	a9 01		lda #$01	        lda #$01
.51bd	85 07		sta $07		        sta X2+1
.51bf	a9 3d		lda #$3d	        lda #8+304+5-256
.51c1	85 06		sta $06		        sta X2
.51c3	a9 0b		lda #$0b	        lda #6+5
.51c5	85 04		sta $04		        sta Y1
.51c7	a9 c7		lda #$c7	        lda #6+188+5
.51c9	85 08		sta $08		        sta Y2
.51cb	a9 00		lda #$00	        lda #$00
.51cd	85 05		sta $05		        sta Y1+1
.51cf	85 09		sta $09		        sta Y2+1
.51d1	20 15 c0	jsr $c015	        jsr GFX_LINE
.51d4	a9 10		lda #$10	    lda #16
.51d6	85 02		sta $02		    sta X1
.51d8	a9 00		lda #$00	    lda #$00
.51da	85 03		sta $03		    sta X1+1
.51dc	c8		iny		    iny
.51dd	a9 0c		lda #$0c	    lda #12
.51df	85 04		sta $04		    sta Y1
.51e1	a9 ed		lda #$ed	    lda #<c_title
.51e3	85 14		sta $14		    sta r9L
.51e5	a9 55		lda #$55	    lda #>c_title
.51e7	85 15		sta $15		    sta r9H
.51e9	20 1e c0	jsr $c01e	    jsr GPUTS
.51ec	a9 10		lda #$10	    lda #16
.51ee	85 02		sta $02		    sta X1
.51f0	a9 00		lda #$00	    lda #$00
.51f2	85 03		sta $03		    sta X1+1
.51f4	c8		iny		    iny
.51f5	a9 b6		lda #$b6	    lda #182
.51f7	85 04		sta $04		    sta Y1
.51f9	a9 f8		lda #$f8	    lda #<c_hint
.51fb	85 14		sta $14		    sta r9L
.51fd	a9 55		lda #$55	    lda #>c_hint
.51ff	85 15		sta $15		    sta r9H
.5201	20 1e c0	jsr $c01e	    jsr GPUTS
.5204	a9 02		lda #$02	        lda #$02
.5206	48		pha		_cvc:   pha
.5207	20 38 08	jsr $0838	        jsr VDCLR
.520a	68		pla		        pla
.520b	18		clc		        clc
.520c	69 01		adc #$01	        adc #$01
.520e	c9 18		cmp #$18	        cmp #24
.5210	d0 f4		bne $5206	        bne _cvc
.5212	a9 ed		lda #$ed	        lda #<c_title
.5214	85 14		sta $14		        sta r9L
.5216	a9 55		lda #$55	        lda #>c_title
.5218	85 15		sta $15		        sta r9H
.521a	a9 02		lda #$02	        lda #$02
.521c	a2 00		ldx #$00	        ldx #$00
.521e	20 35 08	jsr $0835	        jsr VDTEXT
.5221	a9 f8		lda #$f8	        lda #<c_hint
.5223	85 14		sta $14		        sta r9L
.5225	a9 55		lda #$55	        lda #>c_hint
.5227	85 15		sta $15		        sta r9H
.5229	a9 17		lda #$17	        lda #$17
.522b	a2 00		ldx #$00	        ldx #$00
.522d	20 35 08	jsr $0835	        jsr VDTEXT
.5230	20 ba 52	jsr $52ba	        jsr c_clear
.5233	20 2c 08	jsr $082c	cloop:  jsr KEYIN
.5236	c9 00		cmp #$00	        cmp #$00
.5238	f0 f9		beq $5233	        beq cloop
.523a	a6 47		ldx $47		        ldx c_err                       ; error latched: only C is accepted
.523c	f0 0b		beq $5249	        beq _cn
.523e	c9 43		cmp #$43	        cmp #$43                        ; 'C'
.5240	f0 43		beq $5285	        beq _jclear
.5242	c9 63		cmp #$63	        cmp #$63                        ; 'c'
.5244	f0 3f		beq $5285	        beq _jclear
.5246	4c 33 52	jmp $5233	        jmp cloop
.5249	c9 1b		cmp #$1b	_cn:    cmp #$1b                        ; ESC -> desktop
.524b	f0 2f		beq $527c	        beq _jexit
.524d	c9 14		cmp #$14	        cmp #$14                        ; DEL -> backspace
.524f	f0 2e		beq $527f	        beq _jdel
.5251	c9 0d		cmp #$0d	        cmp #$0d                        ; RETURN = '='
.5253	f0 2d		beq $5282	        beq _jeq
.5255	c9 3d		cmp #$3d	        cmp #$3d                        ; '='
.5257	f0 29		beq $5282	        beq _jeq
.5259	c9 2b		cmp #$2b	        cmp #$2b                        ; '+'
.525b	f0 2e		beq $528b	        beq _cop1
.525d	c9 2d		cmp #$2d	        cmp #$2d                        ; '-'
.525f	f0 2f		beq $5290	        beq _cop2
.5261	c9 2a		cmp #$2a	        cmp #$2a                        ; '*'
.5263	f0 30		beq $5295	        beq _cop3
.5265	c9 2f		cmp #$2f	        cmp #$2f                        ; '/'
.5267	f0 31		beq $529a	        beq _cop4
.5269	c9 43		cmp #$43	        cmp #$43                        ; 'C'
.526b	f0 18		beq $5285	        beq _jclear
.526d	c9 63		cmp #$63	        cmp #$63                        ; 'c'
.526f	f0 14		beq $5285	        beq _jclear
.5271	c9 30		cmp #$30	        cmp #$30                        ; digits $30-$39; else ignore
.5273	90 be		bcc $5233	        bcc cloop
.5275	c9 3a		cmp #$3a	        cmp #$3a
.5277	90 0f		bcc $5288	        bcc _jdig
.5279	4c 33 52	jmp $5233	        jmp cloop
.527c	4c 9f 52	jmp $529f	_jexit: jmp c_exit
.527f	4c 4a 53	jmp $534a	_jdel:  jmp c_del
.5282	4c 9d 53	jmp $539d	_jeq:   jmp c_eq
.5285	4c ba 52	jmp $52ba	_jclear: jmp c_clear
.5288	4c d4 52	jmp $52d4	_jdig:  jmp c_dig
.528b	a9 01		lda #$01	_cop1:  lda #$01
.528d	4c 59 53	jmp $5359	        jmp c_op
.5290	a9 02		lda #$02	_cop2:  lda #$02
.5292	4c 59 53	jmp $5359	        jmp c_op
.5295	a9 03		lda #$03	_cop3:  lda #$03
.5297	4c 59 53	jmp $5359	        jmp c_op
.529a	a9 04		lda #$04	_cop4:  lda #$04
.529c	4c 59 53	jmp $5359	        jmp c_op
.529f					c_exit:
.529f	ce 00 9b	dec $9b00	    dec APP_ID_TBL
.52a2	ad 00 9b	lda $9b00	    lda APP_ID_TBL
.52a5	20 23 08	jsr $0823	        jsr LOAD_IMM
>52a8	55 4f 53 2d 44 45 53 4b		        .text "uos-desktop",$00
>52b0	54 4f 50 00
.52b4	20 26 08	jsr $0826	        jsr APP_LOADER
.52b7	4c 00 10	jmp $1000	        jmp DESK_START
.52ba					c_clear:
.52ba	a9 00		lda #$00	        lda #$00
.52bc	85 40		sta $40		        sta c_acc
.52be	85 41		sta $41		        sta c_acc+1
.52c0	85 42		sta $42		        sta c_ent
.52c2	85 43		sta $43		        sta c_ent+1
.52c4	85 44		sta $44		        sta c_elen
.52c6	85 45		sta $45		        sta c_pen
.52c8	85 47		sta $47		        sta c_err
.52ca	a9 01		lda #$01	        lda #$01
.52cc	85 46		sta $46		        sta c_fresh
.52ce	20 cf 54	jsr $54cf	        jsr c_show
.52d1	4c 33 52	jmp $5233	        jmp cloop
.52d4					c_dig:
.52d4	85 4a		sta $4a		        sta c_tmp2                      ; save the digit char before A is used
.52d6	a5 46		lda $46		        lda c_fresh
.52d8	f0 0a		beq $52e4	        beq _dg_cont
.52da	a9 00		lda #$00	        lda #$00
.52dc	85 42		sta $42		        sta c_ent
.52de	85 43		sta $43		        sta c_ent+1
.52e0	85 44		sta $44		        sta c_elen
.52e2	85 46		sta $46		        sta c_fresh
.52e4					_dg_cont:
.52e4	a5 44		lda $44		        lda c_elen
.52e6	c9 08		cmp #$08	        cmp #$08
.52e8	b0 1d		bcs $5307	        bcs _dg_rej                     ; entry cap: ignore the key
.52ea	a5 4a		lda $4a		        lda c_tmp2
.52ec	38		sec		        sec
.52ed	e9 30		sbc #$30	        sbc #$30
.52ef	85 4a		sta $4a		        sta c_tmp2                      ; digit 0-9
.52f1	a5 43		lda $43		        lda c_ent+1
.52f3	c9 19		cmp #$19	        cmp #$19                        ; high byte of 6553 ($1999)
.52f5	90 13		bcc $530a	        bcc _dg_ok
.52f7	d0 0e		bne $5307	        bne _dg_rej
.52f9	a5 42		lda $42		        lda c_ent
.52fb	c9 99		cmp #$99	        cmp #$99
.52fd	90 0b		bcc $530a	        bcc _dg_ok
.52ff	d0 06		bne $5307	        bne _dg_rej
.5301	a5 4a		lda $4a		        lda c_tmp2
.5303	c9 06		cmp #$06	        cmp #$06
.5305	90 03		bcc $530a	        bcc _dg_ok
.5307					_dg_rej:
.5307	4c 33 52	jmp $5233	        jmp cloop
.530a					_dg_ok:
.530a	a5 42		lda $42		        lda c_ent
.530c	85 48		sta $48		        sta c_tmp
.530e	a5 43		lda $43		        lda c_ent+1
.5310	85 49		sta $49		        sta c_tmp+1
.5312	06 48		asl $48		        asl c_tmp
.5314	26 49		rol $49		        rol c_tmp+1                     ; *2
.5316	06 48		asl $48		        asl c_tmp
.5318	26 49		rol $49		        rol c_tmp+1                     ; *4
.531a	06 48		asl $48		        asl c_tmp
.531c	26 49		rol $49		        rol c_tmp+1                     ; *8
.531e	a5 42		lda $42		        lda c_ent
.5320	0a		asl a		        asl a
.5321	85 4d		sta $4d		        sta c_rem
.5323	a5 43		lda $43		        lda c_ent+1
.5325	2a		rol a		        rol a
.5326	85 4e		sta $4e		        sta c_rem+1                     ; ent*2
.5328	a5 48		lda $48		        lda c_tmp
.532a	18		clc		        clc
.532b	65 4d		adc $4d		        adc c_rem
.532d	85 48		sta $48		        sta c_tmp
.532f	a5 49		lda $49		        lda c_tmp+1
.5331	65 4e		adc $4e		        adc c_rem+1
.5333	85 49		sta $49		        sta c_tmp+1
.5335	a5 48		lda $48		        lda c_tmp
.5337	18		clc		        clc
.5338	65 4a		adc $4a		        adc c_tmp2
.533a	85 42		sta $42		        sta c_ent
.533c	a5 49		lda $49		        lda c_tmp+1
.533e	69 00		adc #$00	        adc #$00
.5340	85 43		sta $43		        sta c_ent+1
.5342	e6 44		inc $44		        inc c_elen
.5344	20 cf 54	jsr $54cf	        jsr c_show
.5347	4c 33 52	jmp $5233	        jmp cloop
.534a					c_del:
.534a	a5 44		lda $44		        lda c_elen
.534c	f0 08		beq $5356	        beq _cd_x
.534e	20 7a 54	jsr $547a	        jsr c_div10
.5351	c6 44		dec $44		        dec c_elen
.5353	20 cf 54	jsr $54cf	        jsr c_show
.5356	4c 33 52	jmp $5233	_cd_x:  jmp cloop
.5359					c_op:
.5359	85 4f		sta $4f		        sta c_opkey
.535b	a5 44		lda $44		        lda c_elen
.535d	f0 14		beq $5373	        beq _cop_ent                    ; no entry: keep acc, just pend
.535f	a5 45		lda $45		        lda c_pen
.5361	f0 08		beq $536b	        beq _cop_take
.5363	20 d4 53	jsr $53d4	        jsr c_fold
.5366	b0 21		bcs $5389	        bcs _cop_err
.5368	4c 73 53	jmp $5373	        jmp _cop_ent
.536b					_cop_take:
.536b	a5 42		lda $42		        lda c_ent
.536d	85 40		sta $40		        sta c_acc
.536f	a5 43		lda $43		        lda c_ent+1
.5371	85 41		sta $41		        sta c_acc+1
.5373					_cop_ent:
.5373	a5 4f		lda $4f		        lda c_opkey
.5375	85 45		sta $45		        sta c_pen
.5377	a9 00		lda #$00	        lda #$00
.5379	85 42		sta $42		        sta c_ent
.537b	85 43		sta $43		        sta c_ent+1
.537d	85 44		sta $44		        sta c_elen
.537f	a9 01		lda #$01	        lda #$01
.5381	85 46		sta $46		        sta c_fresh
.5383	20 cf 54	jsr $54cf	        jsr c_show
.5386	4c 33 52	jmp $5233	        jmp cloop
.5389					_cop_err:
.5389	a9 00		lda #$00	        lda #$00
.538b	85 45		sta $45		        sta c_pen
.538d	85 44		sta $44		        sta c_elen
.538f	85 42		sta $42		        sta c_ent
.5391	85 43		sta $43		        sta c_ent+1
.5393	a9 01		lda #$01	        lda #$01
.5395	85 46		sta $46		        sta c_fresh
.5397	20 cf 54	jsr $54cf	        jsr c_show
.539a	4c 33 52	jmp $5233	        jmp cloop
.539d					c_eq:
.539d	a5 45		lda $45		        lda c_pen
.539f	f0 2d		beq $53ce	        beq _ce_show                    ; nothing pending: just show
.53a1	20 d4 53	jsr $53d4	        jsr c_fold
.53a4	b0 14		bcs $53ba	        bcs _ce_err
.53a6	a9 00		lda #$00	        lda #$00
.53a8	85 45		sta $45		        sta c_pen
.53aa	85 44		sta $44		        sta c_elen
.53ac	85 42		sta $42		        sta c_ent
.53ae	85 43		sta $43		        sta c_ent+1
.53b0	a9 01		lda #$01	        lda #$01
.53b2	85 46		sta $46		        sta c_fresh
.53b4	20 cf 54	jsr $54cf	        jsr c_show
.53b7	4c 33 52	jmp $5233	        jmp cloop
.53ba					_ce_err:
.53ba	a9 00		lda #$00	        lda #$00
.53bc	85 45		sta $45		        sta c_pen
.53be	85 44		sta $44		        sta c_elen
.53c0	85 42		sta $42		        sta c_ent
.53c2	85 43		sta $43		        sta c_ent+1
.53c4	a9 01		lda #$01	        lda #$01
.53c6	85 46		sta $46		        sta c_fresh
.53c8	20 cf 54	jsr $54cf	        jsr c_show
.53cb	4c 33 52	jmp $5233	        jmp cloop
.53ce					_ce_show:
.53ce	20 cf 54	jsr $54cf	        jsr c_show
.53d1	4c 33 52	jmp $5233	        jmp cloop
.53d4					c_fold:
.53d4	a5 45		lda $45		        lda c_pen
.53d6	c9 01		cmp #$01	        cmp #$01
.53d8	f0 0e		beq $53e8	        beq _f_add
.53da	c9 02		cmp #$02	        cmp #$02
.53dc	f0 19		beq $53f7	        beq _f_sub
.53de	c9 03		cmp #$03	        cmp #$03
.53e0	f0 24		beq $5406	        beq _f_mul
.53e2	c9 04		cmp #$04	        cmp #$04
.53e4	f0 39		beq $541f	        beq _f_div
.53e6	18		clc		        clc
.53e7	60		rts		        rts
.53e8					_f_add:
.53e8	a5 40		lda $40		        lda c_acc
.53ea	18		clc		        clc
.53eb	65 42		adc $42		        adc c_ent
.53ed	85 40		sta $40		        sta c_acc
.53ef	a5 41		lda $41		        lda c_acc+1
.53f1	65 43		adc $43		        adc c_ent+1
.53f3	85 41		sta $41		        sta c_acc+1
.53f5	18		clc		        clc
.53f6	60		rts		        rts
.53f7					_f_sub:
.53f7	a5 40		lda $40		        lda c_acc
.53f9	38		sec		        sec
.53fa	e5 42		sbc $42		        sbc c_ent
.53fc	85 40		sta $40		        sta c_acc
.53fe	a5 41		lda $41		        lda c_acc+1
.5400	e5 43		sbc $43		        sbc c_ent+1
.5402	85 41		sta $41		        sta c_acc+1
.5404	18		clc		        clc
.5405	60		rts		        rts
.5406					_f_mul:
.5406	20 96 54	jsr $5496	        jsr umul32                      ; 32-bit product: low c_tmp, high c_rem
.5409	a5 48		lda $48		        lda c_tmp
.540b	85 40		sta $40		        sta c_acc
.540d	a5 49		lda $49		        lda c_tmp+1
.540f	85 41		sta $41		        sta c_acc+1
.5411	a5 4d		lda $4d		        lda c_rem
.5413	05 4e		ora $4e		        ora c_rem+1
.5415	f0 06		beq $541d	        beq _fm_ok
.5417	a9 02		lda #$02	        lda #$02                        ; OVF
.5419	85 47		sta $47		        sta c_err
.541b	38		sec		        sec
.541c	60		rts		        rts
.541d	18		clc		_fm_ok: clc
.541e	60		rts		        rts
.541f					_f_div:
.541f	a5 42		lda $42		        lda c_ent
.5421	05 43		ora $43		        ora c_ent+1
.5423	d0 06		bne $542b	        bne _fd_go
.5425	a9 01		lda #$01	        lda #$01                        ; DIV/0
.5427	85 47		sta $47		        sta c_err
.5429	38		sec		        sec
.542a	60		rts		        rts
.542b	a5 40		lda $40		_fd_go: lda c_acc
.542d	85 48		sta $48		        sta c_tmp
.542f	a5 41		lda $41		        lda c_acc+1
.5431	85 49		sta $49		        sta c_tmp+1
.5433	20 40 54	jsr $5440	        jsr udiv                        ; c_tmp / c_ent -> c_divs, c_rem
.5436	a5 4b		lda $4b		        lda c_divs
.5438	85 40		sta $40		        sta c_acc
.543a	a5 4c		lda $4c		        lda c_divs+1
.543c	85 41		sta $41		        sta c_acc+1
.543e	18		clc		        clc
.543f	60		rts		        rts
.5440					udiv:
.5440	a9 00		lda #$00	        lda #$00
.5442	85 4b		sta $4b		        sta c_divs
.5444	85 4c		sta $4c		        sta c_divs+1
.5446	85 4d		sta $4d		        sta c_rem
.5448	85 4e		sta $4e		        sta c_rem+1
.544a	a2 10		ldx #$10	        ldx #$10
.544c	06 4b		asl $4b		_ud_l:  asl c_divs
.544e	26 4c		rol $4c		        rol c_divs+1
.5450	06 48		asl $48		        asl c_tmp
.5452	26 49		rol $49		        rol c_tmp+1                     ; shift the FULL 16-bit dividend
.5454	26 4d		rol $4d		        rol c_rem
.5456	26 4e		rol $4e		        rol c_rem+1
.5458	b0 0c		bcs $5466	        bcs _ud_do                      ; 17th bit set: rem > any 16-bit divisor
.545a	a5 4d		lda $4d		        lda c_rem
.545c	38		sec		        sec
.545d	e5 42		sbc $42		        sbc c_ent
.545f	a8		tay		        tay
.5460	a5 4e		lda $4e		        lda c_rem+1
.5462	e5 43		sbc $43		        sbc c_ent+1
.5464	90 10		bcc $5476	        bcc _ud_n
.5466	a5 4d		lda $4d		_ud_do: lda c_rem
.5468	38		sec		        sec
.5469	e5 42		sbc $42		        sbc c_ent
.546b	a8		tay		        tay
.546c	a5 4e		lda $4e		        lda c_rem+1
.546e	e5 43		sbc $43		        sbc c_ent+1
.5470	85 4e		sta $4e		        sta c_rem+1
.5472	84 4d		sty $4d		        sty c_rem
.5474	e6 4b		inc $4b		        inc c_divs
.5476	ca		dex		_ud_n:  dex
.5477	d0 d3		bne $544c	        bne _ud_l
.5479	60		rts		        rts
.547a					c_div10:
.547a	a5 42		lda $42		        lda c_ent
.547c	85 48		sta $48		        sta c_tmp
.547e	a5 43		lda $43		        lda c_ent+1
.5480	85 49		sta $49		        sta c_tmp+1
.5482	a9 0a		lda #$0a	        lda #$0a
.5484	85 42		sta $42		        sta c_ent
.5486	a9 00		lda #$00	        lda #$00
.5488	85 43		sta $43		        sta c_ent+1
.548a	20 40 54	jsr $5440	        jsr udiv
.548d	a5 4b		lda $4b		        lda c_divs
.548f	85 42		sta $42		        sta c_ent
.5491	a5 4c		lda $4c		        lda c_divs+1
.5493	85 43		sta $43		        sta c_ent+1
.5495	60		rts		        rts
.5496					umul32:
.5496	a9 00		lda #$00	        lda #$00
.5498	85 48		sta $48		        sta c_tmp
.549a	85 49		sta $49		        sta c_tmp+1
.549c	85 4d		sta $4d		        sta c_rem
.549e	85 4e		sta $4e		        sta c_rem+1
.54a0	a2 10		ldx #$10	        ldx #$10
.54a2	06 48		asl $48		_um_l:  asl c_tmp                       ; product <<= 1 (32-bit)
.54a4	26 49		rol $49		        rol c_tmp+1
.54a6	26 4d		rol $4d		        rol c_rem
.54a8	26 4e		rol $4e		        rol c_rem+1
.54aa	a5 43		lda $43		        lda c_ent+1                     ; test the multiplier's current bit15
.54ac	10 19		bpl $54c7	        bpl _um_s
.54ae	a5 48		lda $48		        lda c_tmp                       ; product += acc
.54b0	18		clc		        clc
.54b1	65 40		adc $40		        adc c_acc
.54b3	85 48		sta $48		        sta c_tmp
.54b5	a5 49		lda $49		        lda c_tmp+1
.54b7	65 41		adc $41		        adc c_acc+1
.54b9	85 49		sta $49		        sta c_tmp+1
.54bb	a5 4d		lda $4d		        lda c_rem
.54bd	69 00		adc #$00	        adc #$00
.54bf	85 4d		sta $4d		        sta c_rem
.54c1	a5 4e		lda $4e		        lda c_rem+1
.54c3	69 00		adc #$00	        adc #$00
.54c5	85 4e		sta $4e		        sta c_rem+1
.54c7	06 42		asl $42		_um_s:  asl c_ent                       ; multiplier <<= 1
.54c9	26 43		rol $43		        rol c_ent+1
.54cb	ca		dex		        dex
.54cc	d0 d4		bne $54a2	        bne _um_l
.54ce	60		rts		        rts
.54cf					c_show:
.54cf	a5 44		lda $44		        lda c_elen
.54d1	d0 0f		bne $54e2	        bne _sh_ent
.54d3	a5 46		lda $46		        lda c_fresh                     ; fresh=0 with no digits = backspaced
.54d5	f0 0b		beq $54e2	        beq _sh_ent                     ; to empty: show the (zero) entry
.54d7					_sh_acc:
.54d7	a5 40		lda $40		        lda c_acc
.54d9	85 48		sta $48		        sta c_tmp
.54db	a5 41		lda $41		        lda c_acc+1
.54dd	85 49		sta $49		        sta c_tmp+1
.54df	4c ea 54	jmp $54ea	        jmp _sh_fmt
.54e2					_sh_ent:
.54e2	a5 42		lda $42		        lda c_ent
.54e4	85 48		sta $48		        sta c_tmp
.54e6	a5 43		lda $43		        lda c_ent+1
.54e8	85 49		sta $49		        sta c_tmp+1
.54ea					_sh_fmt:
.54ea	a5 47		lda $47		        lda c_err
.54ec	f0 1e		beq $550c	        beq _sh_num
.54ee	c9 01		cmp #$01	        cmp #$01
.54f0	d0 0d		bne $54ff	        bne _sh_ovf
.54f2	a0 00		ldy #$00	        ldy #$00
.54f4	b9 1e 56	lda $561e,y	_sh_es: lda c_div0,y
.54f7	f0 16		beq $550f	        beq _sh_draw
.54f9	99 28 56	sta $5628,y	        sta dispbuf,y
.54fc	c8		iny		        iny
.54fd	d0 f5		bne $54f4	        bne _sh_es
.54ff					_sh_ovf:
.54ff	a0 00		ldy #$00	        ldy #$00
.5501	b9 24 56	lda $5624,y	_sh_eo: lda c_ovf,y
.5504	f0 09		beq $550f	        beq _sh_draw
.5506	99 28 56	sta $5628,y	        sta dispbuf,y
.5509	c8		iny		        iny
.550a	d0 f5		bne $5501	        bne _sh_eo
.550c					_sh_num:
.550c	20 90 55	jsr $5590	        jsr fmt_dec
.550f					_sh_draw:
.550f	a5 02		lda $02		    lda r0L
.5511	48		pha		    pha
.5512	a5 03		lda $03		    lda r0H
.5514	48		pha		    pha
.5515	a5 04		lda $04		    lda r1L
.5517	48		pha		    pha
.5518	a5 05		lda $05		    lda r1H
.551a	48		pha		    pha
.551b	a5 06		lda $06		    lda r2L
.551d	48		pha		    pha
.551e	a5 07		lda $07		    lda r2H
.5520	48		pha		    pha
=0					    exploc      := 0
=5					    firstrow    := CDY / 8
=6					    lastrow     := (CDY + 12 - 1) / 8
=0					    row         := 0
=2					    col         := (CDX / 8)
=27					    lastcol     := ((CDX + 200 - 1) / 8) + 1
=200					    memsz       := (lastcol - col) * 8
=42576					        memloc := BITMAP_START + (row * 320) + (col * 8)
.5521	a9 50		lda #$50	        lda #<memloc
.5523	85 02		sta $02		        sta r0L
.5525	a9 a6		lda #$a6	        lda #>memloc
.5527	85 03		sta $03		        sta r0H
.5529	a9 00		lda #$00	        lda #<exploc
.552b	85 04		sta $04		        sta r1L
.552d	a9 00		lda #$00	        lda #>exploc
.552f	85 05		sta $05		        sta r1H
.5531	a9 c8		lda #$c8	        lda #<memsz
.5533	85 06		sta $06		        sta r2L
.5535	a9 00		lda #$00	        lda #>memsz
.5537	85 07		sta $07		        sta r2H
.5539	20 20 08	jsr $0820	        jsr CLR_RECT
=201					        exploc := exploc + memsz + 1
=42896					        memloc := BITMAP_START + (row * 320) + (col * 8)
.553c	a9 90		lda #$90	        lda #<memloc
.553e	85 02		sta $02		        sta r0L
.5540	a9 a7		lda #$a7	        lda #>memloc
.5542	85 03		sta $03		        sta r0H
.5544	a9 c9		lda #$c9	        lda #<exploc
.5546	85 04		sta $04		        sta r1L
.5548	a9 00		lda #$00	        lda #>exploc
.554a	85 05		sta $05		        sta r1H
.554c	a9 c8		lda #$c8	        lda #<memsz
.554e	85 06		sta $06		        sta r2L
.5550	a9 00		lda #$00	        lda #>memsz
.5552	85 07		sta $07		        sta r2H
.5554	20 20 08	jsr $0820	        jsr CLR_RECT
=402					        exploc := exploc + memsz + 1
.5557	68		pla		    pla
.5558	85 07		sta $07		    sta r2H
.555a	68		pla		    pla
.555b	85 06		sta $06		    sta r2L
.555d	68		pla		    pla
.555e	85 05		sta $05		    sta r1H
.5560	68		pla		    pla
.5561	85 04		sta $04		    sta r1L
.5563	68		pla		    pla
.5564	85 03		sta $03		    sta r0H
.5566	68		pla		    pla
.5567	85 02		sta $02		    sta r0L
.5569	a9 10		lda #$10	        lda #CDX
.556b	85 02		sta $02		        sta X1
.556d	a9 00		lda #$00	        lda #$00
.556f	85 03		sta $03		        sta X1+1
.5571	a9 28		lda #$28	        lda #CDY
.5573	85 04		sta $04		        sta Y1
.5575	a9 28		lda #$28	        lda #<dispbuf
.5577	85 14		sta $14		        sta r9L
.5579	a9 56		lda #$56	        lda #>dispbuf
.557b	85 15		sta $15		        sta r9H
.557d	20 1e c0	jsr $c01e	        jsr GPUTS
.5580	a9 28		lda #$28	        lda #<dispbuf
.5582	85 14		sta $14		        sta r9L
.5584	a9 56		lda #$56	        lda #>dispbuf
.5586	85 15		sta $15		        sta r9H
.5588	a9 08		lda #$08	        lda #$08                        ; VDC row 8
.558a	a2 00		ldx #$00	        ldx #$00
.558c	20 35 08	jsr $0835	        jsr VDTEXT
.558f	60		rts		        rts
.5590					fmt_dec:
.5590	a5 48		lda $48		        lda c_tmp
.5592	05 49		ora $49		        ora c_tmp+1
.5594	d0 0b		bne $55a1	        bne _fd_nz
.5596	a9 30		lda #$30	        lda #$30
.5598	8d 28 56	sta $5628	        sta dispbuf
.559b	a9 00		lda #$00	        lda #$00
.559d	8d 29 56	sta $5629	        sta dispbuf+1
.55a0	60		rts		        rts
.55a1	a9 00		lda #$00	_fd_nz: lda #$00                       ; digit count (NOT Y: d10tmp's tay
.55a3	85 4a		sta $4a		        sta c_tmp2                      ; clobbers Y — count lives in c_tmp2)
.55a5	20 c7 55	jsr $55c7	_fd_l:  jsr d10tmp
.55a8	a5 4d		lda $4d		        lda c_rem
.55aa	18		clc		        clc
.55ab	69 30		adc #$30	        adc #$30
.55ad	48		pha		        pha                             ; digits pushed least-significant first
.55ae	e6 4a		inc $4a		        inc c_tmp2
.55b0	a5 48		lda $48		        lda c_tmp
.55b2	05 49		ora $49		        ora c_tmp+1
.55b4	d0 ef		bne $55a5	        bne _fd_l
.55b6	a0 00		ldy #$00	        ldy #$00
.55b8	68		pla		_fd_c:  pla
.55b9	99 28 56	sta $5628,y	        sta dispbuf,y
.55bc	c8		iny		        iny
.55bd	c6 4a		dec $4a		        dec c_tmp2
.55bf	d0 f7		bne $55b8	        bne _fd_c
.55c1	a9 00		lda #$00	        lda #$00
.55c3	99 28 56	sta $5628,y	        sta dispbuf,y
.55c6	60		rts		        rts
.55c7					d10tmp:
.55c7	a9 00		lda #$00	        lda #$00
.55c9	85 4d		sta $4d		        sta c_rem
.55cb	85 4e		sta $4e		        sta c_rem+1
.55cd	a2 10		ldx #$10	        ldx #$10
.55cf	06 48		asl $48		_d1l:   asl c_tmp
.55d1	26 49		rol $49		        rol c_tmp+1                     ; shift the FULL 16-bit dividend
.55d3	26 4d		rol $4d		        rol c_rem
.55d5	26 4e		rol $4e		        rol c_rem+1
.55d7	a5 4d		lda $4d		        lda c_rem
.55d9	38		sec		        sec
.55da	e9 0a		sbc #$0a	        sbc #$0a
.55dc	a8		tay		        tay
.55dd	a5 4e		lda $4e		        lda c_rem+1
.55df	e9 00		sbc #$00	        sbc #$00
.55e1	90 06		bcc $55e9	        bcc _d1n
.55e3	85 4e		sta $4e		        sta c_rem+1
.55e5	84 4d		sty $4d		        sty c_rem
.55e7	e6 48		inc $48		        inc c_tmp
.55e9	ca		dex		_d1n:   dex
.55ea	d0 e3		bne $55cf	        bne _d1l
.55ec	60		rts		        rts
>55ed	c3 41 4c 43 55 4c 41 54		c_title: .text "Calculator", $00
>55f5	4f 52 00
>55f8	30 2d 39 20 2b 20 2d 20		c_hint:  .text "0-9 + - * / =  DEL  C=clear  ESC=exit", $00
>5600	2a 20 2f 20 3d 20 20 c4 c5 cc 20 20 c3 3d 43 4c
>5610	45 41 52 20 20 c5 d3 c3 3d 45 58 49 54 00
>561e	44 49 56 2f 30 00		c_div0:  .byte $44,$49,$56,$2f,$30,$00          ; "DIV/0"
>5624	4f 56 46 00			c_ovf:   .byte $4f,$56,$46,$00                  ; "OVF"
>5628	00 00 00 00 00 00 00 00		dispbuf: .fill 8, 0
.5630					calc_end:

;******  End of listing
