
; 64tass Turbo Assembler Macro V1.60.3243 listing file
; 64tass -a -o target/uos-vdc.prg -L target/uos-vdc.lst src/uos-vdc.asm
; Tue Sep  8 10:56:28 2026

;Offset	;Hex		;Monitor	;Source

;******  Processing input file: src/uos-vdc.asm

=$d600					VDC_ADDR        = $d600
=$d601					VDC_DATA        = $d601
=18					VDC_R_HSTART    = 18
=19					VDC_R_LSTART    = 19
=31					VDC_R_DATA      = 31
=28					VDC_R_CHARBASE  = 28
=$23					vdcbpL          = $23
=$24					vdcbpH          = $24
=$25					vdcdpL          = $25
=$26					vdcdpH          = $26
=$27					vdcbankHi       = $27
=$28					glyphn          = $28
=$29					srcL            = $29
=$2a					srcH            = $2a
=$2b					vdcbaseHi       = $2b
=$2d					vdclo           = $2d
=$2e					vdchi           = $2e
=$2c					vdcval          = $2c
.cc00	4c 25 cc	jmp $cc25	        jmp VDC_GETREG          ; $cc00
.cc03	4c 2c cc	jmp $cc2c	        jmp VDC_SETREG          ; $cc03
.cc06	4c 4c cc	jmp $cc4c	        jmp VDC_SEEK            ; $cc06
.cc09	4c 6b cc	jmp $cc6b	        jmp VDC_PUTS            ; $cc09
.cc0c	4c a0 cc	jmp $cca0	        jmp VDC_PUTCHR          ; $cc0c
.cc0f	4c ad cc	jmp $ccad	        jmp VDC_CLS             ; $cc0f
.cc12	4c e6 cc	jmp $cce6	        jmp VDC_FONTUP          ; $cc12
.cc15	4c 96 cd	jmp $cd96	        jmp VDC_INIT            ; $cc15
.cc18	4c cc cd	jmp $cdcc	        jmp VDC_PRESENT         ; $cc18
.cc1b	4c e7 cd	jmp $cde7	        jmp VDC_TEXT            ; $cc1b  A=row X=col r9->PETSCII (no-op until VDC_LIVE)
.cc1e	4c 98 ce	jmp $ce98	        jmp VDC_CLR             ; $cc1e  A=row -> 80 spaces (no-op until VDC_LIVE)
.cc21	4c d6 ce	jmp $ced6	        jmp VDC_BANNER          ; $cc21  header rows 0-1
>cc24	00				VDC_LIVE: .byte $00             ; $cc24  set to 1 by the core's VDSETUP once the 8563 is up
.cc25					VDC_GETREG:
.cc25	8e 00 d6	stx $d600	        stx VDC_ADDR
.cc28	ad 01 d6	lda $d601	        lda VDC_DATA
.cc2b	60		rts		        rts
.cc2c					VDC_SETREG:
.cc2c	85 2c		sta $2c		        sta vdcval
.cc2e	8e 00 d6	stx $d600	        stx VDC_ADDR
.cc31	a5 2c		lda $2c		        lda vdcval
.cc33	8d 01 d6	sta $d601	        sta VDC_DATA
.cc36	60		rts		        rts
.cc37	48		pha		vwait:  pha
.cc38	2c 00 d6	bit $d600	vw_l:   bit VDC_ADDR
.cc3b	10 fb		bpl $cc38	        bpl vw_l
.cc3d	68		pla		        pla
.cc3e	60		rts		        rts
.cc3f					vdcpush:
.cc3f	20 37 cc	jsr $cc37	        jsr vwait
.cc42	8d 01 d6	sta $d601	        sta VDC_DATA
.cc45	60		rts		        rts
.cc46					VDC_ST0:
.cc46	a9 1f		lda #$1f	        lda #VDC_R_DATA
.cc48	8d 00 d6	sta $d600	        sta VDC_ADDR
.cc4b	60		rts		        rts
.cc4c					VDC_SEEK:
.cc4c	85 2d		sta $2d		        sta vdclo
.cc4e	86 2e		stx $2e		        stx vdchi
.cc50	a5 2e		lda $2e		        lda vdchi
.cc52	85 2c		sta $2c		        sta vdcval
.cc54	a2 12		ldx #$12	        ldx #VDC_R_HSTART
.cc56	20 2c cc	jsr $cc2c	        jsr VDC_SETREG                  ; HIGH -> r18
.cc59	a5 2d		lda $2d		        lda vdclo
.cc5b	85 2c		sta $2c		        sta vdcval
.cc5d	a2 13		ldx #$13	        ldx #VDC_R_LSTART
.cc5f	20 2c cc	jsr $cc2c	        jsr VDC_SETREG                  ; LOW -> r19
.cc62	a9 1f		lda #$1f	        lda #VDC_R_DATA
.cc64	8d 00 d6	sta $d600	        sta VDC_ADDR
.cc67	20 37 cc	jsr $cc37	        jsr vwait                       ; settle before the first data store
.cc6a	60		rts		        rts
.cc6b					VDC_PUTS:
.cc6b	a5 26		lda $26		        lda vdcdpH
.cc6d	c9 08		cmp #$08	        cmp #$08                        ; screen plane $0000-$07cf
.cc6f	b0 2e		bcs $cc9f	        bcs vps_done
.cc71	a0 00		ldy #$00	        ldy #$00
.cc73	b1 23		lda ($23),y	vps_l:  lda (vdcbpL),y
.cc75	f0 28		beq $cc9f	        beq vps_done
.cc77	a5 25		lda $25		        lda vdcdpL
.cc79	a6 26		ldx $26		        ldx vdcdpH
.cc7b	20 4c cc	jsr $cc4c	        jsr VDC_SEEK                    ; clobbers vdcval (SETREG scratch), so
.cc7e	b1 23		lda ($23),y	        lda (vdcbpL),y                  ; re-read; Y survives VDC_SEEK
.cc80	20 68 cd	jsr $cd68	        jsr p2s                         ; PETSCII -> screen code: the VDC
.cc83	20 3f cc	jsr $cc3f	        jsr vdcpush                     ; char into screen cell (org+offset)
.cc86	a5 26		lda $26		        lda vdcdpH
.cc88	18		clc		        clc
.cc89	69 08		adc #$08	        adc #$08                        ; attribute plane is +$0800 — the old
.cc8b	aa		tax		        tax                             ; code re-sought the SAME cell and
.cc8c	a5 25		lda $25		        lda vdcdpL                      ; overwrote the glyph with $81
.cc8e	20 4c cc	jsr $cc4c	        jsr VDC_SEEK
.cc91	a9 81		lda #$81	        lda #$81
.cc93	20 3f cc	jsr $cc3f	        jsr vdcpush                     ; attribute into attr plane
.cc96	e6 25		inc $25		        inc vdcdpL
.cc98	d0 02		bne $cc9c	        bne vps_c
.cc9a	e6 26		inc $26		        inc vdcdpH
.cc9c	c8		iny		vps_c:  iny
.cc9d	d0 d4		bne $cc73	        bne vps_l
.cc9f					vps_done:
.cc9f	60		rts		        rts
.cca0					VDC_PUTCHR:
.cca0	48		pha		        pha                             ; keep the char: VDC_SEEK clobbers vdcval
.cca1	a5 25		lda $25		        lda vdcdpL
.cca3	a6 26		ldx $26		        ldx vdcdpH
.cca5	20 4c cc	jsr $cc4c	        jsr VDC_SEEK
.cca8	68		pla		        pla
.cca9	20 3f cc	jsr $cc3f	        jsr vdcpush
.ccac	60		rts		        rts
.ccad					VDC_CLS:
.ccad	a9 00		lda #$00	        lda #$00                        ; screen plane at $0000
.ccaf	a2 00		ldx #$00	        ldx #$00
.ccb1	20 4c cc	jsr $cc4c	        jsr VDC_SEEK                    ; leaves r31 selected; writes auto-inc
.ccb4	a9 20		lda #$20	        lda #$20
.ccb6	a2 07		ldx #$07	        ldx #$07
.ccb8	20 ca cc	jsr $ccca	        jsr cls_fill
.ccbb	a9 00		lda #$00	        lda #$00                        ; attribute plane at $0800
.ccbd	a2 08		ldx #$08	        ldx #$08
.ccbf	20 4c cc	jsr $cc4c	        jsr VDC_SEEK
.ccc2	a9 81		lda #$81	        lda #$81
.ccc4	a2 07		ldx #$07	        ldx #$07
.ccc6	20 ca cc	jsr $ccca	        jsr cls_fill
.ccc9	60		rts		        rts
.ccca					cls_fill:
.ccca	85 2c		sta $2c		        sta vdcval
.cccc	a0 00		ldy #$00	cls_pg: ldy #$00
.ccce	a5 2c		lda $2c		cls_pb: lda vdcval
.ccd0	20 3f cc	jsr $cc3f	        jsr vdcpush
.ccd3	c8		iny		        iny
.ccd4	d0 f8		bne $ccce	        bne cls_pb
.ccd6	ca		dex		        dex
.ccd7	d0 f3		bne $cccc	        bne cls_pg
.ccd9	a0 00		ldy #$00	        ldy #$00                        ; + 208 tail
.ccdb	a5 2c		lda $2c		cls_tl: lda vdcval
.ccdd	20 3f cc	jsr $cc3f	        jsr vdcpush
.cce0	c8		iny		        iny
.cce1	c0 d0		cpy #$d0	        cpy #208
.cce3	d0 f6		bne $ccdb	        bne cls_tl
.cce5	60		rts		        rts
.cce6					VDC_FONTUP:
.cce6	08		php		        php
.cce7	78		sei		        sei
.cce8	a5 01		lda $01		        lda $01
.ccea	48		pha		        pha                             ; restore banking on exit
.cceb	a2 1c		ldx #$1c	        ldx #VDC_R_CHARBASE
.cced	20 25 cc	jsr $cc25	        jsr VDC_GETREG                  ; A = R28 (I/O in)
.ccf0	29 e0		and #$e0	        and #$e0
.ccf2	18		clc		        clc
.ccf3	69 10		adc #$10	        adc #$10                        ; + $1000 -> lowercase bank
.ccf5	85 2b		sta $2b		        sta vdcbaseHi
.ccf7	a9 00		lda #$00	        lda #$00
.ccf9	85 28		sta $28		        sta glyphn
.ccfb					fll:
.ccfb	a5 28		lda $28		        lda glyphn
.ccfd	0a		asl a		        asl
.ccfe	0a		asl a		        asl
.ccff	0a		asl a		        asl
.cd00	0a		asl a		        asl
.cd01	85 25		sta $25		        sta vdcdpL                      ; (glyph<<4) low byte
.cd03	a5 28		lda $28		        lda glyphn
.cd05	4a		lsr a		        lsr
.cd06	4a		lsr a		        lsr
.cd07	4a		lsr a		        lsr
.cd08	4a		lsr a		        lsr
.cd09	18		clc		        clc
.cd0a	65 2b		adc $2b		        adc vdcbaseHi
.cd0c	85 26		sta $26		        sta vdcdpH
.cd0e	a5 25		lda $25		        lda vdcdpL
.cd10	a6 26		ldx $26		        ldx vdcdpH
.cd12	20 4c cc	jsr $cc4c	        jsr VDC_SEEK                    ; r31 selected, auto-inc
.cd15	a5 28		lda $28		        lda glyphn
.cd17	0a		asl a		        asl
.cd18	0a		asl a		        asl
.cd19	0a		asl a		        asl
.cd1a	85 29		sta $29		        sta srcL                        ; (glyph<<3) low byte
.cd1c	a5 28		lda $28		        lda glyphn
.cd1e	4a		lsr a		        lsr
.cd1f	4a		lsr a		        lsr
.cd20	4a		lsr a		        lsr
.cd21	4a		lsr a		        lsr
.cd22	4a		lsr a		        lsr                             ; glyph>>5
.cd23	18		clc		        clc
.cd24	69 d8		adc #$d8	        adc #$d8
.cd26	85 2a		sta $2a		        sta srcH
.cd28	a5 01		lda $01		        lda $01
.cd2a	29 fb		and #$fb	        and #%11111011                  ; CHAREN=0 -> char ROM at $d000
.cd2c	85 01		sta $01		        sta $01
.cd2e	a0 00		ldy #$00	        ldy #$00
.cd30	b1 29		lda ($29),y	frd:    lda (srcL),y
.cd32	99 60 cd	sta $cd60,y	        sta fbuf,y
.cd35	c8		iny		        iny
.cd36	c0 08		cpy #$08	        cpy #8
.cd38	d0 f6		bne $cd30	        bne frd
.cd3a	a5 01		lda $01		        lda $01
.cd3c	09 04		ora #$04	        ora #%00000100                  ; CHAREN=1 -> I/O back, VDC visible
.cd3e	85 01		sta $01		        sta $01
.cd40	a0 00		ldy #$00	        ldy #$00
.cd42	b9 60 cd	lda $cd60,y	fwr:    lda fbuf,y
.cd45	20 3f cc	jsr $cc3f	        jsr vdcpush
.cd48	c8		iny		        iny
.cd49	c0 08		cpy #$08	        cpy #8
.cd4b	d0 f5		bne $cd42	        bne fwr
.cd4d	a9 00		lda #$00	        lda #$00
.cd4f	20 3f cc	jsr $cc3f	fz0:    jsr vdcpush
.cd52	c8		iny		        iny
.cd53	c0 10		cpy #$10	        cpy #16
.cd55	d0 f8		bne $cd4f	        bne fz0
.cd57	e6 28		inc $28		        inc glyphn
.cd59	d0 a0		bne $ccfb	        bne fll
.cd5b	68		pla		        pla
.cd5c	85 01		sta $01		        sta $01
.cd5e	28		plp		        plp
.cd5f	60		rts		        rts
>cd60	00 00 00 00 00 00 00 00		fbuf:   .byte 0,0,0,0,0,0,0,0
.cd68	c9 20		cmp #$20	p2s:    cmp #$20
.cd6a	90 27		bcc $cd93	        bcc p2s_sp
.cd6c	c9 40		cmp #$40	        cmp #$40
.cd6e	90 25		bcc $cd95	        bcc p2s_ok                      ; $20-$3f unchanged
.cd70	c9 60		cmp #$60	        cmp #$60
.cd72	90 13		bcc $cd87	        bcc p2s_m40                     ; $40-$5f -> -$40
.cd74	c9 80		cmp #$80	        cmp #$80
.cd76	90 13		bcc $cd8b	        bcc p2s_m20                     ; $60-$7f -> -$20
.cd78	c9 a0		cmp #$a0	        cmp #$a0
.cd7a	90 17		bcc $cd93	        bcc p2s_sp                      ; $80-$9f control
.cd7c	c9 c0		cmp #$c0	        cmp #$c0
.cd7e	90 07		bcc $cd87	        bcc p2s_m40                     ; $a0-$bf -> -$40
.cd80	c9 ff		cmp #$ff	        cmp #$ff
.cd82	90 0b		bcc $cd8f	        bcc p2s_m80                     ; $c0-$fe -> -$80
.cd84	a9 5e		lda #$5e	        lda #$5e                        ; $ff -> pi
.cd86	60		rts		        rts
.cd87	38		sec		p2s_m40: sec
.cd88	e9 40		sbc #$40	        sbc #$40
.cd8a	60		rts		        rts
.cd8b	38		sec		p2s_m20: sec
.cd8c	e9 20		sbc #$20	        sbc #$20
.cd8e	60		rts		        rts
.cd8f	38		sec		p2s_m80: sec
.cd90	e9 80		sbc #$80	        sbc #$80
.cd92	60		rts		        rts
.cd93	a9 20		lda #$20	p2s_sp: lda #$20
.cd95	60		rts		p2s_ok: rts
.cd96					VDC_INIT:
.cd96	a2 00		ldx #$00	        ldx #$00
.cd98					vinit_l:
.cd98	8e 00 d6	stx $d600	        stx VDC_ADDR
.cd9b	bd a7 cd	lda $cda7,x	        lda VDC_INIT_TABLE,x
.cd9e	8d 01 d6	sta $d601	        sta VDC_DATA
.cda1	e8		inx		        inx
.cda2	e0 25		cpx #$25	        cpx #37
.cda4	d0 f2		bne $cd98	        bne vinit_l
.cda6	60		rts		        rts
.cda7					VDC_INIT_TABLE:
>cda7	7e 50 66 49 26 00 19 20		        .byte $7e,$50,$66,$49,$26,$00,$19,$20,$00,$07,$20,$07,$00,$00,$00,$00
>cdaf	00 07 20 07 00 00 00 00
>cdb7	00 00 00 00 08 00 78 e8		        .byte $00,$00,$00,$00,$08,$00,$78,$e8,$20,$47,$00,$00,$20,$e7,$00,$00
>cdbf	20 47 00 00 20 e7 00 00
>cdc7	00 00 7d 64 00			        .byte $00,$00,$7d,$64,$00
.cdcc					VDC_PRESENT:
.cdcc	a2 01		ldx #$01	        ldx #1
.cdce	20 25 cc	jsr $cc25	        jsr VDC_GETREG          ; r1: horizontal displayed
.cdd1	c9 50		cmp #$50	        cmp #$50                ; 80 columns, as VDC_INIT wrote
.cdd3	d0 0c		bne $cde1	        bne vpr_no
.cdd5	a2 06		ldx #$06	        ldx #6
.cdd7	20 25 cc	jsr $cc25	        jsr VDC_GETREG          ; r6: vertical displayed
.cdda	c9 19		cmp #$19	        cmp #$19                ; 25 rows
.cddc	d0 03		bne $cde1	        bne vpr_no
.cdde	a9 01		lda #$01	        lda #$01
.cde0	60		rts		        rts
.cde1	a9 00		lda #$00	vpr_no: lda #$00
.cde3	60		rts		        rts
>cde4	00				vdcpr:  .byte 0
>cde5	00				vprb0:  .byte 0
>cde6	00				vprb1:  .byte 0
=$14					r9L             = $14
=$15					r9H             = $15
.cde7					VDC_TEXT:
.cde7	48		pha		        pha
.cde8	ad 24 cc	lda $cc24	        lda VDC_LIVE
.cdeb	d0 02		bne $cdef	        bne vt_go
.cded	68		pla		        pla
.cdee	60		rts		        rts
.cdef	68		pla		vt_go:  pla
.cdf0	20 a7 ce	jsr $cea7	        jsr vd_cell             ; vdcdp = row*80 + col
.cdf3	a5 25		lda $25		        lda vdcdpL
.cdf5	8d 93 ce	sta $ce93	        sta vtsavL
.cdf8	a5 26		lda $26		        lda vdcdpH
.cdfa	8d 94 ce	sta $ce94	        sta vtsavH
.cdfd	a5 14		lda $14		        lda r9L
.cdff	85 23		sta $23		        sta vdcbpL
.ce01	a5 15		lda $15		        lda r9H
.ce03	85 24		sta $24		        sta vdcbpH
.ce05	08		php		        php
.ce06	78		sei		        sei
.ce07	a9 03		lda #$03	        lda #$03
.ce09	8d 97 ce	sta $ce97	        sta vtrep
.ce0c	ad 93 ce	lda $ce93	vt_rep: lda vtsavL
.ce0f	85 25		sta $25		        sta vdcdpL
.ce11	ad 94 ce	lda $ce94	        lda vtsavH
.ce14	85 26		sta $26		        sta vdcdpH
.ce16	20 6b cc	jsr $cc6b	        jsr VDC_PUTS
.ce19	a0 00		ldy #$00	        ldy #$00                ; 256 * ~5 cycles = ~1.3 ms at 1 MHz
.ce1b	88		dey		vt_gap: dey
.ce1c	d0 fd		bne $ce1b	        bne vt_gap
.ce1e	ce 97 ce	dec $ce97	        dec vtrep
.ce21	d0 e9		bne $ce0c	        bne vt_rep
.ce23	a9 02		lda #$02	        lda #$02
.ce25	8d 95 ce	sta $ce95	        sta vtpass
.ce28	ad 93 ce	lda $ce93	vt_vp:  lda vtsavL
.ce2b	85 25		sta $25		        sta vdcdpL
.ce2d	ad 94 ce	lda $ce94	        lda vtsavH
.ce30	85 26		sta $26		        sta vdcdpH
.ce32	a0 00		ldy #$00	        ldy #$00
.ce34	b1 23		lda ($23),y	vt_vl:  lda (vdcbpL),y
.ce36	f0 54		beq $ce8c	        beq vt_vend
.ce38	a5 25		lda $25		        lda vdcdpL
.ce3a	a6 26		ldx $26		        ldx vdcdpH
.ce3c	20 4c cc	jsr $cc4c	        jsr VDC_SEEK
.ce3f	20 37 cc	jsr $cc37	        jsr vwait
.ce42	ad 01 d6	lda $d601	        lda VDC_DATA            ; glyph as stored
.ce45	8d 96 ce	sta $ce96	        sta vtgot
.ce48	b1 23		lda ($23),y	        lda (vdcbpL),y
.ce4a	20 68 cd	jsr $cd68	        jsr p2s
.ce4d	cd 96 ce	cmp $ce96	        cmp vtgot
.ce50	f0 0c		beq $ce5e	        beq vt_attr
.ce52	48		pha		        pha
.ce53	a5 25		lda $25		        lda vdcdpL
.ce55	a6 26		ldx $26		        ldx vdcdpH
.ce57	20 4c cc	jsr $cc4c	        jsr VDC_SEEK
.ce5a	68		pla		        pla
.ce5b	20 3f cc	jsr $cc3f	        jsr vdcpush             ; rewrite the glyph
.ce5e					vt_attr:
.ce5e	a5 26		lda $26		        lda vdcdpH
.ce60	18		clc		        clc
.ce61	69 08		adc #$08	        adc #$08
.ce63	aa		tax		        tax
.ce64	a5 25		lda $25		        lda vdcdpL
.ce66	20 4c cc	jsr $cc4c	        jsr VDC_SEEK
.ce69	20 37 cc	jsr $cc37	        jsr vwait
.ce6c	ad 01 d6	lda $d601	        lda VDC_DATA
.ce6f	c9 81		cmp #$81	        cmp #$81
.ce71	f0 10		beq $ce83	        beq vt_next
.ce73	a5 26		lda $26		        lda vdcdpH
.ce75	18		clc		        clc
.ce76	69 08		adc #$08	        adc #$08
.ce78	aa		tax		        tax
.ce79	a5 25		lda $25		        lda vdcdpL
.ce7b	20 4c cc	jsr $cc4c	        jsr VDC_SEEK
.ce7e	a9 81		lda #$81	        lda #$81
.ce80	20 3f cc	jsr $cc3f	        jsr vdcpush             ; rewrite the attribute
.ce83					vt_next:
.ce83	e6 25		inc $25		        inc vdcdpL
.ce85	d0 02		bne $ce89	        bne vt_ny
.ce87	e6 26		inc $26		        inc vdcdpH
.ce89	c8		iny		vt_ny:  iny
.ce8a	d0 a8		bne $ce34	        bne vt_vl
.ce8c					vt_vend:
.ce8c	ce 95 ce	dec $ce95	        dec vtpass
.ce8f	d0 97		bne $ce28	        bne vt_vp
.ce91	28		plp		        plp
.ce92	60		rts		        rts
>ce93	00				vtsavL: .byte 0
>ce94	00				vtsavH: .byte 0
>ce95	00				vtpass: .byte 0
>ce96	00				vtgot:  .byte 0
>ce97	00				vtrep:  .byte 0
.ce98					VDC_CLR:
.ce98	a2 00		ldx #$00	        ldx #$00
.ce9a	48		pha		        pha
.ce9b	a9 f6		lda #$f6	        lda #<vdblank
.ce9d	85 14		sta $14		        sta r9L
.ce9f	a9 ce		lda #$ce	        lda #>vdblank
.cea1	85 15		sta $15		        sta r9H
.cea3	68		pla		        pla
.cea4	4c e7 cd	jmp $cde7	        jmp VDC_TEXT
.cea7					vd_cell:
.cea7	8e f5 ce	stx $cef5	        stx vdtmp2
.ceaa	8d f4 ce	sta $cef4	        sta vdtmp
.cead	a9 00		lda #$00	        lda #$00
.ceaf	85 25		sta $25		        sta vdcdpL
.ceb1	85 26		sta $26		        sta vdcdpH
.ceb3	ad f4 ce	lda $cef4	vc_l:   lda vdtmp
.ceb6	f0 11		beq $cec9	        beq vc_d
.ceb8	a5 25		lda $25		        lda vdcdpL
.ceba	18		clc		        clc
.cebb	69 50		adc #$50	        adc #80
.cebd	85 25		sta $25		        sta vdcdpL
.cebf	90 02		bcc $cec3	        bcc vc_n
.cec1	e6 26		inc $26		        inc vdcdpH
.cec3	ce f4 ce	dec $cef4	vc_n:   dec vdtmp
.cec6	4c b3 ce	jmp $ceb3	        jmp vc_l
.cec9	a5 25		lda $25		vc_d:   lda vdcdpL
.cecb	18		clc		        clc
.cecc	6d f5 ce	adc $cef5	        adc vdtmp2
.cecf	85 25		sta $25		        sta vdcdpL
.ced1	90 02		bcc $ced5	        bcc vc_r
.ced3	e6 26		inc $26		        inc vdcdpH
.ced5	60		rts		vc_r:   rts
.ced6					VDC_BANNER:
.ced6	a9 47		lda #$47	        lda #<vdcline1
.ced8	85 14		sta $14		        sta r9L
.ceda	a9 cf		lda #$cf	        lda #>vdcline1
.cedc	85 15		sta $15		        sta r9H
.cede	a9 00		lda #$00	        lda #$00
.cee0	a2 00		ldx #$00	        ldx #$00
.cee2	20 e7 cd	jsr $cde7	        jsr VDC_TEXT
.cee5	a9 6a		lda #$6a	        lda #<vdcline2
.cee7	85 14		sta $14		        sta r9L
.cee9	a9 cf		lda #$cf	        lda #>vdcline2
.ceeb	85 15		sta $15		        sta r9H
.ceed	a9 01		lda #$01	        lda #$01
.ceef	a2 00		ldx #$00	        ldx #$00
.cef1	4c e7 cd	jmp $cde7	        jmp VDC_TEXT
>cef4	00				vdtmp:  .byte $00
>cef5	00				vdtmp2: .byte $00
>cef6	20 20 20 20 20 20 20 20		vdblank: .fill 80, $20
>cefe	20 20 20 20 20 20 20 20 20 20 20 20 20 20 20 20
;	...repeated 3 times (48 bytes)...
>cf3e	20 20 20 20 20 20 20 20
>cf46	00				        .byte $00
>cf47	d5 4c 54 cf d3 20 20 38		vdcline1: .text "UltOS  80-column companion display", $00
>cf4f	30 2d 43 4f 4c 55 4d 4e 20 43 4f 4d 50 41 4e 49
>cf5f	4f 4e 20 44 49 53 50 4c 41 59 00
>cf6a	55 4c 54 4f 53 20 4d 45		vdcline2: .text "ultos menu (40-col, bottom left): apps  file manager  settings  shell  quit", 0
>cf72	4e 55 20 28 34 30 2d 43 4f 4c 2c 20 42 4f 54 54
>cf82	4f 4d 20 4c 45 46 54 29 3a 20 41 50 50 53 20 20
>cf92	46 49 4c 45 20 4d 41 4e 41 47 45 52 20 20 53 45
>cfa2	54 54 49 4e 47 53 20 20 53 48 45 4c 4c 20 20 51
>cfb2	55 49 54 00

;******  End of listing
