
; 64tass Turbo Assembler Macro V1.60.3243 listing file
; 64tass -a -o target/uos.prg -L target/uos.lst src/uos.asm
; Tue Sep  8 16:27:58 2026

;Offset	;Hex		;Monitor	;Source

;******  Processing input file: src/uos.asm


;******  Processing file: src/equates.inc

=$02					r0              =       $02
=$02					r0L             =       $02
=$03					r0H             =       $03
=$04					r1              =       $04
=$04					r1L             =       $04
=$05					r1H             =       $05
=$06					r2              =       $06
=$06					r2L             =       $06
=$07					r2H             =       $07
=$08					r3              =       $08
=$08					r3L             =       $08
=$09					r3H             =       $09
=$0a					r4              =       $0a
=$0a					r4L             =       $0a
=$0b					r4H             =       $0b
=$0c					r5              =       $0c
=$0c					r5L             =       $0c
=$0d					r5H             =       $0d
=$0e					r6              =       $0e
=$0e					r6L             =       $0e
=$0f					r6H             =       $0f
=$10					r7              =       $10
=$10					r7L             =       $10
=$11					r7H             =       $11
=$12					r8              =       $12
=$12					r8L             =       $12
=$13					r8H             =       $13
=$14					r9              =       $14
=$14					r9L             =       $14
=$15					r9H             =       $15
=$16					r10             =       $16
=$16					r10L            =       $16
=$17					r10H            =       $17
=$18					r11             =       $18
=$18					r11L            =       $18
=$19					r11H            =       $19
=$1a					r12             =       $1a
=$1a					r12L            =       $1a
=$1b					r12H            =       $1b
=$1c					r13             =       $1c
=$1c					r13L            =       $1c
=$1d					r13H            =       $1d
=$1e					r14             =       $1e
=$1e					r14L            =       $1e
=$1f					r14H            =       $1f
=$20					r15             =       $20
=$20					r15L            =       $20
=$21					r15H            =       $21
=$22					r16             =       $22
=$02					X1              =       $02
=$04					Y1              =       $04
=$06					X2              =       $06
=$08					Y2              =       $08
=$fb					a0              =       $fb
=$fb					a0L             =       $fb
=$fc					a0H             =       $fc
=$fd					a1              =       $fd
=$fd					a1L             =       $fd
=$fe					a1H             =       $fe
=$70					a2              =       $70
=$70					a2L             =       $70
=$71					a2H             =       $71
=$72					a3              =       $72
=$72					a3L             =       $72
=$73					a3H             =       $73
=$74					a4              =       $74
=$74					a4L             =       $74
=$75					a4H             =       $75
=$76					a5              =       $76
=$76					a5L             =       $76
=$77					a5H             =       $77
=$78					a6              =       $78
=$78					a6L             =       $78
=$79					a6H             =       $79
=$7a					a7              =       $7a
=$7a					a7L             =       $7a
=$7b					a7H             =       $7b
=$7c					a8              =       $7c
=$7c					a8L             =       $7c
=$7d					a8H             =       $7d
=$7e					a9              =       $7e
=$7e					a9L             =       $7e
=$7f					a9H             =       $7f

;******  Return to file: src/uos.asm


;******  Processing file: src/routines.inc

=$0316					brkVectorlo     = $0316
=$0317					brkVectorhi     = $0317
=$0811					MAINLOOP        = $0811
=$0814					FIND_CTL        = $0814
=$0817					FS_APP          = $0817
=$081a					FS_SCREEN       = $081a
=$081d					FS_RECT         = $081d
=$0820					CLR_RECT        = $0820
=$0823					LOAD_IMM        = $0823
=$0826					APP_LOADER      = $0826
=$0829					FILLFILE        = $0829
=$082c					KEYIN           = $082c
=$082f					GETCAP          = $082f
=$0832					LAUNCH_APP      = $0832  ; file buffer -> LOADER + jmp APP_START, core-resident
=$0835					VDTEXT          = $0835  ; 80-col companion: A=row X=col r9->PETSCII (no-op if no VDC)
=$0838					VDCLR           = $0838  ; 80-col companion: A=row -> blank the row (no-op if no VDC)
=$083b					OS_TICK         = $083b  ; service the current once-per-second callback; clobbers callback registers
=$083e					READ_BUTTON     = $083e  ; A=0 while either mouse fire button is down; nonzero when released
=$7350					SETREC          = $7350
=$7355					SETREC_DISP     = $7355  ; display mode  (0=40 1=80 2=both)
=$7356					SETREC_BG       = $7356  ; desktop background colour (0-15 VIC colour)
=$7352					SETREC_VER      = $7352  ; 2 = the zone bytes below are valid
=$7353					SETREC_TZ       = $7353  ; time zone, signed quarter-hours from UTC (-48..+56)
=$7354					SETREC_TZMAG    = $7354  ; $a5 when SETREC_TZ was written by the OS
=$cc00					VDC_GETREG      = $cc00
=$cc03					VDC_SETREG      = $cc03
=$cc06					VDC_SEEK        = $cc06
=$cc09					VDC_PUTS        = $cc09
=$cc0c					VDC_PUTCHR      = $cc0c
=$cc0f					VDC_CLS         = $cc0f
=$cc12					VDC_FONTUP      = $cc12
=$cc15					VDC_INIT        = $cc15
=$cc18					VDC_PRESENT     = $cc18
=$cc1b					VDC_TEXT        = $cc1b  ; A=row X=col r9->PETSCII text on the 80-col display
=$cc1e					VDC_CLR         = $cc1e  ; A=row -> blank the row
=$cc21					VDC_BANNER      = $cc21  ; header rows 0-1
=$cc24					VDC_LIVE        = $cc24  ; byte: 1 once VDSETUP brought the 8563 up
=$23					vdcbpL          = $23
=$24					vdcbpH          = $24
=$25					vdcdpL          = $25
=$26					vdcdpH          = $26
=$1000					DESK_START      = $1000
=$2fff					DESK_END        = $2fff
=$5000					APP_START       = $5000
=$8fff					APP_END         = $8fff
=$9000					APP_CTL_TBL     = $9000
=$9000					APP_CTL_CTR     = $9000
=$9001					APP_CTL_BUF     = $9001
=$9100					APP_CTL_END     = $9100  ; 25 ten-byte control slots; TESTCLICK indexes them
=$9b00					APP_ID_TBL      = $9b00
=$9c00					REU_SIZE        = $9c00
=$9c03					REU_STASH       = $9c03
=$9c06					REU_FETCH       = $9c06
=$9c09					REU_PARAMS      = $9c09
=$9100					NET_BASE        = $9100
=37120					NET_PRESENT     = NET_BASE+$00  ; A=1 when the command interface answers
=37123					NET_CMD         = NET_BASE+$03  ; r0->bytes (target first), A=len -> A=status code, C=1 absent/timeout
=37126					NET_GETIP       = NET_BASE+$06  ; A=1 when an interface has an address (NET_IP/NET_IPSTR)
=37129					NET_OPEN        = NET_BASE+$09  ; A=7 tcp / 8 udp, r0->host, r1=port -> A=socket, C=1 failed
=37132					NET_CLOSE       = NET_BASE+$0c  ; A=socket
=37135					NET_READ        = NET_BASE+$0f  ; A=socket, r1=max -> NET_DATA+2.., NET_LEN; A: 0 ok 1 none 2 closed 3 error
=37138					NET_WRITE       = NET_BASE+$12  ; A=socket, r0->data, X=len (1..200) -> A=status code
=37141					NET_SYNC        = NET_BASE+$15  ; network check + SNTP -> CIA TOD + Ultimate RTC; A=NET_STATE
=37144					NET_APPLYNTP    = NET_BASE+$18  ; NET_DATA+2.. = 48-byte NTP reply -> time/date/TOD; A=0 ok
=37147					NET_RTCTIME     = NET_BASE+$1b  ; Ultimate RTC "YYYY/MM/DD HH:MM:SS" -> NET_DATA; A=status code
=37150					NET_TZSHIFT     = NET_BASE+$1e  ; A=signed quarter-hours -> shift the running TOD
=37153					NET_STATE       = NET_BASE+$21  ; $ff not tried, 0 ntp synced, 1 no reply, 2 no network, 3 no ultimate, 4 open failed
=37154					NET_HOUR        = NET_BASE+$22  ; local time 24 h binary
=37155					NET_MIN         = NET_BASE+$23
=37156					NET_SEC         = NET_BASE+$24
=37157					NET_YEAR        = NET_BASE+$25  ; word
=37159					NET_MON         = NET_BASE+$27
=37160					NET_DAY         = NET_BASE+$28
=37161					NET_WDAY        = NET_BASE+$29  ; 0 = sunday
=37162					NET_TZ          = NET_BASE+$2a  ; quarter-hours applied
=37163					NET_IP          = NET_BASE+$2b  ; 4 bytes
=37167					NET_IPSTR       = NET_BASE+$2f  ; dotted decimal, 0-terminated ("" = none)
=37183					NET_LEN         = NET_BASE+$3f  ; word: payload length of the last reply / read
=37185					NET_SOCK        = NET_BASE+$41
=37186					NET_STAT        = NET_BASE+$42  ; 32 bytes: last status line "NN,TEXT"
=37218					NET_DIRMODE     = NET_BASE+$62  ; 1 = READ_DIR mode (NET_CMD null-separates + counts each block)
=37219					NET_DIRN        = NET_BASE+$63  ; directory entry count after a dir read
=37220					NET_STREAM      = NET_BASE+$64  ; r0=command, r1=len(2..896), r3=callback (0=aggregate)
=37223					NET_TRUNC       = NET_BASE+$67  ; any reply data discarded; reset on each command
=37224					NET_PACKET_TRUNC = NET_BASE+$68 ; current packet clipped; raw stream packets cap at 512
=37225					NET_PACKETS     = NET_BASE+$69  ; word: number of reply packets delivered
=$8800					NET_DATA        = $8800  ; 512-byte reply buffer (socket payload at +2)
=$9e03					INIT_MOUSE      = $9e03
=$9e09					KEYIN_EXT       = $9e09
=$9e0c					KEY_EXTSEEN     = $9e0c  ; byte: sticky 1 once the C128 ESC line was seen low (tests)
=$a000					BITMAP_START    = $a000
=$c000					GFX_INIT        = $c000
=$c00f					GFX_SETPIXEL    = $c00f
=$c021					GFX_DRAWBYTEPATTERN = $c021
=$c006					GFX_ON          = $c006
=$c009					GFX_OFF         = $c009
=$c00c					GFX_SETCOLOR    = $c00c
=$c015					GFX_LINE        = $c015
=$c018					GFX_CIRCLE      = $c018
=$c01b					GPUTC           = $c01b
=$c01e					GPUTS           = $c01e

;******  Return to file: src/uos.asm


;******  Processing file: src/macros.inc


;******  Return to file: src/uos.asm


;******  Processing file: src/kernal.inc

=$ff81					CINT   = $FF81;  ----  FF5B  init VIC & screen editor                                                  - - -  - - -  A X Y
=$ff84					IOINIT = $FF84;  ----  FDA3  initialize CIA & IRQ                                                      - - -  - - -  A X Y
=$ff87					RAMTAS = $FF87;  ----  FD50  RAM test & search RAM end                                                 - - -  - - -  A X Y
=$ff8a					RESTOR = $FF8A;  ----  FD15  restore default I/O vectors                                               - - -  - - -  A - Y
=$ff8d					VECTOR = $FF8D;  ----  FD1A  read/set I/O vectors               in: C=0 moves from Y/X to vectors      - X Y  - X -  A - Y
=$ff90					SETMSG = $FF90;  ----  FE18  enable/disable KERNAL messages     in: A bit7=1 error msgs on             A - -  - - -  A - -
=$ff93					SECOND = $FF93;  ----  EDB9  send secondary addr after listen   in: A=secondary address                A - -  - - -  A - -
=$ff96					TKSA   = $FF96;  ----  EDC7  send secondary addr after talk     in: A=secondary address                A - -  - - -  A - -
=$ff99					MEMTOP = $FF99;  ----  FE25  read/set top of memory             in: C=0; Y/X address                   - X Y  - X Y  - - -
=$ff9c					MEMBOT = $FF9C;  ----  FE34  read/set bottom of memory          in: C=0; Y/X address                   - X Y  - X Y  - - -
=$ff9f					SCNKEY = $FF9F;  ----  EA87  scan keyboard                                                             - - -  - - -  A X Y
=$ffa2					SETTMO = $FFA2;  ----  FE21  set IEEE timeout                   in: A bit7=1 disable, bit7=0 enable    A - -  A - -  - - -
=$ffa5					ACPTR  = $FFA5;  ----  EE13  input byte from SERIAL             out:A=byte, C=1 and ST=2 if timeout    - - -  A - -  A - -
=$ffa8					CIOUT  = $FFA8;  ----  EDDD  output byte to SERIAL              in: A=byte, C=1 and ST=3 if timeout    A - -  A - -  - - -
=$ffab					UNTLK  = $FFAB;  ----  EDEF  untalk all SERIAL devices                                                 - - -  - - -  A - -
=$ffae					UNLSN  = $FFAE;  ----  EDFE  unlisten all SERIAL devices                                               - - -  - - -  A - -
=$ffb1					LISTEN = $FFB1;  ----  ED0C  make SERIAL device listen          in: A=device number                    A - -  - - -  A - -
=$ffb4					TALK   = $FFB4;  ----  ED09  make SERIAL device talk            in: A=device number                    A - -  - - -  A - -
=$ffb7					READST = $FFB7;  ----  FE07  read I/O status byte               out:A=status byte                      - - -  A - -  A - -
=$ffba					SETLFS = $FFBA;  ----  FE00  set file parameters                in: A=logical file number              A X Y  A X Y  - - -
=$ffbd					SETNAM = $FFBD;  ----  FDF9  set file name                      in: A=length of filename               A X Y  A X Y  - - -
=$ffc0					OPEN   = $FFC0;  031A  F34A  open log.file after SETLFS,SETNAM  out:A=error# if C=1                    - - -  - - -  A X Y
=$ffc3					CLOSE  = $FFC3;  031C  F291  close a logical file               in: A=logical file number              A - -  - - -  A X Y
=$ffc6					CHKIN  = $FFC6;  031E  F20E  open channel for input             in: X=logical file number              - X -  - - -  A X -
=$ffc9					CHKOUT = $FFC9;  0320  F250  open channel for output            in: X=logical file number              - X -  - - -  A X -
=$ffcc					CLRCHN = $FFCC;  0322  F333  restore default devices                                                   - - -  - - -  A X -
=$ffcf					CHRIN  = $FFCF;  0324  F157  input character                    out:A=character, C=1 and ST=error      - - -  A - -  A - -
=$ffd2					CHROUT = $FFD2;  0326  F1CA  output character                   in: A=character, C=1 and ST=error      A - -  A - -  - - -
=$ffd5					LOAD   = $FFD5;  0330  F49E  load after call SETLFS,SETNAM      in: A=0 load, a=1 verify               A X Y  A X Y  A X Y
=$ffd8					SAVE   = $FFD8;  0332  F5DD  save after call SETLFS,SETNAM      in: A=zero page pointer to start.addr  A X Y  - - -  A X Y
=$ffdb					SETTIM = $FFDB;  ----  F6E4  set jiffy clock                    in: A=MSB, X=middle, Y=LSB             A X Y  - - -  - - -
=$ffde					RDTIM  = $FFDE;  ----  F6DD  read jiffy clock                   out:A=MSB, X=middle, Y=LSB             - - -  A X Y  A X Y
=$ffe1					STOP   = $FFE1;  0328  F6ED  check stop key                     out:Z=0 if STOP not used; X unchanged  - - -  A - -  A - -
=$ffe4					GETIN  = $FFE4;  032A  F13E  get a byte from channel            out:keyboard:A=0 if puffer empty       - - -  A - -  A X Y
=$ffe7					CLALL  = $FFE7;  032C  F32F  close or abort all files                                                  - - -  - - -  A X -
=$ffea					UDTIM  = $FFEA;  ----  F69B  update jiffy clock                                                        - - -  - - -  A X -
=$ffed					SCREEN = $FFED;  ----  E505  return screen size                 out:X=columns, Y=rows                  - - -  - X Y  - X Y
=$fff0					PLOT   = $FFF0;  ----  E50A  read/set cursor position           in: C=0, X=row, Y=column               - X Y  - X Y  - - -
=$fff3					IOBASE = $FFF3;  ----  E500  returns the addr of I/O devices    out:Y/X=addr($DC00)                    - - -  - X Y  - X Y

;******  Return to file: src/uos.asm


;******  Processing file: src/vic-ii.inc

=$d000					VIC_BASE        = $d000
=$d800					VIC_COLOR_RAM   = $d800
=$0400					VIC_HIRES_COLOR = $0400
=$00					VIC_SPR0_X      = $00     ; Sprite x / y screen position registers
=$01					VIC_SPR0_Y      = $01
=$02					VIC_SPR1_X      = $02
=$03					VIC_SPR1_Y      = $03
=$04					VIC_SPR2_X      = $04
=$05					VIC_SPR2_Y      = $05
=$06					VIC_SPR3_X      = $06
=$07					VIC_SPR3_Y      = $07
=$08					VIC_SPR4_X      = $08
=$09					VIC_SPR4_Y      = $09
=$0a					VIC_SPR5_X      = $0A
=$0b					VIC_SPR5_Y      = $0B
=$0c					VIC_SPR6_X      = $0C
=$0d					VIC_SPR6_Y      = $0D
=$0e					VIC_SPR7_X      = $0E
=$0f					VIC_SPR7_Y      = $0F
=$10					VIC_SPR_XMSb    = $10     ; MSB of the X coordinate (since 320 > 255). Bit 7 = sprite 7, 6 = sprite 6, etc
=$11					VIC_CTRL_1      = $11
=$11					SCROLY			= $11     ; Control register 1
=$12					VIC_RASTER      = $12     ; Number of raster GFX_LINE at which a raster IRQ should be generated.
=$13					VIC_LTPEN_X     = $13     ; X-portion of the screen position at which the beam was found when a strobe was generated (light pen)
=$14					VIC_LTPEN_Y     = $14     ; Y-portion of the screen position at which the beam was found when a strobe was generated (light pen)
=$15					VIC_SPR_ENBL    = $15     ; Sprite enable (bit 7= sprite 7, bit 6 = sprite 6 etc)
=$16					VIC_CTRL_2      = $16     ; Control register 2
=$17					VIC_SPR_XPND_X  = $17     ; Sprite expand (bit 7= sprite 7, bit 6 = sprite 6 etc)
=$18					VIC_RAM_BASE    = $18     ; Base address of the character generator and video RAM
=$19					VIC_IRR         = $19     ; IRR:Interrupt Request Register
=$1a					VIC_IMR         = $1a     ; IMR:Interrupt Mask Register
=$1b					VIC_SPR_PRI     = $1b     ; Priority register(sprites)
=$1c					VIC_SPR_MULTI   = $1c     ; Multi-color register (sprites)
=$1d					VIC_SPR_XPND_Y  = $1d     ; Sprite expand Y The sprites can be doubled in the Y-direction by setting
=$1e					VIC_SPSP_COL    = $1e     ; Sprite/sprite collision
=$1f					VIC_SPBK_COL    = $1f     ; Sprite/background collision
=$20					VIC_BORDER_COL  = $20     ; Exterior color(border color) The border color is set in this register (0-15).
=$21					VIC_BG_COL0     = $21     ; Background color registers 0-3
=$22					VIC_BG_COL1     = $22     ; Background color register 0 determines the background color in
=$23					VIC_BG_COL2     = $23     ; the "normal" text mode. If the multi-color mode is enabled, it
=$24					VIC_BG_COL3     = $24     ; accesses registers 1-3
=$25					VIC_SPR_MCOL0   = $25     ; Spritemulti-colorcolor0/1
=$26					VIC_SPR_MCOL1   = $26     ; Sprites which are represented in multi-color can assume the back
=$27					VIC_SPR_COL0    = $27     ; Color sprite 0-8
=$28					VIC_SPR_COL1    = $28     ; The colors for the individual sprites are placed in these registers.
=$29					VIC_SPR_COL2    = $29
=$2a					VIC_SPR_COL3    = $2a
=$2b					VIC_SPR_COL4    = $2b
=$2c					VIC_SPR_COL5    = $2c
=$2d					VIC_SPR_COL6    = $2d
=$2e					VIC_SPR_COL7    = $2e
=$2f					VIC_KYBRD_CTRL  = $2f     ; Keyboard control register
=$30					VIC_CLOCK       = $30     ; 2MHz bit
=$00					VIC_COLOR_BLACK   = $00
=$01					VIC_COLOR_WHITE   = $01
=$02					VIC_COLOR_RED     = $02
=$03					VIC_COLOR_CYAN    = $03
=$04					VIC_COLOR_PURPLE  = $04
=$05					VIC_COLOR_GREEN   = $05
=$06					VIC_COLOR_BLUE    = $06
=$07					VIC_COLOR_YELLOW  = $07
=$08					VIC_COLOR_ORANGE  = $08
=$09					VIC_COLOR_BROWN   = $09
=$0a					VIC_COLOR_LRED    = $0A
=$0b					VIC_COLOR_DGREY   = $0B
=$0c					VIC_COLOR_MGREY   = $0C
=$0d					VIC_COLOR_LGREEN  = $0D
=$0e					VIC_COLOR_LBLUE   = $0E
=$0f					VIC_COLOR_LGREY   = $0F

;******  Return to file: src/uos.asm


;******  Processing file: src/io.inc

=$dc08					TODTEN      = $DC08
=$dc09					TODSEC      = $DC09
=$dc0a					TODMIN      = $DC0A
=$dc0b					TODHRS      = $DC0B

;******  Return to file: src/uos.asm

>0801	0c 08				.byte $0C, $08      ; pointer to next GFX_LINE
>0803	0a 00				.byte $0A, $00      ; GFX_LINE number (10)
>0805	9e				.byte $9E           ; SYS token
>0806	20 32 30 36 32			.text " 2062"       ; SYS address in ASCII
>080b	00 00 00			.byte $00, $00, $00 ; end-of-program
.080e	4c 41 08	jmp $0841	        jmp START
.0811	4c 5f 09	jmp $095f	        jmp main_loop   ; main loop entry
.0814	4c f1 09	jmp $09f1	        jmp find_control
.0817	4c 05 0f	jmp $0f05	        jmp FETCH_STASH_APP
.081a	4c d6 0e	jmp $0ed6	        jmp FETCH_STASH_SCREEN
.081d	4c 38 0f	jmp $0f38	        jmp FETCH_STASH_RECT
.0820	4c b5 0e	jmp $0eb5	        jmp CLEAR_RECT
.0823	4c ca 0a	jmp $0aca	        jmp LOADIMM
.0826	4c 45 0a	jmp $0a45	        jmp LOADER
.0829	4c 93 0a	jmp $0a93	        jmp FILLFILE_RT ; r0 -> name; copies to load buffer for APP_LOADER
.082c	4c 09 9e	jmp $9e09	        jmp KEYIN_EXT   ; A = keyboard event (0 = none): KERNAL GETIN + C128 ESC/cursor scan (drv1351)
.082f	4c ba 0f	jmp $0fba	        jmp GETCAP_RT   ; X = capability id -> A/X = driver base, or 0
.0832	4c ae 0a	jmp $0aae	        jmp LAUNCH_APP_RT ; file buffer -> load + enter the app (core-resident)
.0835	4c 1b cc	jmp $cc1b	        jmp VDC_TEXT    ; 80-col companion: A=row X=col r9->PETSCII text (driver, no-op w/o VDC)
.0838	4c 1e cc	jmp $cc1e	        jmp VDC_CLR     ; 80-col companion: A=row -> blank the row (driver, no-op w/o VDC)
.083b	4c 7c 0b	jmp $0b7c	        jmp TICK        ; app input loops can keep the desktop clock serviced
.083e	4c ca 09	jmp $09ca	        jmp READ_BTN    ; shared, IRQ-guarded button read for either control port
.0841					START:
.0841	a9 12		lda #$12	        LDA #$12	; Load clock registers with inital time
.0843	8d 0b dc	sta $dc0b		STA TODHRS	; Store 12 in hour  (Bit 7=PM)
.0846	a9 00		lda #$00		LDA #$00
.0848	8d 0a dc	sta $dc0a		STA TODMIN	; Store 0 in minutes
.084b	a9 00		lda #$00		LDA #$00
.084d	8d 09 dc	sta $dc09		STA TODSEC	; Store 0 in seconds
.0850	a9 00		lda #$00		LDA #$00
.0852	8d 08 dc	sta $dc08		STA TODTEN	; Store 0 in tenth of a second
.0855	a9 01		lda #$01	        lda #$01
.0857	85 22		sta $22		        sta r16         ; second register test
.0859	a9 00		lda #$00	        lda #$00
.085b	8d 20 d0	sta $d020	        sta VIC_BASE + VIC_BORDER_COL
.085e	a9 00		lda #$00	        lda #$00
.0860	8d 21 d0	sta $d021	        sta VIC_BASE + VIC_BG_COL0
.0863	a9 93		lda #$93	        lda #$93
.0865	20 d2 ff	jsr $ffd2	        jsr CHROUT
.0868					_prmsg1
.0868	a0 00		ldy #$00	        LDY #$00
.086a					_prloop:
.086a	b9 7e 08	lda $087e,y	        LDA msg1,Y
.086d	f0 07		beq $0876	        BEQ _prdone
.086f	20 d2 ff	jsr $ffd2	        JSR CHROUT
.0872	c8		iny		        INY
.0873	4c 6a 08	jmp $086a	        JMP _prloop
.0876					_prdone:
.0876	a9 0d		lda #$0d	        LDA #$0D
.0878	20 d2 ff	jsr $ffd2	        JSR CHROUT
.087b	4c 85 08	jmp $0885	        jmp loadfiles
>087e	55 4c 54 4f 53 0d 00		msg1:   .text "ultos", $0d, $00
.0885					loadfiles:
.0885	20 ca 0a	jsr $0aca	        JSR LOADIMM
>0888	55 4f 53 2d 47 46 58 00			    .text "uos-gfx",$00
.0890	20 45 0a	jsr $0a45	        jsr LOADER
.0893	20 ca 0a	jsr $0aca	        JSR LOADIMM
>0896	55 4f 53 2d 56 44 43 00			    .text "uos-vdc",$00
.089e	20 45 0a	jsr $0a45	        jsr LOADER
.08a1	20 ca 0a	jsr $0aca	        JSR LOADIMM
>08a4	55 4f 53 2d 44 52 56 31			    .text "uos-drv1351",$00
>08ac	33 35 31 00
.08b0	20 45 0a	jsr $0a45	        jsr LOADER
.08b3	20 ca 0a	jsr $0aca	        JSR LOADIMM
>08b6	55 4f 53 2d 53 50 52 49			    .text "uos-sprites",$00
>08be	54 45 53 00
.08c2	20 45 0a	jsr $0a45	        jsr LOADER
.08c5	20 ca 0a	jsr $0aca	        JSR LOADIMM
>08c8	55 4f 53 2d 52 45 55 00			    .text "uos-reu",$00
.08d0	20 45 0a	jsr $0a45	        jsr LOADER
.08d3	20 ca 0a	jsr $0aca	        JSR LOADIMM
>08d6	55 4f 53 2d 4e 45 54 00			    .text "uos-net",$00
.08de	20 45 0a	jsr $0a45	        jsr LOADER
.08e1	20 ca 0a	jsr $0aca	        JSR LOADIMM
>08e4	55 4f 53 2d 44 45 53 4b			    .text "uos-desktop",$00
>08ec	54 4f 50 00
.08f0	20 45 0a	jsr $0a45	        jsr LOADER
.08f3					setup:
.08f3	20 00 c0	jsr $c000	    JSR GFX_INIT
.08f6	a9 03		lda #$03	    LDA #(VIC_COLOR_BLACK * 16 + VIC_COLOR_CYAN)
.08f8	20 06 c0	jsr $c006	    JSR GFX_ON
.08fb	78		sei		        sei
.08fc	a9 94		lda #$94	        lda #<SYSERR
.08fe	8d 16 03	sta $0316	        sta brkVectorlo
.0901	a9 0b		lda #$0b	        lda #>SYSERR
.0903	8d 17 03	sta $0317	        sta brkVectorhi
.0906	58		cli		        cli
.0907	a9 ff		lda #$ff	        lda #$ff
.0909	8d 00 9b	sta $9b00	        sta APP_ID_TBL
.090c	20 3d 0e	jsr $0e3d	        jsr SETUP_CTL_BUF
.090f	a9 01		lda #$01	        lda #$01
.0911	8d 15 d0	sta $d015	        sta VIC_BASE + VIC_SPR_ENBL
.0914	a9 01		lda #$01	        lda #VIC_COLOR_WHITE
.0916	8d 27 d0	sta $d027	        sta VIC_BASE + VIC_SPR_COL0
.0919	a9 00		lda #$00	        lda #$00        ; $8000 = sprite table
.091b	8d f8 87	sta $87f8	        sta $87f8
.091e	a9 80		lda #$80	        lda #$80
.0920	8d 00 d0	sta $d000	        sta VIC_BASE + VIC_SPR0_X
.0923	8d 01 d0	sta $d001	        sta VIC_BASE + VIC_SPR0_Y
.0926	a9 35		lda #$35	        lda #$35
.0928	85 01		sta $01		        sta $01
.092a	a9 00		lda #$00	        lda #<BITMAP_START              ; source addr
.092c	8d 09 9c	sta $9c09	        sta REU_PARAMS
.092f	a9 a0		lda #$a0	        lda #>BITMAP_START
.0931	8d 0a 9c	sta $9c0a	        sta REU_PARAMS+1
.0934	a9 00		lda #$00	        lda #<$0000                     ; expanson ram addr
.0936	8d 0b 9c	sta $9c0b	        sta REU_PARAMS+2
.0939	a9 00		lda #$00	        lda #>$0000
.093b	8d 0c 9c	sta $9c0c	        sta REU_PARAMS+3
.093e	a9 00		lda #$00	        lda #$00                        ; bank 0
.0940	8d 0d 9c	sta $9c0d	        sta REU_PARAMS+4                ; expansion bank #
.0943	a9 00		lda #$00	        lda #<$2000                     ; bytes to move  (8192)
.0945	8d 0e 9c	sta $9c0e	        sta REU_PARAMS+5
.0948	a9 20		lda #$20	        lda #>$2000
.094a	8d 0f 9c	sta $9c0f	        sta REU_PARAMS+6
.094d	20 03 9c	jsr $9c03	        jsr REU_STASH
.0950	20 67 0f	jsr $0f67	        jsr VDPREF
.0953	20 8a 0f	jsr $0f8a	        jsr VDSETUP
.0956	20 15 91	jsr $9115	        jsr NET_SYNC
.0959	20 03 9e	jsr $9e03	        jsr INIT_MOUSE
.095c	20 00 10	jsr $1000	        jsr DESK_START
.095f					main_loop:
.095f	20 7c 0b	jsr $0b7c	        jsr TICK
.0962	20 2c 08	jsr $082c	        jsr KEYIN
.0965	c9 1b		cmp #$1b	        cmp #$1b
.0967	f0 08		beq $0971	        beq esc_to_desk
.0969	20 ca 09	jsr $09ca	        jsr READ_BTN
.096c	f0 1e		beq $098c	        beq btnclick
.096e	4c 5f 09	jmp $095f	        jmp main_loop
.0971					esc_to_desk:
.0971	ce 00 9b	dec $9b00	    dec APP_ID_TBL
.0974	ad 00 9b	lda $9b00	    lda APP_ID_TBL
.0977	20 23 08	jsr $0823	        jsr LOAD_IMM
>097a	55 4f 53 2d 44 45 53 4b		        .text "uos-desktop",$00
>0982	54 4f 50 00
.0986	20 26 08	jsr $0826	        jsr APP_LOADER
.0989	4c 00 10	jmp $1000	        jmp DESK_START
.098c					btnclick:
.098c	ee c8 09	inc $09c8	        inc mousedowntime
.098f	d0 0d		bne $099e	        bne _keepwaiting
.0991	ee c9 09	inc $09c9	        inc mousedowntime+1
.0994	ad c9 09	lda $09c9	        lda mousedowntime+1
.0997	c9 20		cmp #$20	        cmp #$20                ; just check if mouse down for a certain length of time
.0999	d0 03		bne $099e	        bne _keepwaiting
.099b	20 b4 09	jsr $09b4	        jsr dragmode
.099e					_keepwaiting:
.099e	20 ca 09	jsr $09ca	        jsr READ_BTN
.09a1	f0 e9		beq $098c	        beq btnclick
.09a3	20 ba 09	jsr $09ba	        jsr normalmode
.09a6	20 00 0b	jsr $0b00	        jsr TESTCLICK
.09a9	d0 03		bne $09ae	        bne goodclick
.09ab	4c b1 09	jmp $09b1	        jmp next
.09ae					goodclick:
.09ae	6c 0a 00	jmp ($000a)	        jmp (r4L)
.09b1					next:
.09b1	4c 5f 09	jmp $095f	        jmp main_loop
.09b4					dragmode:
.09b4	a9 01		lda #$01	        lda #$01        ; $8000 = sprite table
.09b6	8d f8 87	sta $87f8	        sta $87f8
.09b9	60		rts		        rts
.09ba					normalmode:
.09ba	a9 00		lda #$00	        lda #$00
.09bc	8d c8 09	sta $09c8	        sta mousedowntime
.09bf	8d c9 09	sta $09c9	        sta mousedowntime + 1
.09c2	a9 00		lda #$00	        lda #$00        ; $8000 = sprite table
.09c4	8d f8 87	sta $87f8	        sta $87f8
.09c7	60		rts		        rts
.09c8					mousedowntime:
>09c8	00 00				        .byte $00, $00
.09ca					READ_BTN:
.09ca	ad 01 dc	lda $dc01	        lda $dc01
.09cd	29 10		and #$10	        and #$10
.09cf	f0 1c		beq $09ed	        beq _rb_down            ; port 1 fire down (port B is already input)
.09d1	08		php		        php
.09d2	78		sei		        sei
.09d3	ad 02 dc	lda $dc02	        lda $dc02
.09d6	48		pha		        pha
.09d7	29 ef		and #$ef	        and #$ef                ; ONLY bit4 (fire) -> input; bits 6-7 stay
.09d9	8d 02 dc	sta $dc02	        sta $dc02               ; outputs = the SID pot MUX select, or the
.09dc	ad 00 dc	lda $dc00	        lda $dc00
.09df	29 10		and #$10	        and #$10                ; port 2 fire
.09e1	8d f0 09	sta $09f0	        sta rbtmp
.09e4	68		pla		        pla
.09e5	8d 02 dc	sta $dc02	        sta $dc02
.09e8	28		plp		        plp
.09e9	ad f0 09	lda $09f0	        lda rbtmp
.09ec	60		rts		        rts                     ; Z=1 iff port 2 fire down
.09ed					_rb_down:
.09ed	a9 00		lda #$00	        lda #$00
.09ef	60		rts		        rts
>09f0	00				rbtmp:  .byte $00
.09f1					find_control:
.09f1	a9 01		lda #$01	        lda #<APP_CTL_BUF
.09f3	85 08		sta $08		        sta r3L
.09f5	a9 90		lda #$90	        lda #>APP_CTL_BUF
.09f7	85 09		sta $09		        sta r3H
.09f9	a0 00		ldy #$00	        ldy #$00
.09fb	a2 00		ldx #$00	        ldx #$00
.09fd					 _loop:
.09fd	a5 09		lda $09		        lda r3H
.09ff	c9 91		cmp #$91	        cmp #>APP_CTL_END
.0a01	f0 2d		beq $0a30	        beq _notfound
.0a03					_skip:
.0a03	b1 08		lda ($08),y	        lda (r3),y
.0a05	c5 04		cmp $04		        cmp r1         ; check app id
.0a07	f0 02		beq $0a0b	        beq _foundappid
.0a09	d0 16		bne $0a21	        bne _skip9
.0a0b					_foundappid:
.0a0b	c8		iny		        iny
.0a0c	b1 08		lda ($08),y	        lda (r3),y      ; get 1st byte
.0a0e	c5 06		cmp $06		        cmp r2         ; compare to the id we want
.0a10	f0 1d		beq $0a2f	        beq _foundctlid
.0a12	88		dey		        dey             ; not same app id
.0a13	a5 08		lda $08		        lda r3L
.0a15	18		clc		        clc
.0a16	69 0a		adc #$0a	        adc #$0a        ; skip 10 bytes
.0a18	90 02		bcc $0a1c	        bcc _cont
.0a1a	e6 09		inc $09		        inc r3H         ; if so, increase hi byte
.0a1c					_cont:
.0a1c	85 08		sta $08		        sta r3L         ; increase lo byte
.0a1e	4c fd 09	jmp $09fd	        jmp _loop       ; do it again
.0a21					_skip9:
.0a21	a5 08		lda $08		        lda r3L
.0a23	18		clc		        clc
.0a24	69 0a		adc #$0a	        adc #$0a
.0a26	90 02		bcc $0a2a	        bcc _cont2
.0a28	e6 09		inc $09		        inc r3H         ; if so, increase hi byte
.0a2a					_cont2:
.0a2a	85 08		sta $08		        sta r3L         ; increase lo byte
.0a2c	4c fd 09	jmp $09fd	        jmp _loop       ; do checks again
.0a2f					_foundctlid:
.0a2f	60		rts		        rts
.0a30					_notfound:
.0a30	a9 00		lda #$00	        lda #$00
.0a32	85 09		sta $09		        sta r3H
.0a34	85 08		sta $08		        sta r3L
.0a36	60		rts		        rts
.0a37					TOBASIC:
.0a37	a9 93		lda #$93	    lda #$93
.0a39	20 d2 ff	jsr $ffd2	    jsr CHROUT
.0a3c	20 09 c0	jsr $c009	    jsr GFX_OFF
.0a3f	a9 01		lda #$01	        lda #$01
.0a41	8d 15 d0	sta $d015	        sta VIC_BASE + VIC_SPR_ENBL
.0a44	60		rts		        RTS
.0a45					LOADER:
.0a45	a9 00		lda #$00	        lda #$00
.0a47	8d 81 0a	sta $0a81	        sta LOADERR             ; this attempt owns the error latch
.0a4a	a0 00		ldy #$00	        LDY #$00        ; print file name being loaded
.0a4c					_prloop:
.0a4c	b9 82 0a	lda $0a82,y	        LDA file,Y
.0a4f	f0 07		beq $0a58	        BEQ _prdone
.0a51	20 d2 ff	jsr $ffd2	        JSR CHROUT
.0a54	c8		iny		        INY
.0a55	4c 4c 0a	jmp $0a4c	        JMP _prloop
.0a58					_prdone:
.0a58	a9 0d		lda #$0d	        LDA #$0D
.0a5a	20 d2 ff	jsr $ffd2	        JSR CHROUT
.0a5d	ad 80 0a	lda $0a80	        LDA ftmp
.0a60	a2 82		ldx #$82	        LDX #<file
.0a62	a0 0a		ldy #$0a	        LDY #>file
.0a64	20 bd ff	jsr $ffbd	        JSR $FFBD     ; call SETNAM
.0a67	a9 01		lda #$01	        LDA #$01
.0a69	a6 ba		ldx $ba		        LDX $BA       ; last used device number
.0a6b	d0 02		bne $0a6f	        BNE _skip
.0a6d	a2 08		ldx #$08	        LDX #$08      ; default to device 8
.0a6f	a0 01		ldy #$01	_skip   LDY #$01      ; not $01 means: load to address stored in file
.0a71	20 ba ff	jsr $ffba	        JSR $FFBA     ; call SETLFS
.0a74	a9 00		lda #$00	        LDA #$00      ; $00 means: load to memory (not verify)
.0a76	20 d5 ff	jsr $ffd5	        JSR $FFD5     ; call LOAD
.0a79	b0 01		bcs $0a7c	        BCS _error    ; if carry set, a load error has happened
.0a7b	60		rts		        RTS
.0a7c					_error
.0a7c	8d 81 0a	sta $0a81	        STA LOADERR   ; latch the kernal error for callers / diagnostics
.0a7f	60		rts		        RTS
>0a80	00				ftmp:   .byte $00
>0a81	00				LOADERR: .byte $00     ; last kernal LOAD error ($04 file not found, $05 device
>0a82	00 00 00 00 00 00 00 00		file:   .fill 17, 0              ; 16 filename bytes plus the terminator
>0a8a	00 00 00 00 00 00 00 00 00
.0a93					FILLFILE_RT:
.0a93	a0 00		ldy #$00	        ldy #$00
.0a95	a2 00		ldx #$00	        ldx #$00
.0a97					_ffloop:
.0a97	b1 02		lda ($02),y	        lda (r0),y
.0a99	f0 09		beq $0aa4	        beq _ffdone
.0a9b	9d 82 0a	sta $0a82,x	        sta file,x
.0a9e	e8		inx		        inx
.0a9f	c8		iny		        iny
.0aa0	e0 10		cpx #$10	        cpx #$10                ; 1541 filenames cap at 16 chars
.0aa2	d0 f3		bne $0a97	        bne _ffloop
.0aa4					_ffdone:
.0aa4	8a		txa		        txa
.0aa5	8d 80 0a	sta $0a80	        sta ftmp
.0aa8	a9 00		lda #$00	        lda #$00
.0aaa	9d 82 0a	sta $0a82,x	        sta file,x
.0aad	60		rts		        rts
.0aae					LAUNCH_APP_RT:
.0aae	ad 56 73	lda $7356	        lda SETREC_BG
.0ab1	29 0f		and #$0f	        and #$0f
.0ab3	d0 02		bne $0ab7	        bne la_bg
.0ab5	a9 10		lda #$10	        lda #$10
.0ab7	20 06 c0	jsr $c006	la_bg:  jsr GFX_ON
.0aba	a9 00		lda #$00	        lda #$00
.0abc	8d f8 87	sta $87f8	        sta $87f8
.0abf	20 45 0a	jsr $0a45	        jsr LOADER
.0ac2	90 03		bcc $0ac7	        bcc la_loaded
.0ac4	4c 00 10	jmp $1000	        jmp DESK_START          ; a failed/partial load cannot enter APP_START
.0ac7					la_loaded:
.0ac7	4c 00 50	jmp $5000	        jmp APP_START
.0aca					LOADIMM:
.0aca	48		pha			PHA     		; save A
.0acb	98		tya			TYA			; copy Y
.0acc	48		pha			PHA  			; save Y
.0acd	8a		txa			TXA			; copy X
.0ace	48		pha			PHA  			; save X
.0acf	ba		tsx			TSX			; get stack pointer
.0ad0	bd 04 01	lda $0104,x		LDA $0104,X		; get return address low byte (+4 to correct pointer)
.0ad3	85 bc		sta $bc			STA $BC			; save in page zero
.0ad5	bd 05 01	lda $0105,x		LDA $0105,X		; get return address high byte (+5 to correct pointer)
.0ad8	85 bd		sta $bd			STA $BD			; save in page zero
.0ada	a0 01		ldy #$01		LDY #$01		; set index (+1 to allow for return address offset)
.0adc					LOADIMM2:
.0adc	b1 bc		lda ($bc),y		LDA ($BC),Y		; get byte from string
.0ade	f0 0c		beq $0aec		BEQ LOADIMM3	        ; exit if null (end of text)
.0ae0	88		dey		        DEY
.0ae1	99 82 0a	sta $0a82,y		STA file,Y
.0ae4	c8		iny		        INY
.0ae5	98		tya		        TYA
.0ae6	8d 80 0a	sta $0a80	        STA ftmp
.0ae9	c8		iny		        INY			; increment index
.0aea	d0 f0		bne $0adc		BNE LOADIMM2	        ; loop (exit if 256th character)
.0aec					LOADIMM3:
.0aec	98		tya			TYA                     ; copy index
.0aed	18		clc			CLC			; clear carry
.0aee	65 bc		adc $bc			ADC $BC			; add string pointer low byte to index
.0af0	9d 04 01	sta $0104,x		STA $0104,X		; put on stack as return address low byte
.0af3	a9 00		lda #$00		LDA #$00		; clear A
.0af5	65 bd		adc $bd			ADC $BD		        ; add string pointer high byte
.0af7	9d 05 01	sta $0105,x		STA $0105,X		; put on stack as return address high byte
.0afa	68		pla			PLA			; pull value
.0afb	aa		tax			TAX  			; restore X
.0afc	68		pla			PLA			; pull value
.0afd	a8		tay			TAY  			; restore Y
.0afe	68		pla			PLA  			; restore A
.0aff	60		rts			RTS
.0b00					TESTCLICK:
.0b00	08		php		        php
.0b01	78		sei		        sei
.0b02	ad 10 d0	lda $d010	        lda VIC_BASE + VIC_SPR_XMSb
.0b05	29 01		and #$01	        and #1
.0b07	85 0d		sta $0d		        sta r5H
.0b09	38		sec		        sec
.0b0a	ad 00 d0	lda $d000	        lda VIC_BASE + VIC_SPR0_X
.0b0d	e9 18		sbc #$18	        sbc #24
.0b0f	85 0c		sta $0c		        sta r5L
.0b11	a5 0d		lda $0d		        lda r5H
.0b13	e9 00		sbc #$00	        sbc #0
.0b15	85 0d		sta $0d		        sta r5H
.0b17	ad 01 d0	lda $d001	        lda VIC_BASE + VIC_SPR0_Y
.0b1a	38		sec		        sec
.0b1b	e9 32		sbc #$32	        sbc #50
.0b1d	85 0e		sta $0e		        sta r6L
.0b1f	28		plp		        plp
.0b20	a2 00		ldx #$00	        ldx #$00
.0b22	a9 19		lda #$19	        lda #25                 ; scan the whole bounded table (25 slots),
.0b24	85 04		sta $04		        sta r1                  ; not the counter: a freed slot in the middle
.0b26					_loopbtns:
.0b26	bd 01 90	lda $9001,x	        lda APP_CTL_BUF,x
.0b29	c9 ff		cmp #$ff	        cmp #$ff
.0b2b	f0 43		beq $0b70	        beq _checknextbtn
.0b2d	a5 0d		lda $0d		        lda r5H
.0b2f	dd 06 90	cmp $9006,x	        cmp APP_CTL_BUF+5,x
.0b32	90 3c		bcc $0b70	        bcc _checknextbtn
.0b34	d0 07		bne $0b3d	        bne _test_right
.0b36	a5 0c		lda $0c		        lda r5L
.0b38	dd 05 90	cmp $9005,x	        cmp APP_CTL_BUF+4,x
.0b3b	90 33		bcc $0b70	        bcc _checknextbtn
.0b3d					_test_right:
.0b3d	a5 0d		lda $0d		        lda r5H
.0b3f	dd 09 90	cmp $9009,x	        cmp APP_CTL_BUF+8,x
.0b42	90 09		bcc $0b4d	        bcc _test_vertical
.0b44	d0 2a		bne $0b70	        bne _checknextbtn
.0b46	a5 0c		lda $0c		        lda r5L
.0b48	dd 08 90	cmp $9008,x	        cmp APP_CTL_BUF+7,x
.0b4b	b0 23		bcs $0b70	        bcs _checknextbtn
.0b4d					_test_vertical:
.0b4d	a5 0e		lda $0e		        lda r6L
.0b4f	dd 07 90	cmp $9007,x	        cmp APP_CTL_BUF+6,x
.0b52	90 1c		bcc $0b70	        bcc _checknextbtn
.0b54	dd 0a 90	cmp $900a,x	        cmp APP_CTL_BUF+9,x
.0b57	b0 17		bcs $0b70	        bcs _checknextbtn
.0b59	bd 01 90	lda $9001,x	        lda APP_CTL_BUF,x
.0b5c	85 06		sta $06		        sta r2
.0b5e	bd 02 90	lda $9002,x	        lda APP_CTL_BUF+1,x
.0b61	85 08		sta $08		        sta r3
.0b63	bd 03 90	lda $9003,x	        lda APP_CTL_BUF+2,x
.0b66	85 0a		sta $0a		        sta r4L
.0b68	bd 04 90	lda $9004,x	        lda APP_CTL_BUF+3,x
.0b6b	85 0b		sta $0b		        sta r4H
.0b6d	a9 01		lda #$01	        lda #1
.0b6f	60		rts		        rts
.0b70					_checknextbtn
.0b70	8a		txa		        txa
.0b71	18		clc		        clc
.0b72	69 0a		adc #$0a	        adc #$0a
.0b74	aa		tax		        tax
.0b75	c6 04		dec $04		        dec r1
.0b77	d0 ad		bne $0b26	        bne _loopbtns
.0b79					_badclick:
.0b79	a9 00		lda #$00	        lda #$00
.0b7b	60		rts		        rts
.0b7c					TICK:
.0b7c	a5 22		lda $22		        lda r16
.0b7e	cd 09 dc	cmp $dc09	        cmp $DC09
.0b81	d0 03		bne $0b86	        bne _tick
.0b83	4c 93 0b	jmp $0b93	        jmp _skip
.0b86					_tick:
.0b86	ad 09 dc	lda $dc09	        lda $DC09
.0b89	85 22		sta $22		        sta r16
.0b8b	ad 3d 03	lda $033d	        lda $033d
.0b8e	f0 03		beq $0b93	        beq _skip
.0b90	6c 3c 03	jmp ($033c)	        jmp ($033c)
.0b93					_skip:
.0b93	60		rts		        rts
.0b94					SYSERR:
.0b94	68		pla		        pla
.0b95	68		pla		        pla
.0b96	68		pla		        pla
.0b97	68		pla		        pla
.0b98	68		pla			pla
.0b99	85 02		sta $02			sta r0+0
.0b9b	68		pla			pla
.0b9c	85 03		sta $03			sta r0+1
.0b9e	38		sec			sec
.0b9f	a5 02		lda $02			lda r0+0
.0ba1	e9 02		sbc #$02		sbc #<(2)
.0ba3	85 02		sta $02			sta r0+0
.0ba5	a5 03		lda $03			lda r0+1
.0ba7	e9 00		sbc #$00		sbc #>(2)
.0ba9	85 03		sta $03			sta r0+1
.0bab	a5 03		lda $03		        lda r0H
.0bad	a2 00		ldx #$00	        ldx #0
.0baf	20 b8 0d	jsr $0db8		jsr er1
.0bb2	a5 02		lda $02		        lda r0L
.0bb4	20 b8 0d	jsr $0db8		jsr er1
.0bb7	a9 00		lda #$00	        lda #$00
.0bb9	85 03		sta $03		        sta X1+1
.0bbb	a9 64		lda #$64	        lda #100
.0bbd	85 02		sta $02		        sta X1
.0bbf	a9 00		lda #$00	        lda #$00
.0bc1	85 07		sta $07		        sta X2+1
.0bc3	a9 db		lda #$db	        lda #100 + 119
.0bc5	85 06		sta $06		        sta X2
.0bc7	a9 46		lda #$46	        lda #70
.0bc9	85 04		sta $04		        sta Y1
.0bcb	a9 46		lda #$46	        lda #70
.0bcd	85 08		sta $08		        sta Y2
.0bcf	a9 00		lda #$00	        lda #$00
.0bd1	85 05		sta $05		        sta Y1+1
.0bd3	85 09		sta $09		        sta Y2+1
.0bd5	20 15 c0	jsr $c015	        jsr GFX_LINE
.0bd8	a9 00		lda #$00	        lda #$00
.0bda	85 03		sta $03		        sta X1+1
.0bdc	a9 64		lda #$64	        lda #100
.0bde	85 02		sta $02		        sta X1
.0be0	a9 00		lda #$00	        lda #$00
.0be2	85 07		sta $07		        sta X2+1
.0be4	a9 db		lda #$db	        lda #100 + 119
.0be6	85 06		sta $06		        sta X2
.0be8	a9 8c		lda #$8c	        lda #70 + 70
.0bea	85 04		sta $04		        sta Y1
.0bec	a9 8c		lda #$8c	        lda #70 + 70
.0bee	85 08		sta $08		        sta Y2
.0bf0	a9 00		lda #$00	        lda #$00
.0bf2	85 05		sta $05		        sta Y1+1
.0bf4	85 09		sta $09		        sta Y2+1
.0bf6	20 15 c0	jsr $c015	        jsr GFX_LINE
.0bf9	a9 00		lda #$00	        lda #$00
.0bfb	85 03		sta $03		        sta X1+1
.0bfd	a9 64		lda #$64	        lda #100
.0bff	85 02		sta $02		        sta X1
.0c01	a9 00		lda #$00	        lda #$00
.0c03	85 07		sta $07		        sta X2+1
.0c05	a9 64		lda #$64	        lda #100
.0c07	85 06		sta $06		        sta X2
.0c09	a9 46		lda #$46	        lda #70
.0c0b	85 04		sta $04		        sta Y1
.0c0d	a9 8c		lda #$8c	        lda #70 + 70
.0c0f	85 08		sta $08		        sta Y2
.0c11	a9 00		lda #$00	        lda #$00
.0c13	85 05		sta $05		        sta Y1+1
.0c15	85 09		sta $09		        sta Y2+1
.0c17	20 15 c0	jsr $c015	        jsr GFX_LINE
.0c1a	a9 00		lda #$00	        lda #$00
.0c1c	85 03		sta $03		        sta X1+1
.0c1e	a9 db		lda #$db	        lda #100 + 119
.0c20	85 02		sta $02		        sta X1
.0c22	a9 00		lda #$00	        lda #$00
.0c24	85 07		sta $07		        sta X2+1
.0c26	a9 db		lda #$db	        lda #100 + 119
.0c28	85 06		sta $06		        sta X2
.0c2a	a9 46		lda #$46	        lda #70
.0c2c	85 04		sta $04		        sta Y1
.0c2e	a9 8c		lda #$8c	        lda #70 + 70
.0c30	85 08		sta $08		        sta Y2
.0c32	a9 00		lda #$00	        lda #$00
.0c34	85 05		sta $05		        sta Y1+1
.0c36	85 09		sta $09		        sta Y2+1
.0c38	20 15 c0	jsr $c015	        jsr GFX_LINE
.0c3b	a9 00		lda #$00	        lda #$00
.0c3d	85 03		sta $03		        sta X1+1
.0c3f	a9 69		lda #$69	        lda #100+5
.0c41	85 02		sta $02		        sta X1
.0c43	a9 00		lda #$00	        lda #$00
.0c45	85 07		sta $07		        sta X2+1
.0c47	a9 e0		lda #$e0	        lda #100+119+5
.0c49	85 06		sta $06		        sta X2
.0c4b	a9 8d		lda #$8d	        lda #70+70+1
.0c4d	85 04		sta $04		        sta Y1
.0c4f	a9 8d		lda #$8d	        lda #70+70+1
.0c51	85 08		sta $08		        sta Y2
.0c53	a9 00		lda #$00	        lda #$00
.0c55	85 05		sta $05		        sta Y1+1
.0c57	85 09		sta $09		        sta Y2+1
.0c59	20 15 c0	jsr $c015	        jsr GFX_LINE
.0c5c	a9 00		lda #$00	        lda #$00
.0c5e	85 03		sta $03		        sta X1+1
.0c60	a9 69		lda #$69	        lda #100+5
.0c62	85 02		sta $02		        sta X1
.0c64	a9 00		lda #$00	        lda #$00
.0c66	85 07		sta $07		        sta X2+1
.0c68	a9 e0		lda #$e0	        lda #100+119+5
.0c6a	85 06		sta $06		        sta X2
.0c6c	a9 8e		lda #$8e	        lda #70+70+2
.0c6e	85 04		sta $04		        sta Y1
.0c70	a9 8e		lda #$8e	        lda #70+70+2
.0c72	85 08		sta $08		        sta Y2
.0c74	a9 00		lda #$00	        lda #$00
.0c76	85 05		sta $05		        sta Y1+1
.0c78	85 09		sta $09		        sta Y2+1
.0c7a	20 15 c0	jsr $c015	        jsr GFX_LINE
.0c7d	a9 00		lda #$00	        lda #$00
.0c7f	85 03		sta $03		        sta X1+1
.0c81	a9 69		lda #$69	        lda #100+5
.0c83	85 02		sta $02		        sta X1
.0c85	a9 00		lda #$00	        lda #$00
.0c87	85 07		sta $07		        sta X2+1
.0c89	a9 e0		lda #$e0	        lda #100+119+5
.0c8b	85 06		sta $06		        sta X2
.0c8d	a9 8f		lda #$8f	        lda #70+70+3
.0c8f	85 04		sta $04		        sta Y1
.0c91	a9 8f		lda #$8f	        lda #70+70+3
.0c93	85 08		sta $08		        sta Y2
.0c95	a9 00		lda #$00	        lda #$00
.0c97	85 05		sta $05		        sta Y1+1
.0c99	85 09		sta $09		        sta Y2+1
.0c9b	20 15 c0	jsr $c015	        jsr GFX_LINE
.0c9e	a9 00		lda #$00	        lda #$00
.0ca0	85 03		sta $03		        sta X1+1
.0ca2	a9 69		lda #$69	        lda #100+5
.0ca4	85 02		sta $02		        sta X1
.0ca6	a9 00		lda #$00	        lda #$00
.0ca8	85 07		sta $07		        sta X2+1
.0caa	a9 e0		lda #$e0	        lda #100+119+5
.0cac	85 06		sta $06		        sta X2
.0cae	a9 90		lda #$90	        lda #70+70+4
.0cb0	85 04		sta $04		        sta Y1
.0cb2	a9 90		lda #$90	        lda #70+70+4
.0cb4	85 08		sta $08		        sta Y2
.0cb6	a9 00		lda #$00	        lda #$00
.0cb8	85 05		sta $05		        sta Y1+1
.0cba	85 09		sta $09		        sta Y2+1
.0cbc	20 15 c0	jsr $c015	        jsr GFX_LINE
.0cbf	a9 00		lda #$00	        lda #$00
.0cc1	85 03		sta $03		        sta X1+1
.0cc3	a9 69		lda #$69	        lda #100+5
.0cc5	85 02		sta $02		        sta X1
.0cc7	a9 00		lda #$00	        lda #$00
.0cc9	85 07		sta $07		        sta X2+1
.0ccb	a9 e0		lda #$e0	        lda #100+119+5
.0ccd	85 06		sta $06		        sta X2
.0ccf	a9 91		lda #$91	        lda #70+70+5
.0cd1	85 04		sta $04		        sta Y1
.0cd3	a9 91		lda #$91	        lda #70+70+5
.0cd5	85 08		sta $08		        sta Y2
.0cd7	a9 00		lda #$00	        lda #$00
.0cd9	85 05		sta $05		        sta Y1+1
.0cdb	85 09		sta $09		        sta Y2+1
.0cdd	20 15 c0	jsr $c015	        jsr GFX_LINE
.0ce0	a9 00		lda #$00	        lda #$00
.0ce2	85 03		sta $03		        sta X1+1
.0ce4	a9 dc		lda #$dc	        lda #100+119+1
.0ce6	85 02		sta $02		        sta X1
.0ce8	a9 00		lda #$00	        lda #$00
.0cea	85 07		sta $07		        sta X2+1
.0cec	a9 dc		lda #$dc	        lda #100+119+1
.0cee	85 06		sta $06		        sta X2
.0cf0	a9 4b		lda #$4b	        lda #70+5
.0cf2	85 04		sta $04		        sta Y1
.0cf4	a9 91		lda #$91	        lda #70+70+5
.0cf6	85 08		sta $08		        sta Y2
.0cf8	a9 00		lda #$00	        lda #$00
.0cfa	85 05		sta $05		        sta Y1+1
.0cfc	85 09		sta $09		        sta Y2+1
.0cfe	20 15 c0	jsr $c015	        jsr GFX_LINE
.0d01	a9 00		lda #$00	        lda #$00
.0d03	85 03		sta $03		        sta X1+1
.0d05	a9 dd		lda #$dd	        lda #100+119+2
.0d07	85 02		sta $02		        sta X1
.0d09	a9 00		lda #$00	        lda #$00
.0d0b	85 07		sta $07		        sta X2+1
.0d0d	a9 dd		lda #$dd	        lda #100+119+2
.0d0f	85 06		sta $06		        sta X2
.0d11	a9 4b		lda #$4b	        lda #70+5
.0d13	85 04		sta $04		        sta Y1
.0d15	a9 91		lda #$91	        lda #70+70+5
.0d17	85 08		sta $08		        sta Y2
.0d19	a9 00		lda #$00	        lda #$00
.0d1b	85 05		sta $05		        sta Y1+1
.0d1d	85 09		sta $09		        sta Y2+1
.0d1f	20 15 c0	jsr $c015	        jsr GFX_LINE
.0d22	a9 00		lda #$00	        lda #$00
.0d24	85 03		sta $03		        sta X1+1
.0d26	a9 de		lda #$de	        lda #100+119+3
.0d28	85 02		sta $02		        sta X1
.0d2a	a9 00		lda #$00	        lda #$00
.0d2c	85 07		sta $07		        sta X2+1
.0d2e	a9 de		lda #$de	        lda #100+119+3
.0d30	85 06		sta $06		        sta X2
.0d32	a9 4b		lda #$4b	        lda #70+5
.0d34	85 04		sta $04		        sta Y1
.0d36	a9 91		lda #$91	        lda #70+70+5
.0d38	85 08		sta $08		        sta Y2
.0d3a	a9 00		lda #$00	        lda #$00
.0d3c	85 05		sta $05		        sta Y1+1
.0d3e	85 09		sta $09		        sta Y2+1
.0d40	20 15 c0	jsr $c015	        jsr GFX_LINE
.0d43	a9 00		lda #$00	        lda #$00
.0d45	85 03		sta $03		        sta X1+1
.0d47	a9 df		lda #$df	        lda #100+119+4
.0d49	85 02		sta $02		        sta X1
.0d4b	a9 00		lda #$00	        lda #$00
.0d4d	85 07		sta $07		        sta X2+1
.0d4f	a9 df		lda #$df	        lda #100+119+4
.0d51	85 06		sta $06		        sta X2
.0d53	a9 4b		lda #$4b	        lda #70+5
.0d55	85 04		sta $04		        sta Y1
.0d57	a9 91		lda #$91	        lda #70+70+5
.0d59	85 08		sta $08		        sta Y2
.0d5b	a9 00		lda #$00	        lda #$00
.0d5d	85 05		sta $05		        sta Y1+1
.0d5f	85 09		sta $09		        sta Y2+1
.0d61	20 15 c0	jsr $c015	        jsr GFX_LINE
.0d64	a9 00		lda #$00	        lda #$00
.0d66	85 03		sta $03		        sta X1+1
.0d68	a9 e0		lda #$e0	        lda #100+119+5
.0d6a	85 02		sta $02		        sta X1
.0d6c	a9 00		lda #$00	        lda #$00
.0d6e	85 07		sta $07		        sta X2+1
.0d70	a9 e0		lda #$e0	        lda #100+119+5
.0d72	85 06		sta $06		        sta X2
.0d74	a9 4b		lda #$4b	        lda #70+5
.0d76	85 04		sta $04		        sta Y1
.0d78	a9 91		lda #$91	        lda #70+70+5
.0d7a	85 08		sta $08		        sta Y2
.0d7c	a9 00		lda #$00	        lda #$00
.0d7e	85 05		sta $05		        sta Y1+1
.0d80	85 09		sta $09		        sta Y2+1
.0d82	20 15 c0	jsr $c015	        jsr GFX_LINE
.0d85	a9 70		lda #$70	    lda #112
.0d87	85 02		sta $02		    sta X1
.0d89	a9 00		lda #$00	    lda #$00
.0d8b	85 03		sta $03		    sta X1+1
.0d8d	c8		iny		    iny
.0d8e	a9 55		lda #$55	    lda #85
.0d90	85 04		sta $04		    sta Y1
.0d92	a9 d9		lda #$d9	    lda #<oops
.0d94	85 14		sta $14		    sta r9L
.0d96	a9 0d		lda #$0d	    lda #>oops
.0d98	85 15		sta $15		    sta r9H
.0d9a	20 1e c0	jsr $c01e	    jsr GPUTS
.0d9d	a9 70		lda #$70	    lda #112
.0d9f	85 02		sta $02		    sta X1
.0da1	a9 00		lda #$00	    lda #$00
.0da3	85 03		sta $03		    sta X1+1
.0da5	c8		iny		    iny
.0da6	a9 69		lda #$69	    lda #105
.0da8	85 04		sta $04		    sta Y1
.0daa	a9 ea		lda #$ea	    lda #<panicstr
.0dac	85 14		sta $14		    sta r9L
.0dae	a9 0d		lda #$0d	    lda #>panicstr
.0db0	85 15		sta $15		    sta r9H
.0db2	20 1e c0	jsr $c01e	    jsr GPUTS
.0db5					_forever:
.0db5	4c b5 0d	jmp $0db5	        jmp _forever
.0db8	48		pha		er1:	pha
.0db9	4a		lsr a			lsr
.0dba	4a		lsr a			lsr
.0dbb	4a		lsr a			lsr
.0dbc	4a		lsr a			lsr
.0dbd	20 c9 0d	jsr $0dc9		jsr er2
.0dc0	e8		inx			inx
.0dc1	68		pla			pla
.0dc2	29 0f		and #$0f		and #%00001111
.0dc4	20 c9 0d	jsr $0dc9		jsr er2
.0dc7	e8		inx			inx
.0dc8	60		rts			rts
.0dc9	c9 0a		cmp #$0a	er2:	cmp #10
.0dcb	b0 05		bcs $0dd2		bcs er3
.0dcd	18		clc			clc
.0dce	69 30		adc #$30		adc #'0'
.0dd0	d0 03		bne $0dd5		bne er4
.0dd2					er3:
.0dd2	18		clc			clc
.0dd3	69 37		adc #$37		adc #'0'+7
.0dd5	9d f6 0d	sta $0df6,x	er4:	sta panicaddr,x
.0dd8	60		rts			rts
.0dd9					oops:
>0dd9	d3 d9 d3 d4 c5 cd 20 d3		        .text "SYSTEM SUSPENDED", $00
>0de1	d5 d3 d0 c5 ce c4 c5 c4 00
.0dea					panicstr:
>0dea	c5 52 52 4f 52 20 4e 45		        .text "Error near "
>0df2	41 52 20
>0df5	24				        .byte "$"
.0df6					panicaddr:
>0df6	58 58 58 58				.text "xxxx"
>0dfa	00					.byte $00
.0dfb					img_stop:
>0dfb	00 00 00			.byte %00000000,%00000000,%00000000
>0dfe	00 00 00			.byte %00000000,%00000000,%00000000
>0e01	00 00 00			.byte %00000000,%00000000,%00000000
>0e04	00 00 00			.byte %00000000,%00000000,%00000000
>0e07	00 7e 00			.byte %00000000,%01111110,%00000000
>0e0a	00 ff 00			.byte %00000000,%11111111,%00000000
>0e0d	01 ff 80			.byte %00000001,%11111111,%10000000
>0e10	03 ff c0			.byte %00000011,%11111111,%11000000
>0e13	07 0a 60			.byte %00000111,%00001010,%01100000
>0e16	06 d4 a0			.byte %00000110,%11010100,%10100000
>0e19	07 54 60			.byte %00000111,%01010100,%01100000
>0e1c	06 da e0			.byte %00000110,%11011010,%11100000
>0e1f	03 ff c0			.byte %00000011,%11111111,%11000000
>0e22	01 ff 80			.byte %00000001,%11111111,%10000000
>0e25	00 ff 00			.byte %00000000,%11111111,%00000000
>0e28	00 7e 00			.byte %00000000,%01111110,%00000000
>0e2b	00 00 00			.byte %00000000,%00000000,%00000000
>0e2e	00 00 00			.byte %00000000,%00000000,%00000000
>0e31	00 00 00			.byte %00000000,%00000000,%00000000
>0e34	00 00 00			.byte %00000000,%00000000,%00000000
>0e37	00 00 00			.byte %00000000,%00000000,%00000000
>0e3a	00 00 00			.byte %00000000,%00000000,%00000000
.0e3d					SETUP_CTL_BUF:
.0e3d	a9 00		lda #$00	        lda #$00
.0e3f	8d 00 90	sta $9000	        sta APP_CTL_CTR         ; was never initialised: RAM garbage (122-135
.0e42	a9 01		lda #$01	        lda #<APP_CTL_BUF
.0e44	85 04		sta $04		        sta r1L
.0e46	a9 90		lda #$90	        lda #>APP_CTL_BUF
.0e48	85 05		sta $05		        sta r1H
.0e4a	a9 91		lda #$91	        lda #>APP_CTL_END
.0e4c	85 06		sta $06		        sta r2
.0e4e	a0 00		ldy #$00	        ldy #$00
.0e50	a2 00		ldx #$00	        ldx #$00
.0e52					 _loop:
.0e52					_skip:
.0e52	a9 ff		lda #$ff	        lda #$ff        ; set app id to $ff
.0e54	91 04		sta ($04),y	        sta (r1L),y
.0e56	e6 04		inc $04		        inc r1L
.0e58	20 a3 0e	jsr $0ea3	        jsr _addhi
.0e5b	a9 ff		lda #$ff	        lda #$ff        ; set ctl id to $ff
.0e5d	91 04		sta ($04),y	        sta (r1L),y
.0e5f	e6 04		inc $04		        inc r1L
.0e61	20 a3 0e	jsr $0ea3	        jsr _addhi
.0e64	a9 00		lda #$00	        lda #$00
.0e66	91 04		sta ($04),y	        sta (r1L),y
.0e68	e6 04		inc $04		        inc r1L
.0e6a	20 a3 0e	jsr $0ea3	        jsr _addhi
.0e6d	91 04		sta ($04),y	        sta (r1L),y
.0e6f	e6 04		inc $04		        inc r1L
.0e71	20 a3 0e	jsr $0ea3	        jsr _addhi
.0e74	91 04		sta ($04),y	        sta (r1L),y
.0e76	e6 04		inc $04		        inc r1L
.0e78	20 a3 0e	jsr $0ea3	        jsr _addhi
.0e7b	91 04		sta ($04),y	        sta (r1L),y
.0e7d	e6 04		inc $04		        inc r1L
.0e7f	20 a3 0e	jsr $0ea3	        jsr _addhi
.0e82	91 04		sta ($04),y	        sta (r1L),y
.0e84	e6 04		inc $04		        inc r1L
.0e86	20 a3 0e	jsr $0ea3	        jsr _addhi
.0e89	91 04		sta ($04),y	        sta (r1L),y
.0e8b	e6 04		inc $04		        inc r1L
.0e8d	20 a3 0e	jsr $0ea3	        jsr _addhi
.0e90	91 04		sta ($04),y	        sta (r1L),y
.0e92	e6 04		inc $04		        inc r1L
.0e94	20 a3 0e	jsr $0ea3	        jsr _addhi
.0e97	91 04		sta ($04),y	        sta (r1L),y
.0e99	e6 04		inc $04		        inc r1L
.0e9b	20 a3 0e	jsr $0ea3	        jsr _addhi
.0e9e	91 04		sta ($04),y	        sta (r1L),y
.0ea0	4c 52 0e	jmp $0e52	        jmp _loop
.0ea3					 _addhi:
.0ea3	d0 0c		bne $0eb1	        bne _cont
.0ea5	e6 05		inc $05		        inc r1H
.0ea7	a5 05		lda $05		        lda r1H        ; if we have reached the end
.0ea9	c5 06		cmp $06		        cmp r2         ; of control table, exit
.0eab	f0 05		beq $0eb2	        beq _return
.0ead	a9 00		lda #$00	        lda #$00
.0eaf	85 04		sta $04		        sta r1L
.0eb1					_cont:
.0eb1	60		rts		        rts
.0eb2					_return:
.0eb2	68		pla		        pla             ; break out of inner loop
.0eb3	68		pla		        pla
.0eb4	60		rts		        rts
.0eb5					CLEAR_RECT:
.0eb5	a5 06		lda $06		        lda r2L
.0eb7	05 07		ora $07		        ora r2H
.0eb9	f0 1a		beq $0ed5	        beq cr_done
.0ebb	a0 00		ldy #$00	        ldy #$00
.0ebd					cr_loop:
.0ebd	a9 00		lda #$00	        lda #$00
.0ebf	91 02		sta ($02),y	        sta (r0),y
.0ec1	e6 02		inc $02		        inc r0L
.0ec3	d0 02		bne $0ec7	        bne cr_count
.0ec5	e6 03		inc $03		        inc r0H
.0ec7					cr_count:
.0ec7	a5 06		lda $06		        lda r2L
.0ec9	d0 02		bne $0ecd	        bne cr_low
.0ecb	c6 07		dec $07		        dec r2H
.0ecd					cr_low:
.0ecd	c6 06		dec $06		        dec r2L
.0ecf	a5 06		lda $06		        lda r2L
.0ed1	05 07		ora $07		        ora r2H
.0ed3	d0 e8		bne $0ebd	        bne cr_loop
.0ed5					cr_done:
.0ed5	60		rts		        rts
.0ed6					FETCH_STASH_SCREEN:
.0ed6	48		pha		        pha
.0ed7	a9 00		lda #$00	        lda #<BITMAP_START              ; source addr
.0ed9	8d 09 9c	sta $9c09	        sta REU_PARAMS
.0edc	a9 a0		lda #$a0	        lda #>BITMAP_START
.0ede	8d 0a 9c	sta $9c0a	        sta REU_PARAMS+1
.0ee1	a9 00		lda #$00	        lda #<$2000                     ; expanson ram addr
.0ee3	8d 0b 9c	sta $9c0b	        sta REU_PARAMS+2                ; $2000 - $3fff
.0ee6	a9 20		lda #$20	        lda #>$2000
.0ee8	8d 0c 9c	sta $9c0c	        sta REU_PARAMS+3
.0eeb	a9 00		lda #$00	        lda #$00                        ; bank 0
.0eed	8d 0d 9c	sta $9c0d	        sta REU_PARAMS+4                ; expansion bank #
.0ef0	a9 00		lda #$00	        lda #<$2000                     ; bytes to move  (8192)
.0ef2	8d 0e 9c	sta $9c0e	        sta REU_PARAMS+5
.0ef5	a9 20		lda #$20	        lda #>$2000
.0ef7	8d 0f 9c	sta $9c0f	        sta REU_PARAMS+6
.0efa	68		pla		        pla
.0efb	f0 04		beq $0f01	        beq _stash
.0efd	20 06 9c	jsr $9c06	        jsr REU_FETCH
.0f00	60		rts		        rts
.0f01					_stash:
.0f01	20 03 9c	jsr $9c03	        jsr REU_STASH
.0f04	60		rts		        rts
.0f05					FETCH_STASH_APP:
.0f05	48		pha		        pha
.0f06	a9 00		lda #$00	        lda #<APP_START                 ; source addr
.0f08	8d 09 9c	sta $9c09	        sta REU_PARAMS
.0f0b	a9 50		lda #$50	        lda #>APP_START
.0f0d	8d 0a 9c	sta $9c0a	        sta REU_PARAMS+1
.0f10	a9 00		lda #$00	        lda #$00                        ; expanson ram addr
.0f12	8d 0b 9c	sta $9c0b	        sta REU_PARAMS+2
.0f15	a9 00		lda #$00	        lda #$00
.0f17	8d 0c 9c	sta $9c0c	        sta REU_PARAMS+3
.0f1a	a9 01		lda #$01	        lda #$01                        ; bank 1
.0f1c	8d 0d 9c	sta $9c0d	        sta REU_PARAMS+4                ; expansion bank #
.0f1f	a9 ff		lda #$ff	        lda #<(APP_END-APP_START)    ; bytes to move
.0f21	8d 0e 9c	sta $9c0e	        sta REU_PARAMS+5
.0f24	a9 3f		lda #$3f	        lda #>(APP_END-APP_START)
.0f26	8d 0f 9c	sta $9c0f	        sta REU_PARAMS+6
.0f29	68		pla		        pla
.0f2a	f0 06		beq $0f32	        beq _stash
.0f2c	20 06 9c	jsr $9c06	        jsr REU_FETCH
.0f2f	4c 11 08	jmp $0811	        jmp MAINLOOP
.0f32					_stash:
.0f32	20 03 9c	jsr $9c03	        jsr REU_STASH
.0f35	4c 11 08	jmp $0811	        jmp MAINLOOP
.0f38					FETCH_STASH_RECT:
.0f38	48		pha		        pha
.0f39	a5 02		lda $02		        lda r0L                 ; source addr
.0f3b	8d 09 9c	sta $9c09	        sta REU_PARAMS
.0f3e	a5 03		lda $03		        lda r0H
.0f40	8d 0a 9c	sta $9c0a	        sta REU_PARAMS+1
.0f43	a5 04		lda $04		        lda r1L                        ; expanson ram addr
.0f45	8d 0b 9c	sta $9c0b	        sta REU_PARAMS+2
.0f48	a5 05		lda $05		        lda r1H
.0f4a	8d 0c 9c	sta $9c0c	        sta REU_PARAMS+3
.0f4d	a9 02		lda #$02	        lda #$02                        ; bank 2
.0f4f	8d 0d 9c	sta $9c0d	        sta REU_PARAMS+4                ; expansion bank #
.0f52	a5 06		lda $06		        lda r2L                        ; bytes to move
.0f54	8d 0e 9c	sta $9c0e	        sta REU_PARAMS+5
.0f57	a5 07		lda $07		        lda r2H
.0f59	8d 0f 9c	sta $9c0f	        sta REU_PARAMS+6
.0f5c	68		pla		        pla
.0f5d	f0 04		beq $0f63	        beq _stash
.0f5f	20 06 9c	jsr $9c06	        jsr REU_FETCH
.0f62	60		rts		        rts
.0f63					_stash:
.0f63	20 03 9c	jsr $9c03	        jsr REU_STASH
.0f66	60		rts		        rts
.0f67					VDPREF:
.0f67	a9 82		lda #$82	        lda #<setrecname
.0f69	85 02		sta $02		        sta r0L
.0f6b	a9 0f		lda #$0f	        lda #>setrecname
.0f6d	85 03		sta $03		        sta r0H
.0f6f	20 29 08	jsr $0829	        jsr FILLFILE
.0f72	20 45 0a	jsr $0a45	        jsr LOADER              ; "UOS-SET" -> record at $7350; C=1 if absent
.0f75	90 0a		bcc $0f81	        bcc vdpr_ok
.0f77	a9 02		lda #$02	        lda #$02                ; defaults when no record exists
.0f79	8d 55 73	sta $7355	        sta SETREC_DISP
.0f7c	a9 03		lda #$03	        lda #VIC_COLOR_CYAN
.0f7e	8d 56 73	sta $7356	        sta SETREC_BG
.0f81					vdpr_ok:
.0f81	60		rts		        rts
>0f82	55 4f 53 2d 53 45 54 00		setrecname: .byte $55,$4f,$53,$2d,$53,$45,$54,$00
.0f8a					VDSETUP:
.0f8a	ad 55 73	lda $7355	        lda SETREC_DISP
.0f8d	f0 1b		beq $0faa	        beq vds_no              ; persisted 0 = 40-column only
.0f8f	78		sei		        sei
.0f90	20 15 cc	jsr $cc15	        jsr VDC_INIT
.0f93	20 18 cc	jsr $cc18	        jsr VDC_PRESENT
.0f96	c9 01		cmp #$01	        cmp #$01
.0f98	d0 0e		bne $0fa8	        bne vds_off
.0f9a	20 12 cc	jsr $cc12	        jsr VDC_FONTUP          ; per-glyph bank-flip upload (see driver)
.0f9d	20 0f cc	jsr $cc0f	        jsr VDC_CLS
.0fa0	a9 01		lda #$01	        lda #$01
.0fa2	8d 24 cc	sta $cc24	        sta VDC_LIVE            ; VDC_TEXT/VDC_CLR are live from here on
.0fa5	20 21 cc	jsr $cc21	        jsr VDC_BANNER
.0fa8					vds_off:
.0fa8	58		cli		        cli
.0fa9	60		rts		        rts
.0faa					vds_no:
.0faa	60		rts		        rts
=$01					CAP_GFX         = $01
=$02					CAP_VDC         = $02
=$03					CAP_REU         = $03
=$04					CAP_KEYIN       = $04
=$05					CAP_FILLFILE    = $05
.0fab					CAPTBL:
>0fab	01				        .byte CAP_GFX           ; driver bases follow, 3 bytes per entry:
>0fac	00 c0				        .word $c000
>0fae	02				        .byte CAP_VDC
>0faf	00 cc				        .word $cc00
>0fb1	03				        .byte CAP_REU
>0fb2	00 9c				        .word $9c00
>0fb4	04				        .byte CAP_KEYIN
>0fb5	2c 08				        .word $082c
>0fb7	05				        .byte CAP_FILLFILE
>0fb8	29 08				        .word $0829
.0fba					CAPTBLEND:
.0fba					GETCAP_RT:
.0fba	8a		txa		        txa                     ; retain the requested id while X scans entries
.0fbb	a2 00		ldx #$00	        ldx #$00
.0fbd	dd ab 0f	cmp $0fab,x	gc_l:   cmp CAPTBL,x
.0fc0	f0 0b		beq $0fcd	        beq gc_found
.0fc2	e8		inx		        inx
.0fc3	e8		inx		        inx
.0fc4	e8		inx		        inx
.0fc5	e0 0f		cpx #$0f	        cpx #CAPTBLEND-CAPTBL
.0fc7	90 f4		bcc $0fbd	        bcc gc_l
.0fc9	a9 00		lda #$00	        lda #$00
.0fcb	aa		tax		        tax
.0fcc	60		rts		        rts
.0fcd					gc_found:
.0fcd	bd ac 0f	lda $0fac,x	        lda CAPTBL+1,x          ; low byte survives loading X with the high byte
.0fd0	48		pha		        pha
.0fd1	bd ad 0f	lda $0fad,x	        lda CAPTBL+2,x
.0fd4	aa		tax		        tax
.0fd5	68		pla		        pla
.0fd6	60		rts		        rts
.0fd7					getcap_end:

;******  End of listing
