
; 64tass Turbo Assembler Macro V1.60.3243 listing file
; 64tass -a -B -D "BOOT_PACKED_FILE=\"../../target/native/d81/uos128-packed.bin\"" -D BOOT_LENGTH=8770 -D BOOT_END=22784 -D BOOT_EXPECTED_CRC=23622 -o /home/marc/geos128/uos/target/native/d81/uos128-boot.prg -l /home/marc/geos128/uos/target/native/d81/uos128-boot.sym -L /home/marc/geos128/uos/target/native/d81/uos128-boot.lst /home/marc/geos128/uos/src/native/boot-unpack.asm
; Sat Sep 26 15:59:33 2026

;Offset	;PC	;Hex		;Monitor	;Source

;******  Command line definitions

="../../target/native/d81/uos128-packed.bin"	BOOT_PACKED_FILE="../../target/native/d81/uos128-packed.bin"
=8770						BOOT_LENGTH=8770
=22784						BOOT_END=22784
=23622						BOOT_EXPECTED_CRC=23622

;******  Processing input file: /home/marc/geos128/uos/src/native/boot-unpack.asm

>1c01		0c 1c				        .word basic_end
>1c03		0a 00				        .word 10
>1c05		9e				        .byte $9e
>1c06		20 37 31 38 34			        .text " 7184"
>1c0b		00				        .byte 0
.1c0c						basic_end:
>1c0c		00 00				        .word 0
.1c10						boot_entry:
.1c10		2c 05 d5	bit $d505	        bit $d505
.1c13		50 01		bvc $1c16	        bvc +
.1c15		60		rts		        rts
.1c16		08		php		+       php
.1c17		78		sei		        sei
.1c18		d8		cld		        cld
.1c19		ad 00 ff	lda $ff00	        lda $ff00
.1c1c		48		pha		        pha
.1c1d		a9 0e		lda #$0e	        lda #$0e
.1c1f		8d 00 ff	sta $ff00	        sta $ff00
.1c22		a9 6c		lda #$6c	        lda #<decoder_image
.1c24		8d 56 1c	sta $1c56	        sta boot_copy_read+1
.1c27		a9 1c		lda #$1c	        lda #>decoder_image
.1c29		8d 57 1c	sta $1c57	        sta boot_copy_read+2
.1c2c		a9 13		lda #$13	        lda #$13
.1c2e		8d 5a 1c	sta $1c5a	        sta boot_copy_write+2
.1c31		a9 16		lda #$16	        lda #>(decoder_end+255)
.1c33		8d 68 1c	sta $1c68	        sta boot_copy_end+1
.1c36		20 53 1c	jsr $1c53	        jsr boot_copy
.1c39		a9 6c		lda #$6c	        lda #<boot_payload
.1c3b		8d 56 1c	sta $1c56	        sta boot_copy_read+1
.1c3e		a9 1f		lda #$1f	        lda #>boot_payload
.1c40		8d 57 1c	sta $1c57	        sta boot_copy_read+2
.1c43		a9 60		lda #$60	        lda #$60
.1c45		8d 5a 1c	sta $1c5a	        sta boot_copy_write+2
.1c48		a9 83		lda #$83	        lda #>($6000+BOOT_LENGTH+255)
.1c4a		8d 68 1c	sta $1c68	        sta boot_copy_end+1
.1c4d		20 53 1c	jsr $1c53	        jsr boot_copy
.1c50		4c 00 13	jmp $1300	        jmp decoder
.1c53						boot_copy:
.1c53		a0 00		ldy #$00	        ldy #0
.1c55						boot_copy_read:
.1c55		b9 ff ff	lda $ffff,y	        lda $ffff,y
.1c58						boot_copy_write:
.1c58		99 00 13	sta $1300,y	        sta $1300,y
.1c5b		c8		iny		        iny
.1c5c		d0 f7		bne $1c55	        bne boot_copy_read
.1c5e		ee 57 1c	inc $1c57	        inc boot_copy_read+2
.1c61		ee 5a 1c	inc $1c5a	        inc boot_copy_write+2
.1c64		ad 5a 1c	lda $1c5a	        lda boot_copy_write+2
.1c67						boot_copy_end:
.1c67		c9 ff		cmp #$ff	        cmp #$ff
.1c69		d0 ea		bne $1c55	        bne boot_copy_read
.1c6b		60		rts		        rts
.1c6c						decoder_image:
.1c6c	1300					decoder:
.1c6c	1300	ba		tsx		        tsx
.1c6d	1301	8e f5 14	stx $14f5	        stx boot_stack
.1c70	1304	20 0a 13	jsr $130a	        jsr DECOMPRESS_LZSA2
.1c73	1307	4c 9b 14	jmp $149b	        jmp boot_finished

;******  Processing file: /home/marc/geos128/uos/src/native/boot-lzsa2.inc

.1c76	130a					DECOMPRESS_LZSA2:
.1c76	130a	a0 00		ldy #$00	   LDY #$00
.1c78	130c	8c 01 14	sty $1401	   STY NIBCOUNT
.1c7b	130f					DECODE_TOKEN:
.1c7b	130f	20 02 14	jsr $1402	   JSR boot_get                           ; read token byte: XYZ|LL|MMM
.1c7e	1312	48		pha		   PHA                                  ; preserve token on stack
.1c7f	1313	29 18		and #$18	   AND #$18                             ; isolate literals count (LL)
.1c81	1315	f0 35		beq $134c	   BEQ NO_LITERALS                      ; skip if no literals to copy
.1c83	1317	4a		lsr a		   LSR                                  ; shift literals count into place
.1c84	1318	4a		lsr a		   LSR
.1c85	1319	4a		lsr a		   LSR
.1c86	131a	c9 03		cmp #$03	   CMP #$03                             ; LITERALS_RUN_LEN_V2?
.1c88	131c	90 1a		bcc $1338	   BCC PREPARE_COPY_LITERALS            ; if less, count is directly embedded in token
.1c8a	131e	20 dc 13	jsr $13dc	   JSR GETNIBBLE                        ; get extra literals length nibble
.1c8d	1321	69 02		adc #$02	   ADC #$02                             ; (LITERALS_RUN_LEN_V2) minus carry
.1c8f	1323	c9 12		cmp #$12	   CMP #$12                             ; LITERALS_RUN_LEN_V2 + 15 ?
.1c91	1325	90 11		bcc $1338	   BCC PREPARE_COPY_LITERALS            ; if less, literals count is complete
.1c93	1327	20 02 14	jsr $1402	   JSR boot_get                           ; get extra byte of variable literals count
.1c96	132a	c9 ee		cmp #$ee	   CMP #$EE                             ; 238 is reserved for literals
.1c98	132c	d0 03		bne $1331	   BEQ boot_bad
.1c9a	132e	4c cd 14	jmp $14cd
.1c9d	1331	c9 f0		cmp #$f0	   CMP #$F0                             ; 239 introduces a 16-bit count
.1c9f	1333	b0 f9		bcs $132e	   BCS boot_bad
.1ca1	1335	38		sec		   SEC
.1ca2	1336	e9 ee		sbc #$ee	   SBC #$EE                             ; overflow?
.1ca4	1338					PREPARE_COPY_LITERALS:
.1ca4	1338	aa		tax		   TAX
.1ca5	1339	90 04		bcc $133f	   BCC PREPARE_COPY_LITERALS_HIGH       ; if not, literals count is complete
.1ca7	133b	20 fa 13	jsr $13fa	   JSR GETLARGESRC                      ; grab low 8 bits in X, high 8 bits in A
.1caa	133e	a8		tay		   TAY                                  ; put high 8 bits in Y
.1cab	133f					PREPARE_COPY_LITERALS_HIGH:
.1cab	133f	8a		txa		   TXA
.1cac	1340	f0 01		beq $1343	   BEQ COPY_LITERALS
.1cae	1342	c8		iny		   INY
.1caf	1343					COPY_LITERALS:
.1caf	1343	20 f4 13	jsr $13f4	   JSR GETPUT                           ; copy one byte of literals
.1cb2	1346	ca		dex		   DEX
.1cb3	1347	d0 fa		bne $1343	   BNE COPY_LITERALS
.1cb5	1349	88		dey		   DEY
.1cb6	134a	d0 f7		bne $1343	   BNE COPY_LITERALS
.1cb8	134c					NO_LITERALS:
.1cb8	134c	68		pla		   PLA                                  ; retrieve token from stack
.1cb9	134d	48		pha		   PHA                                  ; preserve token again
.1cba	134e	0a		asl a		   ASL
.1cbb	134f	b0 13		bcs $1364	   BCS REPMATCH_OR_LARGE_OFFSET         ; 1YZ: rep-match or 13/16 bit offset
.1cbd	1351	0a		asl a		   ASL                                  ; 0YZ: 5 or 9 bit offset
.1cbe	1352	b0 09		bcs $135d	   BCS OFFSET_9_BIT
.1cc0	1354	a2 ff		ldx #$ff	   LDX #$FF                             ; set offset bits 15-8 to 1
.1cc2	1356	20 d2 13	jsr $13d2	   JSR GETCOMBINEDBITS                  ; rotate Z bit into bit 0, read nibble for bits 4-1
.1cc5	1359	09 e0		ora #$e0	   ORA #$E0                             ; set bits 7-5 to 1
.1cc7	135b	d0 1a		bne $1377	   BNE GOT_OFFSET_LO                    ; go store low byte of match offset and prepare match
.1cc9	135d					OFFSET_9_BIT
.1cc9	135d	2a		rol a		   ROL                                  ; carry: Z bit; A: xxxxxxx1 (carry known set from BCS OFFSET_9_BIT)
.1cca	135e	69 00		adc #$00	   ADC #$00                             ; if Z bit is set, add 1 to A (bit 0 of A is now 0), otherwise bit 0 is 1
.1ccc	1360	09 fe		ora #$fe	   ORA #$FE                             ; set offset bits 15-9 to 1. reversed Z is already in bit 0
.1cce	1362	d0 0f		bne $1373	   BNE GOT_OFFSET_HI                    ; go store high byte, read low byte of match offset and prepare match
.1cd0	1364					REPMATCH_OR_LARGE_OFFSET:
.1cd0	1364	0a		asl a		   ASL                                  ; 13 bit offset?
.1cd1	1365	b0 07		bcs $136e	   BCS REPMATCH_OR_16_BIT               ; handle rep-match or 16-bit offset if not
.1cd3	1367	20 d2 13	jsr $13d2	   JSR GETCOMBINEDBITS                  ; rotate Z bit into bit 8, read nibble for bits 12-9
.1cd6	136a	69 de		adc #$de	   ADC #$DE                             ; set bits 15-13 to 1 and substract 2 (to substract 512)
.1cd8	136c	d0 05		bne $1373	   BNE GOT_OFFSET_HI                    ; go store high byte, read low byte of match offset and prepare match
.1cda	136e					REPMATCH_OR_16_BIT
.1cda	136e	30 0d		bmi $137d	   BMI REP_MATCH                        ; reuse previous offset if so (rep-match)
.1cdc	1370	20 02 14	jsr $1402	   JSR boot_get                           ; grab high 8 bits
.1cdf	1373					GOT_OFFSET_HI:
.1cdf	1373	aa		tax		   TAX
.1ce0	1374	20 02 14	jsr $1402	   JSR boot_get                           ; grab low 8 bits
.1ce3	1377					GOT_OFFSET_LO:
.1ce3	1377	8d 82 13	sta $1382	   STA OFFSLO                           ; store low byte of match offset
.1ce6	137a	8e 87 13	stx $1387	   STX OFFSHI                           ; store high byte of match offset
.1ce9	137d					REP_MATCH:
.1ce9	137d	18		clc		   CLC                                  ; add dest + match offset
.1cea	137e	ad 46 14	lda $1446	   LDA boot_write+1                         ; low 8 bits
=$1382						OFFSLO = *+1
.1ced	1381	69 00		adc #$00	   ADC #$00
.1cef	1383	8d bc 13	sta $13bc	   STA COPY_MATCH_LOOP+1                ; store back reference address
=$1387						OFFSHI = *+1
.1cf2	1386	a9 00		lda #$00	   LDA #$00                             ; high 8 bits
.1cf4	1388	6d 47 14	adc $1447	   ADC boot_write+2
.1cf7	138b	8d bd 13	sta $13bd	   STA COPY_MATCH_LOOP+2                ; store high 8 bits of address
.1cfa	138e	38		sec		   SEC                                  ; lengths always include minmatch 2
.1cfb	138f	68		pla		   PLA                                  ; retrieve token from stack again
.1cfc	1390	29 07		and #$07	   AND #$07                             ; isolate match len (MMM)
.1cfe	1392	69 01		adc #$01	   ADC #$01                             ; add MIN_MATCH_SIZE_V2 and carry
.1d00	1394	c9 09		cmp #$09	   CMP #$09                             ; MIN_MATCH_SIZE_V2 + MATCH_RUN_LEN_V2?
.1d02	1396	90 13		bcc $13ab	   BCC PREPARE_COPY_MATCH               ; if less, length is directly embedded in token
.1d04	1398	20 dc 13	jsr $13dc	   JSR GETNIBBLE                        ; get extra match length nibble
.1d07	139b	69 08		adc #$08	   ADC #$08                             ; (MIN_MATCH_SIZE_V2 + MATCH_RUN_LEN_V2) minus carry
.1d09	139d	c9 18		cmp #$18	   CMP #$18                             ; MIN_MATCH_SIZE_V2 + MATCH_RUN_LEN_V2 + 15?
.1d0b	139f	90 0a		bcc $13ab	   BCC PREPARE_COPY_MATCH               ; if less, match length is complete
.1d0d	13a1	20 02 14	jsr $1402	   JSR boot_get                           ; get extra byte of variable match length
.1d10	13a4	c9 ea		cmp #$ea	   CMP #$EA                             ; 232 is EOD, 233 a 16-bit count
.1d12	13a6	b0 86		bcs $132e	   BCS boot_bad
.1d14	13a8	38		sec		   SEC
.1d15	13a9	e9 e8		sbc #$e8	   SBC #$E8                             ; overflow?
.1d17	13ab					PREPARE_COPY_MATCH:
.1d17	13ab	aa		tax		   TAX
.1d18	13ac	90 06		bcc $13b4	   BCC PREPARE_COPY_MATCH_Y             ; if not, the match length is complete
.1d1a	13ae	f0 2b		beq $13db	   BEQ DECOMPRESSION_DONE               ; if EOD code, bail
.1d1c	13b0	20 fa 13	jsr $13fa	   JSR GETLARGESRC                      ; grab low 8 bits in X, high 8 bits in A
.1d1f	13b3	a8		tay		   TAY                                  ; put high 8 bits in Y
.1d20	13b4					PREPARE_COPY_MATCH_Y:
.1d20	13b4	20 74 14	jsr $1474	   JSR boot_match                       ; validate before reading a backreference
.1d23	13b7	8a		txa		   TXA
.1d24	13b8	f0 01		beq $13bb	   BEQ COPY_MATCH_LOOP
.1d26	13ba	c8		iny		   INY
.1d27	13bb					COPY_MATCH_LOOP:
.1d27	13bb	ad aa aa	lda $aaaa	   LDA $AAAA                            ; get one byte of backreference
.1d2a	13be	20 23 14	jsr $1423	   JSR boot_put                           ; copy to destination
.1d2d	13c1	ee bc 13	inc $13bc	   INC COPY_MATCH_LOOP+1
.1d30	13c4	d0 03		bne $13c9	   BNE GETMATCH_DONE
.1d32	13c6	ee bd 13	inc $13bd	   INC COPY_MATCH_LOOP+2
.1d35	13c9					GETMATCH_DONE:
.1d35	13c9	ca		dex		   DEX
.1d36	13ca	d0 ef		bne $13bb	   BNE COPY_MATCH_LOOP
.1d38	13cc	88		dey		   DEY
.1d39	13cd	d0 ec		bne $13bb	   BNE COPY_MATCH_LOOP
.1d3b	13cf	4c 0f 13	jmp $130f	   JMP DECODE_TOKEN
.1d3e	13d2					GETCOMBINEDBITS:
.1d3e	13d2	49 80		eor #$80	   EOR #$80
.1d40	13d4	0a		asl a		   ASL
.1d41	13d5	08		php		   PHP
.1d42	13d6	20 dc 13	jsr $13dc	   JSR GETNIBBLE                        ; get nibble into bits 0-3 (for offset bits 1-4)
.1d45	13d9	28		plp		   PLP                                  ; merge Z bit as the carry bit (for offset bit 0)
.1d46	13da	2a		rol a		   ROL                                  ; nibble -> bits 1-4; carry(!Z bit) -> bit 0 ; carry cleared
.1d47	13db					DECOMPRESSION_DONE:
.1d47	13db	60		rts		   RTS
.1d48	13dc					GETNIBBLE:
=$13dd						NIBBLES = *+1
.1d48	13dc	a9 aa		lda #$aa	   LDA #$AA
.1d4a	13de	4e 01 14	lsr $1401	   LSR NIBCOUNT
.1d4d	13e1	b0 0e		bcs $13f1	   BCS HAS_NIBBLES
.1d4f	13e3	ee 01 14	inc $1401	   INC NIBCOUNT
.1d52	13e6	20 02 14	jsr $1402	   JSR boot_get                           ; get 2 nibbles
.1d55	13e9	8d dd 13	sta $13dd	   STA NIBBLES
.1d58	13ec	4a		lsr a		   LSR
.1d59	13ed	4a		lsr a		   LSR
.1d5a	13ee	4a		lsr a		   LSR
.1d5b	13ef	4a		lsr a		   LSR
.1d5c	13f0	38		sec		   SEC
.1d5d	13f1					HAS_NIBBLES:
.1d5d	13f1	29 0f		and #$0f	   AND #$0F                             ; isolate low 4 bits of nibble
.1d5f	13f3	60		rts		   RTS
.1d60	13f4					GETPUT:
.1d60	13f4	20 02 14	jsr $1402	   JSR boot_get
.1d63	13f7	4c 23 14	jmp $1423	   JMP boot_put
.1d66	13fa					GETLARGESRC:
.1d66	13fa	20 02 14	jsr $1402	   JSR boot_get
.1d69	13fd	aa		tax		   TAX
.1d6a	13fe	4c 02 14	jmp $1402	   JMP boot_get
>1d6d	1401	00				NIBCOUNT: .byte 0

;******  Return to file: /home/marc/geos128/uos/src/native/boot-unpack.asm

.1d6e	1402					boot_get:
.1d6e	1402	08		php		        php
.1d6f	1403	ad 18 14	lda $1418	        lda boot_read+2
.1d72	1406	c9 82		cmp #$82	        cmp #>($6000+BOOT_LENGTH)
.1d74	1408	90 0c		bcc $1416	        bcc boot_read
.1d76	140a	f0 03		beq $140f	        bne boot_bad
.1d78	140c	4c cd 14	jmp $14cd
.1d7b	140f	ad 17 14	lda $1417	        lda boot_read+1
.1d7e	1412	c9 42		cmp #$42	        cmp #<($6000+BOOT_LENGTH)
.1d80	1414	b0 f6		bcs $140c	        bcs boot_bad
.1d82	1416					boot_read:
.1d82	1416	ad 00 60	lda $6000	        lda $6000
.1d85	1419	ee 17 14	inc $1417	        inc boot_read+1
.1d88	141c	d0 03		bne $1421	        bne +
.1d8a	141e	ee 18 14	inc $1418	        inc boot_read+2
.1d8d	1421	28		plp		+       plp
.1d8e	1422	60		rts		        rts
.1d8f	1423					boot_put:
.1d8f	1423	8d f6 14	sta $14f6	        sta boot_value
.1d92	1426	08		php		        php
.1d93	1427	98		tya		        tya
.1d94	1428	48		pha		        pha
.1d95	1429	ad f6 14	lda $14f6	        lda boot_value
.1d98	142c	20 33 14	jsr $1433	        jsr boot_put_body
.1d9b	142f	68		pla		        pla
.1d9c	1430	a8		tay		        tay
.1d9d	1431	28		plp		        plp
.1d9e	1432	60		rts		        rts
.1d9f	1433					boot_put_body:
.1d9f	1433	48		pha		        pha
.1da0	1434	ad 47 14	lda $1447	        lda boot_write+2
.1da3	1437	c9 59		cmp #$59	        cmp #>BOOT_END
.1da5	1439	90 09		bcc $1444	        bcc +
.1da7	143b	d0 cf		bne $140c	        bne boot_bad
.1da9	143d	ad 46 14	lda $1446	        lda boot_write+1
.1dac	1440	c9 00		cmp #$00	        cmp #<BOOT_END
.1dae	1442	b0 c8		bcs $140c	        bcs boot_bad
.1db0	1444	68		pla		+       pla
.1db1	1445					boot_write:
.1db1	1445	8d 01 1c	sta $1c01	        sta $1c01
.1db4	1448	4d f8 14	eor $14f8	        eor boot_crc+1
.1db7	144b	8d f8 14	sta $14f8	        sta boot_crc+1
.1dba	144e	a0 08		ldy #$08	        ldy #8
.1dbc	1450	0e f7 14	asl $14f7	-       asl boot_crc
.1dbf	1453	2e f8 14	rol $14f8	        rol boot_crc+1
.1dc2	1456	90 10		bcc $1468	        bcc +
.1dc4	1458	ad f7 14	lda $14f7	        lda boot_crc
.1dc7	145b	49 21		eor #$21	        eor #$21
.1dc9	145d	8d f7 14	sta $14f7	        sta boot_crc
.1dcc	1460	ad f8 14	lda $14f8	        lda boot_crc+1
.1dcf	1463	49 10		eor #$10	        eor #$10
.1dd1	1465	8d f8 14	sta $14f8	        sta boot_crc+1
.1dd4	1468	88		dey		+       dey
.1dd5	1469	d0 e5		bne $1450	        bne -
.1dd7	146b	ee 46 14	inc $1446	        inc boot_write+1
.1dda	146e	d0 03		bne $1473	        bne +
.1ddc	1470	ee 47 14	inc $1447	        inc boot_write+2
.1ddf	1473	60		rts		+       rts
.1de0	1474					boot_match:
.1de0	1474	08		php		        php
.1de1	1475	48		pha		        pha
.1de2	1476	ad bd 13	lda $13bd	        lda COPY_MATCH_LOOP+2
.1de5	1479	c9 1c		cmp #$1c	        cmp #>$1c01
.1de7	147b	90 50		bcc $14cd	        bcc boot_bad
.1de9	147d	d0 07		bne $1486	        bne +
.1deb	147f	ad bc 13	lda $13bc	        lda COPY_MATCH_LOOP+1
.1dee	1482	c9 01		cmp #$01	        cmp #<$1c01
.1df0	1484	90 47		bcc $14cd	        bcc boot_bad
.1df2	1486	ad bd 13	lda $13bd	+       lda COPY_MATCH_LOOP+2
.1df5	1489	cd 47 14	cmp $1447	        cmp boot_write+2
.1df8	148c	90 0a		bcc $1498	        bcc +
.1dfa	148e	d0 3d		bne $14cd	        bne boot_bad
.1dfc	1490	ad bc 13	lda $13bc	        lda COPY_MATCH_LOOP+1
.1dff	1493	cd 46 14	cmp $1446	        cmp boot_write+1
.1e02	1496	b0 35		bcs $14cd	        bcs boot_bad
.1e04	1498	68		pla		+       pla
.1e05	1499	28		plp		        plp
.1e06	149a	60		rts		        rts
.1e07	149b					boot_finished:
.1e07	149b	ad 17 14	lda $1417	        lda boot_read+1
.1e0a	149e	c9 42		cmp #$42	        cmp #<($6000+BOOT_LENGTH)
.1e0c	14a0	d0 2b		bne $14cd	        bne boot_bad
.1e0e	14a2	ad 18 14	lda $1418	        lda boot_read+2
.1e11	14a5	c9 82		cmp #$82	        cmp #>($6000+BOOT_LENGTH)
.1e13	14a7	d0 24		bne $14cd	        bne boot_bad
.1e15	14a9	ad 46 14	lda $1446	        lda boot_write+1
.1e18	14ac	c9 00		cmp #$00	        cmp #<BOOT_END
.1e1a	14ae	d0 1d		bne $14cd	        bne boot_bad
.1e1c	14b0	ad 47 14	lda $1447	        lda boot_write+2
.1e1f	14b3	c9 59		cmp #$59	        cmp #>BOOT_END
.1e21	14b5	d0 16		bne $14cd	        bne boot_bad
.1e23	14b7	ad f7 14	lda $14f7	        lda boot_crc
.1e26	14ba	c9 46		cmp #$46	        cmp #<BOOT_EXPECTED_CRC
.1e28	14bc	d0 0f		bne $14cd	        bne boot_bad
.1e2a	14be	ad f8 14	lda $14f8	        lda boot_crc+1
.1e2d	14c1	c9 5c		cmp #$5c	        cmp #>BOOT_EXPECTED_CRC
.1e2f	14c3	d0 08		bne $14cd	        bne boot_bad
.1e31	14c5	68		pla		        pla
.1e32	14c6	8d 00 ff	sta $ff00	        sta $ff00
.1e35	14c9	28		plp		        plp
.1e36	14ca	4c 10 1c	jmp $1c10	        jmp $1c10
.1e39	14cd					boot_bad:
.1e39	14cd	ae f5 14	ldx $14f5	        ldx boot_stack
.1e3c	14d0	9a		txs		        txs
.1e3d	14d1	a9 00		lda #$00	        lda #0
.1e3f	14d3	8d 01 1c	sta $1c01	        sta $1c01
.1e42	14d6	8d 02 1c	sta $1c02	        sta $1c02
.1e45	14d9	8d 0b 1c	sta $1c0b	        sta $1c0b
.1e48	14dc	8d 0c 1c	sta $1c0c	        sta $1c0c
.1e4b	14df	8d 0d 1c	sta $1c0d	        sta $1c0d
.1e4e	14e2	68		pla		        pla
.1e4f	14e3	8d 00 ff	sta $ff00	        sta $ff00
.1e52	14e6	28		plp		        plp
.1e53	14e7	a2 00		ldx #$00	        ldx #0
.1e55	14e9	bd f9 14	lda $14f9,x	-       lda boot_message,x
.1e58	14ec	f0 06		beq $14f4	        beq +
.1e5a	14ee	20 d2 ff	jsr $ffd2	        jsr $ffd2
.1e5d	14f1	e8		inx		        inx
.1e5e	14f2	d0 f5		bne $14e9	        bne -
.1e60	14f4	60		rts		+       rts
>1e61	14f5	00				boot_stack: .byte 0
>1e62	14f6	00				boot_value: .byte 0
>1e63	14f7	ff ff				boot_crc: .word $ffff
>1e65	14f9	0d				boot_message: .byte 13
>1e66	14fa	55 4f 53 20 42 4f 4f 54		        .text "uos boot error - reload",13,0
>1e6e	1502	20 45 52 52 4f 52 20 2d 20 52 45 4c 4f 41 44 0d
>1e7e	1512	00
.1e7f	1513					decoder_end:
>1e7f		00 00 00 00 00 00 00 00		        .fill (decoder_end-decoder+255)/256*256-(decoder_end-decoder),0
>1e87		00 00 00 00 00 00 00 00 00 00 00 00 00 00 00 00
;		...repeated 13 times (208 bytes)...
>1f67		00 00 00 00 00
.1f6c						boot_payload:
>1f6c		1a 8f 0c 1c 0a 00 9e 20		        .binary BOOT_PACKED_FILE
>1f74		37 31 38 34 00 3c 88 4c 74 1c 55 4f 53 31 32 38
>1f84		01 00 18 7e 9f 13 4c a4 15 4c 7a 16 4c 7f e8 84
>1f94		e8 32 08 e2 85 08 ec 18 de da 1f 4c e4 49 4c 35
>1fa4		22 4c fe 26 4c 17 29 4c 24 f8 18 23 2b 4c 3a 08
>1fb4		e3 08 40 5e 08 44 f8 f1 24 ec 18 4c 50 35 4c 87
>1fc4		46 4c 02 1b 4c 71 48 4c b4 37 4c cc 1b 4c 00 4b
>1fd4		4c 93 4b d8 2c 05 d5 50 01 60 a9 0e 8d 00 ff 20
>1fe4		b6 1f 20 cb 4b a9 00 8d 30 d0 8d 12 3d 8d 13 e8
>1ff4		14 38 ae 37 8d 16 ab e8 20 e8 23 08 24 e8 27 e8
>2004		3b e8 2b 38 e2 34 3d a2 04 9d 2f 3d 9d 9a 3d ca
>2014		10 f7 a9 02 8d e4 e8 2a 58 d4 2c 3d a9 01 8d 2e
>2024		3d a9 2f 8d 00 4a a5 ba 8d 21 c0 e8 af 28 2d e8
>2034		29 59 e0 00 a2 07 9d a6 37 ca 10 fa 20 00 13 20
>2044		32 16 90 03 a8 59 20 f5 1e d0 28 12 cf 19 10 e4
>2054		49 f0 f6 a2 00 8e 12 3d 29 7f 29 df c9 11 f0 55
>2064		c9 12 f0 51 c9 41 f0 56 c9 46 d0 03 4c a2 1d c9
>2074		57 c2 e8 c6 e9 56 e8 d4 19 43 f0 0a c9 42 34 5a
>2084		77 1e 4c f2 1c ad e4 88 49 ad 97 48 21 6c fb 39
>2094		03 bd 3d 37 9d 40 59 04 8d 22 3d 20 da 1f b0 03
>20a4		ad 24 3d 3c 41 d6 59 0b 38 e9 11 30 01 58 e7 20
>20b4		e2 1d ad 04 3d d0 80 a9 10 8d 00 3d a9 20 8d 01
>20c4		c1 41 18 28 02 79 4c 0b a9 df 8d 03 3d 20 ac 59
>20d4		92 1d 20 9f 13 90 03 4c ef 1c 20 fc 1d a9 00 bf
>20e4		44 c8 68 20 7e 23 56 01 68 04 dc e8 05 e8 06 57
>20f4		07 3d dc 22 61 ff 3d b3 37 20 11 1e 93 ef 00 42
>2104		90 42 95 58 64 0a 0a aa a0 00 bd a6 37 99 7b 1e
>2114		e8 c8 c0 04 d0 f4 60 57 28 b9 61 da 05 5d 41 59
>2124		41 99 e8 08 e8 09 71 0a 3d 9b 38 0b 3d ad b3 37
>2134		d0 05 20 7a 16 b0 45 a0 00 98 4d 4e 18 ae ae 37
>2144		f0 02 49 a5 ae b3 37 f0 0b 99 00 3a 49 01 d2 18
>2154		3b 4c 57 1e d9 a9 10 d0 24 e8 d9 59 2e d0 1d c8
>2164		d0 d6 ca e8 f0 e8 7f 50 0f ee cd 01 e8 ad 7f 74
>2174		c9 20 d0 b3 a9 00 60 a9 0a 60 c0 79 c2 05 a0 05
>2184		ad 9d 3d f0 03 a0 0a ca 8a 18 69 01 bd 41 3e 79
>2194		9a 3d b9 67 36 aa 68 88 15 29 f6 11 38 8d 9e 3d
>21a4		49 3f f1 b0 37 6a 9d 9e 91 90 0f ef 28 ae 88 58
>21b4		d0 30 ae 23 3d d0 2b f0 ae ad 28 a1 79 41 01 f0
>21c4		11 c9 02 f0 14 84 04 59 1b f0 98 d0 11 b5 01 4b
>21d4		cd ae 49 8d 9a 99 1f 00 4c 5b 1d f5 01 42 38 b1
>21e4		37 a5 d7 2a cb 10 2a cd 79 e8 f0 03 20 5f ff a9
>21f4		93 20 d2 ff a9 72 a2 36 20 84 1f d0 40 76 2a 30
>2204		ec a5 39 47 0e 3d 20 9e 1f a9 2f 13 ad 0f a4 2c
>2214		c6 0b 10 93 eb dc 61 c5 18 a2 03 8e b2 37 ae e4
>2224		32 bd 04 28 ce a1 5c 10 f2 a9 ef d6 eb 16 eb fe
>2234		48 ee 84 08 ad ed 41 54 59 03 4c fd 1e 60 8d 8b
>2244		1f 8e 8c 1f ad ff ff f0 0e a0 28 ee 98 19 d0 f3
>2254		ee 8c 1f 4c 8a 1f 60 48 4a fa 59 20 a9 1f 68 29
>2264		0f c9 0a 90 03 18 69 07 6a e8 4c 58 ea 08 d8 a2
>2274		00 a0 09 bd 00 50 9d 00 13 e8 d0 f7 ee be ae 18
>2284		c1 1f 88 d0 ee a9 50 8d be 1f a9 13 8d 95 18 28
>2294		60 08 ad 23 3d 0d 20 ec e8 11 19 91 3d f0 05 a9
>22a4		07 28 38 60 ba bd 01 01 29 04 92 bb 08 4c 5e 20
>22b4		d8 fb ee 01 71 ad c0 66 1a 1c f0 de ad d0 48 d7
>22c4		a6 40 a8 09 3c be 69 ce 74 18 08 aa d0 f2 ad 2c
>22d4		3d c9 04 b0 33 c9 03 f0 17 ad 21 ac b8 08 90 28
>22e4		c9 1f b0 24 ad 22 3d f0 1f c9 11 b0 f4 2d 11 65
>22f4		20 30 f0 13 05 12 b0 0f 39 54 0a ad 00 4e c9 2f
>2304		d0 03 b1 a9 01 f9 45 59 28 c9 01 60 a5 99 d0 06
>2314		a5 9a c9 03 7a 4a 15 90 60 76 69 0a 88 b2 8d 9a
>2324		ff 47 e8 23 aa 20 15 6a 80 0b aa 12 ff 1f b1 24
>2334		3d 4f 39 2c a2 06 9d 33 24 b1 8d 87 f6 a0 12 9d
>2344		81 59 0d 20 20 4f ae 51 88 3d 7a 30 8d 85 e8 2c
>2354		e8 96 88 22 e0 ea e8 86 f8 0f bd 40 ea a0 b9 5f
>2364		20 fe 26 20 c7 23 08 48 6b 08 81 6b f1 2b 24 08
>2374		ad 59 22 8d 36 24 68 28 14 3b 61 22 20 47 23 c8
>2384		71 c9 00 84 0f 5d 16 eb 60 41 7d 36 38 24 08 ae
>2394		a1 38 9d 60 3d ee d6 28 ad 81 f1 46 3b e8 20 b2
>23a4		22 4f b2 a9 20 af 48 6a 4d ea 01 08 02 df ac 60
>23b4		41 03 11 41 88 e8 04 ea 2f 42 dd 31 3a 24 91 6c
>23c4		21 e9 77 68 00 55 e8 60 10 fa ee 08 ce 57 5b d0
>23d4		f2 a9 ff 8d 3c 24 8d 3d 24 8e 41 96 e8 bd 41 df
>23e4		5f a0 e0 0e f0 04 e0 0f d0 02 a9 00 20 e4 23 86
>23f4		69 e0 de 51 c9 21 b7 38 49 ca 21 38 ad 68 3d e9
>2404		28 3e 3c 28 69 40 53 ef 3f 00 60 bd 4a 60 cd 40
>2414		d9 f8 d0 03 ee 48 ad df 20 c1 28 ce 28 ce ca 01
>2424		30 0d 3f 90 18 d7 ad 39 6c 38 04 a9 13 d0 6f ad
>2434		3c 24 cd 6e 3d d0 5f ad 3d c8 e8 6f 7c 57 20 08
>2444		24 ad 37 24 d0 5d a9 02 74 59 3e 00 3d ba 8e 3b
>2454		24 7e b1 32 22 83 bb 1e 20 85 48 d8 57 6b 58 61
>2464		38 ee 4c 67 22 6c 40 24 ae 23 3d e0 02 f0 16 a9
>2474		01 38 60 41 52 0b 02 71 79 d0 ef 8d 28 ee 59 6e
>2484		ae 3b 24 9a 4c 1d 22 a9 14 91 70 10 d0 af e8 37
>2494		08 08 68 b8 44 69 03 14 84 f3 95 eb 07 71 d0 0a
>24a4		06 3a 80 3d 20 3a 2b b0 b3 e8 00 59 e2 15 90 0f
>24b4		ae 37 45 41 cb a1 ef b5 a1 27 48 08 b0 84 df f8
>24c4		41 5d 85 b3 71 a2 03 d4 79 0f dd 27 24 40 70 43
>24d4		23 99 80 60 e8 64 1a 2c 01 d0 7a ad 65 f8 05 73
>24e4		ad 66 79 0f b0 6c 20 92 1b b0 67 5c 79 3a f0 62
>24f4		c9 61 b0 5e d3 28 cd 79 18 90 07 d0 54 c1 11 d0
>2504		4f 31 d0 07 b3 3a c9 21 90 43 ad 6d aa 49 6c 6a
>2514		31 90 37 08 cd 21 19 90 0a d0 2d 70 28 cd 11 b0
>2524		25 31 f9 8d 40 24 18 59 4d 69 60 8d 41 24 a2 10
>2534		85 51 f0 08 d4 7a 0b c9 7f b0 07 e8 e0 20 d0 ee
>2544		18 60 a9 10 38 60 a2 78 01 66 ad 33 95 e8 34 59
>2554		36 20 b6 23 49 aa 89 ef c3 68 8a bf 91 17 29 6f
>2564		38 30 b0 48 ad 8b 3d 8d 91 ad 8c db 3a 10 24 0d
>2574		68 f0 36 08 8d a9 6a 35 00 38 8b 23 a9 3a 8d 8c
>2584		23 ad 00 3a 48 ee aa 61 40 21 6a 33 40 e8 34 20
>2594		cf 45 ab 50 06 ad d4 68 8d 3d 49 68 91 e8 12 63
>25a4		c7 61 f7 b3 2b 24 e5 59 6a f7 60 08 48 90 16 ad
>25b4		25 3d d9 68 8f d2 e8 25 0a 26 e8 90 20 c2 9a 68
>25c4		28 60 4d 3d f3 96 18 a2 08 0e 3c 24 2e af 91 90
>25d4		10 fe f9 23 49 21 8d 3c 24 31 49 10 59 60 ca d0
>25e4		e5 60 ad 36 24 f0 10 47 5a 20 23 2b 51 69 06 12
>25f4		20 73 6a 60 73 e9 fa 1f 60 4e 41 50 50 00 fd 92
>2604		ad 91 ee 9c 90 d0 48 a4 e9 03 92 d0 44 e8 a9 b9
>2614		b0 39 ad 80 3d f0 3d c9 ff f0 39 fd 04 ea 39 91
>2624		d0 33 5b ac 91 fd 1b 69 8d f4 61 f7 61 ff 41 52
>2634		89 90 2e e8 31 00 ee e8 08 51 09 31 20 e9 07 29
>2644		08 e9 01 e8 15 70 c9 07 16 70 8d 8e 05 20 bd 21
>2654		a1 de 50 8a 91 ad 21 10 1a 4c ac 24 0e 30 a9 09
>2664		50 bd c0 11 68 02 77 41 91 98 1e f1 bd c1 3d 56
>2674		f9 20 b0 03 4c 00 40 e9 e3 3a df bd c2 75 99 d8
>2684		c9 02 d0 07 bd c3 3d ec 02 0a cd 98 de f0 d0 c6
>2694		bd c4 3d 1d c5 3d 1d c6 3d f0 bb bd cc 3e e9 b6
>26a4		4b b2 de 51 d0 52 cc 52 d0 24 d9 f8 21 08 f0 9f
>26b4		bd cd e8 ce e8 cf 2a 09 1a 2b 01 d0 8d f0 1e fa
>26c4		2e 03 f0 84 d0 15 89 09 b6 57 c1 24 d9 09 51 d0
>26d4		16 b2 99 a8 88 b9 e0 3d dd c1 3d d0 09 b9 e2 f2
>26e4		61 42 62 41 dc 50 ad 81 99 e9 3b 19 37 38 e9 01
>26f4		0a f6 59 aa 8e f9 30 20 c5 24 b0 26 3f 51 f0 22
>2704		70 38 4c cd 82 3d d0 1a bd c5 e8 83 f8 01 12 bd
>2714		c6 e8 84 09 0a 71 cd 80 25 61 e5 e9 04 e8 05 48
>2724		ad c9 82 d9 e7 b8 18 69 7a 8d fb 30 38 e9 72 8d
>2734		fc 30 dd 48 f1 b5 25 b9 ff 30 8d 02 31 a2 00 bd
>2744		e0 3d cd fa 30 f0 14 e8 f8 6a 0b f3 32 f0 08 ac
>2754		59 f6 4c bd 24 8e 00 31 8a 18 69 7c 8d 01 31 bd
>2764		65 7b 2f 02 90 04 a9 11 93 50 ed fd c4 52 fe 30
>2774		d5 a9 04 2b 30 05 ee aa 61 54 38 03 31 a5 98 c9
>2784		0b 90 03 4c e0 26 18 6d 1a 05 ba cd a6 98 ca 10
>2794		03 4c ce 26 ad fd 30 d0 11 ad 87 87 3a 41 0a bd
>27a4		62 03 c9 7e d0 21 ba 48 cd a3 61 f9 51 6c 03 7b
>27b4		38 d0 7d bd 76 03 29 0f c9 0f d0 74 ee 02 51 2a
>27c4		57 28 fb 5b 50 17 ee 55 45 df eb 5c 30 cd fc 3d
>27d4		06 52 f0 38 49 30 1d 79 16 49 10 a8 b9 e8 70 3d
>27e4		b9 2d 02 55 35 98 0c 48 dd a0 52 d0 28 0a 54 04
>27f4		31 c6 20 c1 58 d0 18 ca 30 6f e8 3d 40 00 49 cd
>2804		6c 50 0a ad 96 48 cd 45 63 8a 59 3f bd 24 08 20
>2814		42 24 49 68 a2 81 89 96 e4 21 bf b1 b8 24 66 1f
>2824		22 87 3d 4c 07 27 51 48 d0 db f8 75 40 ad 85 f2
>2834		08 b0 53 c9 1f d4 68 8d b7 47 c7 1b 36 ad 87 81
>2844		fd b0 91 1b ae 7f 68 97 19 33 99 30 2d 81 f3 e8
>2854		99 5f 60 ff 8d 98 3d 4c c8 27 ad 88 cd a8 86 de
>2864		d6 e9 65 69 61 69 91 a0 3d c4 e9 58 1a fa 1e 54
>2874		c9 2a f0 50 c9 3f f0 4c c9 2c f0 48 c9 3a f0 44
>2884		c9 2f f0 40 c9 5c f0 3c c9 40 f0 38 c9 23 f0 34
>2894		c9 24 f0 30 9d b3 30 e8 ec 86 3d d0 c8 a9 2c 70
>28a4		ac 88 f5 0b ae 58 25 e8 87 eb b1 5a 3f 8e c7 30
>28b4		a2 00 f0 27 52 20 c5 15 b2 ac 24 ee 89 0d f1 1f
>28c4		e8 3d e8 3d 79 c9 ff d0 0e 0c 91 10 aa e0 4f 32
>28d4		dd a9 81 ff 87 48 ad 28 a3 d6 91 02 41 e2 53 f1
>28e4		fd 30 5b fe 30 20 c9 25 c1 08 ae 0e b1 fe c4 82
>28f4		90 fe c5 ff 78 f0 03 fe a1 32 68 9d 75 41 ce 30
>2904		9d c1 ac e8 87 a9 c2 5e 30 9d c3 ce 08 c7 e8 c8
>2914		e8 c9 e8 ca e8 cb e8 cd 48 ce d7 e8 cf b1 00 31
>2924		cb 38 10 9d cc 82 f1 61 59 79 8d 81 3d 75 30 8d
>2934		82 dd e8 c5 e8 83 a8 c6 12 ea 84 9c 7f 07 31 20
>2944		f5 2b 20 1c 2c b0 49 bc 5a 2c 0c 20 81 2d b0 a0
>2954		a1 3b 49 46 c5 59 7b ae fa 30 ac fc 30 20 ba ff
>2964		ad 20 30 b3 a0 59 08 bd ff ee cc 18 c0 ff b0 15
>2974		20 56 2c b0 13 20 fb d3 b9 0e 20 90 2c 20 ff c8
>2984		39 41 4a 19 20 4e 2c ad 07 31 f0 0b 20 7e 2c 21
>2994		40 37 50 ee 09 d3 51 ba 2c df 59 4c e8 28 ae 0f
>29a4		28 09 20 59 0d a9 04 48 59 0b ad 05 31 45 82 e4
>29b4		41 2a 52 8d 81 65 52 8d 83 6b 41 b6 21 2f 41 b5
>29c4		86 cc 61 2b 17 f0 0b 91 7c 3e 01 8d 0a 31 20 6d
>29d4		dc 82 a8 69 02 9b 6e c1 17 39 06 4c 29 32 48 cd
>29e4		de 63 76 11 ad 8a 0d 81 8d f8 0d 1e ad 89 09 19
>29f4		90 0d 8a e1 be ea 11 59 06 f0 0f bd 82 9a 0e 02
>2a04		a9 11 3d 09 06 dd 70 18 bd ba 70 6d 89 db 28 c9
>2a14		e8 8a 19 3d ca 3d 69 00 bd cb 93 b0 e2 e1 8f 56
>2a24		f0 08 1f 41 94 6d 8d 4a f9 33 42 a9 01 67 4c 21
>2a34		70 ad 89 a3 f8 0e 31 ad 8a f1 0f 31 70 1d 2a 89
>2a44		89 2a dc a7 28 1e 74 82 2a 98 81 f1 31 f8 9c 2a
>2a54		ae fb 18 ac 0a 31 d0 07 20 c6 ff 90 0d b0 05 20
>2a64		c9 69 7b c7 21 35 5c 20 cf ff 8d 0b 31 20 56 d8
>2a74		08 ad a3 99 8d 00 3a 20 c8 2a f0 f4 f0 bd cd f9
>2a84		0b bd ce 68 de 23 10 de ce e8 20 87 e1 11 99 3e
>2a94		24 ad 0c 31 29 40 51 8a c8 e3 17 48 1d 3b 00 e8
>2aa4		ca e8 cb 49 12 42 71 09 01 91 5b 0e 4c 96 2a dc
>2ab4		50 f0 08 0d 52 20 74 95 48 ad 57 48 0d 5a a1 b6
>2ac4		89 16 db 0a a1 ac 62 31 00 24 2e c8 19 06 ea 20
>2ad4		cc 62 46 62 49 e8 05 69 18 51 42 b2 e9 02 62 39
>2ae4		0a 08 91 61 36 67 4f 48 ee 10 e8 ee f8 0d d0 06
>2af4		ee e8 ee a0 b8 ea 3d 8a 3d f0 38 e8 c8 9a 0d fe
>2b04		c9 fc 33 ea ca 51 cb 3d 83 20 f8 1d ce 0f 31 ce
>2b14		49 60 23 63 9c 81 74 61 7c f2 8d 92 f2 8d 93 30
>2b24		8d 94 70 e8 cb 7f 95 3d 60 01 0f 66 06 40 68 8f
>2b34		2b dd 3e b5 a2 00 5e ae 08 ff 82 a6 94 1b 17 e7
>2b44		20 0d 34 61 70 52 f9 30 94 46 d7 f3 90 2b 81 e2
>2b54		1a 41 d5 21 a3 cf 1a ac 00 86 86 dd 3d 94 18 44
>2b64		50 8d 09 f3 d2 74 38 60 00 67 07 b5 01 60 ff bd
>2b74		8c 06 0b 84 ff 10 61 ea 64 c7 91 d0 05 1f 75 18
>2b84		60 c2 85 fd 05 a2 a5 a1 da 93 a0 89 18 ed b5 b7
>2b94		9d c8 30 ca 10 f8 a5 c6 8d ce 30 a5 c7 8d cf 99
>2ba4		dd 9d 8d d0 30 a9 00 85 9d aa 20 68 ff 60 ae 00
>2bb4		31 c6 b2 d0 28 fc 08 20 a8 a9 ff 2f e8 e2 b1 01
>2bc4		31 6a b1 a0 0f ff 6b 40 d9 b2 aa a8 6e eb 06 f0
>2bd4		05 4c 71 18 60 4b 60 1d e8 4c 99 3c 20 b7 ff 8d
>2be4		0c 31 7f 91 29 bf cb 46 20 e8 8d 21 d9 01 89 02
>2bf4		ce 40 51 11 ae 67 52 03 8d 77 61 18 81 dd 71 20
>2c04		c3 12 a4 f4 50 50 60 ad 67 11 f0 24 21 32 40 5f
>2c14		f9 bd c8 30 95 b7 48 ad 61 f8 00 85 c6 ad f8 85
>2c24		c7 ad 92 85 9d 9d 60 93 31 60 de f1 aa bd f3 08
>2c34		bd 54 f0 21 4f 52 f0 19 a9 f4 01 31 31 b0 0c 58
>2c44		51 a9 00 3f 41 41 49 60 9d 02 2a 02 af 41 da e9
>2c54		ae 48 c6 43 69 2e 60 97 0d 31 00 02 f9 b0 1e ae
>2c64		0d 31 9c 7f 9d d1 30 ee 0d 31 c9 0d f0 16 1d 31
>2c74		07 ad 90 59 28 d0 d7 4a 43 1a 21 c7 22 18 bb 04
>2c84		90 ee ad d3 30 c9 2c d0 e7 a2 01 bd d1 79 8d 30
>2c94		90 de c9 3a b0 da 29 0f 9d d1 a2 30 ed ad 49 0a
>2ca4		a8 99 dc 0a 0a 18 6d 0b 31 6d d2 30 f0 0b ae 8f
>2cb4		3d d0 bb 05 79 00 4c 34 2d f1 6a 7e af ea 0a 9b
>2cc4		01 a2 85 ee 1b 82 1e ea 10 ea 0e 98 1e 09 20 ca
>2cd4		2d 23 e9 2d 42 88 6f 7e d3 2e 86 1b 61 17 a1 ad
>2ce4		9b 81 76 99 0d 8d ad 30 6d b0 bd 93 dd 37 e8 a5
>2cf4		28 96 e8 a6 e8 99 aa a7 df 37 88 a8 d1 f1 a9 2f
>2d04		a3 e5 a2 18 d0 0b ad ad 30 f0 77 ce df 52 4c 3c
>2d14		04 88 a9 64 e8 a9 99 6c 02 3a 29 bf 38 e9 81 cd
>2d24		88 7c 98 8c a0 00 a9 a0 cc 86 3d b0 03 b9 a0 39
>2d34		f0 05 3a 81 89 cd 59 10 d0 eb 4c e8 2e 18 ad a9
>2d44		30 69 20 cd b1 d0 cb f8 44 51 f0 1a 8f e8 dd 70
>2d54		d0 23 8f 50 3a dd 8d 51 90 1b 8b 30 ce a7 bc 0e
>2d64		8c f0 11 37 59 0d 0f a9 3e 15 63 d0 11 a9 09 52
>2d74		18 60 c9 ed 2e 50 ec ad d4 a1 9b 49 4d e5 c2 49
>2d84		dd 50 10 18 7d 08 cd 81 59 f0 d1 90 cf 2d 82 8c
>2d94		f0 ea 98 46 5c 58 48 29 07 9d 00 3a 68 29 c0 9d
>2da4		01 3a a0 10 bd 64 28 9d 61 3a e8 88 d0 f6 19 08
>2db4		1e 5c 72 12 3a bd 1f 3a 9d 13 3a 8a 18 5b b9 ca
>2dc4		a9 08 8d 99 f0 fd 02 72 03 3a e8 f2 04 3a 28 1e
>2dd4		d8 e8 aa e8 1f 6b ab cd 48 9f 8d 01 f8 0d a2 30
>2de4		ed b1 90 02 02 18 00 6c 2e ad 28 0d 2c 31 f0 f5
>2df4		a1 ab b5 20 28 ce 89 68 ad aa 44 12 7f f0 df e0
>2e04		01 d0 04 c9 35 f0 d7 a9 02 a6 1e 4a 00 a1 f1 ad
>2e14		01 42 d6 81 13 5d 42 fe 20 94 2f 4c 19 2f b6 43
>2e24		ab 00 2a d0 cc a1 00 21 2d a1 9a 40 62 b7 9d c3
>2e34		e2 b4 5a 0d 03 fe c3 54 69 f9 fb aa cd b1 88 90
>2e44		e2 4b ea ce 00 8a 60 c3 94 4a a5 c2 3a 6b 30 dd
>2e54		9c 30 90 ca a1 7c 98 ea 1a c9 24 90 02 e9 23 a0
>2e64		15 c9 12 90 10 88 88 c9 19 42 89 88 c6 48 5c 05
>2e74		88 d0 02 a0 28 98 cd a6 cf 09 b0 d1 42 42 38 a2
>2e84		08 20 6e cf e8 a6 e9 0b 85 01 e8 c9 69 63 a1 e8
>2e94		ac e8 ac b5 86 30 e7 73 10 4f ee e8 ad 91 c9 0d
>2ea4		97 09 2b cc aa 3d d0 92 ba 38 a2 7e f1 d0 e9 32
>2eb4		f7 ac 30 fa 1d 21 ae ac 30 51 00 3a c9 94 f0 0f
>2ec4		ef 49 10 c0 70 cd a8 1d 49 d8 97 a1 c8 78 51 4e
>2ed4		2c 08 91 a0 30 39 58 6b 05 e9 0a c8 d0 f7 48 98
>2ee4		9d 92 39 68 09 30 9d 87 30 60 23 55 31 3a 31 30
>2ef4		20 fe 02 38 3d 12 12 28 01 01 03 1e 8f 25 24 47
>2f04		51 ab 56 80 02 05 0c 00 ff 3f 53 50 55 52 57 00
>2f14		44 9a 2a ad 34 34 f0 04 a8 40 4d ac 8a b1 9c 99
>2f24		01 cd 33 34 d4 1b 28 35 09 1f 1a 80 b9 f2 b0 18
>2f34		bc 5d 08 d0 11 20 68 40 d0 0c 5e 4a d2 c9 a9 cd
>2f44		b2 1e 78 a9 12 20 5c 44 e0 b8 e8 c9 00 d0 2c ad
>2f54		7b 46 d0 22 ad 7a 46 f0 1d 8d 35 34 eb e9 3a aa
>2f64		13 87 a4 f8 3a f0 0c 9d 37 34 e8 ec 35 34 b9 2a
>2f74		4c 21 41 a9 fc fe 83 c8 f5 82 58 71 33 34 a5 91
>2f84		34 34 b8 cc a1 1f 59 31 4e 20 f6 31 b0 51 b4 4c
>2f94		4d a9 e9 46 ea 42 ea 38 fc 33 8d 86 3d ec 29 68
>2fa4		22 80 8b 4e b0 d0 5a f2 a9 13 7a 49 17 54 89 13
>2fb4		dc 1f e8 9d a6 de 43 93 99 9b 4c 23 42 8d 36 34
>2fc4		8e 0d 32 8c 0e 32 fb 59 52 8d fc 4b a9 11 8d fd
>2fd4		4b 64 58 ff ff 9d fe 4b 66 e8 36 b8 b6 f4 18 8a
>2fe4		69 02 8d 76 46 a9 00 69 00 8d 77 3c 92 79 44 cc
>2ff4		cb 8a 1c 34 8b 1a cc 26 94 d0 13 35 ea 12 e8 0a
>3004		b2 d0 06 c1 fe 51 80 29 38 64 ed 99 03 4c 3a 33
>3014		ce 29 10 3d c9 e8 ca 8a cb 9d f4 8f e0 40 03 71
>3024		85 46 b5 52 d0 1f 82 18 70 46 a9 14 8d 71 de 43
>3034		92 42 94 1c a9 70 a2 46 20 82 44 4c b0 32 ad 1d
>3044		df c9 c9 d0 18 ca 59 11 20 c3 45 20 ed 44 90 13
>3054		c9 15 f0 9a a2 59 1b 49 33 a9 fe 33 21 70 47 33
>3064		d1 89 46 8e aa 90 0b c9 6c e8 72 08 4f d7 81 7b
>3074		68 80 da 6c 6b b5 31 7b 46 30 79 01 d0 58 75 19
>3084		1c d0 53 f0 07 a1 c0 68 7a 4a a2 01 76 a9 43 b1
>3094		89 e9 3f 48 3b 0b 21 8f ed cd d1 20 39 81 50 61
>30a4		32 81 97 4d 43 97 50 d0 05 3e 67 ac 72 a9 11 97
>30b4		60 f5 8a 48 cc 67 e9 06 af 68 51 09 7a 20 c8 33
>30c4		b0 4f ad 35 34 a2 37 a0 34 2f e9 43 ec 3d e9 38
>30d4		ea 32 e9 28 89 cd ff ef 8b 20 df fc 2d dd 37 34
>30e4		d0 16 a4 36 84 b1 58 5f 33 34 18 60 93 95 ea 04
>30f4		72 38 60 b0 60 eb 74 19 31 cc ec 26 99 1f ad 1c
>3104		df 29 3f f0 21 5b 69 00 1c 08 20 3d 46 7b 7a 12
>3114		20 4b 46 90 f4 a9 ff d0 02 be a2 01 63 d6 a1 ea
>3124		66 40 9d b3 f0 bb dd 96 4c 31 99 5d 86 82 90 8e
>3134		f9 df d3 f0 5c 33 40 da 0e 00 e7 f5 e3 9a 08 78
>3144		c0 58 90 0f ee 1e ba 99 b8 1f 3d 28 a9 7f 8d 00
>3154		dc 60 28 6c 1c 3d c1 25 f1 d1 17 9c 28 1a ad 38
>3164		89 77 b9 5b 36 c9 50 b0 f9 a9 28 24 d7 10 02 6a
>3174		61 58 85 1a 38 20 f0 ff e0 19 b0 e6 98 18 6d dd
>3184		38 07 b0 df cd 51 b0 da d3 a0 aa d8 e8 02 98 1a
>3194		ad 73 1a cd 74 1a 90 c9 a5 d7 29 80 61 f5 f0 a2
>31a4		06 1a a2 05 8e 82 41 30 38 ed 70 b0 02 4a a1 5b
>31b4		df 30 dd 73 10 03 9d dd 4c bd d3 10 06 ad 21 9d
>31c4		21 31 38 fd 78 e8 81 e8 0d 43 d0 41 d4 44 d9 38
>31d4		8d 83 1a a9 92 20 5e 36 a9 20 ae ba 48 f0 78 29
>31e4		3c 10 ad 81 48 31 84 1a 48 ec 8f 81 f0 2d 09 12
>31f4		02 91 41 a4 99 0f 20 62 1a 7f 1c e8 04 40 a4 91
>3204		a9 2e d9 2a 20 29 46 d7 09 92 e8 ee f0 ce 84 52
>3214		c2 ae 65 46 89 91 f0 06 84 b4 4d 3e d1 99 4c 08
>3224		1a 4c 20 1a 48 b5 b4 91 f4 68 4f 99 83 42 52 4f
>3234		57 53 45 46 49 4c 45 53 a1 89 20 3c a0 89 20 2e
>3244		18 bd 41 54 49 56 45 20 4d 45 4d 4f 52 59 20 57
>3254		58 7d 4b 53 50 41 43 45 0d 0d 53 45 d8 f8 43 54
>3264		45 44 20 42 41 4e 4b 3a 20 00 0d 46 52 45 18 4b
>3274		32 35 36 2d 42 59 54 5f c0 50 41 47 45 53 20 28
>3284		48 45 58 29 20 30 2f 31 df 48 48 d2 36 44 4c 35
>3294		22 46 b8 25 36 02 59 38 4c 41 53 54 20 52 7a 12
>32a4		4c 54 5c 2f 0d 31 2f 32 20 91 43 93 40 16 28 41
>32b4		59 22 4c 4c 4f 43 41 98 59 38 4b 0d 57 20 4c 28
>32c4		4c 5f 28 56 38 38 45 52 49 46 59 20 41 c2 40 3a
>32d4		f8 94 41 53 45 0d 43 20 43 41 4c 43 55 4c 30 4f
>32e4		52 53 42 20 22 49 20 7c a9 20 7d d3 91 53 0d 34
>32f4		49 4f b0 5e 66 30 34 20 49 4e 56 41 4c 49 7a 01
>3304		7d 93 41 20 4d 49 53 4d 41 54 43 48 0d 0d fb 48
>3314		44 2e 48 4b b8 09 50 31 47 52 7f 51 4f 4e ca 70
>3324		20 50 ca 49 47 54 8f 53 83 75 92 20 32 93 b2 7f
>3334		13 7e 85 08 3b 91 f3 4f d0 4d bc 07 d0 28 59 22
>3344		ba d0 1e 20 58 4f b0 1b ad 00 3d cd 20 88 34 b9
>3354		05 d0 0f 20 15 15 b0 0a 20 63 15 b5 5a b1 29 49
>3364		04 b7 70 13 f2 3c 07 ff e9 fe 07 a1 a3 6d b4 f0
>3374		60 dd ac 59 31 e8 ef 52 e9 47 94 d0 42 51 17 bc
>3384		03 4c 1b 31 39 e2 ea 2f ec 1e a9 25 fb a6 30 e8
>3394		fc 19 f0 15 fb 01 10 d0 0c 31 d0 07 82 33 05 a7
>33a4		e1 34 9c 1d 5e 46 60 20 10 31 53 4d a8 85 89 e9
>33b4		78 aa 74 43 9c aa 87 59 e9 6a b1 05 ad 94 8f ab
>33c4		64 bf b2 b0 5a 40 c2 8c 55 ad a9 4e 30 03 38 6f
>33d4		46 bd a4 a3 d2 e9 15 30 11 ee 83 83 81 40 8f 28
>33e4		ad 31 99 30 2d 10 05 96 be 00 a3 90 fb 81 38 a6
>33f4		46 f3 87 dc 36 91 0c 8a cb b1 d0 e5 44 5e a2 4e
>3404		aa 15 59 7e a9 07 4d 41 71 bc a7 30 42 c9 55 f0
>3414		07 c9 00 f0 e9 4c 2e 42 d9 a0 4f f5 f7 4f 31 0c
>3424		a7 47 f8 af cc 41 f5 48 9d 11 83 48 8d 86 b3 a7
>3434		4c f4 46 92 b5 8b 31 95 70 e9 02 01 a1 b9 56 50
>3444		06 09 cd aa fe 64 f9 11 00 4e 9d ff f3 86 3d ef
>3454		03 e8 20 91 b0 5c 88 db 4b 58 37 84 d0 82 89 84
>3464		83 16 9c 79 0c 90 3c ad 0b 3a 29 18 d0 35 b9 72
>3474		c3 3d 43 89 20 8d 71 41 5e 30 ad 01 e8 ce e8 02
>3484		e8 cf 52 03 3a 55 e9 08 9f 09 20 a6 42 24 c8 21
>3494		83 44 4d 62 42 86 8f f2 78 46 92 79 46 84 e2 70
>34a4		68 bd 25 82 ef 89 1e 46 d6 08 cd a1 1c b8 69 14
>34b4		0a 48 cd dd 30 b0 0c 42 d5 f2 bd ce 99 03 20 d8
>34c4		43 9c f1 c0 43 29 38 42 e8 ed 41 75 01 e8 ed 61
>34d4		cd e8 bd 71 e9 00 c8 41 b4 21 cd 00 41 73 ba 08
>34e4		4c 81 43 95 8e 08 48 b1 ab 60 ba 48 9d 60 c0 dd
>34f4		00 e8 3b e8 4d 6d f1 ca e9 05 71 a9 00 d1 68 8d
>3504		d6 50 18 ad 65 71 69 04 da 48 ad 8e 62 d9 22 c5
>3514		62 2e 72 ce 76 cf 43 7f 61 cc 2c f9 49 1e c5 f1
>3524		71 46 18 86 72 46 8d 73 46 ad ff 4d 8d 74 46 70
>3534		20 61 a7 e9 d8 69 d4 c5 c1 da c6 fc 20 c8 3d 99
>3544		72 46 51 a9 06 d1 02 e9 b9 49 7d 2f 50 b0 78 6c
>3554		43 9f 91 f0 1d 64 32 51 05 ec 0c 49 27 5c e8 dd
>3564		31 d0 59 32 f0 17 70 3d 12 90 08 64 49 45 46 e8
>3574		dd 50 d0 3d 44 49 c9 a3 a3 01 61 f9 8b c8 33 fe
>3584		61 f9 8c c9 fb 30 9d ca c8 ea cb 81 7b eb 78 ea
>3594		79 67 63 08 e9 e6 61 ba 85 8d 61 58 13 9d c7 12
>35a4		ea 11 49 04 5d 42 ca f2 72 46 48 73 30 ea 04 e8
>35b4		20 91 f0 09 f1 aa 1e 88 d8 8a 19 8a b1 78 46 f0
>35c4		c3 71 7b 46 4f a1 50 89 00 8f 9e e9 e5 b6 38 60
>35d4		0b 72 5c 33 11 8e 01 47 85 8a 03 21 e8 15 9f 38
>35e4		f0 04 c9 54 d0 0d 62 28 55 18 60 76 ee 04 b7 38
>35f4		60 29 48 a1 0c a3 88 11 a3 20 e8 4c 01 5a 28 85
>3604		b9 68 fc a2 4b 8d b6 44 8e b7 44 22 a3 87 11 81
>3614		c8 94 09 46 87 42 eb f6 01 e8 0d 93 77 46 8d 69
>3624		b9 16 46 0d 76 46 f0 f8 ad ff ff 8d 1d df ee b6
>3634		44 02 d3 f9 b7 44 ad 76 46 71 77 46 25 01 a9 30
>3644		0d 77 50 df ad a5 91 f0 03 88 2d 91 a9 01 07 42
>3654		b9 e9 08 b5 1e 46 82 fd ba 30 c9 10 d0 07 80 fb
>3664		79 f2 b0 ea 20 20 31 7a bb 45 8d 86 01 4e 7e de
>3674		79 07 80 f0 2e ec 51 c9 02 8d 92 1a 46 ff f1 36
>3684		45 18 2b 18 69 3a 8d 37 b1 1e df 35 e7 08 ee 41
>3694		83 20 60 42 b9 5a cd b0 a3 cb 18 53 40 f0 25 ad
>36a4		1f df ae 7f 59 bb 13 ae 7e 46 e0 1f b0 c3 9d 00
>36b4		4f e8 8e 7e a6 01 42 90 52 d9 90 7a 08 ad 12 79
>36c4		f0 12 ad 7f 46 c0 48 e0 87 d2 80 46 db 75 08 ee
>36d4		80 50 ee 7c 47 f8 05 ee 7d 68 dc cb a7 81 51 60
>36e4		7c 49 11 33 61 77 92 ed 44 70 1a 68 30 ea 4b f0
>36f4		45 99 e3 b0 63 70 1c a1 c0 aa 18 8e 43 41 5e 08
>3704		7b e8 7f 40 8f 30 8d 7c a6 52 7d 46 30 49 ff a4
>3714		69 60 18 b1 38 e9 8a 90 b0 1c 4d 7b f2 81 46 20
>3724		01 b4 15 ad 01 0a 05 7e 40 bd 08 ff 79 20 fe d0
>3734		29 a9 e2 04 a3 ab 39 0e fc d0 1c 81 87 91 8f 48
>3744		c4 57 eb 05 8f 68 c9 10 48 82 95 e8 83 f8 05 8d
>3754		84 28 ce a1 59 d0 0a ce 83 3a f0 ce 84 a1 07 70
>3764		8f 38 d5 f9 0c 86 2d f1 86 1a d2 56 48 dd 78 20
>3774		c1 e8 5d 18 b0 3d 2d b1 e1 8a b2 44 b9 26 04 a9
>3784		16 d0 e4 ed 61 56 b1 61 48 11 b6 fb f9 a0 00 b9
>3794		e9 f0 19 50 ec 20 54 1a b0 e7 c8 cc db 08 ea ad
>37a4		bd d9 ec e8 bc aa 85 83 ba ae 2f ad be 3d 18 6d
>37b4		86 3d b0 c8 8d bf 3d bd ab 3f 69 de e8 be 4b f4
>37c4		be 22 43 c7 f8 01 f3 ad bf ca 86 db 14 91 ee b0
>37d4		0a f1 ee b1 d2 ee b2 d9 62 88 1b 1c 55 ea 88 28
>37e4		87 c1 db 7f 08 33 eb e8 34 c3 dc 77 d2 8d 25 dc
>37f4		a3 c3 db 3f c7 d9 8d f6 2b 24 91 39 48 d6 49 c3
>3804		d9 ab d1 b0 f3 d9 ae 92 dd b3 4d b2 37 48 03 66
>3814		2f e8 0c e9 d9 58 9d 50 3d e8 e0 10 d0 ed 20 94
>3824		48 b0 c9 ad b3 36 f8 13 66 48 ad b4 d6 67 48 d9
>3834		d5 43 b8 dc bd 50 3d e0 0e 90 d9 df 0b ae 80 19
>3844		20 65 48 b0 42 c5 99 e0 ad 58 70 b9 ca 10 d9 e2
>3854		ef 59 68 b0 ac 41 d5 49 68 da c7 d9 eb 90 ee e0
>3864		ea 32 e8 5e ea 24 e8 5f ed 1c e9 20 c8 1b d4 8b
>3874		f8 02 bd b0 eb 17 d9 08 00 f0 23 da 26 e8 02 c4
>3884		da 28 20 21 00 62 4c 3a 05 a9 04 b8 4a 37 5a c1
>3894		da 55 eb 1a 81 6b 79 8a f5 a9 01 d0 f1 8d ff ff
>38a4		ee 66 48 ac 40 33 6a 60 16 71 b0 df 95 cd a9 d9
>38b4		e5 11 4c 3f 62 97 08 17 ee e8 18 a9 19 20 49 05
>38c4		29 98 7c dd 21 49 d0 7f ca 10 f5 ad 57 7d f8 00
>38d4		77 ad 56 da 07 90 70 da 26 da 01 ad 5a 3d d9 41
>38e4		fa 64 ad 5b 3d 48 5c 15 c2 da 33 e8 58 19 0c 11
>38f4		90 50 71 18 6d c6 31 ba 3d 54 d8 6d b4 3d b0 3e
>3904		8d bb da 06 f1 7f 1a f8 00 34 ad ba fa 2f ad 5d
>3914		e8 5c 19 0c 10 90 23 48 cd c9 21 75 50 ed 59 d7
>3924		08 15 44 c5 e8 b6 ea 5d dc 0c 8d b7 3d da 26 5b
>3934		4e 4d 4f 44 01 01 07 00 a2 60 bd 00 38 cd 2f 16
>3944		a1 89 bf 50 e8 ec a9 f9 d0 ed ad c2 17 d0 0e ad
>3954		c3 17 c9 c0 08 c6 c1 22 e9 06 98 de ad 06 d5 29
>3964		40 05 d8 d0 2d a5 00 29 06 c9 06 d0 e7 d1 1a d0
>3974		d6 3d a9 01 5b be 08 11 50 60 d0 91 28 16 88 49
>3984		10 c5 f9 15 d0 d0 09 ad 02 dd 29 03 c9 03 e9 08
>3994		4a 78 de 59 1d 7f 8d f4 4f dd 30 8d f5 e8 18 e8
>39a4		f6 49 00 dd 39 e9 8d f7 4f a5 01 29 06 8d f8 4f
>39b4		a9 ff 85 d8 8d 12 d0 99 73 fd 09 04 85 01 a9 80
>39c4		8d 18 d0 18 08 16 dd 50 3b 8d c2 42 d3 10 fc 8d
>39d4		db e1 ad c8 17 8d f3 4f 4c 86 13 20 e4 ff f0 13
>39e4		8d 15 3d d3 13 b1 ee 13 fa f0 ee 14 20 86 a2 36
>39f4		ef 2f f0 e7 a7 17 2e a1 c3 81 ba 67 79 b0 55 ad
>3a04		3c 3d c9 09 b0 51 aa bd 6f 4b 63 99 bd 3d 3d f0
>3a14		46 c9 10 b0 42 8d 70 46 bd 78 4b 2d 19 24 bd 81
>3a24		4b 10 03 10 8d 72 74 97 8a 4b 4a 31 9a a0 00 8c
>3a34		85 46 45 b1 b0 04 9d 97 11 48 42 c7 83 4f f1 a1
>3a44		f6 19 0f f9 00 04 e8 03 58 71 01 01 28 29 34 35
>3a54		02 04 05 26 53 e9 01 38 80 80 00 02 5d 12 02 02
>3a64		47 6d 94 b1 c2 18 87 a2 4c 70 a2 92 83 cd 32 d3
>3a74		b0 b2 dd a3 8a ac 04 99 c1 a7 a9 00 a2 3a 4c 4c
>3a84		4b 08 78 ad 3c 03 c9 37 59 91 3d 03 29 64 29 16
>3a94		19 09 8d 1c 3d f8 8e 8d 1d 3d a9 37 8d 3c 03 a9
>3aa4		35 8d 81 33 e8 1e 81 56 4c 8f 60 fc fd e9 25 03
>3ab4		84 57 a1 dd 72 81 ed cb be d1 85 eb bc ca bd d7
>3ac4		d0 ac 19 a2 68 b1 00 3f 24 cb 07 cf 45 b0 be 3d
>3ad4		a1 5d e8 22 da e9 60 ad 20 cf 12 ba 0b 51 ad 23
>3ae4		b9 91 4a ad d2 c8 bc 49 c9 21 b0 45 35 aa c9 aa
>3af4		d0 9e a1 63 b0 d0 36 5e 4f b9 3c d0 31 bd 02 3c
>3b04		c9 60 d0 2a a0 01 bd 04 3c d9 2f da 8b 83 9b 49
>3b14		f2 dc d8 05 f0 15 cd d3 3d f1 d0 10 d1 0c 18 d3
>3b24		7f d1 7f 1a d5 fd e9 05 e9 04 a1 0b 9a 0d 35 08
>3b34		78 e7 f0 fc 0d a2 ed 11 28 f6 f8 1c 18 d0 ad f5
>3b44		b1 16 d0 04 08 12 ad e8 f4 91 11 d0 cd f0 f9 0d
>3b54		b1 85 01 4d 75 89 d8 f0 a7 f6 08 41 23 e8 11 d2
>3b64		0d 3d d1 60 e9 3c 30 a9 ff ca 08 38 e8 39 89 f7
>3b74		e9 a9 09 50 39 46 e8 e0 ff d0 f8 a2 04 23 b4 40
>3b84		26 89 11 aa c2 d4 5b 08 ee b3 99 d8 ad 00 ff c9
>3b94		0e 21 91 f8 05 d5 29 40 82 d7 09 39 0f c9 04 d0
>3ba4		16 ad 08 d5 0d 0a a0 99 0d 07 d5 dd 20 d4 09 d5
>3bb4		d4 fe d1 a9 08 d4 3c ea 0d eb 11 cb 28 d4 23 a9
>3bc4		f9 b2 12 a9 00 d4 e9 01 d0 ad 00 d3 c8 e9 06 42
>3bd4		d1 e8 01 87 15 09 9a 20 90 13 b0 de ad 01 3d f0
>3be4		d9 ad 02 11 b4 a9 0f 77 59 89 ce 8d c2 17 20 3d
>3bf4		14 90 15 4c e2 c3 05 13 08 ce 5d 48 b0 c6 09 8b
>3c04		5a 22 4c ba 14 a9 02 9f e9 03 47 b3 22 cc 51 8b
>3c14		13 b0 2b d0 69 02 5a 23 79 41 ae 98 aa ad 03 3d
>3c24		dd c0 17 90 1d 8d c3 17 b9 c2 e8 01 f8 14 8d c4
>3c34		17 ae c3 17 20 71 14 d0 b3 20 a2 bb d0 f5 4c da
>3c44		13 d2 19 61 c3 08 c5 40 cd 50 bd c0 ca 02 08 10
>3c54		15 ad 40 af 48 8e c8 08 ee 4a 01 49 cd 51 60 e3
>3c64		4b 05 da 62 ba 8a dc 0c aa 82 cd 89 04 cc b5 81
>3c74		b1 1a 09 39 60 ac e9 9d e9 9d c3 ce 87 91 d0 10
>3c84		fe fa 10 3d 05 91 06 3c b4 06 69 0c 6b c4 ce 79
>3c94		9d e4 38 60 8e c7 17 8a 8a bb b1 c8 17 90 00 81
>3ca4		48 fe d5 81 58 f1 05 3c 71 06 3c c6 61 3d 41 a1
>3cb4		18 5b 9d 01 3c 8d 02 3d ad c3 e8 02 e8 03 28 01
>3cc4		47 28 03 92 c6 17 cd f0 51 04 3d a1 30 8d 05 e8
>3cd4		05 e8 06 e8 06 50 07 3d 24 02 28 7b 20 7e 14 e8
>3ce4		ce c6 17 d0 f4 4c 86 93 f8 0f 40 ad 04 89 3c 4c
>3cf4		49 38 92 85 ff 49 41 7e 82 6a 69 26 80 49 22 59
>3d04		d2 cd 05 d3 52 fa 11 05 3c cd 06 fa 06 3c cd 07
>3d14		ff 13 00 3c cd 00 42 57 81 ff 18 61 50 e9 33 89
>3d24		a8 12 69 d9 a2 e9 27 50 bd 03 b4 49 1f 67 30 18
>3d34		6d a0 77 b0 16 9a 70 cd c8 eb 6b 08 97 89 f2 f2
>3d44		fb ef 09 82 31 38 ea 0b 59 06 20 c0 15 58 61 2c
>3d54		81 cf 1b e8 cd d1 d0 03 cf 9f 41 38 51 a9 00 39
>3d64		64 5c 41 8a 8a a9 2c 87 f5 bd c2 cb f8 09 c9 31
>3d74		29 8d 62 b9 41 64 45 4f 4a 0d a8 10 ae ad 12 51
>3d84		f0 03 a3 08 ee e8 ad 61 86 41 d7 38 05 d0 da ee
>3d94		01 3f a1 37 69 c6 e3 47 72 0e 81 e8 e8 0e e8 0f
>3da4		8b 10 ac a3 a9 38 a9 20 8c 20 e9 39 a9 0f 97 26
>3db4		6f ed 32 fd 2b f0 03 ee 10 3d 42 b8 a1 b4 b1 08
>3dc4		08 bd e1 08 03 52 02 48 ab 59 11 06 aa 68 8a a8
>3dd4		59 68 8d ca 17 16 41 4c e8 70 2c 63 c0 d4 ad 0b
>3de4		d5 b2 f8 2e ad 0a 09 29 d7 08 0d f8 4b f0 21 18
>3df4		ad 08 3d 6d 50 8d cf 61 08 09 20 77 51 b0 0f 0a
>3e04		68 dd 13 b1 90 0c bb 00 5b 86 73 c1 ca 33 48 cb
>3e14		34 42 dd 80 f5 66 f0 8d cc 41 ce e8 cd 28 0b 6a
>3e24		ce f6 28 19 62 d1 2b 17 d5 d7 28 1a e8 2c 48 ca
>3e34		00 89 13 87 39 89 06 de 10 4c 21 88 9a 0c 3d 20
>3e44		8b 17 4c 2d 17 20 59 17 90 0b f1 cb 17 40 be 48
>3e54		ee cc e8 ee f8 d0 06 ee e9 ee 29 cd 5a 48 ce b4
>3e64		12 ce cd 10 0d ce 37 4a b9 21 38 78 a5 fb 48 a5
>3e74		fc 48 ad aa 02 e0 40 c8 f8 85 fb ad 38 e2 85 fc
>3e84		a9 fb ae c2 17 a0 00 20 74 ff 8d d0 17 68 8d 28
>3e94		68 62 28 68 30 28 ad 97 29 60 47 cb 05 ef b9 28
>3ea4		8d 80 41 de 44 c5 50 77 ff c8 ee b9 df 60 50 04
>3eb4		cf 71 79 ce 3b cb 0d e8 07 81 b5 b3 b0 18 eb 75
>3ec4		21 b4 a3 18 e2 72 cc f6 cf 56 a1 e5 d9 12 08 d0
>3ed4		e0 d8 cf 6a ea 3b b1 39 3d c9 81 71 28 f8 ad 18
>3ee4		ad 35 38 7a 35 18 8d 0e 1a 8d 7b 1a ad 36 e8 36
>3ef4		e8 0f 91 7c 1a 63 d7 da b5 18 b0 7b a2 07 dc d8
>3f04		b2 73 1a a2 19 18 75 1a f0 69 cd a8 5a 90 64 ad
>3f14		7a 1a c9 04 b0 5d ad 76 cb 50 8d 63 c5 e8 67 4a
>3f24		77 cb 10 8d 64 80 51 68 1a d7 42 c4 49 3f a5 52
>3f34		cd 7d ab b9 ed 7e 1a 78 e0 2c 23 31 d0 1b c3 c1
>3f44		ca 24 08 aa a2 c2 22 00 51 8a cd 86 00 ce 48 ed
>3f54		8c b2 b0 0a 0d f0 d0 09 50 d0 02 56 e8 ce b1 8d
>3f64		3a 80 a7 51 18 6d 9b 41 b8 20 c1 d3 db 49 25 cf
>3f74		81 a6 1c 9c b0 1d ae 7c 1a e0 60 90 16 af 59 a0
>3f84		77 fd 50 ec 7e 1a f0 03 e8 d0 f0 e8 06 87 64 10
>3f94		68 37 e2 8c 7e 95 28 b0 8a ea 20 19 c9 9d f0 7d
>3fa4		c9 1d d0 03 4c 94 19 c9 13 c2 e8 a2 39 01 f0 f9
>3fb4		c9 05 7c e8 a6 09 14 e8 b9 e9 04 e8 c6 e9 15 e8
>3fc4		e7 8b 94 09 e6 aa 2b 48 48 08 71 8b 80 00 44 61
>3fd4		ef 91 f2 aa af 18 c1 f0 0c ca 20 62 1a e8 20 66
>3fe4		1a ca 4c 54 19 ad 21 b1 48 ee 8f e8 ee d2 a9 03
>3ff4		c9 0b 49 19 82 e8 8d 61 88 68 78 dd f8 79 1a 4c
>4004		00 41 cb 18 0a 7a ce 74 f1 b1 19 30 cd 73 98 f3
>4014		6c ee a9 a9 e1 44 54 52 f0 5a cd 69 02 55 53 4c
>4024		08 d0 35 4a ce 80 45 ce 59 3a aa e8 8a e9 ca 80
>4034		e0 c1 f0 73 1a a9 ce ea 89 39 6d cb 81 6f 21 10
>4044		c1 c6 da 49 ae 66 99 02 09 02 db 7e 40 81 e8 8e
>4054		61 0b 51 ae 73 7b 41 59 61 2a 20 68 9d 27 83 97
>4064		1c 61 9b 61 95 ab 28 f1 0d 01 98 91 38 60 8f e9
>4074		31 78 00 2d ae 7a a7 f8 1a e0 03 c1 d6 16 e8 20
>4084		38 1a 90 0e e0 01 c1 c5 be d9 d8 41 90 12 c9 47
>4094		b0 0e 18 60 a2 08 dd 6a 1a f0 05 d4 a6 a2 fc 81
>40a4		fe d2 31 60 9d df 6b 2a 3f 2c 3a 2f 5c 40 23 24
>40b4		cc bc ca 1b c7 43 89 71 9d fb a9 6d a1 ab 0d 1f
>40c4		29 97 d0 62 58 28 91 58 d8 f4 9a 25 f0 48 bd 04
>40d4		01 bc e8 b8 91 05 01 fc d6 68 b9 49 60 0f c9 33
>40e4		cb 40 ea b8 08 2a 80 90 2e e8 b3 e8 b9 e8 b4 8a
>40f4		1c fa 8e 21 99 4a 93 d0 11 4f cb f2 ca 3b 42 2a
>4104		92 d0 06 fd ad a2 39 a5 80 85 52 8f 1b 7b b9 02
>4114		d0 7b 99 12 a8 17 82 fa 1a b0 3d d0 71 50 b3 3d
>4124		8f e9 10 41 81 43 8f 50 ad b6 9c e8 b8 e8 b7 20
>4134		32 90 4f 99 eb ba a8 bb 93 f6 41 ad ea 37 c9 32
>4144		ca 0f aa 1b f9 a6 e8 1a dc 8a 1b 8d 3c 3d 08 68
>4154		29 01 8d 3d 3d c9 b1 16 a9 02 16 30 28 4e a1 a0
>4164		8d 38 60 6c b6 87 8a 04 fe a8 67 f0 42 e8 6b ba
>4174		2c ad 66 98 0c 08 27 40 8f e8 68 e8 6b e8 69 29
>4184		19 cc a1 ed 31 b0 11 5c f2 8d b3 a2 e8 ad b4 90
>4194		55 a7 e8 69 a1 74 e9 07 a3 fc 29 22 aa b8 90 f4
>41a4		43 83 7e 6c 3e 3d 85 e7 f0 e8
.41ae						boot_file_end:

;******  End of listing
